[INFO] Scanning for projects...
[INFO] Tycho Version:  5.0.2 (9f65dc09a72ee08f29cc8a4d5381a45b33dc7144)
[INFO] Tycho Mode:     project
[INFO] Tycho Builder:  maven
[INFO] Build Threads:  1
Downloading from central: https://repo.maven.apache.org/maven2/org/eclipse/tycho/tycho-bnd-plugin/5.0.2/tycho-bnd-plugin-5.0.2.pom
Progress (1): 2.0 kBProgress (1): 2.4 kB                    Downloaded from central: https://repo.maven.apache.org/maven2/org/eclipse/tycho/tycho-bnd-plugin/5.0.2/tycho-bnd-plugin-5.0.2.pom (2.4 kB at 6.0 kB/s)
Downloading from central: https://repo.maven.apache.org/maven2/org/eclipse/tycho/tycho-bnd-plugin/5.0.2/tycho-bnd-plugin-5.0.2.jar
Progress (1): 0.9/54 kBProgress (1): 2.3/54 kBProgress (1): 3.6/54 kBProgress (1): 5.0/54 kBProgress (1): 6.4/54 kBProgress (1): 7.7/54 kBProgress (1): 9.1/54 kBProgress (1): 10/54 kB Progress (1): 12/54 kBProgress (1): 13/54 kBProgress (1): 15/54 kBProgress (1): 16/54 kBProgress (1): 17/54 kBProgress (1): 19/54 kBProgress (1): 20/54 kBProgress (1): 21/54 kBProgress (1): 23/54 kBProgress (1): 24/54 kBProgress (1): 25/54 kBProgress (1): 26/54 kBProgress (1): 27/54 kBProgress (1): 29/54 kBProgress (1): 30/54 kBProgress (1): 31/54 kBProgress (1): 33/54 kBProgress (1): 34/54 kBProgress (1): 36/54 kBProgress (1): 37/54 kBProgress (1): 38/54 kBProgress (1): 40/54 kBProgress (1): 41/54 kBProgress (1): 42/54 kBProgress (1): 44/54 kBProgress (1): 45/54 kBProgress (1): 46/54 kBProgress (1): 48/54 kBProgress (1): 49/54 kBProgress (1): 51/54 kBProgress (1): 52/54 kBProgress (1): 54 kB                      Downloaded from central: https://repo.maven.apache.org/maven2/org/eclipse/tycho/tycho-bnd-plugin/5.0.2/tycho-bnd-plugin-5.0.2.jar (54 kB at 984 kB/s)
Downloading from central: https://repo.maven.apache.org/maven2/biz/aQute/bnd/biz.aQute.bnd.embedded-repo/7.2.1/biz.aQute.bnd.embedded-repo-7.2.1.pom
Progress (1): 1.1 kBProgress (1): 3.2 kB                    Downloaded from central: https://repo.maven.apache.org/maven2/biz/aQute/bnd/biz.aQute.bnd.embedded-repo/7.2.1/biz.aQute.bnd.embedded-repo-7.2.1.pom (3.2 kB at 70 kB/s)
Downloading from central: https://repo.maven.apache.org/maven2/biz/aQute/bnd/biz.aQute.bnd.embedded-repo/7.2.1/biz.aQute.bnd.embedded-repo-7.2.1.jar
Progress (1): 0/6.2 MBProgress (1): 0/6.2 MBProgress (1): 0/6.2 MBProgress (1): 0/6.2 MBProgress (1): 0/6.2 MBProgress (1): 0/6.2 MBProgress (1): 0/6.2 MBProgress (1): 0/6.2 MBProgress (1): 0/6.2 MBProgress (1): 0/6.2 MBProgress (1): 0/6.2 MBProgress (1): 0/6.2 MBProgress (1): 0.1/6.2 MBProgress (1): 0.1/6.2 MBProgress (1): 0.1/6.2 MBProgress (1): 0.1/6.2 MBProgress (1): 0.1/6.2 MBProgress (1): 0.1/6.2 MBProgress (1): 0.1/6.2 MBProgress (1): 0.1/6.2 MBProgress (1): 0.1/6.2 MBProgress (1): 0.1/6.2 MBProgress (1): 0.1/6.2 MBProgress (1): 0.1/6.2 MBProgress (1): 0.1/6.2 MBProgress (1): 0.1/6.2 MBProgress (1): 0.1/6.2 MBProgress (1): 0.1/6.2 MBProgress (1): 0.1/6.2 MBProgress (1): 0.1/6.2 MBProgress (1): 0.1/6.2 MBProgress (1): 0.1/6.2 MBProgress (1): 0.1/6.2 MBProgress (1): 0.1/6.2 MBProgress (1): 0.1/6.2 MBProgress (1): 0.1/6.2 MBProgress (1): 0.2/6.2 MBProgress (1): 0.2/6.2 MBProgress (1): 0.2/6.2 MBProgress (1): 0.2/6.2 MBProgress (1): 0.2/6.2 MBProgress (1): 0.2/6.2 MBProgress (1): 0.2/6.2 MBProgress (1): 0.3/6.2 MBProgress (1): 0.3/6.2 MBProgress (1): 0.3/6.2 MBProgress (1): 0.3/6.2 MBProgress (1): 0.3/6.2 MBProgress (1): 0.3/6.2 MBProgress (1): 0.4/6.2 MBProgress (1): 0.4/6.2 MBProgress (1): 0.4/6.2 MBProgress (1): 0.4/6.2 MBProgress (1): 0.4/6.2 MBProgress (1): 0.4/6.2 MBProgress (1): 0.5/6.2 MBProgress (1): 0.5/6.2 MBProgress (1): 0.5/6.2 MBProgress (1): 0.5/6.2 MBProgress (1): 0.5/6.2 MBProgress (1): 0.5/6.2 MBProgress (1): 0.6/6.2 MBProgress (1): 0.6/6.2 MBProgress (1): 0.6/6.2 MBProgress (1): 0.6/6.2 MBProgress (1): 0.6/6.2 MBProgress (1): 0.6/6.2 MBProgress (1): 0.7/6.2 MBProgress (1): 0.7/6.2 MBProgress (1): 0.7/6.2 MBProgress (1): 0.7/6.2 MBProgress (1): 0.7/6.2 MBProgress (1): 0.7/6.2 MBProgress (1): 0.8/6.2 MBProgress (1): 0.8/6.2 MBProgress (1): 0.8/6.2 MBProgress (1): 0.8/6.2 MBProgress (1): 0.8/6.2 MBProgress (1): 0.8/6.2 MBProgress (1): 0.9/6.2 MBProgress (1): 0.9/6.2 MBProgress (1): 0.9/6.2 MBProgress (1): 0.9/6.2 MBProgress (1): 0.9/6.2 MBProgress (1): 0.9/6.2 MBProgress (1): 0.9/6.2 MBProgress (1): 1.0/6.2 MBProgress (1): 1.0/6.2 MBProgress (1): 1.0/6.2 MBProgress (1): 1.0/6.2 MBProgress (1): 1.0/6.2 MBProgress (1): 1.0/6.2 MBProgress (1): 1.1/6.2 MBProgress (1): 1.1/6.2 MBProgress (1): 1.1/6.2 MBProgress (1): 1.1/6.2 MBProgress (1): 1.1/6.2 MBProgress (1): 1.1/6.2 MBProgress (1): 1.2/6.2 MBProgress (1): 1.2/6.2 MBProgress (1): 1.2/6.2 MBProgress (1): 1.2/6.2 MBProgress (1): 1.2/6.2 MBProgress (1): 1.2/6.2 MBProgress (1): 1.2/6.2 MBProgress (1): 1.3/6.2 MBProgress (1): 1.3/6.2 MBProgress (1): 1.3/6.2 MBProgress (1): 1.3/6.2 MBProgress (1): 1.3/6.2 MBProgress (1): 1.3/6.2 MBProgress (1): 1.4/6.2 MBProgress (1): 1.4/6.2 MBProgress (1): 1.4/6.2 MBProgress (1): 1.4/6.2 MBProgress (1): 1.4/6.2 MBProgress (1): 1.4/6.2 MBProgress (1): 1.5/6.2 MBProgress (1): 1.5/6.2 MBProgress (1): 1.5/6.2 MBProgress (1): 1.5/6.2 MBProgress (1): 1.5/6.2 MBProgress (1): 1.5/6.2 MBProgress (1): 1.6/6.2 MBProgress (1): 1.6/6.2 MBProgress (1): 1.6/6.2 MBProgress (1): 1.6/6.2 MBProgress (1): 1.6/6.2 MBProgress (1): 1.6/6.2 MBProgress (1): 1.7/6.2 MBProgress (1): 1.7/6.2 MBProgress (1): 1.7/6.2 MBProgress (1): 1.7/6.2 MBProgress (1): 1.7/6.2 MBProgress (1): 1.7/6.2 MBProgress (1): 1.8/6.2 MBProgress (1): 1.8/6.2 MBProgress (1): 1.8/6.2 MBProgress (1): 1.8/6.2 MBProgress (1): 1.8/6.2 MBProgress (1): 1.8/6.2 MBProgress (1): 1.9/6.2 MBProgress (1): 1.9/6.2 MBProgress (1): 1.9/6.2 MBProgress (1): 1.9/6.2 MBProgress (1): 1.9/6.2 MBProgress (1): 1.9/6.2 MBProgress (1): 2.0/6.2 MBProgress (1): 2.0/6.2 MBProgress (1): 2.0/6.2 MBProgress (1): 2.0/6.2 MBProgress (1): 2.0/6.2 MBProgress (1): 2.0/6.2 MBProgress (1): 2.1/6.2 MBProgress (1): 2.1/6.2 MBProgress (1): 2.1/6.2 MBProgress (1): 2.1/6.2 MBProgress (1): 2.1/6.2 MBProgress (1): 2.1/6.2 MBProgress (1): 2.2/6.2 MBProgress (1): 2.2/6.2 MBProgress (1): 2.2/6.2 MBProgress (1): 2.2/6.2 MBProgress (1): 2.2/6.2 MBProgress (1): 2.2/6.2 MBProgress (1): 2.2/6.2 MBProgress (1): 2.3/6.2 MBProgress (1): 2.3/6.2 MBProgress (1): 2.3/6.2 MBProgress (1): 2.3/6.2 MBProgress (1): 2.3/6.2 MBProgress (1): 2.3/6.2 MBProgress (1): 2.4/6.2 MBProgress (1): 2.4/6.2 MBProgress (1): 2.4/6.2 MBProgress (1): 2.4/6.2 MBProgress (1): 2.4/6.2 MBProgress (1): 2.4/6.2 MBProgress (1): 2.5/6.2 MBProgress (1): 2.5/6.2 MBProgress (1): 2.5/6.2 MBProgress (1): 2.5/6.2 MBProgress (1): 2.5/6.2 MBProgress (1): 2.5/6.2 MBProgress (1): 2.6/6.2 MBProgress (1): 2.6/6.2 MBProgress (1): 2.6/6.2 MBProgress (1): 2.6/6.2 MBProgress (1): 2.6/6.2 MBProgress (1): 2.6/6.2 MBProgress (1): 2.7/6.2 MBProgress (1): 2.7/6.2 MBProgress (1): 2.7/6.2 MBProgress (1): 2.7/6.2 MBProgress (1): 2.7/6.2 MBProgress (1): 2.7/6.2 MBProgress (1): 2.8/6.2 MBProgress (1): 2.8/6.2 MBProgress (1): 2.8/6.2 MBProgress (1): 2.8/6.2 MBProgress (1): 2.8/6.2 MBProgress (1): 2.8/6.2 MBProgress (1): 2.9/6.2 MBProgress (1): 2.9/6.2 MBProgress (1): 2.9/6.2 MBProgress (1): 2.9/6.2 MBProgress (1): 2.9/6.2 MBProgress (1): 2.9/6.2 MBProgress (1): 3.0/6.2 MBProgress (1): 3.0/6.2 MBProgress (1): 3.0/6.2 MBProgress (1): 3.0/6.2 MBProgress (1): 3.0/6.2 MBProgress (1): 3.0/6.2 MBProgress (1): 3.1/6.2 MBProgress (1): 3.1/6.2 MBProgress (1): 3.1/6.2 MBProgress (1): 3.1/6.2 MBProgress (1): 3.1/6.2 MBProgress (1): 3.1/6.2 MBProgress (1): 3.1/6.2 MBProgress (1): 3.2/6.2 MBProgress (1): 3.2/6.2 MBProgress (1): 3.2/6.2 MBProgress (1): 3.2/6.2 MBProgress (1): 3.2/6.2 MBProgress (1): 3.2/6.2 MBProgress (1): 3.3/6.2 MBProgress (1): 3.3/6.2 MBProgress (1): 3.3/6.2 MBProgress (1): 3.3/6.2 MBProgress (1): 3.3/6.2 MBProgress (1): 3.3/6.2 MBProgress (1): 3.4/6.2 MBProgress (1): 3.4/6.2 MBProgress (1): 3.4/6.2 MBProgress (1): 3.4/6.2 MBProgress (1): 3.4/6.2 MBProgress (1): 3.4/6.2 MBProgress (1): 3.5/6.2 MBProgress (1): 3.5/6.2 MBProgress (1): 3.5/6.2 MBProgress (1): 3.5/6.2 MBProgress (1): 3.5/6.2 MBProgress (1): 3.5/6.2 MBProgress (1): 3.6/6.2 MBProgress (1): 3.6/6.2 MBProgress (1): 3.6/6.2 MBProgress (1): 3.6/6.2 MBProgress (1): 3.6/6.2 MBProgress (1): 3.6/6.2 MBProgress (1): 3.6/6.2 MBProgress (1): 3.7/6.2 MBProgress (1): 3.7/6.2 MBProgress (1): 3.7/6.2 MBProgress (1): 3.7/6.2 MBProgress (1): 3.7/6.2 MBProgress (1): 3.7/6.2 MBProgress (1): 3.8/6.2 MBProgress (1): 3.8/6.2 MBProgress (1): 3.8/6.2 MBProgress (1): 3.8/6.2 MBProgress (1): 3.8/6.2 MBProgress (1): 3.8/6.2 MBProgress (1): 3.9/6.2 MBProgress (1): 3.9/6.2 MBProgress (1): 3.9/6.2 MBProgress (1): 3.9/6.2 MBProgress (1): 3.9/6.2 MBProgress (1): 3.9/6.2 MBProgress (1): 4.0/6.2 MBProgress (1): 4.0/6.2 MBProgress (1): 4.0/6.2 MBProgress (1): 4.0/6.2 MBProgress (1): 4.0/6.2 MBProgress (1): 4.0/6.2 MBProgress (1): 4.1/6.2 MBProgress (1): 4.1/6.2 MBProgress (1): 4.1/6.2 MBProgress (1): 4.1/6.2 MBProgress (1): 4.1/6.2 MBProgress (1): 4.1/6.2 MBProgress (1): 4.1/6.2 MBProgress (1): 4.2/6.2 MBProgress (1): 4.2/6.2 MBProgress (1): 4.2/6.2 MBProgress (1): 4.2/6.2 MBProgress (1): 4.2/6.2 MBProgress (1): 4.2/6.2 MBProgress (1): 4.3/6.2 MBProgress (1): 4.3/6.2 MBProgress (1): 4.3/6.2 MBProgress (1): 4.3/6.2 MBProgress (1): 4.3/6.2 MBProgress (1): 4.3/6.2 MBProgress (1): 4.4/6.2 MBProgress (1): 4.4/6.2 MBProgress (1): 4.4/6.2 MBProgress (1): 4.4/6.2 MBProgress (1): 4.4/6.2 MBProgress (1): 4.4/6.2 MBProgress (1): 4.4/6.2 MBProgress (1): 4.5/6.2 MBProgress (1): 4.5/6.2 MBProgress (1): 4.5/6.2 MBProgress (1): 4.5/6.2 MBProgress (1): 4.5/6.2 MBProgress (1): 4.5/6.2 MBProgress (1): 4.6/6.2 MBProgress (1): 4.6/6.2 MBProgress (1): 4.6/6.2 MBProgress (1): 4.6/6.2 MBProgress (1): 4.6/6.2 MBProgress (1): 4.6/6.2 MBProgress (1): 4.7/6.2 MBProgress (1): 4.7/6.2 MBProgress (1): 4.7/6.2 MBProgress (1): 4.7/6.2 MBProgress (1): 4.7/6.2 MBProgress (1): 4.7/6.2 MBProgress (1): 4.8/6.2 MBProgress (1): 4.8/6.2 MBProgress (1): 4.8/6.2 MBProgress (1): 4.8/6.2 MBProgress (1): 4.8/6.2 MBProgress (1): 4.8/6.2 MBProgress (1): 4.9/6.2 MBProgress (1): 4.9/6.2 MBProgress (1): 4.9/6.2 MBProgress (1): 4.9/6.2 MBProgress (1): 4.9/6.2 MBProgress (1): 4.9/6.2 MBProgress (1): 5.0/6.2 MBProgress (1): 5.0/6.2 MBProgress (1): 5.0/6.2 MBProgress (1): 5.0/6.2 MBProgress (1): 5.0/6.2 MBProgress (1): 5.0/6.2 MBProgress (1): 5.1/6.2 MBProgress (1): 5.1/6.2 MBProgress (1): 5.1/6.2 MBProgress (1): 5.1/6.2 MBProgress (1): 5.1/6.2 MBProgress (1): 5.1/6.2 MBProgress (1): 5.2/6.2 MBProgress (1): 5.2/6.2 MBProgress (1): 5.2/6.2 MBProgress (1): 5.2/6.2 MBProgress (1): 5.2/6.2 MBProgress (1): 5.2/6.2 MBProgress (1): 5.2/6.2 MBProgress (1): 5.3/6.2 MBProgress (1): 5.3/6.2 MBProgress (1): 5.3/6.2 MBProgress (1): 5.3/6.2 MBProgress (1): 5.3/6.2 MBProgress (1): 5.3/6.2 MBProgress (1): 5.4/6.2 MBProgress (1): 5.4/6.2 MBProgress (1): 5.4/6.2 MBProgress (1): 5.4/6.2 MBProgress (1): 5.4/6.2 MBProgress (1): 5.4/6.2 MBProgress (1): 5.5/6.2 MBProgress (1): 5.5/6.2 MBProgress (1): 5.5/6.2 MBProgress (1): 5.5/6.2 MBProgress (1): 5.5/6.2 MBProgress (1): 5.5/6.2 MBProgress (1): 5.5/6.2 MBProgress (1): 5.6/6.2 MBProgress (1): 5.6/6.2 MBProgress (1): 5.6/6.2 MBProgress (1): 5.6/6.2 MBProgress (1): 5.6/6.2 MBProgress (1): 5.6/6.2 MBProgress (1): 5.7/6.2 MBProgress (1): 5.7/6.2 MBProgress (1): 5.7/6.2 MBProgress (1): 5.7/6.2 MBProgress (1): 5.7/6.2 MBProgress (1): 5.7/6.2 MBProgress (1): 5.8/6.2 MBProgress (1): 5.8/6.2 MBProgress (1): 5.8/6.2 MBProgress (1): 5.8/6.2 MBProgress (1): 5.8/6.2 MBProgress (1): 5.8/6.2 MBProgress (1): 5.8/6.2 MBProgress (1): 5.9/6.2 MBProgress (1): 5.9/6.2 MBProgress (1): 5.9/6.2 MBProgress (1): 5.9/6.2 MBProgress (1): 5.9/6.2 MBProgress (1): 5.9/6.2 MBProgress (1): 6.0/6.2 MBProgress (1): 6.0/6.2 MBProgress (1): 6.0/6.2 MBProgress (1): 6.0/6.2 MBProgress (1): 6.0/6.2 MBProgress (1): 6.0/6.2 MBProgress (1): 6.1/6.2 MBProgress (1): 6.1/6.2 MBProgress (1): 6.1/6.2 MBProgress (1): 6.1/6.2 MBProgress (1): 6.1/6.2 MBProgress (1): 6.1/6.2 MBProgress (1): 6.2/6.2 MBProgress (1): 6.2/6.2 MBProgress (1): 6.2/6.2 MBProgress (1): 6.2/6.2 MBProgress (1): 6.2/6.2 MBProgress (1): 6.2/6.2 MBProgress (1): 6.2 MB                        Downloaded from central: https://repo.maven.apache.org/maven2/biz/aQute/bnd/biz.aQute.bnd.embedded-repo/7.2.1/biz.aQute.bnd.embedded-repo-7.2.1.jar (6.2 MB at 18 MB/s)
Downloading from central: https://repo.maven.apache.org/maven2/org/eclipse/tycho/tycho-p2-publisher-plugin/5.0.2/tycho-p2-publisher-plugin-5.0.2.pom
Progress (1): 889 BProgress (1): 2.2 kB                    Downloaded from central: https://repo.maven.apache.org/maven2/org/eclipse/tycho/tycho-p2-publisher-plugin/5.0.2/tycho-p2-publisher-plugin-5.0.2.pom (2.2 kB at 61 kB/s)
Downloading from central: https://repo.maven.apache.org/maven2/org/eclipse/tycho/tycho-p2-publisher-plugin/5.0.2/tycho-p2-publisher-plugin-5.0.2.jar
Progress (1): 7.7/31 kBProgress (1): 15/31 kB Progress (1): 31 kB                      Downloaded from central: https://repo.maven.apache.org/maven2/org/eclipse/tycho/tycho-p2-publisher-plugin/5.0.2/tycho-p2-publisher-plugin-5.0.2.jar (31 kB at 884 kB/s)
Downloading from central: https://repo.maven.apache.org/maven2/org/eclipse/tycho/tycho-p2-repository-plugin/5.0.2/tycho-p2-repository-plugin-5.0.2.pom
Progress (1): 887 BProgress (1): 2.8 kB                    Downloaded from central: https://repo.maven.apache.org/maven2/org/eclipse/tycho/tycho-p2-repository-plugin/5.0.2/tycho-p2-repository-plugin-5.0.2.pom (2.8 kB at 79 kB/s)
Downloading from central: https://repo.maven.apache.org/maven2/org/eclipse/tycho/tycho-p2-repository-plugin/5.0.2/tycho-p2-repository-plugin-5.0.2.jar
Progress (1): 7.7/56 kBProgress (1): 16/56 kB Progress (1): 32/56 kBProgress (1): 48/56 kBProgress (1): 56 kB                      Downloaded from central: https://repo.maven.apache.org/maven2/org/eclipse/tycho/tycho-p2-repository-plugin/5.0.2/tycho-p2-repository-plugin-5.0.2.jar (56 kB at 1.5 MB/s)
[INFO] ------------------------------------------------------------------------
[INFO] Reactor Build Order:
[INFO]
[INFO] moreunit                                                           [pom]
[INFO] org.moreunit.core                                       [eclipse-plugin]
[INFO] org.moreunit                                            [eclipse-plugin]
[INFO] org.moreunit.test.dependencies                     [eclipse-test-plugin]
[INFO] org.moreunit.core.test                             [eclipse-test-plugin]
[INFO] org.moreunit.light.feature                             [eclipse-feature]
[INFO] org.moreunit.test                                  [eclipse-test-plugin]
[INFO] org.moreunit.feature                                   [eclipse-feature]
[INFO] org.moreunit.mock                                       [eclipse-plugin]
[INFO] org.moreunit.mock.test                             [eclipse-test-plugin]
[INFO] org.moreunit.mock.it                               [eclipse-test-plugin]
[INFO] org.moreunit.mock.feature                              [eclipse-feature]
[INFO] org.moreunit.swtbot.test                           [eclipse-test-plugin]
[INFO] org.moreunit.updatesite                             [eclipse-repository]
[INFO] org.moreunit.report                                                [pom]
[INFO]
[INFO] -----------------------< org.moreunit:moreunit >------------------------
[INFO] Building moreunit 4.0.2-SNAPSHOT                                  [1/15]
[INFO]   from pom.xml
[INFO] --------------------------------[ pom ]---------------------------------
[INFO]
[INFO] --- antrun:3.2.0:run (avoid-equinox-exception) @ moreunit ---
[INFO] Executing tasks
[INFO] Executed tasks
[INFO]
[INFO] --- tycho-source:5.0.2:plugin-source (plugin-source) @ moreunit ---
[INFO]
[INFO] --- install:3.1.2:install (default-install) @ moreunit ---
Downloading from central: https://repo.maven.apache.org/maven2/org/apache/maven/resolver/maven-resolver-util/1.9.18/maven-resolver-util-1.9.18.pom
Progress (1): 830 BProgress (1): 2.7 kBProgress (1): 2.9 kB                    Downloaded from central: https://repo.maven.apache.org/maven2/org/apache/maven/resolver/maven-resolver-util/1.9.18/maven-resolver-util-1.9.18.pom (2.9 kB at 77 kB/s)
Downloading from central: https://repo.maven.apache.org/maven2/org/apache/maven/resolver/maven-resolver/1.9.18/maven-resolver-1.9.18.pom
Progress (1): 755 BProgress (1): 2.3 kBProgress (1): 4.0 kBProgress (1): 9.2 kBProgress (1): 13 kB Progress (1): 17 kBProgress (1): 20 kBProgress (1): 22 kB                   Downloaded from central: https://repo.maven.apache.org/maven2/org/apache/maven/resolver/maven-resolver/1.9.18/maven-resolver-1.9.18.pom (22 kB at 572 kB/s)
Downloading from central: https://repo.maven.apache.org/maven2/org/apache/maven/resolver/maven-resolver-api/1.9.18/maven-resolver-api-1.9.18.pom
Progress (1): 831 BProgress (1): 2.6 kBProgress (1): 2.7 kB                    Downloaded from central: https://repo.maven.apache.org/maven2/org/apache/maven/resolver/maven-resolver-api/1.9.18/maven-resolver-api-1.9.18.pom (2.7 kB at 72 kB/s)
Downloading from central: https://repo.maven.apache.org/maven2/org/codehaus/plexus/plexus-utils/4.0.1/plexus-utils-4.0.1.pom
Progress (1): 729 BProgress (1): 2.2 kBProgress (1): 4.3 kBProgress (1): 7.8 kB                    Downloaded from central: https://repo.maven.apache.org/maven2/org/codehaus/plexus/plexus-utils/4.0.1/plexus-utils-4.0.1.pom (7.8 kB at 230 kB/s)
Downloading from central: https://repo.maven.apache.org/maven2/org/codehaus/plexus/plexus/17/plexus-17.pom
Progress (1): 691 BProgress (1): 2.5 kBProgress (1): 6.4 kBProgress (1): 8.9 kBProgress (1): 11 kB Progress (1): 14 kBProgress (1): 19 kBProgress (1): 21 kBProgress (1): 25 kBProgress (1): 28 kB                   Downloaded from central: https://repo.maven.apache.org/maven2/org/codehaus/plexus/plexus/17/plexus-17.pom (28 kB at 762 kB/s)
Downloading from central: https://repo.maven.apache.org/maven2/org/codehaus/plexus/plexus-xml/3.0.0/plexus-xml-3.0.0.pom
Progress (1): 815 BProgress (1): 2.7 kBProgress (1): 3.7 kB                    Downloaded from central: https://repo.maven.apache.org/maven2/org/codehaus/plexus/plexus-xml/3.0.0/plexus-xml-3.0.0.pom (3.7 kB at 89 kB/s)
Downloading from central: https://repo.maven.apache.org/maven2/org/codehaus/plexus/plexus/13/plexus-13.pom
Progress (1): 693 BProgress (1): 2.5 kBProgress (1): 6.4 kBProgress (1): 8.9 kBProgress (1): 11 kB Progress (1): 14 kBProgress (1): 18 kBProgress (1): 21 kBProgress (1): 26 kBProgress (1): 27 kB                   Downloaded from central: https://repo.maven.apache.org/maven2/org/codehaus/plexus/plexus/13/plexus-13.pom (27 kB at 740 kB/s)
Downloading from central: https://repo.maven.apache.org/maven2/org/junit/junit-bom/5.9.3/junit-bom-5.9.3.pom
Progress (1): 907 BProgress (1): 4.1 kBProgress (1): 5.6 kB                    Downloaded from central: https://repo.maven.apache.org/maven2/org/junit/junit-bom/5.9.3/junit-bom-5.9.3.pom (5.6 kB at 161 kB/s)
Downloading from central: https://repo.maven.apache.org/maven2/org/apache/maven/resolver/maven-resolver-util/1.9.18/maven-resolver-util-1.9.18.jar
Downloading from central: https://repo.maven.apache.org/maven2/org/apache/maven/resolver/maven-resolver-api/1.9.18/maven-resolver-api-1.9.18.jar
Downloading from central: https://repo.maven.apache.org/maven2/org/codehaus/plexus/plexus-utils/4.0.1/plexus-utils-4.0.1.jar
Downloading from central: https://repo.maven.apache.org/maven2/org/codehaus/plexus/plexus-xml/3.0.0/plexus-xml-3.0.0.jar
Progress (1): 7.7/196 kBProgress (1): 16/196 kB Progress (1): 24/196 kBProgress (1): 40/196 kBProgress (1): 57/196 kBProgress (1): 73/196 kBProgress (1): 90/196 kBProgress (1): 106/196 kBProgress (1): 122/196 kBProgress (1): 139/196 kBProgress (1): 155/196 kBProgress (1): 172/196 kBProgress (1): 188/196 kBProgress (1): 196 kB                        Downloaded from central: https://repo.maven.apache.org/maven2/org/apache/maven/resolver/maven-resolver-util/1.9.18/maven-resolver-util-1.9.18.jar (196 kB at 3.9 MB/s)
Progress (1): 0.9/157 kBProgress (1): 2.3/157 kBProgress (1): 3.6/157 kBProgress (1): 5.0/157 kBProgress (1): 6.4/157 kBProgress (1): 7.7/157 kBProgress (1): 9.1/157 kBProgress (1): 10/157 kB Progress (1): 12/157 kBProgress (1): 13/157 kBProgress (1): 15/157 kBProgress (1): 16/157 kBProgress (1): 17/157 kBProgress (1): 19/157 kBProgress (1): 20/157 kBProgress (1): 21/157 kBProgress (1): 23/157 kBProgress (1): 24/157 kBProgress (1): 25/157 kBProgress (1): 27/157 kBProgress (1): 28/157 kBProgress (1): 30/157 kBProgress (2): 30/157 kB | 0.9/193 kBProgress (2): 30/157 kB | 2.3/193 kBProgress (2): 30/157 kB | 3.6/193 kBProgress (2): 30/157 kB | 5.0/193 kBProgress (2): 30/157 kB | 6.4/193 kBProgress (2): 30/157 kB | 7.7/193 kBProgress (2): 30/157 kB | 9.1/193 kBProgress (2): 30/157 kB | 10/193 kB Progress (2): 30/157 kB | 12/193 kBProgress (2): 30/157 kB | 13/193 kBProgress (2): 30/157 kB | 15/193 kBProgress (2): 30/157 kB | 16/193 kBProgress (2): 30/157 kB | 17/193 kBProgress (2): 30/157 kB | 19/193 kBProgress (2): 30/157 kB | 20/193 kBProgress (2): 30/157 kB | 21/193 kBProgress (2): 30/157 kB | 23/193 kBProgress (2): 30/157 kB | 24/193 kBProgress (2): 30/157 kB | 25/193 kBProgress (2): 30/157 kB | 26/193 kBProgress (2): 30/157 kB | 27/193 kBProgress (2): 30/157 kB | 29/193 kBProgress (2): 30/157 kB | 30/193 kBProgress (2): 31/157 kB | 30/193 kBProgress (2): 32/157 kB | 30/193 kBProgress (2): 34/157 kB | 30/193 kBProgress (2): 35/157 kB | 30/193 kBProgress (2): 36/157 kB | 30/193 kBProgress (2): 38/157 kB | 30/193 kBProgress (2): 39/157 kB | 30/193 kBProgress (2): 41/157 kB | 30/193 kBProgress (2): 42/157 kB | 30/193 kBProgress (2): 43/157 kB | 30/193 kBProgress (2): 45/157 kB | 30/193 kBProgress (2): 46/157 kB | 30/193 kBProgress (2): 47/157 kB | 30/193 kBProgress (2): 49/157 kB | 30/193 kBProgress (2): 50/157 kB | 30/193 kBProgress (2): 51/157 kB | 30/193 kBProgress (2): 53/157 kB | 30/193 kBProgress (2): 54/157 kB | 30/193 kBProgress (2): 56/157 kB | 30/193 kBProgress (2): 60/157 kB | 30/193 kBProgress (2): 60/157 kB | 31/193 kBProgress (2): 60/157 kB | 33/193 kBProgress (2): 60/157 kB | 34/193 kBProgress (2): 60/157 kB | 36/193 kBProgress (2): 60/157 kB | 37/193 kBProgress (2): 60/157 kB | 38/193 kBProgress (2): 60/157 kB | 40/193 kBProgress (2): 60/157 kB | 41/193 kBProgress (2): 60/157 kB | 42/193 kBProgress (2): 60/157 kB | 44/193 kBProgress (2): 60/157 kB | 45/193 kBProgress (2): 60/157 kB | 46/193 kBProgress (2): 60/157 kB | 48/193 kBProgress (2): 60/157 kB | 49/193 kBProgress (2): 60/157 kB | 51/193 kBProgress (3): 60/157 kB | 51/193 kB | 0.9/93 kBProgress (3): 60/157 kB | 52/193 kB | 0.9/93 kBProgress (3): 60/157 kB | 53/193 kB | 0.9/93 kBProgress (3): 60/157 kB | 53/193 kB | 2.3/93 kBProgress (3): 60/157 kB | 55/193 kB | 2.3/93 kBProgress (3): 60/157 kB | 55/193 kB | 3.6/93 kBProgress (3): 60/157 kB | 55/193 kB | 5.0/93 kBProgress (3): 60/157 kB | 59/193 kB | 5.0/93 kBProgress (3): 60/157 kB | 59/193 kB | 6.4/93 kBProgress (3): 60/157 kB | 59/193 kB | 7.7/93 kBProgress (3): 60/157 kB | 59/193 kB | 9.1/93 kBProgress (3): 60/157 kB | 59/193 kB | 10/93 kB Progress (3): 60/157 kB | 59/193 kB | 12/93 kBProgress (3): 60/157 kB | 59/193 kB | 13/93 kBProgress (3): 60/157 kB | 59/193 kB | 15/93 kBProgress (3): 60/157 kB | 59/193 kB | 16/93 kBProgress (3): 60/157 kB | 59/193 kB | 17/93 kBProgress (3): 60/157 kB | 59/193 kB | 19/93 kBProgress (3): 60/157 kB | 59/193 kB | 20/93 kBProgress (3): 60/157 kB | 59/193 kB | 21/93 kBProgress (3): 60/157 kB | 59/193 kB | 23/93 kBProgress (3): 60/157 kB | 59/193 kB | 24/93 kBProgress (3): 60/157 kB | 59/193 kB | 25/93 kBProgress (3): 60/157 kB | 59/193 kB | 27/93 kBProgress (3): 60/157 kB | 59/193 kB | 28/93 kBProgress (3): 60/157 kB | 59/193 kB | 30/93 kBProgress (3): 60/157 kB | 59/193 kB | 31/93 kBProgress (3): 60/157 kB | 59/193 kB | 32/93 kBProgress (3): 60/157 kB | 59/193 kB | 34/93 kBProgress (3): 60/157 kB | 59/193 kB | 35/93 kBProgress (3): 60/157 kB | 59/193 kB | 36/93 kBProgress (3): 60/157 kB | 59/193 kB | 38/93 kBProgress (3): 60/157 kB | 59/193 kB | 39/93 kBProgress (3): 60/157 kB | 59/193 kB | 41/93 kBProgress (3): 60/157 kB | 59/193 kB | 42/93 kBProgress (3): 60/157 kB | 59/193 kB | 43/93 kBProgress (3): 60/157 kB | 59/193 kB | 45/93 kBProgress (3): 64/157 kB | 59/193 kB | 45/93 kBProgress (3): 68/157 kB | 59/193 kB | 45/93 kBProgress (3): 73/157 kB | 59/193 kB | 45/93 kBProgress (3): 73/157 kB | 59/193 kB | 46/93 kBProgress (3): 77/157 kB | 59/193 kB | 46/93 kBProgress (3): 77/157 kB | 59/193 kB | 47/93 kBProgress (3): 77/157 kB | 59/193 kB | 49/93 kBProgress (3): 77/157 kB | 59/193 kB | 50/93 kBProgress (3): 81/157 kB | 59/193 kB | 50/93 kBProgress (3): 81/157 kB | 59/193 kB | 51/93 kBProgress (3): 81/157 kB | 59/193 kB | 53/93 kBProgress (3): 85/157 kB | 59/193 kB | 53/93 kBProgress (3): 85/157 kB | 59/193 kB | 54/93 kBProgress (3): 89/157 kB | 59/193 kB | 54/93 kBProgress (3): 89/157 kB | 59/193 kB | 56/93 kBProgress (3): 94/157 kB | 59/193 kB | 56/93 kBProgress (3): 94/157 kB | 59/193 kB | 60/93 kBProgress (3): 94/157 kB | 63/193 kB | 60/93 kBProgress (3): 94/157 kB | 67/193 kB | 60/93 kBProgress (3): 94/157 kB | 72/193 kB | 60/93 kBProgress (3): 94/157 kB | 76/193 kB | 60/93 kBProgress (3): 94/157 kB | 80/193 kB | 60/93 kBProgress (3): 94/157 kB | 84/193 kB | 60/93 kBProgress (3): 94/157 kB | 89/193 kB | 60/93 kBProgress (3): 94/157 kB | 93/193 kB | 60/93 kBProgress (3): 98/157 kB | 93/193 kB | 60/93 kBProgress (3): 102/157 kB | 93/193 kB | 60/93 kBProgress (3): 106/157 kB | 93/193 kB | 60/93 kBProgress (3): 111/157 kB | 93/193 kB | 60/93 kBProgress (3): 115/157 kB | 93/193 kB | 60/93 kBProgress (3): 119/157 kB | 93/193 kB | 60/93 kBProgress (3): 119/157 kB | 93/193 kB | 64/93 kBProgress (3): 119/157 kB | 93/193 kB | 66/93 kBProgress (3): 123/157 kB | 93/193 kB | 66/93 kBProgress (3): 123/157 kB | 93/193 kB | 70/93 kBProgress (3): 123/157 kB | 93/193 kB | 74/93 kBProgress (3): 123/157 kB | 93/193 kB | 78/93 kBProgress (3): 123/157 kB | 93/193 kB | 82/93 kBProgress (3): 123/157 kB | 93/193 kB | 87/93 kBProgress (3): 123/157 kB | 93/193 kB | 91/93 kBProgress (3): 123/157 kB | 93/193 kB | 93 kB                                               Downloaded from central: https://repo.maven.apache.org/maven2/org/codehaus/plexus/plexus-xml/3.0.0/plexus-xml-3.0.0.jar (93 kB at 877 kB/s)
Progress (2): 123/157 kB | 97/193 kBProgress (2): 123/157 kB | 101/193 kBProgress (2): 123/157 kB | 105/193 kBProgress (2): 123/157 kB | 110/193 kBProgress (2): 123/157 kB | 114/193 kBProgress (2): 123/157 kB | 118/193 kBProgress (2): 123/157 kB | 122/193 kBProgress (2): 123/157 kB | 127/193 kBProgress (2): 123/157 kB | 131/193 kBProgress (2): 123/157 kB | 135/193 kBProgress (2): 123/157 kB | 139/193 kBProgress (2): 123/157 kB | 144/193 kBProgress (2): 123/157 kB | 148/193 kBProgress (2): 123/157 kB | 152/193 kBProgress (2): 123/157 kB | 156/193 kBProgress (2): 123/157 kB | 160/193 kBProgress (2): 127/157 kB | 160/193 kBProgress (2): 132/157 kB | 160/193 kBProgress (2): 136/157 kB | 160/193 kBProgress (2): 140/157 kB | 160/193 kBProgress (2): 144/157 kB | 160/193 kBProgress (2): 149/157 kB | 160/193 kBProgress (2): 153/157 kB | 160/193 kBProgress (2): 155/157 kB | 160/193 kBProgress (2): 157 kB | 160/193 kB                                     Downloaded from central: https://repo.maven.apache.org/maven2/org/apache/maven/resolver/maven-resolver-api/1.9.18/maven-resolver-api-1.9.18.jar (157 kB at 1.3 MB/s)
Progress (1): 164/193 kBProgress (1): 168/193 kBProgress (1): 173/193 kBProgress (1): 177/193 kBProgress (1): 181/193 kBProgress (1): 185/193 kBProgress (1): 189/193 kBProgress (1): 193 kB                        Downloaded from central: https://repo.maven.apache.org/maven2/org/codehaus/plexus/plexus-utils/4.0.1/plexus-utils-4.0.1.jar (193 kB at 1.5 MB/s)
[INFO] Installing /app/org.moreunit.build/pom.xml to /home/jules/.m2/repository/org/moreunit/moreunit/4.0.2-SNAPSHOT/moreunit-4.0.2-SNAPSHOT.pom
[INFO]
[INFO] -------------------< org.moreunit:org.moreunit.core >-------------------
[INFO] Building org.moreunit.core 4.0.2-SNAPSHOT                         [2/15]
[INFO]   from /app/org.moreunit.core/pom.xml
[INFO] ---------------------------[ eclipse-plugin ]---------------------------
[INFO] Resolving target definition file:/app/org.moreunit.core.test/../org.moreunit.build/eclipse-latest.target for environments=[linux/gtk/x86_64, win32/win32/x86_64, macosx/cocoa/x86_64], include source mode=honor, referenced repository mode =include, execution environment=StandardEEResolutionHints [executionEnvironment=OSGi profile 'JavaSE-21' { source level: 21, target level: 21}] with Tycho Provisioning Agent (extension>org.eclipse.tycho:tycho-maven-plugin:5.0.2)
[INFO] ### Using TychoRepositoryTransport for remote P2 access ###
[INFO]     Cache location:         /home/jules/.m2/repository/.cache/tycho
[INFO]     Transport mode:         online
[INFO]     Http Transport type:    Java11Client
[INFO]     Update mode:            cache first
[INFO]     Minimum cache duration: 60 minutes
[INFO]       (you can configure this with -Dtycho.p2.transport.min-cache-minutes=<desired minimum cache duration>)
[INFO] Downloading from p2: https://download.eclipse.org/eclipse/updates/latest/p2.index
[INFO] Downloaded from p2: https://download.eclipse.org/eclipse/updates/latest/p2.index (158 bytes at 2 KB/s)
[INFO] Downloading from p2: https://download.eclipse.org/eclipse/updates/4.39/p2.index
[INFO] Downloaded from p2: https://download.eclipse.org/eclipse/updates/4.39/p2.index (158 bytes at 154 KB/s)
[INFO] Downloading from p2: https://download.eclipse.org/eclipse/updates/4.39/R-4.39-202602260420/p2.index
[INFO] Downloaded from p2: https://download.eclipse.org/eclipse/updates/4.39/R-4.39-202602260420/p2.index (172 bytes at 167 KB/s)
[INFO] Downloading from p2: https://testng.org/testng-eclipse-update-site/p2.index
[INFO] Downloading from p2: https://testng.org/testng-eclipse-update-site/6.9.13/p2.index
[INFO] Downloading from p2: https://testng.org/testng-eclipse-update-site/updatesites/6.9.13.201609291640/p2.index
[INFO] Downloading from p2: https://testng.org/testng-eclipse-update-site/6.9.12/p2.index
[INFO] Downloading from p2: https://testng.org/testng-eclipse-update-site/updatesites/6.9.12.201607091356/p2.index
[INFO] Downloading from p2: https://testng.org/testng-eclipse-update-site/6.9.11/p2.index
[INFO] Downloading from p2: https://testng.org/testng-eclipse-update-site/updatesites/6.9.11.201604020423/p2.index
[INFO] Downloading from p2: https://testng.org/testng-eclipse-update-site/6.9.10/p2.index
[INFO] Downloading from p2: https://testng.org/testng-eclipse-update-site/updatesites/6.9.10.201512240000/p2.index
[INFO] Downloading from p2: https://testng.org/testng-eclipse-update-site/6.9.5/p2.index
[INFO] Downloading from p2: https://testng.org/testng-eclipse-update-site/updatesites/6.9.5.201505251947/p2.index
[INFO] Downloading from p2: https://testng.org/testng-eclipse-update-site/6.10.0/p2.index
[INFO] Downloading from p2: https://testng.org/testng-eclipse-update-site/updatesites/6.10.0.201612030230/p2.index
[INFO] Downloading from p2: https://testng.org/testng-eclipse-update-site/6.11.0/p2.index
[INFO] Downloading from p2: https://testng.org/testng-eclipse-update-site/updatesites/6.11.0.201703011520/p2.index
[INFO] Downloading from p2: https://testng.org/testng-eclipse-update-site/6.12.0/p2.index
[INFO] Downloading from p2: https://testng.org/testng-eclipse-update-site/updatesites/6.12.0.201709030110/p2.index
[INFO] Downloaded from p2: https://testng.org/testng-eclipse-update-site/updatesites/6.12.0.201709030110/p2.index (172 bytes at 167 KB/s)
[INFO] Downloading from p2: https://testng.org/testng-eclipse-update-site/updatesites/6.12.0.201709050550/p2.index
[INFO] Downloaded from p2: https://testng.org/testng-eclipse-update-site/updatesites/6.12.0.201709050550/p2.index (172 bytes at 167 KB/s)
[INFO] Downloading from p2: https://testng.org/testng-eclipse-update-site/6.13.0/p2.index
[INFO] Downloading from p2: https://testng.org/testng-eclipse-update-site/updatesites/6.13.0.201712040650/p2.index
[INFO] Downloaded from p2: https://testng.org/testng-eclipse-update-site/updatesites/6.13.0.201712040650/p2.index (172 bytes at 167 KB/s)
[INFO] Downloading from p2: https://testng.org/testng-eclipse-update-site/6.14.0/p2.index
[INFO] Downloading from p2: https://testng.org/testng-eclipse-update-site/updatesites/6.14.0.201802161500/p2.index
[INFO] Downloaded from p2: https://testng.org/testng-eclipse-update-site/updatesites/6.14.0.201802161500/p2.index (172 bytes at 167 KB/s)
[INFO] Downloading from p2: https://testng.org/testng-eclipse-update-site/6.14.3/p2.index
[INFO] Downloading from p2: https://testng.org/testng-eclipse-update-site/updatesites/6.14.3.201902250526/p2.index
[INFO] Downloaded from p2: https://testng.org/testng-eclipse-update-site/updatesites/6.14.3.201902250526/p2.index (172 bytes at 167 KB/s)
[INFO] Downloading from p2: https://testng.org/testng-eclipse-update-site/7.0.0/p2.index
[INFO] Downloaded from p2: https://testng.org/testng-eclipse-update-site/7.0.0/p2.index (128 bytes at 125 KB/s)
[INFO] Downloading from p2: https://testng.org/testng-eclipse-update-site/updatesites/7.0.0.201908201535/p2.index
[INFO] Downloaded from p2: https://testng.org/testng-eclipse-update-site/updatesites/7.0.0.201908201535/p2.index (172 bytes at 167 KB/s)
[INFO] Downloading from p2: https://testng.org/testng-eclipse-update-site/updatesites/7.0.0.201908240652/p2.index
[INFO] Downloaded from p2: https://testng.org/testng-eclipse-update-site/updatesites/7.0.0.201908240652/p2.index (172 bytes at 55 KB/s)
[INFO] Downloading from p2: https://testng.org/testng-eclipse-update-site/7.1.0/p2.index
[INFO] Downloaded from p2: https://testng.org/testng-eclipse-update-site/7.1.0/p2.index (128 bytes at 125 KB/s)
[INFO] Downloading from p2: https://testng.org/testng-eclipse-update-site/updatesites/7.1.0.202003090500/p2.index
[INFO] Downloaded from p2: https://testng.org/testng-eclipse-update-site/updatesites/7.1.0.202003090500/p2.index (172 bytes at 167 KB/s)
[INFO] Downloading from p2: https://testng.org/testng-eclipse-update-site/7.1.1/p2.index
[INFO] Downloaded from p2: https://testng.org/testng-eclipse-update-site/7.1.1/p2.index (128 bytes at 41 KB/s)
[INFO] Downloading from p2: https://testng.org/testng-eclipse-update-site/updatesites/7.1.1.202003100345/p2.index
[INFO] Downloaded from p2: https://testng.org/testng-eclipse-update-site/updatesites/7.1.1.202003100345/p2.index (172 bytes at 167 KB/s)
[INFO] Downloading from p2: https://testng.org/testng-eclipse-update-site/7.2.0/p2.index
[INFO] Downloaded from p2: https://testng.org/testng-eclipse-update-site/7.2.0/p2.index (128 bytes at 125 KB/s)
[INFO] Downloading from p2: https://testng.org/testng-eclipse-update-site/updatesites/7.2.0.202004281604/p2.index
[INFO] Downloaded from p2: https://testng.org/testng-eclipse-update-site/updatesites/7.2.0.202004281604/p2.index (172 bytes at 167 KB/s)
[INFO] Downloading from p2: https://testng.org/testng-eclipse-update-site/updatesites/7.2.0.202005051752/p2.index
[INFO] Downloaded from p2: https://testng.org/testng-eclipse-update-site/updatesites/7.2.0.202005051752/p2.index (172 bytes at 83 KB/s)
[INFO] Downloading from p2: https://testng.org/testng-eclipse-update-site/7.3.0/p2.index
[INFO] Downloaded from p2: https://testng.org/testng-eclipse-update-site/7.3.0/p2.index (128 bytes at 125 KB/s)
[INFO] Downloading from p2: https://testng.org/testng-eclipse-update-site/updatesites/7.3.0.202008060412/p2.index
[INFO] Downloaded from p2: https://testng.org/testng-eclipse-update-site/updatesites/7.3.0.202008060412/p2.index (172 bytes at 167 KB/s)
[INFO] Downloading from p2: https://testng.org/testng-eclipse-update-site/7.4.0/p2.index
[INFO] Downloaded from p2: https://testng.org/testng-eclipse-update-site/7.4.0/p2.index (128 bytes at 41 KB/s)
[INFO] Downloading from p2: https://testng.org/testng-eclipse-update-site/updatesites/7.4.0.202105021622/p2.index
[INFO] Downloaded from p2: https://testng.org/testng-eclipse-update-site/updatesites/7.4.0.202105021622/p2.index (172 bytes at 167 KB/s)
[INFO] Downloading from p2: https://testng.org/testng-eclipse-update-site/updatesites/7.4.0.202106051955/p2.index
[INFO] Downloaded from p2: https://testng.org/testng-eclipse-update-site/updatesites/7.4.0.202106051955/p2.index (172 bytes at 167 KB/s)
[INFO] Downloading from p2: https://testng.org/testng-eclipse-update-site/7.8.0/p2.index
[INFO] Downloading from p2: https://testng.org/testng-eclipse-update-site/updatesites/7.8.0.202308061717/p2.index
[INFO] Downloaded from p2: https://testng.org/testng-eclipse-update-site/updatesites/7.8.0.202308061717/p2.index (172 bytes at 167 KB/s)
[INFO] Downloading from p2: https://testng.org/testng-eclipse-update-site/updatesites/7.8.0.202306071550/p2.index
[INFO] Downloaded from p2: https://testng.org/testng-eclipse-update-site/updatesites/7.8.0.202306071550/p2.index (172 bytes at 167 KB/s)
[INFO] Downloading from p2: https://testng.org/testng-eclipse-update-site/7.9.0/p2.index
[INFO] Downloading from p2: https://testng.org/testng-eclipse-update-site/updatesites/7.9.0.202312310355/p2.index
[INFO] Downloaded from p2: https://testng.org/testng-eclipse-update-site/updatesites/7.9.0.202312310355/p2.index (172 bytes at 167 KB/s)
[INFO] Downloading from p2: https://testng.org/testng-eclipse-update-site/7.10.0/p2.index
[INFO] Downloading from p2: https://testng.org/testng-eclipse-update-site/updatesites/7.10.0.202404131040/p2.index
[INFO] Downloaded from p2: https://testng.org/testng-eclipse-update-site/updatesites/7.10.0.202404131040/p2.index (172 bytes at 167 KB/s)
[INFO] Downloading from p2: https://testng.org/testng-eclipse-update-site/7.10.2/p2.index
[INFO] Downloading from p2: https://testng.org/testng-eclipse-update-site/updatesites/7.10.2.202503082113/p2.index
[INFO] Downloaded from p2: https://testng.org/testng-eclipse-update-site/updatesites/7.10.2.202503082113/p2.index (172 bytes at 167 KB/s)
[INFO] Downloading from p2: https://testng.org/testng-eclipse-update-site/7.11.0/p2.index
[INFO] Downloading from p2: https://testng.org/testng-eclipse-update-site/updatesites/7.11.0.202503091801/p2.index
[INFO] Downloaded from p2: https://testng.org/testng-eclipse-update-site/updatesites/7.11.0.202503091801/p2.index (172 bytes at 167 KB/s)
[INFO] Downloading from p2: https://testng.org/testng-p2-update-site/p2.index
[INFO] Downloading from p2: https://testng.org/testng-p2-update-site/6.11.0/p2.index
[INFO] Downloading from p2: https://testng.org/testng-p2-update-site/updatesites/6.11.0.r201704240320/p2.index
[INFO] Downloading from p2: https://testng.org/testng-p2-update-site/6.12.0/p2.index
[INFO] Downloading from p2: https://testng.org/testng-p2-update-site/updatesites/6.12.0.r201709030044/p2.index
[INFO] Downloading from p2: https://testng.org/testng-p2-update-site/6.13.1/p2.index
[INFO] Downloading from p2: https://testng.org/testng-p2-update-site/updatesites/6.13.1.r201712040202/p2.index
[INFO] Downloading from p2: https://testng.org/testng-p2-update-site/updatesites/6.13.1.r201712040515/p2.index
[INFO] Downloading from p2: https://testng.org/testng-p2-update-site/6.14.2/p2.index
[INFO] Downloading from p2: https://testng.org/testng-p2-update-site/updatesites/6.14.2.r201802161450/p2.index
[INFO] Downloading from p2: https://testng.org/testng-p2-update-site/6.14.3/p2.index
[INFO] Downloading from p2: https://testng.org/testng-p2-update-site/updatesites/6.14.3.r201802240500/p2.index
[INFO] Downloading from p2: https://testng.org/testng-p2-update-site/7.0.0/p2.index
[INFO] Downloading from p2: https://testng.org/testng-p2-update-site/updatesites/7.0.0.r201908191551/p2.index
[INFO] Downloading from p2: https://testng.org/testng-p2-update-site/7.1.0/p2.index
[INFO] Downloading from p2: https://testng.org/testng-p2-update-site/updatesites/7.1.0.r202001120626/p2.index
[INFO] Downloading from p2: https://testng.org/testng-p2-update-site/7.2.0/p2.index
[INFO] Downloading from p2: https://testng.org/testng-p2-update-site/updatesites/7.2.0.r202003151902/p2.index
[INFO] Downloading from p2: https://testng.org/testng-p2-update-site/7.3.0/p2.index
[INFO] Downloading from p2: https://testng.org/testng-p2-update-site/updatesites/7.3.0.r202008060316/p2.index
[INFO] Downloading from p2: https://testng.org/testng-p2-update-site/7.4.0/p2.index
[INFO] Downloading from p2: https://testng.org/testng-p2-update-site/updatesites/7.4.0.r202105021533/p2.index
[INFO] Downloading from p2: https://testng.org/testng-p2-update-site/7.5.0/p2.index
[INFO] Downloading from p2: https://testng.org/testng-p2-update-site/updatesites/7.5.0.r202201070709/p2.index
[INFO] Downloading from p2: https://testng.org/testng-p2-update-site/7.6.1/p2.index
[INFO] Downloading from p2: https://testng.org/testng-p2-update-site/updatesites/7.6.1.r202207070546/p2.index
[INFO] Downloading from p2: https://testng.org/testng-p2-update-site/7.7.0/p2.index
[INFO] Downloading from p2: https://testng.org/testng-p2-update-site/updatesites/7.7.0.r202306070455/p2.index
[INFO] Downloading from p2: https://testng.org/testng-p2-update-site/7.7.1/p2.index
[INFO] Downloading from p2: https://testng.org/testng-p2-update-site/updatesites/7.7.1.r202305281608/p2.index
[INFO] Downloading from p2: https://testng.org/testng-p2-update-site/7.8.0/p2.index
[INFO] Downloading from p2: https://testng.org/testng-p2-update-site/updatesites/7.8.0.r202306071539/p2.index
[INFO] Downloading from p2: https://testng.org/testng-p2-update-site/7.9.0/p2.index
[INFO] Downloading from p2: https://testng.org/testng-p2-update-site/updatesites/7.9.0.r202312310341/p2.index
[INFO] Downloading from p2: https://testng.org/testng-p2-update-site/7.10.1/p2.index
[INFO] Downloading from p2: https://testng.org/testng-p2-update-site/updatesites/7.10.1.r202404130807/p2.index
[INFO] Downloading from p2: https://testng.org/testng-p2-update-site/7.10.2/p2.index
[INFO] Downloading from p2: https://testng.org/testng-p2-update-site/updatesites/7.10.2.r202404291553/p2.index
[INFO] Downloading from p2: https://testng.org/testng-p2-update-site/7.11.0/p2.index
[INFO] Downloading from p2: https://testng.org/testng-p2-update-site/updatesites/7.11.0.r202503091654/p2.index
[INFO] Downloading from p2: http://download.eclipse.org/technology/m2e/releases/p2.index
[INFO] Downloading from p2: http://download.eclipse.org/technology/m2e/releases/site.xml
[WARNING] Skip referenced repository: http://download.eclipse.org/technology/m2e/releases/: org.eclipse.equinox.p2.core.ProvisionException: No repository found at http://download.eclipse.org/technology/m2e/releases.
[INFO] Downloading from p2: https://download.eclipse.org/technology/m2e/releases/latest/p2.index
[INFO] Downloaded from p2: https://download.eclipse.org/technology/m2e/releases/latest/p2.index (172 bytes at 167 KB/s)
[INFO] Downloading from p2: https://download.eclipse.org/wildwebdeveloper/releases/1.4.0/p2.index
[INFO] Downloaded from p2: https://download.eclipse.org/wildwebdeveloper/releases/1.4.0/p2.index (172 bytes at 167 KB/s)
[INFO] Downloading from p2: https://download.eclipse.org/webtools/downloads/drops/R3.40.0/R-3.40.0-20251124015847/repository/p2.index
[INFO] Downloaded from p2: https://download.eclipse.org/webtools/downloads/drops/R3.40.0/R-3.40.0-20251124015847/repository/p2.index (172 bytes at 167 KB/s)
[INFO] Downloading from p2: https://download.eclipse.org/egit/updates-7.6/p2.index
[INFO] Downloaded from p2: https://download.eclipse.org/egit/updates-7.6/p2.index (172 bytes at 167 KB/s)
[INFO] Downloading from p2: https://download.eclipse.org/tools/orbit/simrel/orbit-aggregation/release/4.36.0/p2.index
[INFO] Downloaded from p2: https://download.eclipse.org/tools/orbit/simrel/orbit-aggregation/release/4.36.0/p2.index (172 bytes at 55 KB/s)
[INFO] Downloading from p2: https://download.eclipse.org/modeling/emf/emf/builds/release/2.45.0/p2.index
[INFO] Downloaded from p2: https://download.eclipse.org/modeling/emf/emf/builds/release/2.45.0/p2.index (172 bytes at 167 KB/s)
[INFO] Downloading from p2: https://download.eclipse.org/tm4e/releases/0.17.2/p2.index
[INFO] Downloaded from p2: https://download.eclipse.org/tm4e/releases/0.17.2/p2.index (172 bytes at 167 KB/s)
[INFO] Downloading from p2: https://download.eclipse.org/lsp4e/releases/0.30.0/p2.index
[INFO] Downloaded from p2: https://download.eclipse.org/lsp4e/releases/0.30.0/p2.index (172 bytes at 167 KB/s)
[INFO] Downloading from p2: https://download.eclipse.org/eclipse/updates/4.38/R-4.38-202512010920/p2.index
[INFO] Downloaded from p2: https://download.eclipse.org/eclipse/updates/4.38/R-4.38-202512010920/p2.index (172 bytes at 167 KB/s)
[INFO] Downloading from p2: http://dl.bintray.com/testng-team/testng-p2-release/p2.index
[INFO] Downloaded from p2: http://dl.bintray.com/testng-team/testng-p2-release/p2.index (164 bytes at 160 KB/s)
[WARNING] Skip referenced repository: http://dl.bintray.com/testng-team/testng-p2-release/: org.eclipse.equinox.p2.core.ProvisionException: Unable to read repository at http://dl.bintray.com/testng-team/testng-p2-release.
[INFO] Downloading from p2: http://testng.org/testng-p2-update-site/p2.index
[INFO] Downloading from p2: http://testng.org/testng-p2-update-site/6.11.0/p2.index
[INFO] Downloading from p2: http://testng.org/testng-p2-update-site/updatesites/6.11.0.r201704240320/p2.index
[INFO] Downloading from p2: http://testng.org/testng-p2-update-site/6.12.0/p2.index
[INFO] Downloading from p2: http://testng.org/testng-p2-update-site/updatesites/6.12.0.r201709030044/p2.index
[INFO] Downloading from p2: http://testng.org/testng-p2-update-site/6.13.1/p2.index
[INFO] Downloading from p2: http://testng.org/testng-p2-update-site/updatesites/6.13.1.r201712040202/p2.index
[INFO] Downloading from p2: http://testng.org/testng-p2-update-site/updatesites/6.13.1.r201712040515/p2.index
[INFO] Downloading from p2: http://testng.org/testng-p2-update-site/6.14.2/p2.index
[INFO] Downloading from p2: http://testng.org/testng-p2-update-site/updatesites/6.14.2.r201802161450/p2.index
[INFO] Downloading from p2: http://testng.org/testng-p2-update-site/6.14.3/p2.index
[INFO] Downloading from p2: http://testng.org/testng-p2-update-site/updatesites/6.14.3.r201802240500/p2.index
[INFO] Downloading from p2: http://testng.org/testng-p2-update-site/7.0.0/p2.index
[INFO] Downloading from p2: http://testng.org/testng-p2-update-site/updatesites/7.0.0.r201908191551/p2.index
[INFO] Downloading from p2: http://testng.org/testng-p2-update-site/7.1.0/p2.index
[INFO] Downloading from p2: http://testng.org/testng-p2-update-site/updatesites/7.1.0.r202001120626/p2.index
[INFO] Downloading from p2: http://testng.org/testng-p2-update-site/7.2.0/p2.index
[INFO] Downloading from p2: http://testng.org/testng-p2-update-site/updatesites/7.2.0.r202003151902/p2.index
[INFO] Downloading from p2: http://testng.org/testng-p2-update-site/7.3.0/p2.index
[INFO] Downloading from p2: http://testng.org/testng-p2-update-site/updatesites/7.3.0.r202008060316/p2.index
[INFO] Downloading from p2: http://testng.org/testng-p2-update-site/7.4.0/p2.index
[INFO] Downloading from p2: http://testng.org/testng-p2-update-site/updatesites/7.4.0.r202105021533/p2.index
[INFO] Downloading from p2: http://testng.org/testng-p2-update-site/7.5.0/p2.index
[INFO] Downloading from p2: http://testng.org/testng-p2-update-site/updatesites/7.5.0.r202201070709/p2.index
[INFO] Downloading from p2: http://testng.org/testng-p2-update-site/7.6.1/p2.index
[ERROR] [88f9f5c8-ccfe-41e3-bc4d-9ea030180557][extension>org.eclipse.tycho:tycho-maven-plugin:5.0.2] Provisioning exception
org.eclipse.equinox.p2.core.ProvisionException: Unable to read repository at http://testng.org/testng-p2-update-site/7.6.1.
    at org.eclipse.equinox.internal.p2.metadata.repository.XZedSimpleMetadataRepositoryFactory.load (XZedSimpleMetadataRepositoryFactory.java:113)
    at org.eclipse.equinox.internal.p2.metadata.repository.MetadataRepositoryManager.factoryLoad (MetadataRepositoryManager.java:65)
    at org.eclipse.equinox.internal.p2.repository.helpers.AbstractRepositoryManager.loadRepository (AbstractRepositoryManager.java:853)
    at org.eclipse.equinox.internal.p2.repository.helpers.AbstractRepositoryManager.loadRepository (AbstractRepositoryManager.java:743)
    at org.eclipse.equinox.internal.p2.metadata.repository.MetadataRepositoryManager.loadRepository (MetadataRepositoryManager.java:107)
    at org.eclipse.tycho.p2maven.transport.RemoteMetadataRepositoryManager.loadRepository (RemoteMetadataRepositoryManager.java:68)
    at org.eclipse.tycho.p2maven.transport.RemoteMetadataRepositoryManager.loadRepository (RemoteMetadataRepositoryManager.java:59)
    at org.eclipse.equinox.internal.p2.metadata.repository.CompositeMetadataRepository.addChild (CompositeMetadataRepository.java:165)
    at org.eclipse.equinox.internal.p2.metadata.repository.CompositeMetadataRepository.<init> (CompositeMetadataRepository.java:93)
    at org.eclipse.equinox.internal.p2.metadata.repository.CompositeMetadataRepositoryFactory.load (CompositeMetadataRepositoryFactory.java:131)
    at org.eclipse.equinox.internal.p2.metadata.repository.MetadataRepositoryManager.factoryLoad (MetadataRepositoryManager.java:65)
    at org.eclipse.equinox.internal.p2.repository.helpers.AbstractRepositoryManager.loadRepository (AbstractRepositoryManager.java:853)
    at org.eclipse.equinox.internal.p2.repository.helpers.AbstractRepositoryManager.loadRepository (AbstractRepositoryManager.java:743)
    at org.eclipse.equinox.internal.p2.metadata.repository.MetadataRepositoryManager.loadRepository (MetadataRepositoryManager.java:107)
    at org.eclipse.tycho.p2maven.transport.RemoteMetadataRepositoryManager.loadRepository (RemoteMetadataRepositoryManager.java:68)
    at org.eclipse.tycho.p2maven.transport.RemoteMetadataRepositoryManager.loadRepository (RemoteMetadataRepositoryManager.java:59)
    at org.eclipse.tycho.p2.resolver.URITargetDefinitionContent.loadMetadataRepositories (URITargetDefinitionContent.java:122)
    at org.eclipse.tycho.p2.resolver.URITargetDefinitionContent.loadMetadataRepositories (URITargetDefinitionContent.java:132)
    at org.eclipse.tycho.p2.resolver.URITargetDefinitionContent.preload (URITargetDefinitionContent.java:83)
    at org.eclipse.tycho.p2.resolver.URITargetDefinitionContent.query (URITargetDefinitionContent.java:66)
    at org.eclipse.equinox.p2.query.CompoundQueryable.getIteratorFromQueryable (CompoundQueryable.java:182)
    at org.eclipse.equinox.p2.query.CompoundQueryable.everything (CompoundQueryable.java:116)
    at org.eclipse.equinox.internal.p2.metadata.expression.RepeatableIterator$IndexProviderIterator.<init> (RepeatableIterator.java:151)
    at org.eclipse.equinox.internal.p2.metadata.expression.RepeatableIterator.create (RepeatableIterator.java:67)
    at org.eclipse.equinox.internal.p2.metadata.expression.Everything.<init> (Everything.java:39)
    at org.eclipse.equinox.internal.p2.metadata.expression.ContextExpression.createContext (ContextExpression.java:48)
    at org.eclipse.equinox.p2.query.ExpressionQuery.perform (ExpressionQuery.java:51)
    at org.eclipse.equinox.internal.p2.metadata.index.IndexProvider.query (IndexProvider.java:27)
    at org.eclipse.equinox.internal.p2.metadata.index.IndexProvider.query (IndexProvider.java:37)
    at org.eclipse.tycho.p2resolver.InstallableUnitResolver.findUnit (InstallableUnitResolver.java:284)
    at org.eclipse.tycho.p2resolver.InstallableUnitResolver.findUnits (InstallableUnitResolver.java:264)
    at org.eclipse.tycho.p2resolver.InstallableUnitResolver.getRootIUs (InstallableUnitResolver.java:257)
    at org.eclipse.tycho.p2resolver.InstallableUnitResolver.addLocation (InstallableUnitResolver.java:89)
    at org.eclipse.tycho.p2resolver.TargetDefinitionResolver.resolveContentWithExceptions (TargetDefinitionResolver.java:171)
    at org.eclipse.tycho.p2resolver.TargetDefinitionResolver.resolveContent (TargetDefinitionResolver.java:117)
    at org.eclipse.tycho.p2resolver.TargetDefinitionResolverService.resolveFromArguments (TargetDefinitionResolverService.java:96)
    at java.util.concurrent.ConcurrentHashMap.computeIfAbsent (ConcurrentHashMap.java:1708)
    at org.eclipse.tycho.p2resolver.TargetDefinitionResolverService.getTargetDefinitionContent (TargetDefinitionResolverService.java:70)
    at org.eclipse.tycho.p2resolver.TargetPlatformFactoryImpl.resolveTargetDefinitions (TargetPlatformFactoryImpl.java:391)
    at org.eclipse.tycho.p2resolver.TargetPlatformFactoryImpl.createTargetPlatform (TargetPlatformFactoryImpl.java:223)
    at org.eclipse.tycho.p2resolver.TargetPlatformFactoryImpl.createTargetPlatform (TargetPlatformFactoryImpl.java:189)
    at org.eclipse.tycho.p2resolver.TargetPlatformFactoryImpl.createTargetPlatform (TargetPlatformFactoryImpl.java:125)
    at org.eclipse.tycho.p2resolver.DefaultTargetPlatformFactory.createTargetPlatform (DefaultTargetPlatformFactory.java:75)
    at org.eclipse.tycho.p2resolver.P2DependencyResolver.lambda$getPreliminaryTargetPlatform$3 (P2DependencyResolver.java:242)
    at org.eclipse.tycho.core.osgitools.DefaultReactorProject$LazyValue.get (DefaultReactorProject.java:307)
    at org.eclipse.tycho.core.osgitools.DefaultReactorProject.computeContextValue (DefaultReactorProject.java:200)
    at org.eclipse.tycho.p2resolver.P2DependencyResolver.getPreliminaryTargetPlatform (P2DependencyResolver.java:209)
    at org.eclipse.tycho.core.osgitools.AbstractTychoProject.lambda$getDependencyArtifacts$0 (AbstractTychoProject.java:88)
    at org.eclipse.tycho.core.osgitools.DefaultReactorProject$LazyValue.get (DefaultReactorProject.java:307)
    at org.eclipse.tycho.core.osgitools.DefaultReactorProject.computeContextValue (DefaultReactorProject.java:200)
    at org.eclipse.tycho.core.osgitools.AbstractTychoProject.getDependencyArtifacts (AbstractTychoProject.java:82)
    at org.eclipse.tycho.core.resolver.DefaultTychoResolver.resolveProject (DefaultTychoResolver.java:98)
    at org.eclipse.tycho.core.maven.TychoProjectExecutionListener.beforeProjectLifecycleExecution (TychoProjectExecutionListener.java:111)
    at org.apache.maven.lifecycle.internal.CompoundProjectExecutionListener.beforeProjectLifecycleExecution (CompoundProjectExecutionListener.java:42)
    at org.apache.maven.lifecycle.internal.LifecycleModuleBuilder.buildProject (LifecycleModuleBuilder.java:103)
    at org.apache.maven.lifecycle.internal.LifecycleModuleBuilder.buildProject (LifecycleModuleBuilder.java:73)
    at org.apache.maven.lifecycle.internal.builder.singlethreaded.SingleThreadedBuilder.build (SingleThreadedBuilder.java:53)
    at org.apache.maven.lifecycle.internal.LifecycleStarter.execute (LifecycleStarter.java:118)
    at org.apache.maven.DefaultMaven.doExecute (DefaultMaven.java:261)
    at org.apache.maven.DefaultMaven.doExecute (DefaultMaven.java:173)
    at org.apache.maven.DefaultMaven.execute (DefaultMaven.java:101)
    at org.apache.maven.cli.MavenCli.execute (MavenCli.java:919)
    at org.apache.maven.cli.MavenCli.doMain (MavenCli.java:285)
    at org.apache.maven.cli.MavenCli.main (MavenCli.java:207)
    at jdk.internal.reflect.DirectMethodHandleAccessor.invoke (DirectMethodHandleAccessor.java:103)
    at java.lang.reflect.Method.invoke (Method.java:580)
    at org.codehaus.plexus.classworlds.launcher.Launcher.launchEnhanced (Launcher.java:255)
    at org.codehaus.plexus.classworlds.launcher.Launcher.launch (Launcher.java:201)
    at org.codehaus.plexus.classworlds.launcher.Launcher.mainWithExitCode (Launcher.java:361)
    at org.codehaus.plexus.classworlds.launcher.Launcher.main (Launcher.java:314)
Caused by: java.net.http.HttpConnectTimeoutException: HTTP connect timed out
    at jdk.internal.net.http.HttpClientImpl.send (HttpClientImpl.java:949)
    at jdk.internal.net.http.HttpClientFacade.send (HttpClientFacade.java:133)
    at org.eclipse.tycho.p2maven.transport.Java11HttpTransportFactory$Java11HttpTransport.performGet (Java11HttpTransportFactory.java:131)
    at org.eclipse.tycho.p2maven.transport.Java11HttpTransportFactory$Java11HttpTransport.get (Java11HttpTransportFactory.java:113)
    at org.eclipse.tycho.p2maven.transport.SharedHttpCacheStorage$CacheLine.fetchFile (SharedHttpCacheStorage.java:243)
    at org.eclipse.tycho.p2maven.transport.SharedHttpCacheStorage$2.getCacheFile (SharedHttpCacheStorage.java:126)
    at org.eclipse.tycho.p2maven.transport.HttpTransportProtocolHandler.getFile (HttpTransportProtocolHandler.java:51)
    at org.eclipse.tycho.p2maven.transport.TychoRepositoryTransportCacheManager.createCacheFromFile (TychoRepositoryTransportCacheManager.java:65)
    at org.eclipse.equinox.internal.p2.metadata.repository.XZedSimpleMetadataRepositoryFactory.getLocalFile (XZedSimpleMetadataRepositoryFactory.java:63)
    at org.eclipse.equinox.internal.p2.metadata.repository.XZedSimpleMetadataRepositoryFactory.load (XZedSimpleMetadataRepositoryFactory.java:83)
    at org.eclipse.equinox.internal.p2.metadata.repository.MetadataRepositoryManager.factoryLoad (MetadataRepositoryManager.java:65)
    at org.eclipse.equinox.internal.p2.repository.helpers.AbstractRepositoryManager.loadRepository (AbstractRepositoryManager.java:853)
    at org.eclipse.equinox.internal.p2.repository.helpers.AbstractRepositoryManager.loadRepository (AbstractRepositoryManager.java:743)
    at org.eclipse.equinox.internal.p2.metadata.repository.MetadataRepositoryManager.loadRepository (MetadataRepositoryManager.java:107)
    at org.eclipse.tycho.p2maven.transport.RemoteMetadataRepositoryManager.loadRepository (RemoteMetadataRepositoryManager.java:68)
    at org.eclipse.tycho.p2maven.transport.RemoteMetadataRepositoryManager.loadRepository (RemoteMetadataRepositoryManager.java:59)
    at org.eclipse.equinox.internal.p2.metadata.repository.CompositeMetadataRepository.addChild (CompositeMetadataRepository.java:165)
    at org.eclipse.equinox.internal.p2.metadata.repository.CompositeMetadataRepository.<init> (CompositeMetadataRepository.java:93)
    at org.eclipse.equinox.internal.p2.metadata.repository.CompositeMetadataRepositoryFactory.load (CompositeMetadataRepositoryFactory.java:131)
    at org.eclipse.equinox.internal.p2.metadata.repository.MetadataRepositoryManager.factoryLoad (MetadataRepositoryManager.java:65)
    at org.eclipse.equinox.internal.p2.repository.helpers.AbstractRepositoryManager.loadRepository (AbstractRepositoryManager.java:853)
    at org.eclipse.equinox.internal.p2.repository.helpers.AbstractRepositoryManager.loadRepository (AbstractRepositoryManager.java:743)
    at org.eclipse.equinox.internal.p2.metadata.repository.MetadataRepositoryManager.loadRepository (MetadataRepositoryManager.java:107)
    at org.eclipse.tycho.p2maven.transport.RemoteMetadataRepositoryManager.loadRepository (RemoteMetadataRepositoryManager.java:68)
    at org.eclipse.tycho.p2maven.transport.RemoteMetadataRepositoryManager.loadRepository (RemoteMetadataRepositoryManager.java:59)
    at org.eclipse.tycho.p2.resolver.URITargetDefinitionContent.loadMetadataRepositories (URITargetDefinitionContent.java:122)
    at org.eclipse.tycho.p2.resolver.URITargetDefinitionContent.loadMetadataRepositories (URITargetDefinitionContent.java:132)
    at org.eclipse.tycho.p2.resolver.URITargetDefinitionContent.preload (URITargetDefinitionContent.java:83)
    at org.eclipse.tycho.p2.resolver.URITargetDefinitionContent.query (URITargetDefinitionContent.java:66)
    at org.eclipse.equinox.p2.query.CompoundQueryable.getIteratorFromQueryable (CompoundQueryable.java:182)
    at org.eclipse.equinox.p2.query.CompoundQueryable.everything (CompoundQueryable.java:116)
    at org.eclipse.equinox.internal.p2.metadata.expression.RepeatableIterator$IndexProviderIterator.<init> (RepeatableIterator.java:151)
    at org.eclipse.equinox.internal.p2.metadata.expression.RepeatableIterator.create (RepeatableIterator.java:67)
    at org.eclipse.equinox.internal.p2.metadata.expression.Everything.<init> (Everything.java:39)
    at org.eclipse.equinox.internal.p2.metadata.expression.ContextExpression.createContext (ContextExpression.java:48)
    at org.eclipse.equinox.p2.query.ExpressionQuery.perform (ExpressionQuery.java:51)
    at org.eclipse.equinox.internal.p2.metadata.index.IndexProvider.query (IndexProvider.java:27)
    at org.eclipse.equinox.internal.p2.metadata.index.IndexProvider.query (IndexProvider.java:37)
    at org.eclipse.tycho.p2resolver.InstallableUnitResolver.findUnit (InstallableUnitResolver.java:284)
    at org.eclipse.tycho.p2resolver.InstallableUnitResolver.findUnits (InstallableUnitResolver.java:264)
    at org.eclipse.tycho.p2resolver.InstallableUnitResolver.getRootIUs (InstallableUnitResolver.java:257)
    at org.eclipse.tycho.p2resolver.InstallableUnitResolver.addLocation (InstallableUnitResolver.java:89)
    at org.eclipse.tycho.p2resolver.TargetDefinitionResolver.resolveContentWithExceptions (TargetDefinitionResolver.java:171)
    at org.eclipse.tycho.p2resolver.TargetDefinitionResolver.resolveContent (TargetDefinitionResolver.java:117)
    at org.eclipse.tycho.p2resolver.TargetDefinitionResolverService.resolveFromArguments (TargetDefinitionResolverService.java:96)
    at java.util.concurrent.ConcurrentHashMap.computeIfAbsent (ConcurrentHashMap.java:1708)
    at org.eclipse.tycho.p2resolver.TargetDefinitionResolverService.getTargetDefinitionContent (TargetDefinitionResolverService.java:70)
    at org.eclipse.tycho.p2resolver.TargetPlatformFactoryImpl.resolveTargetDefinitions (TargetPlatformFactoryImpl.java:391)
    at org.eclipse.tycho.p2resolver.TargetPlatformFactoryImpl.createTargetPlatform (TargetPlatformFactoryImpl.java:223)
    at org.eclipse.tycho.p2resolver.TargetPlatformFactoryImpl.createTargetPlatform (TargetPlatformFactoryImpl.java:189)
    at org.eclipse.tycho.p2resolver.TargetPlatformFactoryImpl.createTargetPlatform (TargetPlatformFactoryImpl.java:125)
    at org.eclipse.tycho.p2resolver.DefaultTargetPlatformFactory.createTargetPlatform (DefaultTargetPlatformFactory.java:75)
    at org.eclipse.tycho.p2resolver.P2DependencyResolver.lambda$getPreliminaryTargetPlatform$3 (P2DependencyResolver.java:242)
    at org.eclipse.tycho.core.osgitools.DefaultReactorProject$LazyValue.get (DefaultReactorProject.java:307)
    at org.eclipse.tycho.core.osgitools.DefaultReactorProject.computeContextValue (DefaultReactorProject.java:200)
    at org.eclipse.tycho.p2resolver.P2DependencyResolver.getPreliminaryTargetPlatform (P2DependencyResolver.java:209)
    at org.eclipse.tycho.core.osgitools.AbstractTychoProject.lambda$getDependencyArtifacts$0 (AbstractTychoProject.java:88)
    at org.eclipse.tycho.core.osgitools.DefaultReactorProject$LazyValue.get (DefaultReactorProject.java:307)
    at org.eclipse.tycho.core.osgitools.DefaultReactorProject.computeContextValue (DefaultReactorProject.java:200)
    at org.eclipse.tycho.core.osgitools.AbstractTychoProject.getDependencyArtifacts (AbstractTychoProject.java:82)
    at org.eclipse.tycho.core.resolver.DefaultTychoResolver.resolveProject (DefaultTychoResolver.java:98)
    at org.eclipse.tycho.core.maven.TychoProjectExecutionListener.beforeProjectLifecycleExecution (TychoProjectExecutionListener.java:111)
    at org.apache.maven.lifecycle.internal.CompoundProjectExecutionListener.beforeProjectLifecycleExecution (CompoundProjectExecutionListener.java:42)
    at org.apache.maven.lifecycle.internal.LifecycleModuleBuilder.buildProject (LifecycleModuleBuilder.java:103)
    at org.apache.maven.lifecycle.internal.LifecycleModuleBuilder.buildProject (LifecycleModuleBuilder.java:73)
    at org.apache.maven.lifecycle.internal.builder.singlethreaded.SingleThreadedBuilder.build (SingleThreadedBuilder.java:53)
    at org.apache.maven.lifecycle.internal.LifecycleStarter.execute (LifecycleStarter.java:118)
    at org.apache.maven.DefaultMaven.doExecute (DefaultMaven.java:261)
    at org.apache.maven.DefaultMaven.doExecute (DefaultMaven.java:173)
    at org.apache.maven.DefaultMaven.execute (DefaultMaven.java:101)
    at org.apache.maven.cli.MavenCli.execute (MavenCli.java:919)
    at org.apache.maven.cli.MavenCli.doMain (MavenCli.java:285)
    at org.apache.maven.cli.MavenCli.main (MavenCli.java:207)
    at jdk.internal.reflect.DirectMethodHandleAccessor.invoke (DirectMethodHandleAccessor.java:103)
    at java.lang.reflect.Method.invoke (Method.java:580)
    at org.codehaus.plexus.classworlds.launcher.Launcher.launchEnhanced (Launcher.java:255)
    at org.codehaus.plexus.classworlds.launcher.Launcher.launch (Launcher.java:201)
    at org.codehaus.plexus.classworlds.launcher.Launcher.mainWithExitCode (Launcher.java:361)
    at org.codehaus.plexus.classworlds.launcher.Launcher.main (Launcher.java:314)
Caused by: java.net.http.HttpConnectTimeoutException: HTTP connect timed out
    at jdk.internal.net.http.ResponseTimerEvent.handle (ResponseTimerEvent.java:68)
    at jdk.internal.net.http.HttpClientImpl.purgeTimeoutsAndReturnNextDeadline (HttpClientImpl.java:1788)
    at jdk.internal.net.http.HttpClientImpl$SelectorManager.run (HttpClientImpl.java:1386)
Caused by: java.net.ConnectException: HTTP connect timed out
    at jdk.internal.net.http.ResponseTimerEvent.handle (ResponseTimerEvent.java:69)
    at jdk.internal.net.http.HttpClientImpl.purgeTimeoutsAndReturnNextDeadline (HttpClientImpl.java:1788)
    at jdk.internal.net.http.HttpClientImpl$SelectorManager.run (HttpClientImpl.java:1386)
[WARNING] Skip referenced repository: http://testng.org/testng-p2-update-site/: org.eclipse.equinox.p2.core.ProvisionException: Unable to read repository at http://testng.org/testng-p2-update-site.
[INFO] Downloading from p2: https://download.eclipse.org/technology/swtbot/releases/latest/p2.index
[INFO] Downloaded from p2: https://download.eclipse.org/technology/swtbot/releases/latest/p2.index (172 bytes at 167 KB/s)
[INFO] Downloading from p2: https://download.eclipse.org/tools/orbit/downloads/drops/R20230531010532/repository/p2.index
[INFO] Downloaded from p2: https://download.eclipse.org/tools/orbit/downloads/drops/R20230531010532/repository/p2.index (172 bytes at 167 KB/s)
[INFO] Downloading from p2: https://download.eclipse.org/oomph/simrel-orbit/release/latest/p2.index
[INFO] Downloaded from p2: https://download.eclipse.org/oomph/simrel-orbit/release/latest/p2.index (126 bytes at 123 KB/s)
[INFO] Downloading from p2: https://download.eclipse.org/oomph/simrel-orbit/release/4.28.0/p2.index
[INFO] Downloaded from p2: https://download.eclipse.org/oomph/simrel-orbit/release/4.28.0/p2.index (172 bytes at 167 KB/s)
[WARNING] Problems resolving provisioning plan.:
   Unable to satisfy dependency from org.eclipse.jetty.plus 10.0.6 to java.package; org.eclipse.jetty.servlet [10.0.6,11.0.0).
   Unable to satisfy dependency from org.eclipse.jetty.webapp 10.0.6 to java.package; org.eclipse.jetty.servlet [10.0.6,11.0.0).
   Unable to satisfy dependency from org.eclipse.wst.server.preview 1.2.0.v202105161646 to osgi.bundle; org.eclipse.jetty.servlet [10.0.1,11.0.0).
[INFO] Downloading from p2: https://download.eclipse.org/eclipse/updates/latest/p2.index
[INFO] Downloaded from p2: https://download.eclipse.org/eclipse/updates/latest/p2.index (158 bytes at 154 KB/s)
[INFO] Downloading from p2: https://download.eclipse.org/eclipse/updates/4.39/p2.index
[INFO] Downloaded from p2: https://download.eclipse.org/eclipse/updates/4.39/p2.index (158 bytes at 154 KB/s)
[INFO] Downloading from p2: https://download.eclipse.org/eclipse/updates/4.39/R-4.39-202602260420/p2.index
[INFO] Downloaded from p2: https://download.eclipse.org/eclipse/updates/4.39/R-4.39-202602260420/p2.index (172 bytes at 167 KB/s)
[INFO] Downloading from p2: https://download.eclipse.org/technology/m2e/releases/latest/p2.index
[INFO] Downloaded from p2: https://download.eclipse.org/technology/m2e/releases/latest/p2.index (172 bytes at 167 KB/s)
[INFO] Downloading from p2: https://testng.org/testng-p2-update-site/p2.index
[INFO] Downloading from p2: https://testng.org/testng-p2-update-site/6.11.0/p2.index
[INFO] Downloading from p2: https://testng.org/testng-p2-update-site/updatesites/6.11.0.r201704240320/p2.index
[INFO] Downloading from p2: https://testng.org/testng-p2-update-site/6.12.0/p2.index
[INFO] Downloading from p2: https://testng.org/testng-p2-update-site/updatesites/6.12.0.r201709030044/p2.index
[INFO] Downloading from p2: https://testng.org/testng-p2-update-site/6.13.1/p2.index
[INFO] Downloading from p2: https://testng.org/testng-p2-update-site/updatesites/6.13.1.r201712040202/p2.index
[INFO] Downloading from p2: https://testng.org/testng-p2-update-site/updatesites/6.13.1.r201712040515/p2.index
[INFO] Downloading from p2: https://testng.org/testng-p2-update-site/6.14.2/p2.index
[INFO] Downloading from p2: https://testng.org/testng-p2-update-site/updatesites/6.14.2.r201802161450/p2.index
[INFO] Downloading from p2: https://testng.org/testng-p2-update-site/6.14.3/p2.index
[INFO] Downloading from p2: https://testng.org/testng-p2-update-site/updatesites/6.14.3.r201802240500/p2.index
[INFO] Downloading from p2: https://testng.org/testng-p2-update-site/7.0.0/p2.index
[INFO] Downloading from p2: https://testng.org/testng-p2-update-site/updatesites/7.0.0.r201908191551/p2.index
[INFO] Downloading from p2: https://testng.org/testng-p2-update-site/7.1.0/p2.index
[INFO] Downloading from p2: https://testng.org/testng-p2-update-site/updatesites/7.1.0.r202001120626/p2.index
[INFO] Downloading from p2: https://testng.org/testng-p2-update-site/7.2.0/p2.index
[INFO] Downloading from p2: https://testng.org/testng-p2-update-site/updatesites/7.2.0.r202003151902/p2.index
[INFO] Downloading from p2: https://testng.org/testng-p2-update-site/7.3.0/p2.index
[INFO] Downloading from p2: https://testng.org/testng-p2-update-site/updatesites/7.3.0.r202008060316/p2.index
[INFO] Downloading from p2: https://testng.org/testng-p2-update-site/7.4.0/p2.index
[INFO] Downloading from p2: https://testng.org/testng-p2-update-site/updatesites/7.4.0.r202105021533/p2.index
[INFO] Downloading from p2: https://testng.org/testng-p2-update-site/7.5.0/p2.index
[INFO] Downloading from p2: https://testng.org/testng-p2-update-site/updatesites/7.5.0.r202201070709/p2.index
[INFO] Downloading from p2: https://testng.org/testng-p2-update-site/7.6.1/p2.index
[INFO] Downloading from p2: https://testng.org/testng-p2-update-site/updatesites/7.6.1.r202207070546/p2.index
[INFO] Downloading from p2: https://testng.org/testng-p2-update-site/7.7.0/p2.index
[INFO] Downloading from p2: https://testng.org/testng-p2-update-site/updatesites/7.7.0.r202306070455/p2.index
[INFO] Downloading from p2: https://testng.org/testng-p2-update-site/7.7.1/p2.index
[INFO] Downloading from p2: https://testng.org/testng-p2-update-site/updatesites/7.7.1.r202305281608/p2.index
[INFO] Downloading from p2: https://testng.org/testng-p2-update-site/7.8.0/p2.index
[INFO] Downloading from p2: https://testng.org/testng-p2-update-site/updatesites/7.8.0.r202306071539/p2.index
[INFO] Downloading from p2: https://testng.org/testng-p2-update-site/7.9.0/p2.index
[INFO] Downloading from p2: https://testng.org/testng-p2-update-site/updatesites/7.9.0.r202312310341/p2.index
[INFO] Downloading from p2: https://testng.org/testng-p2-update-site/7.10.1/p2.index
[INFO] Downloading from p2: https://testng.org/testng-p2-update-site/updatesites/7.10.1.r202404130807/p2.index
[INFO] Downloading from p2: https://testng.org/testng-p2-update-site/7.10.2/p2.index
[INFO] Downloading from p2: https://testng.org/testng-p2-update-site/updatesites/7.10.2.r202404291553/p2.index
[INFO] Downloading from p2: https://testng.org/testng-p2-update-site/7.11.0/p2.index
[INFO] Downloading from p2: https://testng.org/testng-p2-update-site/updatesites/7.11.0.r202503091654/p2.index
[INFO] Downloading from p2: https://download.eclipse.org/wildwebdeveloper/releases/1.4.0/p2.index
[INFO] Downloaded from p2: https://download.eclipse.org/wildwebdeveloper/releases/1.4.0/p2.index (172 bytes at 167 KB/s)
[INFO] Downloading from p2: https://download.eclipse.org/webtools/downloads/drops/R3.40.0/R-3.40.0-20251124015847/repository/p2.index
[INFO] Downloaded from p2: https://download.eclipse.org/webtools/downloads/drops/R3.40.0/R-3.40.0-20251124015847/repository/p2.index (172 bytes at 167 KB/s)
[INFO] Downloading from p2: https://download.eclipse.org/tools/orbit/simrel/orbit-aggregation/release/4.36.0/p2.index
[INFO] Downloaded from p2: https://download.eclipse.org/tools/orbit/simrel/orbit-aggregation/release/4.36.0/p2.index (172 bytes at 167 KB/s)
[INFO] Downloading from p2: https://download.eclipse.org/modeling/emf/emf/builds/release/2.45.0/p2.index
[INFO] Downloaded from p2: https://download.eclipse.org/modeling/emf/emf/builds/release/2.45.0/p2.index (172 bytes at 167 KB/s)
[INFO] Downloading from p2: https://download.eclipse.org/egit/updates-7.6/p2.index
[INFO] Downloaded from p2: https://download.eclipse.org/egit/updates-7.6/p2.index (172 bytes at 167 KB/s)
[INFO] Downloading from p2: https://download.eclipse.org/tm4e/releases/0.17.2/p2.index
[INFO] Downloaded from p2: https://download.eclipse.org/tm4e/releases/0.17.2/p2.index (172 bytes at 167 KB/s)
[INFO] Downloading from p2: https://download.eclipse.org/eclipse/updates/4.38/R-4.38-202512010920/p2.index
[INFO] Downloaded from p2: https://download.eclipse.org/eclipse/updates/4.38/R-4.38-202512010920/p2.index (172 bytes at 167 KB/s)
[INFO] Downloading from p2: https://download.eclipse.org/lsp4e/releases/0.30.0/p2.index
[INFO] Downloaded from p2: https://download.eclipse.org/lsp4e/releases/0.30.0/p2.index (172 bytes at 83 KB/s)
[INFO] Downloading from p2: http://testng.org/testng-p2-update-site/p2.index
[INFO] Downloading from p2: http://testng.org/testng-p2-update-site/6.11.0/p2.index
[INFO] Downloading from p2: http://testng.org/testng-p2-update-site/updatesites/6.11.0.r201704240320/p2.index
[INFO] Downloading from p2: http://testng.org/testng-p2-update-site/6.12.0/p2.index
[INFO] Downloading from p2: http://testng.org/testng-p2-update-site/updatesites/6.12.0.r201709030044/p2.index
[INFO] Downloading from p2: http://testng.org/testng-p2-update-site/6.13.1/p2.index
[INFO] Downloading from p2: http://testng.org/testng-p2-update-site/updatesites/6.13.1.r201712040202/p2.index
[INFO] Downloading from p2: http://testng.org/testng-p2-update-site/updatesites/6.13.1.r201712040515/p2.index
[INFO] Downloading from p2: http://testng.org/testng-p2-update-site/6.14.2/p2.index
[INFO] Downloading from p2: http://testng.org/testng-p2-update-site/updatesites/6.14.2.r201802161450/p2.index
[INFO] Downloading from p2: http://testng.org/testng-p2-update-site/6.14.3/p2.index
[INFO] Downloading from p2: http://testng.org/testng-p2-update-site/updatesites/6.14.3.r201802240500/p2.index
[INFO] Downloading from p2: http://testng.org/testng-p2-update-site/7.0.0/p2.index
[INFO] Downloading from p2: http://testng.org/testng-p2-update-site/updatesites/7.0.0.r201908191551/p2.index
[INFO] Downloading from p2: http://testng.org/testng-p2-update-site/7.1.0/p2.index
[INFO] Downloading from p2: http://testng.org/testng-p2-update-site/updatesites/7.1.0.r202001120626/p2.index
[INFO] Downloading from p2: http://testng.org/testng-p2-update-site/7.2.0/p2.index
[INFO] Downloading from p2: http://testng.org/testng-p2-update-site/updatesites/7.2.0.r202003151902/p2.index
[INFO] Downloading from p2: http://testng.org/testng-p2-update-site/7.3.0/p2.index
[INFO] Downloading from p2: http://testng.org/testng-p2-update-site/updatesites/7.3.0.r202008060316/p2.index
[INFO] Downloading from p2: http://testng.org/testng-p2-update-site/7.4.0/p2.index
[ERROR] [88f9f5c8-ccfe-41e3-bc4d-9ea030180557][extension>org.eclipse.tycho:tycho-maven-plugin:5.0.2] Provisioning exception
org.eclipse.equinox.p2.core.ProvisionException: Unable to read repository at http://testng.org/testng-p2-update-site/7.4.0.
    at org.eclipse.equinox.internal.p2.artifact.repository.simple.SimpleArtifactRepositoryFactory.load (SimpleArtifactRepositoryFactory.java:135)
    at org.eclipse.equinox.internal.p2.artifact.repository.simple.SimpleArtifactRepositoryFactory.load (SimpleArtifactRepositoryFactory.java:83)
    at org.eclipse.equinox.internal.p2.artifact.repository.ArtifactRepositoryManager.factoryLoad (ArtifactRepositoryManager.java:94)
    at org.eclipse.equinox.internal.p2.repository.helpers.AbstractRepositoryManager.loadRepository (AbstractRepositoryManager.java:853)
    at org.eclipse.equinox.internal.p2.repository.helpers.AbstractRepositoryManager.loadRepository (AbstractRepositoryManager.java:743)
    at org.eclipse.equinox.internal.p2.artifact.repository.ArtifactRepositoryManager.loadRepository (ArtifactRepositoryManager.java:128)
    at org.eclipse.equinox.p2.repository.artifact.IArtifactRepositoryManager.loadRepository (IArtifactRepositoryManager.java:136)
    at org.eclipse.tycho.p2maven.transport.RemoteArtifactRepositoryManager.lambda$loadRepository$1 (RemoteArtifactRepositoryManager.java:105)
    at org.eclipse.tycho.p2maven.transport.RemoteArtifactRepositoryManager.accessRepository (RemoteArtifactRepositoryManager.java:137)
    at org.eclipse.tycho.p2maven.transport.RemoteArtifactRepositoryManager.loadRepository (RemoteArtifactRepositoryManager.java:105)
    at org.eclipse.equinox.internal.p2.artifact.repository.CompositeArtifactRepository.load (CompositeArtifactRepository.java:495)
    at org.eclipse.equinox.internal.p2.artifact.repository.CompositeArtifactRepository.addChild (CompositeArtifactRepository.java:158)
    at org.eclipse.equinox.internal.p2.artifact.repository.CompositeArtifactRepository.<init> (CompositeArtifactRepository.java:79)
    at org.eclipse.equinox.internal.p2.artifact.repository.CompositeArtifactRepositoryFactory.load (CompositeArtifactRepositoryFactory.java:127)
    at org.eclipse.equinox.internal.p2.artifact.repository.ArtifactRepositoryManager.factoryLoad (ArtifactRepositoryManager.java:94)
    at org.eclipse.equinox.internal.p2.repository.helpers.AbstractRepositoryManager.loadRepository (AbstractRepositoryManager.java:853)
    at org.eclipse.equinox.internal.p2.repository.helpers.AbstractRepositoryManager.loadRepository (AbstractRepositoryManager.java:743)
    at org.eclipse.equinox.internal.p2.artifact.repository.ArtifactRepositoryManager.loadRepository (ArtifactRepositoryManager.java:128)
    at org.eclipse.equinox.p2.repository.artifact.IArtifactRepositoryManager.loadRepository (IArtifactRepositoryManager.java:136)
    at org.eclipse.tycho.p2maven.transport.RemoteArtifactRepositoryManager.lambda$loadRepository$1 (RemoteArtifactRepositoryManager.java:105)
    at org.eclipse.tycho.p2maven.transport.RemoteArtifactRepositoryManager.accessRepository (RemoteArtifactRepositoryManager.java:137)
    at org.eclipse.tycho.p2maven.transport.RemoteArtifactRepositoryManager.loadRepository (RemoteArtifactRepositoryManager.java:105)
    at org.eclipse.tycho.p2.resolver.URITargetDefinitionContent.lambda$loadArtifactRepositories$0 (URITargetDefinitionContent.java:161)
    at org.eclipse.tycho.p2.repository.LazyArtifactRepository.getDelegate (LazyArtifactRepository.java:50)
    at org.eclipse.tycho.p2.repository.LazyArtifactRepository.getArtifactDescriptors (LazyArtifactRepository.java:97)
    at org.eclipse.tycho.p2.repository.RepositoryArtifactProvider.getArtifactDescriptorsOfAllSources (RepositoryArtifactProvider.java:153)
    at org.eclipse.tycho.p2.repository.CompositeArtifactProviderBaseImpl.getArtifactDescriptors (CompositeArtifactProviderBaseImpl.java:42)
    at org.eclipse.tycho.p2.repository.MirroringArtifactProvider.newLocalDescriptor (MirroringArtifactProvider.java:352)
    at org.eclipse.tycho.p2.repository.MirroringArtifactProvider.downloadCanonicalArtifact (MirroringArtifactProvider.java:345)
    at org.eclipse.tycho.p2.repository.MirroringArtifactProvider.downloadMostSpecificNeededFormatOfArtifact (MirroringArtifactProvider.java:340)
    at org.eclipse.tycho.p2.repository.MirroringArtifactProvider.downloadArtifact (MirroringArtifactProvider.java:325)
    at org.eclipse.tycho.p2.repository.MirroringArtifactProvider.makeOneFormatLocallyAvailable (MirroringArtifactProvider.java:264)
    at org.eclipse.tycho.p2.repository.MirroringArtifactProvider.makeLocallyAvailable (MirroringArtifactProvider.java:206)
    at org.eclipse.tycho.p2.repository.MirroringArtifactProvider.getArtifactFile (MirroringArtifactProvider.java:138)
    at org.eclipse.tycho.p2.repository.CompositeArtifactProvider.getArtifactFile (CompositeArtifactProvider.java:89)
    at org.eclipse.tycho.p2resolver.TargetPlatformBaseImpl.getLocalArtifactFile (TargetPlatformBaseImpl.java:169)
    at org.eclipse.tycho.core.resolver.DefaultP2ResolutionResult.lambda$addArtifact$2 (DefaultP2ResolutionResult.java:90)
    at org.eclipse.tycho.core.resolver.DefaultP2ResolutionResultEntry.getLocation (DefaultP2ResolutionResultEntry.java:73)
    at org.eclipse.tycho.p2resolver.P2DependencyResolver.lambda$newDefaultTargetPlatform$6 (P2DependencyResolver.java:410)
    at org.eclipse.tycho.core.osgitools.targetplatform.ArtifactCollection.lambda$addArtifactFile$2 (ArtifactCollection.java:74)
    at org.eclipse.tycho.core.osgitools.DefaultArtifactDescriptor.getLocation (DefaultArtifactDescriptor.java:72)
    at org.eclipse.tycho.core.osgitools.targetplatform.ArtifactCollection.lambda$addArtifact$3 (ArtifactCollection.java:155)
    at org.eclipse.tycho.core.osgitools.DefaultArtifactDescriptor.getLocation (DefaultArtifactDescriptor.java:72)
    at org.eclipse.tycho.core.osgitools.targetplatform.ArtifactCollection.lambda$addArtifact$3 (ArtifactCollection.java:155)
    at org.eclipse.tycho.core.osgitools.DefaultArtifactDescriptor.getLocation (DefaultArtifactDescriptor.java:72)
    at org.eclipse.tycho.core.maven.MavenDependencyInjector.collectExternalDependencies (MavenDependencyInjector.java:259)
    at org.eclipse.tycho.core.maven.MavenDependencyInjector.addDependency (MavenDependencyInjector.java:223)
    at org.eclipse.tycho.core.maven.MavenDependencyInjector.injectMavenDependencies (MavenDependencyInjector.java:124)
    at org.eclipse.tycho.p2resolver.P2DependencyResolver.injectDependenciesIntoMavenModel (P2DependencyResolver.java:437)
    at org.eclipse.tycho.core.resolver.DefaultTychoResolver.resolveProject (DefaultTychoResolver.java:100)
    at org.eclipse.tycho.core.maven.TychoProjectExecutionListener.beforeProjectLifecycleExecution (TychoProjectExecutionListener.java:111)
    at org.apache.maven.lifecycle.internal.CompoundProjectExecutionListener.beforeProjectLifecycleExecution (CompoundProjectExecutionListener.java:42)
    at org.apache.maven.lifecycle.internal.LifecycleModuleBuilder.buildProject (LifecycleModuleBuilder.java:103)
    at org.apache.maven.lifecycle.internal.LifecycleModuleBuilder.buildProject (LifecycleModuleBuilder.java:73)
    at org.apache.maven.lifecycle.internal.builder.singlethreaded.SingleThreadedBuilder.build (SingleThreadedBuilder.java:53)
    at org.apache.maven.lifecycle.internal.LifecycleStarter.execute (LifecycleStarter.java:118)
    at org.apache.maven.DefaultMaven.doExecute (DefaultMaven.java:261)
    at org.apache.maven.DefaultMaven.doExecute (DefaultMaven.java:173)
    at org.apache.maven.DefaultMaven.execute (DefaultMaven.java:101)
    at org.apache.maven.cli.MavenCli.execute (MavenCli.java:919)
    at org.apache.maven.cli.MavenCli.doMain (MavenCli.java:285)
    at org.apache.maven.cli.MavenCli.main (MavenCli.java:207)
    at jdk.internal.reflect.DirectMethodHandleAccessor.invoke (DirectMethodHandleAccessor.java:103)
    at java.lang.reflect.Method.invoke (Method.java:580)
    at org.codehaus.plexus.classworlds.launcher.Launcher.launchEnhanced (Launcher.java:255)
    at org.codehaus.plexus.classworlds.launcher.Launcher.launch (Launcher.java:201)
    at org.codehaus.plexus.classworlds.launcher.Launcher.mainWithExitCode (Launcher.java:361)
    at org.codehaus.plexus.classworlds.launcher.Launcher.main (Launcher.java:314)
Caused by: java.net.http.HttpConnectTimeoutException: HTTP connect timed out
    at jdk.internal.net.http.HttpClientImpl.send (HttpClientImpl.java:949)
    at jdk.internal.net.http.HttpClientFacade.send (HttpClientFacade.java:133)
    at org.eclipse.tycho.p2maven.transport.Java11HttpTransportFactory$Java11HttpTransport.performGet (Java11HttpTransportFactory.java:131)
    at org.eclipse.tycho.p2maven.transport.Java11HttpTransportFactory$Java11HttpTransport.get (Java11HttpTransportFactory.java:113)
    at org.eclipse.tycho.p2maven.transport.SharedHttpCacheStorage$CacheLine.fetchFile (SharedHttpCacheStorage.java:243)
    at org.eclipse.tycho.p2maven.transport.SharedHttpCacheStorage$2.getCacheFile (SharedHttpCacheStorage.java:126)
    at org.eclipse.tycho.p2maven.transport.HttpTransportProtocolHandler.getFile (HttpTransportProtocolHandler.java:51)
    at org.eclipse.tycho.p2maven.transport.TychoRepositoryTransportCacheManager.createCache (TychoRepositoryTransportCacheManager.java:46)
    at org.eclipse.equinox.internal.p2.artifact.repository.simple.SimpleArtifactRepositoryFactory.getLocalFile (SimpleArtifactRepositoryFactory.java:71)
    at org.eclipse.equinox.internal.p2.artifact.repository.simple.SimpleArtifactRepositoryFactory.load (SimpleArtifactRepositoryFactory.java:95)
    at org.eclipse.equinox.internal.p2.artifact.repository.simple.SimpleArtifactRepositoryFactory.load (SimpleArtifactRepositoryFactory.java:83)
    at org.eclipse.equinox.internal.p2.artifact.repository.ArtifactRepositoryManager.factoryLoad (ArtifactRepositoryManager.java:94)
    at org.eclipse.equinox.internal.p2.repository.helpers.AbstractRepositoryManager.loadRepository (AbstractRepositoryManager.java:853)
    at org.eclipse.equinox.internal.p2.repository.helpers.AbstractRepositoryManager.loadRepository (AbstractRepositoryManager.java:743)
    at org.eclipse.equinox.internal.p2.artifact.repository.ArtifactRepositoryManager.loadRepository (ArtifactRepositoryManager.java:128)
    at org.eclipse.equinox.p2.repository.artifact.IArtifactRepositoryManager.loadRepository (IArtifactRepositoryManager.java:136)
    at org.eclipse.tycho.p2maven.transport.RemoteArtifactRepositoryManager.lambda$loadRepository$1 (RemoteArtifactRepositoryManager.java:105)
    at org.eclipse.tycho.p2maven.transport.RemoteArtifactRepositoryManager.accessRepository (RemoteArtifactRepositoryManager.java:137)
    at org.eclipse.tycho.p2maven.transport.RemoteArtifactRepositoryManager.loadRepository (RemoteArtifactRepositoryManager.java:105)
    at org.eclipse.equinox.internal.p2.artifact.repository.CompositeArtifactRepository.load (CompositeArtifactRepository.java:495)
    at org.eclipse.equinox.internal.p2.artifact.repository.CompositeArtifactRepository.addChild (CompositeArtifactRepository.java:158)
    at org.eclipse.equinox.internal.p2.artifact.repository.CompositeArtifactRepository.<init> (CompositeArtifactRepository.java:79)
    at org.eclipse.equinox.internal.p2.artifact.repository.CompositeArtifactRepositoryFactory.load (CompositeArtifactRepositoryFactory.java:127)
    at org.eclipse.equinox.internal.p2.artifact.repository.ArtifactRepositoryManager.factoryLoad (ArtifactRepositoryManager.java:94)
    at org.eclipse.equinox.internal.p2.repository.helpers.AbstractRepositoryManager.loadRepository (AbstractRepositoryManager.java:853)
    at org.eclipse.equinox.internal.p2.repository.helpers.AbstractRepositoryManager.loadRepository (AbstractRepositoryManager.java:743)
    at org.eclipse.equinox.internal.p2.artifact.repository.ArtifactRepositoryManager.loadRepository (ArtifactRepositoryManager.java:128)
    at org.eclipse.equinox.p2.repository.artifact.IArtifactRepositoryManager.loadRepository (IArtifactRepositoryManager.java:136)
    at org.eclipse.tycho.p2maven.transport.RemoteArtifactRepositoryManager.lambda$loadRepository$1 (RemoteArtifactRepositoryManager.java:105)
    at org.eclipse.tycho.p2maven.transport.RemoteArtifactRepositoryManager.accessRepository (RemoteArtifactRepositoryManager.java:137)
    at org.eclipse.tycho.p2maven.transport.RemoteArtifactRepositoryManager.loadRepository (RemoteArtifactRepositoryManager.java:105)
    at org.eclipse.tycho.p2.resolver.URITargetDefinitionContent.lambda$loadArtifactRepositories$0 (URITargetDefinitionContent.java:161)
    at org.eclipse.tycho.p2.repository.LazyArtifactRepository.getDelegate (LazyArtifactRepository.java:50)
    at org.eclipse.tycho.p2.repository.LazyArtifactRepository.getArtifactDescriptors (LazyArtifactRepository.java:97)
    at org.eclipse.tycho.p2.repository.RepositoryArtifactProvider.getArtifactDescriptorsOfAllSources (RepositoryArtifactProvider.java:153)
    at org.eclipse.tycho.p2.repository.CompositeArtifactProviderBaseImpl.getArtifactDescriptors (CompositeArtifactProviderBaseImpl.java:42)
    at org.eclipse.tycho.p2.repository.MirroringArtifactProvider.newLocalDescriptor (MirroringArtifactProvider.java:352)
    at org.eclipse.tycho.p2.repository.MirroringArtifactProvider.downloadCanonicalArtifact (MirroringArtifactProvider.java:345)
    at org.eclipse.tycho.p2.repository.MirroringArtifactProvider.downloadMostSpecificNeededFormatOfArtifact (MirroringArtifactProvider.java:340)
    at org.eclipse.tycho.p2.repository.MirroringArtifactProvider.downloadArtifact (MirroringArtifactProvider.java:325)
    at org.eclipse.tycho.p2.repository.MirroringArtifactProvider.makeOneFormatLocallyAvailable (MirroringArtifactProvider.java:264)
    at org.eclipse.tycho.p2.repository.MirroringArtifactProvider.makeLocallyAvailable (MirroringArtifactProvider.java:206)
    at org.eclipse.tycho.p2.repository.MirroringArtifactProvider.getArtifactFile (MirroringArtifactProvider.java:138)
    at org.eclipse.tycho.p2.repository.CompositeArtifactProvider.getArtifactFile (CompositeArtifactProvider.java:89)
    at org.eclipse.tycho.p2resolver.TargetPlatformBaseImpl.getLocalArtifactFile (TargetPlatformBaseImpl.java:169)
    at org.eclipse.tycho.core.resolver.DefaultP2ResolutionResult.lambda$addArtifact$2 (DefaultP2ResolutionResult.java:90)
    at org.eclipse.tycho.core.resolver.DefaultP2ResolutionResultEntry.getLocation (DefaultP2ResolutionResultEntry.java:73)
    at org.eclipse.tycho.p2resolver.P2DependencyResolver.lambda$newDefaultTargetPlatform$6 (P2DependencyResolver.java:410)
    at org.eclipse.tycho.core.osgitools.targetplatform.ArtifactCollection.lambda$addArtifactFile$2 (ArtifactCollection.java:74)
    at org.eclipse.tycho.core.osgitools.DefaultArtifactDescriptor.getLocation (DefaultArtifactDescriptor.java:72)
    at org.eclipse.tycho.core.osgitools.targetplatform.ArtifactCollection.lambda$addArtifact$3 (ArtifactCollection.java:155)
    at org.eclipse.tycho.core.osgitools.DefaultArtifactDescriptor.getLocation (DefaultArtifactDescriptor.java:72)
    at org.eclipse.tycho.core.osgitools.targetplatform.ArtifactCollection.lambda$addArtifact$3 (ArtifactCollection.java:155)
    at org.eclipse.tycho.core.osgitools.DefaultArtifactDescriptor.getLocation (DefaultArtifactDescriptor.java:72)
    at org.eclipse.tycho.core.maven.MavenDependencyInjector.collectExternalDependencies (MavenDependencyInjector.java:259)
    at org.eclipse.tycho.core.maven.MavenDependencyInjector.addDependency (MavenDependencyInjector.java:223)
    at org.eclipse.tycho.core.maven.MavenDependencyInjector.injectMavenDependencies (MavenDependencyInjector.java:124)
    at org.eclipse.tycho.p2resolver.P2DependencyResolver.injectDependenciesIntoMavenModel (P2DependencyResolver.java:437)
    at org.eclipse.tycho.core.resolver.DefaultTychoResolver.resolveProject (DefaultTychoResolver.java:100)
    at org.eclipse.tycho.core.maven.TychoProjectExecutionListener.beforeProjectLifecycleExecution (TychoProjectExecutionListener.java:111)
    at org.apache.maven.lifecycle.internal.CompoundProjectExecutionListener.beforeProjectLifecycleExecution (CompoundProjectExecutionListener.java:42)
    at org.apache.maven.lifecycle.internal.LifecycleModuleBuilder.buildProject (LifecycleModuleBuilder.java:103)
    at org.apache.maven.lifecycle.internal.LifecycleModuleBuilder.buildProject (LifecycleModuleBuilder.java:73)
    at org.apache.maven.lifecycle.internal.builder.singlethreaded.SingleThreadedBuilder.build (SingleThreadedBuilder.java:53)
    at org.apache.maven.lifecycle.internal.LifecycleStarter.execute (LifecycleStarter.java:118)
    at org.apache.maven.DefaultMaven.doExecute (DefaultMaven.java:261)
    at org.apache.maven.DefaultMaven.doExecute (DefaultMaven.java:173)
    at org.apache.maven.DefaultMaven.execute (DefaultMaven.java:101)
    at org.apache.maven.cli.MavenCli.execute (MavenCli.java:919)
    at org.apache.maven.cli.MavenCli.doMain (MavenCli.java:285)
    at org.apache.maven.cli.MavenCli.main (MavenCli.java:207)
    at jdk.internal.reflect.DirectMethodHandleAccessor.invoke (DirectMethodHandleAccessor.java:103)
    at java.lang.reflect.Method.invoke (Method.java:580)
    at org.codehaus.plexus.classworlds.launcher.Launcher.launchEnhanced (Launcher.java:255)
    at org.codehaus.plexus.classworlds.launcher.Launcher.launch (Launcher.java:201)
    at org.codehaus.plexus.classworlds.launcher.Launcher.mainWithExitCode (Launcher.java:361)
    at org.codehaus.plexus.classworlds.launcher.Launcher.main (Launcher.java:314)
Caused by: java.net.http.HttpConnectTimeoutException: HTTP connect timed out
    at jdk.internal.net.http.ResponseTimerEvent.handle (ResponseTimerEvent.java:68)
    at jdk.internal.net.http.HttpClientImpl.purgeTimeoutsAndReturnNextDeadline (HttpClientImpl.java:1788)
    at jdk.internal.net.http.HttpClientImpl$SelectorManager.run (HttpClientImpl.java:1386)
Caused by: java.net.ConnectException: HTTP connect timed out
    at jdk.internal.net.http.ResponseTimerEvent.handle (ResponseTimerEvent.java:69)
    at jdk.internal.net.http.HttpClientImpl.purgeTimeoutsAndReturnNextDeadline (HttpClientImpl.java:1788)
    at jdk.internal.net.http.HttpClientImpl$SelectorManager.run (HttpClientImpl.java:1386)
[INFO] Downloading from p2: http://download.eclipse.org/technology/m2e/releases/p2.index
[INFO] Downloading from p2: http://download.eclipse.org/technology/m2e/releases/site.xml
[INFO] Downloading from p2: https://testng.org/testng-eclipse-update-site/p2.index
[INFO] Downloading from p2: https://testng.org/testng-eclipse-update-site/6.9.13/p2.index
[INFO] Downloading from p2: https://testng.org/testng-eclipse-update-site/updatesites/6.9.13.201609291640/p2.index
[INFO] Downloading from p2: https://testng.org/testng-eclipse-update-site/6.9.12/p2.index
[INFO] Downloading from p2: https://testng.org/testng-eclipse-update-site/updatesites/6.9.12.201607091356/p2.index
[INFO] Downloading from p2: https://testng.org/testng-eclipse-update-site/6.9.11/p2.index
[INFO] Downloading from p2: https://testng.org/testng-eclipse-update-site/updatesites/6.9.11.201604020423/p2.index
[INFO] Downloading from p2: https://testng.org/testng-eclipse-update-site/6.9.10/p2.index
[INFO] Downloading from p2: https://testng.org/testng-eclipse-update-site/updatesites/6.9.10.201512240000/p2.index
[INFO] Downloading from p2: https://testng.org/testng-eclipse-update-site/6.9.5/p2.index
[INFO] Downloading from p2: https://testng.org/testng-eclipse-update-site/updatesites/6.9.5.201505251947/p2.index
[INFO] Downloading from p2: https://testng.org/testng-eclipse-update-site/6.10.0/p2.index
[INFO] Downloading from p2: https://testng.org/testng-eclipse-update-site/updatesites/6.10.0.201612030230/p2.index
[INFO] Downloading from p2: https://testng.org/testng-eclipse-update-site/6.11.0/p2.index
[INFO] Downloading from p2: https://testng.org/testng-eclipse-update-site/updatesites/6.11.0.201703011520/p2.index
[INFO] Downloading from p2: https://testng.org/testng-eclipse-update-site/6.12.0/p2.index
[INFO] Downloading from p2: https://testng.org/testng-eclipse-update-site/updatesites/6.12.0.201709030110/p2.index
[INFO] Downloaded from p2: https://testng.org/testng-eclipse-update-site/updatesites/6.12.0.201709030110/p2.index (172 bytes at 167 KB/s)
[INFO] Downloading from p2: https://testng.org/testng-eclipse-update-site/updatesites/6.12.0.201709050550/p2.index
[INFO] Downloaded from p2: https://testng.org/testng-eclipse-update-site/updatesites/6.12.0.201709050550/p2.index (172 bytes at 167 KB/s)
[INFO] Downloading from p2: https://testng.org/testng-eclipse-update-site/6.13.0/p2.index
[INFO] Downloading from p2: https://testng.org/testng-eclipse-update-site/updatesites/6.13.0.201712040650/p2.index
[INFO] Downloaded from p2: https://testng.org/testng-eclipse-update-site/updatesites/6.13.0.201712040650/p2.index (172 bytes at 167 KB/s)
[INFO] Downloading from p2: https://testng.org/testng-eclipse-update-site/6.14.0/p2.index
[INFO] Downloading from p2: https://testng.org/testng-eclipse-update-site/updatesites/6.14.0.201802161500/p2.index
[INFO] Downloaded from p2: https://testng.org/testng-eclipse-update-site/updatesites/6.14.0.201802161500/p2.index (172 bytes at 167 KB/s)
[INFO] Downloading from p2: https://testng.org/testng-eclipse-update-site/6.14.3/p2.index
[INFO] Downloading from p2: https://testng.org/testng-eclipse-update-site/updatesites/6.14.3.201902250526/p2.index
[INFO] Downloaded from p2: https://testng.org/testng-eclipse-update-site/updatesites/6.14.3.201902250526/p2.index (172 bytes at 167 KB/s)
[INFO] Downloading from p2: https://testng.org/testng-eclipse-update-site/7.0.0/p2.index
[INFO] Downloaded from p2: https://testng.org/testng-eclipse-update-site/7.0.0/p2.index (128 bytes at 125 KB/s)
[INFO] Downloading from p2: https://testng.org/testng-eclipse-update-site/updatesites/7.0.0.201908201535/p2.index
[INFO] Downloaded from p2: https://testng.org/testng-eclipse-update-site/updatesites/7.0.0.201908201535/p2.index (172 bytes at 167 KB/s)
[INFO] Downloading from p2: https://testng.org/testng-eclipse-update-site/updatesites/7.0.0.201908240652/p2.index
[INFO] Downloaded from p2: https://testng.org/testng-eclipse-update-site/updatesites/7.0.0.201908240652/p2.index (172 bytes at 167 KB/s)
[INFO] Downloading from p2: https://testng.org/testng-eclipse-update-site/7.1.0/p2.index
[INFO] Downloaded from p2: https://testng.org/testng-eclipse-update-site/7.1.0/p2.index (128 bytes at 62 KB/s)
[INFO] Downloading from p2: https://testng.org/testng-eclipse-update-site/updatesites/7.1.0.202003090500/p2.index
[INFO] Downloaded from p2: https://testng.org/testng-eclipse-update-site/updatesites/7.1.0.202003090500/p2.index (172 bytes at 167 KB/s)
[INFO] Downloading from p2: https://testng.org/testng-eclipse-update-site/7.1.1/p2.index
[INFO] Downloaded from p2: https://testng.org/testng-eclipse-update-site/7.1.1/p2.index (128 bytes at 125 KB/s)
[INFO] Downloading from p2: https://testng.org/testng-eclipse-update-site/updatesites/7.1.1.202003100345/p2.index
[INFO] Downloaded from p2: https://testng.org/testng-eclipse-update-site/updatesites/7.1.1.202003100345/p2.index (172 bytes at 167 KB/s)
[INFO] Downloading from p2: https://testng.org/testng-eclipse-update-site/7.2.0/p2.index
[INFO] Downloaded from p2: https://testng.org/testng-eclipse-update-site/7.2.0/p2.index (128 bytes at 125 KB/s)
[INFO] Downloading from p2: https://testng.org/testng-eclipse-update-site/updatesites/7.2.0.202004281604/p2.index
[INFO] Downloaded from p2: https://testng.org/testng-eclipse-update-site/updatesites/7.2.0.202004281604/p2.index (172 bytes at 167 KB/s)
[INFO] Downloading from p2: https://testng.org/testng-eclipse-update-site/updatesites/7.2.0.202005051752/p2.index
[INFO] Downloaded from p2: https://testng.org/testng-eclipse-update-site/updatesites/7.2.0.202005051752/p2.index (172 bytes at 167 KB/s)
[INFO] Downloading from p2: https://testng.org/testng-eclipse-update-site/7.3.0/p2.index
[INFO] Downloaded from p2: https://testng.org/testng-eclipse-update-site/7.3.0/p2.index (128 bytes at 125 KB/s)
[INFO] Downloading from p2: https://testng.org/testng-eclipse-update-site/updatesites/7.3.0.202008060412/p2.index
[INFO] Downloaded from p2: https://testng.org/testng-eclipse-update-site/updatesites/7.3.0.202008060412/p2.index (172 bytes at 167 KB/s)
[INFO] Downloading from p2: https://testng.org/testng-eclipse-update-site/7.4.0/p2.index
[INFO] Downloaded from p2: https://testng.org/testng-eclipse-update-site/7.4.0/p2.index (128 bytes at 125 KB/s)
[INFO] Downloading from p2: https://testng.org/testng-eclipse-update-site/updatesites/7.4.0.202105021622/p2.index
[INFO] Downloaded from p2: https://testng.org/testng-eclipse-update-site/updatesites/7.4.0.202105021622/p2.index (172 bytes at 167 KB/s)
[INFO] Downloading from p2: https://testng.org/testng-eclipse-update-site/updatesites/7.4.0.202106051955/p2.index
[INFO] Downloaded from p2: https://testng.org/testng-eclipse-update-site/updatesites/7.4.0.202106051955/p2.index (172 bytes at 167 KB/s)
[INFO] Downloading from p2: https://testng.org/testng-eclipse-update-site/7.8.0/p2.index
[INFO] Downloading from p2: https://testng.org/testng-eclipse-update-site/updatesites/7.8.0.202308061717/p2.index
[INFO] Downloaded from p2: https://testng.org/testng-eclipse-update-site/updatesites/7.8.0.202308061717/p2.index (172 bytes at 167 KB/s)
[INFO] Downloading from p2: https://testng.org/testng-eclipse-update-site/updatesites/7.8.0.202306071550/p2.index
[INFO] Downloaded from p2: https://testng.org/testng-eclipse-update-site/updatesites/7.8.0.202306071550/p2.index (172 bytes at 167 KB/s)
[INFO] Downloading from p2: https://testng.org/testng-eclipse-update-site/7.9.0/p2.index
[INFO] Downloading from p2: https://testng.org/testng-eclipse-update-site/updatesites/7.9.0.202312310355/p2.index
[INFO] Downloaded from p2: https://testng.org/testng-eclipse-update-site/updatesites/7.9.0.202312310355/p2.index (172 bytes at 167 KB/s)
[INFO] Downloading from p2: https://testng.org/testng-eclipse-update-site/7.10.0/p2.index
[INFO] Downloading from p2: https://testng.org/testng-eclipse-update-site/updatesites/7.10.0.202404131040/p2.index
[INFO] Downloaded from p2: https://testng.org/testng-eclipse-update-site/updatesites/7.10.0.202404131040/p2.index (172 bytes at 167 KB/s)
[INFO] Downloading from p2: https://testng.org/testng-eclipse-update-site/7.10.2/p2.index
[INFO] Downloading from p2: https://testng.org/testng-eclipse-update-site/updatesites/7.10.2.202503082113/p2.index
[INFO] Downloaded from p2: https://testng.org/testng-eclipse-update-site/updatesites/7.10.2.202503082113/p2.index (172 bytes at 167 KB/s)
[INFO] Downloading from p2: https://testng.org/testng-eclipse-update-site/7.11.0/p2.index
[INFO] Downloading from p2: https://testng.org/testng-eclipse-update-site/updatesites/7.11.0.202503091801/p2.index
[INFO] Downloaded from p2: https://testng.org/testng-eclipse-update-site/updatesites/7.11.0.202503091801/p2.index (172 bytes at 167 KB/s)
[INFO] Downloading from p2: https://download.eclipse.org/technology/swtbot/releases/latest/p2.index
[INFO] Downloaded from p2: https://download.eclipse.org/technology/swtbot/releases/latest/p2.index (172 bytes at 167 KB/s)
[INFO] Downloading from p2: https://download.eclipse.org/tools/orbit/downloads/drops/R20230531010532/repository/p2.index
[INFO] Downloaded from p2: https://download.eclipse.org/tools/orbit/downloads/drops/R20230531010532/repository/p2.index (172 bytes at 167 KB/s)
[INFO] Downloading from p2: https://download.eclipse.org/oomph/simrel-orbit/release/latest/p2.index
[INFO] Downloaded from p2: https://download.eclipse.org/oomph/simrel-orbit/release/latest/p2.index (126 bytes at 123 KB/s)
[INFO] Downloading from p2: https://download.eclipse.org/oomph/simrel-orbit/release/4.28.0/p2.index
[INFO] Downloaded from p2: https://download.eclipse.org/oomph/simrel-orbit/release/4.28.0/p2.index (172 bytes at 167 KB/s)
Downloading from central: https://repo.maven.apache.org/maven2/com/github/weisj/jsvg/maven-metadata.xml
Progress (1): 978 B                   Downloaded from central: https://repo.maven.apache.org/maven2/com/github/weisj/jsvg/maven-metadata.xml (978 B at 16 kB/s)
Downloading from central: https://repo.maven.apache.org/maven2/com/github/weisj/jsvg/2.0.0/jsvg-2.0.0.jar.sha512
Progress (1): 128 B                   Downloaded from central: https://repo.maven.apache.org/maven2/com/github/weisj/jsvg/2.0.0/jsvg-2.0.0.jar.sha512 (128 B at 3.5 kB/s)
Downloading from central: https://repo.maven.apache.org/maven2/com/github/weisj/jsvg/2.0.0/jsvg-2.0.0.jar
Progress (1): 3.8/724 kBProgress (1): 8.0/724 kBProgress (1): 12/724 kB Progress (1): 29/724 kBProgress (1): 45/724 kBProgress (1): 61/724 kBProgress (1): 78/724 kBProgress (1): 94/724 kBProgress (1): 111/724 kBProgress (1): 122/724 kBProgress (1): 139/724 kBProgress (1): 155/724 kBProgress (1): 172/724 kBProgress (1): 188/724 kBProgress (1): 204/724 kBProgress (1): 221/724 kBProgress (1): 237/724 kBProgress (1): 253/724 kBProgress (1): 270/724 kBProgress (1): 286/724 kBProgress (1): 303/724 kBProgress (1): 319/724 kBProgress (1): 335/724 kBProgress (1): 352/724 kBProgress (1): 368/724 kBProgress (1): 385/724 kBProgress (1): 401/724 kBProgress (1): 417/724 kBProgress (1): 434/724 kBProgress (1): 450/724 kBProgress (1): 466/724 kBProgress (1): 483/724 kBProgress (1): 499/724 kBProgress (1): 516/724 kBProgress (1): 532/724 kBProgress (1): 548/724 kBProgress (1): 565/724 kBProgress (1): 581/724 kBProgress (1): 598/724 kBProgress (1): 614/724 kBProgress (1): 630/724 kBProgress (1): 647/724 kBProgress (1): 663/724 kBProgress (1): 679/724 kBProgress (1): 696/724 kBProgress (1): 712/724 kBProgress (1): 724 kB                        Downloaded from central: https://repo.maven.apache.org/maven2/com/github/weisj/jsvg/2.0.0/jsvg-2.0.0.jar (724 kB at 11 MB/s)
Downloading from central: https://repo.maven.apache.org/maven2/com/ibm/icu/icu4j/maven-metadata.xml
Progress (1): 2.3 kB                    Downloaded from central: https://repo.maven.apache.org/maven2/com/ibm/icu/icu4j/maven-metadata.xml (2.3 kB at 75 kB/s)
Downloading from central: https://repo.maven.apache.org/maven2/com/ibm/icu/icu4j/78.2/icu4j-78.2.jar.sha512
Downloading from central: https://repo.maven.apache.org/maven2/com/ibm/icu/icu4j/78.2/icu4j-78.2.jar.sha256
Downloading from central: https://repo.maven.apache.org/maven2/com/ibm/icu/icu4j/78.2/icu4j-78.2.jar
Progress (1): 0/15 MBProgress (1): 0/15 MBProgress (1): 0/15 MBProgress (1): 0/15 MBProgress (1): 0.1/15 MBProgress (1): 0.1/15 MBProgress (1): 0.1/15 MBProgress (1): 0.1/15 MBProgress (1): 0.1/15 MBProgress (1): 0.1/15 MBProgress (1): 0.2/15 MBProgress (1): 0.2/15 MBProgress (1): 0.2/15 MBProgress (1): 0.2/15 MBProgress (1): 0.2/15 MBProgress (1): 0.2/15 MBProgress (1): 0.3/15 MBProgress (1): 0.3/15 MBProgress (1): 0.3/15 MBProgress (1): 0.3/15 MBProgress (1): 0.3/15 MBProgress (1): 0.3/15 MBProgress (1): 0.4/15 MBProgress (1): 0.4/15 MBProgress (1): 0.4/15 MBProgress (1): 0.4/15 MBProgress (1): 0.4/15 MBProgress (1): 0.4/15 MBProgress (1): 0.5/15 MBProgress (1): 0.5/15 MBProgress (1): 0.5/15 MBProgress (1): 0.5/15 MBProgress (1): 0.5/15 MBProgress (1): 0.5/15 MBProgress (1): 0.6/15 MBProgress (1): 0.6/15 MBProgress (1): 0.6/15 MBProgress (1): 0.6/15 MBProgress (1): 0.6/15 MBProgress (1): 0.6/15 MBProgress (1): 0.7/15 MBProgress (1): 0.7/15 MBProgress (1): 0.7/15 MBProgress (1): 0.7/15 MBProgress (1): 0.7/15 MBProgress (1): 0.7/15 MBProgress (1): 0.8/15 MBProgress (1): 0.8/15 MBProgress (1): 0.8/15 MBProgress (1): 0.8/15 MBProgress (1): 0.8/15 MBProgress (1): 0.8/15 MBProgress (1): 0.9/15 MBProgress (1): 0.9/15 MBProgress (1): 0.9/15 MBProgress (1): 0.9/15 MBProgress (1): 0.9/15 MBProgress (1): 0.9/15 MBProgress (1): 1.0/15 MBProgress (1): 1.0/15 MBProgress (1): 1.0/15 MBProgress (1): 1.0/15 MBProgress (1): 1.0/15 MBProgress (1): 1.0/15 MBProgress (1): 1.0/15 MBProgress (1): 1.1/15 MBProgress (1): 1.1/15 MBProgress (1): 1.1/15 MBProgress (1): 1.1/15 MBProgress (1): 1.1/15 MBProgress (1): 1.1/15 MBProgress (1): 1.2/15 MBProgress (1): 1.2/15 MBProgress (1): 1.2/15 MBProgress (1): 1.2/15 MBProgress (1): 1.2/15 MBProgress (1): 1.2/15 MBProgress (1): 1.3/15 MBProgress (1): 1.3/15 MBProgress (1): 1.3/15 MBProgress (1): 1.3/15 MBProgress (1): 1.3/15 MBProgress (1): 1.3/15 MBProgress (1): 1.4/15 MBProgress (1): 1.4/15 MBProgress (1): 1.4/15 MBProgress (1): 1.4/15 MBProgress (1): 1.4/15 MBProgress (1): 1.4/15 MBProgress (1): 1.5/15 MBProgress (1): 1.5/15 MBProgress (1): 1.5/15 MBProgress (1): 1.5/15 MBProgress (1): 1.5/15 MBProgress (1): 1.5/15 MBProgress (1): 1.6/15 MBProgress (1): 1.6/15 MBProgress (1): 1.6/15 MBProgress (1): 1.6/15 MBProgress (1): 1.6/15 MBProgress (1): 1.6/15 MBProgress (1): 1.7/15 MBProgress (1): 1.7/15 MBProgress (1): 1.7/15 MBProgress (1): 1.7/15 MBProgress (1): 1.7/15 MBProgress (1): 1.7/15 MBProgress (1): 1.8/15 MBProgress (1): 1.8/15 MBProgress (1): 1.8/15 MBProgress (1): 1.8/15 MBProgress (1): 1.8/15 MBProgress (1): 1.8/15 MBProgress (1): 1.8/15 MBProgress (1): 1.9/15 MBProgress (1): 1.9/15 MBProgress (1): 1.9/15 MBProgress (1): 1.9/15 MBProgress (1): 1.9/15 MBProgress (1): 1.9/15 MBProgress (1): 2.0/15 MBProgress (1): 2.0/15 MBProgress (1): 2.0/15 MBProgress (1): 2.0/15 MBProgress (1): 2.0/15 MBProgress (1): 2.0/15 MBProgress (1): 2.1/15 MBProgress (1): 2.1/15 MBProgress (1): 2.1/15 MBProgress (1): 2.1/15 MBProgress (1): 2.1/15 MBProgress (1): 2.1/15 MBProgress (1): 2.2/15 MBProgress (1): 2.2/15 MBProgress (1): 2.2/15 MBProgress (1): 2.2/15 MBProgress (1): 2.2/15 MBProgress (1): 2.2/15 MBProgress (1): 2.3/15 MBProgress (1): 2.3/15 MBProgress (1): 2.3/15 MBProgress (1): 2.3/15 MBProgress (1): 2.3/15 MBProgress (1): 2.3/15 MBProgress (1): 2.4/15 MBProgress (1): 2.4/15 MBProgress (1): 2.4/15 MBProgress (1): 2.4/15 MBProgress (1): 2.4/15 MBProgress (1): 2.4/15 MBProgress (1): 2.5/15 MBProgress (1): 2.5/15 MBProgress (1): 2.5/15 MBProgress (1): 2.5/15 MBProgress (1): 2.5/15 MBProgress (1): 2.5/15 MBProgress (1): 2.6/15 MBProgress (1): 2.6/15 MBProgress (1): 2.6/15 MBProgress (1): 2.6/15 MBProgress (1): 2.6/15 MBProgress (1): 2.6/15 MBProgress (1): 2.7/15 MBProgress (1): 2.7/15 MBProgress (1): 2.7/15 MBProgress (1): 2.7/15 MBProgress (1): 2.7/15 MBProgress (1): 2.7/15 MBProgress (1): 2.7/15 MBProgress (1): 2.8/15 MBProgress (1): 2.8/15 MBProgress (1): 2.8/15 MBProgress (1): 2.8/15 MBProgress (1): 2.8/15 MBProgress (1): 2.8/15 MBProgress (1): 2.9/15 MBProgress (1): 2.9/15 MBProgress (1): 2.9/15 MBProgress (1): 2.9/15 MBProgress (1): 2.9/15 MBProgress (1): 2.9/15 MBProgress (1): 3.0/15 MBProgress (1): 3.0/15 MBProgress (1): 3.0/15 MBProgress (1): 3.0/15 MBProgress (1): 3.0/15 MBProgress (1): 3.0/15 MBProgress (1): 3.1/15 MBProgress (1): 3.1/15 MBProgress (1): 3.1/15 MBProgress (1): 3.1/15 MBProgress (1): 3.1/15 MBProgress (1): 3.1/15 MBProgress (1): 3.2/15 MBProgress (1): 3.2/15 MBProgress (1): 3.2/15 MBProgress (1): 3.2/15 MBProgress (1): 3.2/15 MBProgress (1): 3.2/15 MBProgress (1): 3.3/15 MBProgress (1): 3.3/15 MBProgress (1): 3.3/15 MBProgress (1): 3.3/15 MBProgress (1): 3.3/15 MBProgress (1): 3.3/15 MBProgress (1): 3.4/15 MBProgress (1): 3.4/15 MBProgress (1): 3.4/15 MBProgress (1): 3.4/15 MBProgress (1): 3.4/15 MBProgress (1): 3.4/15 MBProgress (1): 3.5/15 MBProgress (1): 3.5/15 MBProgress (1): 3.5/15 MBProgress (1): 3.5/15 MBProgress (1): 3.5/15 MBProgress (1): 3.5/15 MBProgress (1): 3.6/15 MBProgress (1): 3.6/15 MBProgress (1): 3.6/15 MBProgress (1): 3.6/15 MBProgress (1): 3.6/15 MBProgress (1): 3.6/15 MBProgress (1): 3.7/15 MBProgress (1): 3.7/15 MBProgress (1): 3.7/15 MBProgress (1): 3.7/15 MBProgress (1): 3.7/15 MBProgress (1): 3.7/15 MBProgress (1): 3.7/15 MBProgress (1): 3.8/15 MBProgress (1): 3.8/15 MBProgress (1): 3.8/15 MBProgress (1): 3.8/15 MBProgress (1): 3.8/15 MBProgress (1): 3.8/15 MBProgress (1): 3.9/15 MBProgress (1): 3.9/15 MBProgress (1): 3.9/15 MBProgress (1): 3.9/15 MBProgress (1): 3.9/15 MBProgress (1): 3.9/15 MBProgress (1): 4.0/15 MBProgress (1): 4.0/15 MBProgress (1): 4.0/15 MBProgress (1): 4.0/15 MBProgress (1): 4.0/15 MBProgress (1): 4.0/15 MBProgress (1): 4.1/15 MBProgress (1): 4.1/15 MBProgress (1): 4.1/15 MBProgress (1): 4.1/15 MBProgress (1): 4.1/15 MBProgress (1): 4.1/15 MBProgress (1): 4.1/15 MBProgress (1): 4.2/15 MBProgress (1): 4.2/15 MBProgress (1): 4.2/15 MBProgress (1): 4.2/15 MBProgress (1): 4.2/15 MBProgress (1): 4.2/15 MBProgress (1): 4.3/15 MBProgress (1): 4.3/15 MBProgress (1): 4.3/15 MBProgress (1): 4.3/15 MBProgress (1): 4.3/15 MBProgress (1): 4.3/15 MBProgress (1): 4.3/15 MBProgress (1): 4.4/15 MBProgress (1): 4.4/15 MBProgress (1): 4.4/15 MBProgress (1): 4.4/15 MBProgress (1): 4.4/15 MBProgress (1): 4.4/15 MBProgress (1): 4.5/15 MBProgress (1): 4.5/15 MBProgress (1): 4.5/15 MBProgress (1): 4.5/15 MBProgress (1): 4.5/15 MBProgress (1): 4.5/15 MBProgress (1): 4.6/15 MBProgress (1): 4.6/15 MBProgress (1): 4.6/15 MBProgress (1): 4.6/15 MBProgress (1): 4.6/15 MBProgress (1): 4.6/15 MBProgress (1): 4.7/15 MBProgress (1): 4.7/15 MBProgress (1): 4.7/15 MBProgress (1): 4.7/15 MBProgress (1): 4.7/15 MBProgress (1): 4.7/15 MBProgress (1): 4.8/15 MBProgress (1): 4.8/15 MBProgress (1): 4.8/15 MBProgress (1): 4.8/15 MBProgress (1): 4.8/15 MBProgress (1): 4.8/15 MBProgress (1): 4.9/15 MBProgress (1): 4.9/15 MBProgress (1): 4.9/15 MBProgress (1): 4.9/15 MBProgress (1): 4.9/15 MBProgress (1): 4.9/15 MBProgress (1): 5.0/15 MBProgress (1): 5.0/15 MBProgress (1): 5.0/15 MBProgress (1): 5.0/15 MBProgress (1): 5.0/15 MBProgress (1): 5.0/15 MBProgress (1): 5.0/15 MBProgress (1): 5.1/15 MBProgress (1): 5.1/15 MBProgress (1): 5.1/15 MBProgress (1): 5.1/15 MBProgress (1): 5.1/15 MBProgress (1): 5.1/15 MBProgress (1): 5.2/15 MBProgress (1): 5.2/15 MBProgress (1): 5.2/15 MBProgress (1): 5.2/15 MBProgress (1): 5.2/15 MBProgress (1): 5.2/15 MBProgress (1): 5.3/15 MBProgress (1): 5.3/15 MBProgress (1): 5.3/15 MBProgress (1): 5.3/15 MBProgress (1): 5.3/15 MBProgress (1): 5.3/15 MBProgress (1): 5.3/15 MBProgress (1): 5.4/15 MBProgress (1): 5.4/15 MBProgress (1): 5.4/15 MBProgress (1): 5.4/15 MBProgress (1): 5.4/15 MBProgress (1): 5.4/15 MBProgress (1): 5.5/15 MBProgress (1): 5.5/15 MBProgress (1): 5.5/15 MBProgress (1): 5.5/15 MBProgress (1): 5.5/15 MBProgress (1): 5.5/15 MBProgress (1): 5.5/15 MBProgress (1): 5.6/15 MBProgress (1): 5.6/15 MBProgress (1): 5.6/15 MBProgress (1): 5.6/15 MBProgress (1): 5.6/15 MBProgress (1): 5.6/15 MBProgress (1): 5.6/15 MBProgress (1): 5.7/15 MBProgress (1): 5.7/15 MBProgress (1): 5.7/15 MBProgress (1): 5.7/15 MBProgress (1): 5.7/15 MBProgress (1): 5.7/15 MBProgress (1): 5.7/15 MBProgress (1): 5.8/15 MBProgress (1): 5.8/15 MBProgress (1): 5.8/15 MBProgress (1): 5.8/15 MBProgress (1): 5.8/15 MBProgress (1): 5.8/15 MBProgress (1): 5.9/15 MBProgress (1): 5.9/15 MBProgress (1): 5.9/15 MBProgress (1): 5.9/15 MBProgress (1): 5.9/15 MBProgress (1): 5.9/15 MBProgress (1): 5.9/15 MBProgress (1): 6.0/15 MBProgress (1): 6.0/15 MBProgress (1): 6.0/15 MBProgress (1): 6.0/15 MBProgress (1): 6.0/15 MBProgress (1): 6.0/15 MBProgress (1): 6.1/15 MBProgress (1): 6.1/15 MBProgress (1): 6.1/15 MBProgress (1): 6.1/15 MBProgress (1): 6.1/15 MBProgress (1): 6.1/15 MBProgress (1): 6.1/15 MBProgress (1): 6.2/15 MBProgress (1): 6.2/15 MBProgress (1): 6.2/15 MBProgress (1): 6.2/15 MBProgress (1): 6.2/15 MBProgress (1): 6.2/15 MBProgress (1): 6.3/15 MBProgress (1): 6.3/15 MBProgress (1): 6.3/15 MBProgress (1): 6.3/15 MBProgress (1): 6.3/15 MBProgress (1): 6.3/15 MBProgress (1): 6.4/15 MBProgress (1): 6.4/15 MBProgress (1): 6.4/15 MBProgress (1): 6.4/15 MBProgress (1): 6.4/15 MBProgress (1): 6.4/15 MBProgress (1): 6.4/15 MBProgress (1): 6.5/15 MBProgress (1): 6.5/15 MBProgress (1): 6.5/15 MBProgress (1): 6.5/15 MBProgress (1): 6.5/15 MBProgress (1): 6.5/15 MBProgress (1): 6.6/15 MBProgress (1): 6.6/15 MBProgress (1): 6.6/15 MBProgress (1): 6.6/15 MBProgress (1): 6.6/15 MBProgress (1): 6.6/15 MBProgress (1): 6.7/15 MBProgress (1): 6.7/15 MBProgress (1): 6.7/15 MBProgress (1): 6.7/15 MBProgress (1): 6.7/15 MBProgress (1): 6.7/15 MBProgress (1): 6.8/15 MBProgress (1): 6.8/15 MBProgress (1): 6.8/15 MBProgress (1): 6.8/15 MBProgress (1): 6.8/15 MBProgress (1): 6.8/15 MBProgress (1): 6.9/15 MBProgress (1): 6.9/15 MBProgress (1): 6.9/15 MBProgress (1): 6.9/15 MBProgress (1): 6.9/15 MBProgress (1): 6.9/15 MBProgress (1): 6.9/15 MBProgress (1): 7.0/15 MBProgress (1): 7.0/15 MBProgress (1): 7.0/15 MBProgress (1): 7.0/15 MBProgress (1): 7.0/15 MBProgress (1): 7.0/15 MBProgress (1): 7.1/15 MBProgress (1): 7.1/15 MBProgress (1): 7.1/15 MBProgress (1): 7.1/15 MBProgress (1): 7.1/15 MBProgress (1): 7.1/15 MBProgress (1): 7.2/15 MBProgress (1): 7.2/15 MBProgress (1): 7.2/15 MBProgress (1): 7.2/15 MBProgress (1): 7.2/15 MBProgress (1): 7.2/15 MBProgress (1): 7.3/15 MBProgress (1): 7.3/15 MBProgress (1): 7.3/15 MBProgress (1): 7.3/15 MBProgress (1): 7.3/15 MBProgress (1): 7.3/15 MBProgress (1): 7.4/15 MBProgress (1): 7.4/15 MBProgress (1): 7.4/15 MBProgress (1): 7.4/15 MBProgress (1): 7.4/15 MBProgress (1): 7.4/15 MBProgress (1): 7.5/15 MBProgress (1): 7.5/15 MBProgress (1): 7.5/15 MBProgress (1): 7.5/15 MBProgress (1): 7.5/15 MBProgress (1): 7.5/15 MBProgress (1): 7.5/15 MBProgress (1): 7.6/15 MBProgress (1): 7.6/15 MBProgress (1): 7.6/15 MBProgress (1): 7.6/15 MBProgress (1): 7.6/15 MBProgress (1): 7.6/15 MBProgress (1): 7.6/15 MBProgress (1): 7.7/15 MBProgress (1): 7.7/15 MBProgress (1): 7.7/15 MBProgress (1): 7.7/15 MBProgress (1): 7.7/15 MBProgress (1): 7.7/15 MBProgress (1): 7.8/15 MBProgress (1): 7.8/15 MBProgress (1): 7.8/15 MBProgress (1): 7.8/15 MBProgress (1): 7.8/15 MBProgress (1): 7.8/15 MBProgress (1): 7.9/15 MBProgress (1): 7.9/15 MBProgress (1): 7.9/15 MBProgress (1): 7.9/15 MBProgress (1): 7.9/15 MBProgress (1): 7.9/15 MBProgress (1): 8.0/15 MBProgress (1): 8.0/15 MBProgress (1): 8.0/15 MBProgress (1): 8.0/15 MBProgress (1): 8.0/15 MBProgress (1): 8.0/15 MBProgress (1): 8.1/15 MBProgress (1): 8.1/15 MBProgress (1): 8.1/15 MBProgress (1): 8.1/15 MBProgress (1): 8.1/15 MBProgress (1): 8.1/15 MBProgress (1): 8.1/15 MBProgress (1): 8.2/15 MBProgress (1): 8.2/15 MBProgress (1): 8.2/15 MBProgress (1): 8.2/15 MBProgress (1): 8.2/15 MBProgress (1): 8.2/15 MBProgress (1): 8.3/15 MBProgress (1): 8.3/15 MBProgress (1): 8.3/15 MBProgress (1): 8.3/15 MBProgress (1): 8.3/15 MBProgress (1): 8.3/15 MBProgress (1): 8.4/15 MBProgress (1): 8.4/15 MBProgress (1): 8.4/15 MBProgress (1): 8.4/15 MBProgress (1): 8.4/15 MBProgress (1): 8.4/15 MBProgress (1): 8.5/15 MBProgress (1): 8.5/15 MBProgress (1): 8.5/15 MBProgress (1): 8.5/15 MBProgress (1): 8.5/15 MBProgress (1): 8.5/15 MBProgress (1): 8.6/15 MBProgress (1): 8.6/15 MBProgress (1): 8.6/15 MBProgress (1): 8.6/15 MBProgress (1): 8.6/15 MBProgress (1): 8.6/15 MBProgress (1): 8.6/15 MBProgress (1): 8.7/15 MBProgress (1): 8.7/15 MBProgress (1): 8.7/15 MBProgress (1): 8.7/15 MBProgress (1): 8.7/15 MBProgress (1): 8.7/15 MBProgress (1): 8.8/15 MBProgress (1): 8.8/15 MBProgress (1): 8.8/15 MBProgress (1): 8.8/15 MBProgress (1): 8.8/15 MBProgress (1): 8.8/15 MBProgress (1): 8.9/15 MBProgress (1): 8.9/15 MBProgress (1): 8.9/15 MBProgress (1): 8.9/15 MBProgress (1): 8.9/15 MBProgress (1): 8.9/15 MBProgress (1): 8.9/15 MBProgress (1): 9.0/15 MBProgress (1): 9.0/15 MBProgress (1): 9.0/15 MBProgress (1): 9.0/15 MBProgress (1): 9.0/15 MBProgress (1): 9.0/15 MBProgress (1): 9.1/15 MBProgress (1): 9.1/15 MBProgress (1): 9.1/15 MBProgress (1): 9.1/15 MBProgress (1): 9.1/15 MBProgress (1): 9.1/15 MBProgress (1): 9.2/15 MBProgress (1): 9.2/15 MBProgress (1): 9.2/15 MBProgress (1): 9.2/15 MBProgress (1): 9.2/15 MBProgress (1): 9.2/15 MBProgress (1): 9.2/15 MBProgress (1): 9.3/15 MBProgress (1): 9.3/15 MBProgress (1): 9.3/15 MBProgress (1): 9.3/15 MBProgress (1): 9.3/15 MBProgress (1): 9.3/15 MBProgress (1): 9.3/15 MBProgress (1): 9.4/15 MBProgress (1): 9.4/15 MBProgress (1): 9.4/15 MBProgress (1): 9.4/15 MBProgress (1): 9.4/15 MBProgress (1): 9.4/15 MBProgress (1): 9.5/15 MBProgress (1): 9.5/15 MBProgress (1): 9.5/15 MBProgress (1): 9.5/15 MBProgress (1): 9.5/15 MBProgress (1): 9.5/15 MBProgress (1): 9.6/15 MBProgress (1): 9.6/15 MBProgress (1): 9.6/15 MBProgress (1): 9.6/15 MBProgress (1): 9.6/15 MBProgress (1): 9.6/15 MBProgress (1): 9.6/15 MBProgress (1): 9.7/15 MBProgress (1): 9.7/15 MBProgress (1): 9.7/15 MBProgress (1): 9.7/15 MBProgress (1): 9.7/15 MBProgress (1): 9.7/15 MBProgress (1): 9.8/15 MBProgress (1): 9.8/15 MBProgress (1): 9.8/15 MBProgress (1): 9.8/15 MBProgress (1): 9.8/15 MBProgress (1): 9.8/15 MBProgress (1): 9.9/15 MBProgress (1): 9.9/15 MBProgress (1): 9.9/15 MBProgress (1): 9.9/15 MBProgress (1): 9.9/15 MBProgress (1): 9.9/15 MBProgress (1): 10.0/15 MBProgress (1): 10.0/15 MBProgress (1): 10.0/15 MBProgress (1): 10/15 MB  Progress (1): 10/15 MBProgress (1): 10/15 MBProgress (1): 10/15 MBProgress (1): 10/15 MBProgress (1): 10/15 MBProgress (1): 10/15 MBProgress (1): 10/15 MBProgress (1): 10/15 MBProgress (1): 10/15 MBProgress (1): 10/15 MBProgress (1): 10/15 MBProgress (1): 10/15 MBProgress (1): 10/15 MBProgress (1): 10/15 MBProgress (1): 10/15 MBProgress (1): 10/15 MBProgress (1): 10/15 MBProgress (1): 10/15 MBProgress (1): 10/15 MBProgress (1): 10/15 MBProgress (1): 10/15 MBProgress (1): 10/15 MBProgress (1): 10/15 MBProgress (1): 10/15 MBProgress (1): 10/15 MBProgress (1): 10/15 MBProgress (1): 10/15 MBProgress (1): 10/15 MBProgress (1): 10/15 MBProgress (1): 10/15 MBProgress (1): 11/15 MBProgress (1): 11/15 MBProgress (1): 11/15 MBProgress (1): 11/15 MBProgress (1): 11/15 MBProgress (1): 11/15 MBProgress (1): 11/15 MBProgress (1): 11/15 MBProgress (1): 11/15 MBProgress (1): 11/15 MBProgress (1): 11/15 MBProgress (1): 11/15 MBProgress (1): 11/15 MBProgress (1): 11/15 MBProgress (1): 11/15 MBProgress (1): 11/15 MBProgress (1): 11/15 MBProgress (1): 11/15 MBProgress (1): 11/15 MBProgress (1): 11/15 MBProgress (1): 11/15 MBProgress (1): 11/15 MBProgress (1): 11/15 MBProgress (1): 11/15 MBProgress (1): 11/15 MBProgress (1): 11/15 MBProgress (1): 11/15 MBProgress (1): 11/15 MBProgress (1): 11/15 MBProgress (1): 11/15 MBProgress (1): 11/15 MBProgress (1): 11/15 MBProgress (1): 11/15 MBProgress (1): 11/15 MBProgress (1): 11/15 MBProgress (1): 11/15 MBProgress (1): 11/15 MBProgress (1): 11/15 MBProgress (1): 11/15 MBProgress (1): 11/15 MBProgress (1): 11/15 MBProgress (1): 11/15 MBProgress (1): 11/15 MBProgress (1): 11/15 MBProgress (1): 11/15 MBProgress (1): 11/15 MBProgress (1): 11/15 MBProgress (1): 11/15 MBProgress (1): 11/15 MBProgress (1): 11/15 MBProgress (1): 11/15 MBProgress (1): 11/15 MBProgress (1): 11/15 MBProgress (1): 11/15 MBProgress (1): 11/15 MBProgress (1): 11/15 MBProgress (1): 11/15 MBProgress (1): 11/15 MBProgress (1): 11/15 MBProgress (1): 11/15 MBProgress (1): 11/15 MBProgress (1): 11/15 MBProgress (1): 12/15 MBProgress (1): 12/15 MBProgress (1): 12/15 MBProgress (1): 12/15 MBProgress (1): 12/15 MBProgress (1): 12/15 MBProgress (1): 12/15 MBProgress (1): 12/15 MBProgress (1): 12/15 MBProgress (1): 12/15 MBProgress (1): 12/15 MBProgress (1): 12/15 MBProgress (1): 12/15 MBProgress (1): 12/15 MBProgress (1): 12/15 MBProgress (1): 12/15 MBProgress (1): 12/15 MBProgress (1): 12/15 MBProgress (1): 12/15 MBProgress (1): 12/15 MBProgress (1): 12/15 MBProgress (1): 12/15 MBProgress (1): 12/15 MBProgress (1): 12/15 MBProgress (1): 12/15 MBProgress (1): 12/15 MBProgress (1): 12/15 MBProgress (1): 12/15 MBProgress (1): 12/15 MBProgress (1): 12/15 MBProgress (1): 12/15 MBProgress (1): 12/15 MBProgress (1): 12/15 MBProgress (1): 12/15 MBProgress (1): 12/15 MBProgress (1): 12/15 MBProgress (1): 12/15 MBProgress (1): 12/15 MBProgress (1): 12/15 MBProgress (1): 12/15 MBProgress (1): 12/15 MBProgress (1): 12/15 MBProgress (1): 12/15 MBProgress (1): 12/15 MBProgress (1): 12/15 MBProgress (1): 12/15 MBProgress (1): 12/15 MBProgress (1): 12/15 MBProgress (1): 12/15 MBProgress (1): 12/15 MBProgress (1): 12/15 MBProgress (1): 12/15 MBProgress (1): 12/15 MBProgress (1): 12/15 MBProgress (1): 12/15 MBProgress (1): 12/15 MBProgress (1): 12/15 MBProgress (1): 12/15 MBProgress (1): 12/15 MBProgress (1): 12/15 MBProgress (1): 12/15 MBProgress (1): 12/15 MBProgress (1): 13/15 MBProgress (1): 13/15 MBProgress (1): 13/15 MBProgress (1): 13/15 MBProgress (1): 13/15 MBProgress (1): 13/15 MBProgress (1): 13/15 MBProgress (1): 13/15 MBProgress (1): 13/15 MBProgress (1): 13/15 MBProgress (1): 13/15 MBProgress (1): 13/15 MBProgress (1): 13/15 MBProgress (1): 13/15 MBProgress (1): 13/15 MBProgress (1): 13/15 MBProgress (1): 13/15 MBProgress (1): 13/15 MBProgress (1): 13/15 MBProgress (1): 13/15 MBProgress (1): 13/15 MBProgress (1): 13/15 MBProgress (1): 13/15 MBProgress (1): 13/15 MBProgress (1): 13/15 MBProgress (1): 13/15 MBProgress (1): 13/15 MBProgress (1): 13/15 MBProgress (1): 13/15 MBProgress (1): 13/15 MBProgress (1): 13/15 MBProgress (1): 13/15 MBProgress (1): 13/15 MBProgress (1): 13/15 MBProgress (1): 13/15 MBProgress (1): 13/15 MBProgress (1): 13/15 MBProgress (1): 13/15 MBProgress (1): 13/15 MBProgress (1): 13/15 MBProgress (1): 13/15 MBProgress (1): 13/15 MBProgress (1): 13/15 MBProgress (1): 13/15 MBProgress (1): 13/15 MBProgress (1): 13/15 MBProgress (1): 13/15 MBProgress (1): 13/15 MBProgress (1): 13/15 MBProgress (1): 13/15 MBProgress (1): 13/15 MBProgress (1): 13/15 MBProgress (1): 13/15 MBProgress (1): 13/15 MBProgress (1): 13/15 MBProgress (1): 13/15 MBProgress (1): 13/15 MBProgress (1): 13/15 MBProgress (1): 13/15 MBProgress (1): 13/15 MBProgress (1): 13/15 MBProgress (1): 13/15 MBProgress (1): 14/15 MBProgress (1): 14/15 MBProgress (1): 14/15 MBProgress (1): 14/15 MBProgress (1): 14/15 MBProgress (1): 14/15 MBProgress (1): 14/15 MBProgress (1): 14/15 MBProgress (1): 14/15 MBProgress (1): 14/15 MBProgress (1): 14/15 MBProgress (1): 14/15 MBProgress (1): 14/15 MBProgress (1): 14/15 MBProgress (1): 14/15 MBProgress (1): 14/15 MBProgress (1): 14/15 MBProgress (1): 14/15 MBProgress (1): 14/15 MBProgress (1): 14/15 MBProgress (1): 14/15 MBProgress (1): 14/15 MBProgress (1): 14/15 MBProgress (1): 14/15 MBProgress (1): 14/15 MBProgress (1): 14/15 MBProgress (1): 14/15 MBProgress (1): 14/15 MBProgress (1): 14/15 MBProgress (1): 14/15 MBProgress (1): 14/15 MBProgress (1): 14/15 MBProgress (1): 14/15 MBProgress (1): 14/15 MBProgress (1): 14/15 MBProgress (1): 14/15 MBProgress (1): 14/15 MBProgress (1): 14/15 MBProgress (1): 14/15 MBProgress (1): 14/15 MBProgress (1): 14/15 MBProgress (1): 14/15 MBProgress (1): 14/15 MBProgress (1): 14/15 MBProgress (1): 14/15 MBProgress (1): 14/15 MBProgress (1): 14/15 MBProgress (1): 14/15 MBProgress (1): 14/15 MBProgress (1): 14/15 MBProgress (1): 14/15 MBProgress (1): 14/15 MBProgress (1): 14/15 MBProgress (1): 14/15 MBProgress (1): 14/15 MBProgress (1): 14/15 MBProgress (1): 14/15 MBProgress (1): 14/15 MBProgress (1): 14/15 MBProgress (1): 14/15 MBProgress (1): 14/15 MBProgress (1): 14/15 MBProgress (1): 14/15 MBProgress (1): 15/15 MBProgress (1): 15/15 MBProgress (1): 15/15 MBProgress (1): 15/15 MBProgress (1): 15/15 MBProgress (1): 15/15 MBProgress (1): 15/15 MBProgress (1): 15/15 MBProgress (1): 15/15 MBProgress (1): 15/15 MBProgress (1): 15/15 MBProgress (1): 15/15 MBProgress (1): 15/15 MBProgress (1): 15/15 MBProgress (1): 15/15 MBProgress (1): 15/15 MBProgress (1): 15/15 MBProgress (1): 15/15 MBProgress (1): 15/15 MBProgress (1): 15/15 MBProgress (1): 15/15 MBProgress (1): 15/15 MBProgress (1): 15/15 MBProgress (1): 15/15 MBProgress (1): 15/15 MBProgress (1): 15/15 MBProgress (1): 15/15 MBProgress (1): 15/15 MBProgress (1): 15/15 MBProgress (1): 15/15 MBProgress (1): 15/15 MBProgress (1): 15/15 MBProgress (1): 15/15 MBProgress (1): 15/15 MBProgress (1): 15/15 MBProgress (1): 15/15 MBProgress (1): 15/15 MBProgress (1): 15/15 MBProgress (1): 15/15 MBProgress (1): 15/15 MBProgress (1): 15/15 MBProgress (1): 15 MB                      Downloaded from central: https://repo.maven.apache.org/maven2/com/ibm/icu/icu4j/78.2/icu4j-78.2.jar (15 MB at 43 MB/s)
[INFO] Downloading from p2: https://download.eclipse.org/eclipse/updates/4.39/R-4.39-202602260420/plugins/com.sun.jna_5.18.1.v20251001-0800.jar
[INFO] Downloaded from p2: https://download.eclipse.org/eclipse/updates/4.39/R-4.39-202602260420/plugins/com.sun.jna_5.18.1.v20251001-0800.jar (1 MB at 443 KB/s)
Downloading from central: https://repo.maven.apache.org/maven2/net/java/dev/jna/jna-platform/maven-metadata.xml
Progress (1): 1.3 kB                    Downloaded from central: https://repo.maven.apache.org/maven2/net/java/dev/jna/jna-platform/maven-metadata.xml (1.3 kB at 23 kB/s)
Downloading from central: https://repo.maven.apache.org/maven2/net/java/dev/jna/jna-platform/5.18.1/jna-platform-5.18.1.jar.sha512
Downloading from central: https://repo.maven.apache.org/maven2/net/java/dev/jna/jna-platform/5.18.1/jna-platform-5.18.1.jar.sha256
Downloading from central: https://repo.maven.apache.org/maven2/jakarta/annotation/jakarta.annotation-api/maven-metadata.xml
Progress (1): 636 B                   Downloaded from central: https://repo.maven.apache.org/maven2/jakarta/annotation/jakarta.annotation-api/maven-metadata.xml (636 B at 19 kB/s)
Downloading from central: https://repo.maven.apache.org/maven2/jakarta/annotation/jakarta.annotation-api/2.1.1/jakarta.annotation-api-2.1.1.jar.sha512
Downloading from central: https://repo.maven.apache.org/maven2/jakarta/annotation/jakarta.annotation-api/2.1.1/jakarta.annotation-api-2.1.1.jar.sha256
Downloading from central: https://repo.maven.apache.org/maven2/jakarta/annotation/jakarta.annotation-api/2.1.1/jakarta.annotation-api-2.1.1.jar
Progress (1): 7.7/26 kBProgress (1): 16/26 kB Progress (1): 26 kB                      Downloaded from central: https://repo.maven.apache.org/maven2/jakarta/annotation/jakarta.annotation-api/2.1.1/jakarta.annotation-api-2.1.1.jar (26 kB at 934 kB/s)
Downloading from central: https://repo.maven.apache.org/maven2/jakarta/inject/jakarta.inject-api/maven-metadata.xml
Progress (1): 769 B                   Downloaded from central: https://repo.maven.apache.org/maven2/jakarta/inject/jakarta.inject-api/maven-metadata.xml (769 B at 26 kB/s)
Downloading from central: https://repo.maven.apache.org/maven2/jakarta/inject/jakarta.inject-api/2.0.1/jakarta.inject-api-2.0.1.jar.sha512
Downloading from central: https://repo.maven.apache.org/maven2/jakarta/inject/jakarta.inject-api/2.0.1/jakarta.inject-api-2.0.1.jar.sha256
Downloading from central: https://repo.maven.apache.org/maven2/jakarta/inject/jakarta.inject-api/2.0.1/jakarta.inject-api-2.0.1.jar
Progress (1): 7.3/11 kBProgress (1): 11 kB                       Downloaded from central: https://repo.maven.apache.org/maven2/jakarta/inject/jakarta.inject-api/2.0.1/jakarta.inject-api-2.0.1.jar (11 kB at 381 kB/s)
[INFO] Downloading from p2: https://mirror.csclub.uwaterloo.ca/eclipse/eclipse/updates/4.39/R-4.39-202602260420/plugins/org.apache.batik.constants_1.19.0.v20250506-1400.jar
[INFO] Downloaded from p2: https://mirror.csclub.uwaterloo.ca/eclipse/eclipse/updates/4.39/R-4.39-202602260420/plugins/org.apache.batik.constants_1.19.0.v20250506-1400.jar (17 KB at 131 KB/s)
[INFO] Downloading from p2: https://mirror.csclub.uwaterloo.ca/eclipse/eclipse/updates/4.39/R-4.39-202602260420/plugins/org.apache.batik.css_1.19.0.v20250506-1400.jar
[INFO] Downloaded from p2: https://mirror.csclub.uwaterloo.ca/eclipse/eclipse/updates/4.39/R-4.39-202602260420/plugins/org.apache.batik.css_1.19.0.v20250506-1400.jar (357 KB at 1 MB/s)
[INFO] Downloading from p2: https://mirror.csclub.uwaterloo.ca/eclipse/eclipse/updates/4.39/R-4.39-202602260420/plugins/org.eclipse.orbit.xml-apis-ext_1.0.0.v20240917-0534.jar
[INFO] Downloaded from p2: https://mirror.csclub.uwaterloo.ca/eclipse/eclipse/updates/4.39/R-4.39-202602260420/plugins/org.eclipse.orbit.xml-apis-ext_1.0.0.v20240917-0534.jar (142 KB at 2 MB/s)
[INFO] Downloading from p2: https://download.eclipse.org/eclipse/updates/4.39/R-4.39-202602260420/plugins/org.apache.xmlgraphics_2.11.0.v20250506-1400.jar
[INFO] Downloaded from p2: https://download.eclipse.org/eclipse/updates/4.39/R-4.39-202602260420/plugins/org.apache.xmlgraphics_2.11.0.v20250506-1400.jar (722 KB at 537 KB/s)
[INFO] Downloading from p2: https://mirror.csclub.uwaterloo.ca/eclipse/eclipse/updates/4.39/R-4.39-202602260420/plugins/org.apache.batik.i18n_1.19.0.v20250506-1400.jar
[INFO] Downloaded from p2: https://mirror.csclub.uwaterloo.ca/eclipse/eclipse/updates/4.39/R-4.39-202602260420/plugins/org.apache.batik.i18n_1.19.0.v20250506-1400.jar (21 KB at 449 KB/s)
[INFO] Downloading from p2: https://download.eclipse.org/eclipse/updates/4.39/R-4.39-202602260420/plugins/org.apache.batik.util_1.19.0.v20250506-1400.jar
[INFO] Downloaded from p2: https://download.eclipse.org/eclipse/updates/4.39/R-4.39-202602260420/plugins/org.apache.batik.util_1.19.0.v20250506-1400.jar (142 KB at 192 KB/s)
Downloading from central: https://repo.maven.apache.org/maven2/commons-io/commons-io/maven-metadata.xml
Progress (1): 1.4 kB                    Downloaded from central: https://repo.maven.apache.org/maven2/commons-io/commons-io/maven-metadata.xml (1.4 kB at 42 kB/s)
Downloading from central: https://repo.maven.apache.org/maven2/commons-io/commons-io/2.21.0/commons-io-2.21.0.jar.sha512
Downloading from central: https://repo.maven.apache.org/maven2/commons-io/commons-io/2.21.0/commons-io-2.21.0.jar.sha256
Downloading from central: https://repo.maven.apache.org/maven2/commons-logging/commons-logging/maven-metadata.xml
Progress (1): 848 B                   Downloaded from central: https://repo.maven.apache.org/maven2/commons-logging/commons-logging/maven-metadata.xml (848 B at 30 kB/s)
Downloading from central: https://repo.maven.apache.org/maven2/commons-logging/commons-logging/1.3.5/commons-logging-1.3.5.jar.sha512
Downloading from central: https://repo.maven.apache.org/maven2/commons-logging/commons-logging/1.3.5/commons-logging-1.3.5.jar.sha256
Downloading from central: https://repo.maven.apache.org/maven2/commons-logging/commons-logging/1.3.5/commons-logging-1.3.5.jar
Progress (1): 7.7/74 kBProgress (1): 16/74 kB Progress (1): 25/74 kBProgress (1): 41/74 kBProgress (1): 57/74 kBProgress (1): 74/74 kBProgress (1): 74 kB                      Downloaded from central: https://repo.maven.apache.org/maven2/commons-logging/commons-logging/1.3.5/commons-logging-1.3.5.jar (74 kB at 2.5 MB/s)
Downloading from central: https://repo.maven.apache.org/maven2/org/apache/felix/org.apache.felix.scr/maven-metadata.xml
Progress (1): 1.7 kB                    Downloaded from central: https://repo.maven.apache.org/maven2/org/apache/felix/org.apache.felix.scr/maven-metadata.xml (1.7 kB at 57 kB/s)
Downloading from central: https://repo.maven.apache.org/maven2/org/apache/felix/org.apache.felix.scr/2.2.14/org.apache.felix.scr-2.2.14.jar.sha512
Downloading from central: https://repo.maven.apache.org/maven2/org/apache/felix/org.apache.felix.scr/2.2.14/org.apache.felix.scr-2.2.14.jar.sha256
[INFO] Downloading from p2: https://mirror.csclub.uwaterloo.ca/eclipse/eclipse/updates/4.39/R-4.39-202602260420/plugins/org.eclipse.osgi_3.24.100.v20251215-1416.jar
[INFO] Downloaded from p2: https://mirror.csclub.uwaterloo.ca/eclipse/eclipse/updates/4.39/R-4.39-202602260420/plugins/org.eclipse.osgi_3.24.100.v20251215-1416.jar (1 MB at 7 MB/s)
Downloading from central: https://repo.maven.apache.org/maven2/org/osgi/org.osgi.service.component/maven-metadata.xml
Progress (1): 525 B                   Downloaded from central: https://repo.maven.apache.org/maven2/org/osgi/org.osgi.service.component/maven-metadata.xml (525 B at 18 kB/s)
Downloading from central: https://repo.maven.apache.org/maven2/org/osgi/org.osgi.service.component/1.5.1/org.osgi.service.component-1.5.1.jar.sha512
Downloading from central: https://repo.maven.apache.org/maven2/org/osgi/org.osgi.service.component/1.5.1/org.osgi.service.component-1.5.1.jar.sha256
Downloading from central: https://repo.maven.apache.org/maven2/org/osgi/org.osgi.util.promise/maven-metadata.xml
Progress (1): 551 B                   Downloaded from central: https://repo.maven.apache.org/maven2/org/osgi/org.osgi.util.promise/maven-metadata.xml (551 B at 20 kB/s)
Downloading from central: https://repo.maven.apache.org/maven2/org/osgi/org.osgi.util.promise/1.3.0/org.osgi.util.promise-1.3.0.jar.sha512
Downloading from central: https://repo.maven.apache.org/maven2/org/osgi/org.osgi.util.promise/1.3.0/org.osgi.util.promise-1.3.0.jar.sha256
[INFO] Downloading from p2: https://download.eclipse.org/tools/orbit/downloads/drops/R20230531010532/repository/plugins/org.bouncycastle.bcpg_1.72.0.v20221013-1810.jar
[INFO] Downloaded from p2: https://download.eclipse.org/tools/orbit/downloads/drops/R20230531010532/repository/plugins/org.bouncycastle.bcpg_1.72.0.v20221013-1810.jar (401 KB at 250 KB/s)
[INFO] Downloading from p2: https://download.eclipse.org/tools/orbit/downloads/drops/R20230531010532/repository/plugins/org.bouncycastle.bcprov_1.72.0.v20221013-1810.jar
[INFO] Downloaded from p2: https://download.eclipse.org/tools/orbit/downloads/drops/R20230531010532/repository/plugins/org.bouncycastle.bcprov_1.72.0.v20221013-1810.jar (10 MB at 541 KB/s)
[INFO] Downloading from p2: https://mirror.csclub.uwaterloo.ca/eclipse/eclipse/updates/4.39/R-4.39-202602260420/plugins/org.eclipse.compare_3.12.0.v20260209-1220.jar
[INFO] Downloaded from p2: https://mirror.csclub.uwaterloo.ca/eclipse/eclipse/updates/4.39/R-4.39-202602260420/plugins/org.eclipse.compare_3.12.0.v20260209-1220.jar (940 KB at 2 MB/s)
[INFO] Downloading from p2: https://mirror.csclub.uwaterloo.ca/eclipse/eclipse/updates/4.39/R-4.39-202602260420/plugins/org.eclipse.ui_3.208.0.v20251219-1043.jar
[INFO] Downloaded from p2: https://mirror.csclub.uwaterloo.ca/eclipse/eclipse/updates/4.39/R-4.39-202602260420/plugins/org.eclipse.ui_3.208.0.v20251219-1043.jar (827 KB at 6 MB/s)
[INFO] Downloading from p2: https://mirror.csclub.uwaterloo.ca/eclipse/eclipse/updates/4.39/R-4.39-202602260420/plugins/org.eclipse.core.resources_3.23.200.v20251217-0810.jar
[INFO] Downloaded from p2: https://mirror.csclub.uwaterloo.ca/eclipse/eclipse/updates/4.39/R-4.39-202602260420/plugins/org.eclipse.core.resources_3.23.200.v20251217-0810.jar (940 KB at 6 MB/s)
[INFO] Downloading from p2: https://mirror.csclub.uwaterloo.ca/eclipse/eclipse/updates/4.39/R-4.39-202602260420/plugins/org.eclipse.jface.text_3.30.0.v20260203-0841.jar
[INFO] Downloaded from p2: https://mirror.csclub.uwaterloo.ca/eclipse/eclipse/updates/4.39/R-4.39-202602260420/plugins/org.eclipse.jface.text_3.30.0.v20260203-0841.jar (1 MB at 6 MB/s)
[INFO] Downloading from p2: https://mirror.csclub.uwaterloo.ca/eclipse/eclipse/updates/4.39/R-4.39-202602260420/plugins/org.eclipse.ui.ide_3.23.0.v20260103-1639.jar
[INFO] Downloaded from p2: https://mirror.csclub.uwaterloo.ca/eclipse/eclipse/updates/4.39/R-4.39-202602260420/plugins/org.eclipse.ui.ide_3.23.0.v20260103-1639.jar (2 MB at 7 MB/s)
[INFO] Downloading from p2: https://mirror.csclub.uwaterloo.ca/eclipse/eclipse/updates/4.39/R-4.39-202602260420/plugins/org.eclipse.ui.views_3.13.0.v20251217-0909.jar
[INFO] Downloaded from p2: https://mirror.csclub.uwaterloo.ca/eclipse/eclipse/updates/4.39/R-4.39-202602260420/plugins/org.eclipse.ui.views_3.13.0.v20251217-0909.jar (123 KB at 1 MB/s)
[INFO] Downloading from p2: https://mirror.csclub.uwaterloo.ca/eclipse/eclipse/updates/4.39/R-4.39-202602260420/plugins/org.eclipse.ui.workbench.texteditor_3.20.0.v20260127-1637.jar
[INFO] Downloaded from p2: https://mirror.csclub.uwaterloo.ca/eclipse/eclipse/updates/4.39/R-4.39-202602260420/plugins/org.eclipse.ui.workbench.texteditor_3.20.0.v20260127-1637.jar (849 KB at 5 MB/s)
[INFO] Downloading from p2: https://mirror.csclub.uwaterloo.ca/eclipse/eclipse/updates/4.39/R-4.39-202602260420/plugins/org.eclipse.core.runtime_3.34.200.v20251220-0953.jar
[INFO] Downloaded from p2: https://mirror.csclub.uwaterloo.ca/eclipse/eclipse/updates/4.39/R-4.39-202602260420/plugins/org.eclipse.core.runtime_3.34.200.v20251220-0953.jar (88 KB at 1 MB/s)
[INFO] Downloading from p2: https://mirror.csclub.uwaterloo.ca/eclipse/eclipse/updates/4.39/R-4.39-202602260420/plugins/org.eclipse.core.expressions_3.9.500.v20250608-0434.jar
[INFO] Downloaded from p2: https://mirror.csclub.uwaterloo.ca/eclipse/eclipse/updates/4.39/R-4.39-202602260420/plugins/org.eclipse.core.expressions_3.9.500.v20250608-0434.jar (96 KB at 1 MB/s)
[INFO] Downloading from p2: https://mirror.csclub.uwaterloo.ca/eclipse/eclipse/updates/4.39/R-4.39-202602260420/plugins/org.eclipse.ui.editors_3.21.0.v20260218-1452.jar
[INFO] Downloaded from p2: https://mirror.csclub.uwaterloo.ca/eclipse/eclipse/updates/4.39/R-4.39-202602260420/plugins/org.eclipse.ui.editors_3.21.0.v20260218-1452.jar (684 KB at 6 MB/s)
[INFO] Downloading from p2: https://ftp2.osuosl.org/pub/eclipse/eclipse/updates/4.39/R-4.39-202602260420/plugins/org.eclipse.ui.forms_3.14.0.v20260109-1454.jar
[INFO] Downloaded from p2: https://ftp2.osuosl.org/pub/eclipse/eclipse/updates/4.39/R-4.39-202602260420/plugins/org.eclipse.ui.forms_3.14.0.v20260109-1454.jar (355 KB at 500 KB/s)
[INFO] Downloading from p2: https://ftp2.osuosl.org/pub/eclipse/eclipse/updates/4.39/R-4.39-202602260420/plugins/org.eclipse.compare.core_3.8.800.v20250718-1505.jar
[INFO] Downloaded from p2: https://ftp2.osuosl.org/pub/eclipse/eclipse/updates/4.39/R-4.39-202602260420/plugins/org.eclipse.compare.core_3.8.800.v20250718-1505.jar (71 KB at 587 KB/s)
[INFO] Downloading from p2: https://mirror.csclub.uwaterloo.ca/eclipse/eclipse/updates/4.39/R-4.39-202602260420/plugins/org.eclipse.swt.svg_3.132.0.v20251202-1523.jar
[INFO] Downloaded from p2: https://mirror.csclub.uwaterloo.ca/eclipse/eclipse/updates/4.39/R-4.39-202602260420/plugins/org.eclipse.swt.svg_3.132.0.v20251202-1523.jar (15 KB at 217 KB/s)
[INFO] Downloading from p2: https://ftp2.osuosl.org/pub/eclipse/eclipse/updates/4.39/R-4.39-202602260420/plugins/org.eclipse.core.commands_3.12.500.v20251103-0733.jar
[INFO] Downloaded from p2: https://ftp2.osuosl.org/pub/eclipse/eclipse/updates/4.39/R-4.39-202602260420/plugins/org.eclipse.core.commands_3.12.500.v20251103-0733.jar (119 KB at 903 KB/s)
[INFO] Downloading from p2: https://ftp2.osuosl.org/pub/eclipse/eclipse/updates/4.39/R-4.39-202602260420/plugins/org.eclipse.equinox.common_3.20.300.v20251111-0312.jar
[INFO] Downloaded from p2: https://ftp2.osuosl.org/pub/eclipse/eclipse/updates/4.39/R-4.39-202602260420/plugins/org.eclipse.equinox.common_3.20.300.v20251111-0312.jar (160 KB at 796 KB/s)
[INFO] Downloading from p2: https://ftp2.osuosl.org/pub/eclipse/eclipse/updates/4.39/R-4.39-202602260420/plugins/org.eclipse.core.contenttype_3.9.800.v20251105-1620.jar
[INFO] Downloaded from p2: https://ftp2.osuosl.org/pub/eclipse/eclipse/updates/4.39/R-4.39-202602260420/plugins/org.eclipse.core.contenttype_3.9.800.v20251105-1620.jar (105 KB at 830 KB/s)
[INFO] Downloading from p2: https://download.eclipse.org/eclipse/updates/4.39/R-4.39-202602260420/plugins/org.eclipse.equinox.preferences_3.12.100.v20251111-0704.jar
[INFO] Downloaded from p2: https://download.eclipse.org/eclipse/updates/4.39/R-4.39-202602260420/plugins/org.eclipse.equinox.preferences_3.12.100.v20251111-0704.jar (127 KB at 154 KB/s)
[INFO] Downloading from p2: https://mirrors.xmission.com/eclipse/eclipse/updates/4.39/R-4.39-202602260420/plugins/org.eclipse.equinox.registry_3.12.600.v20250906-0651.jar
[INFO] Downloaded from p2: https://mirrors.xmission.com/eclipse/eclipse/updates/4.39/R-4.39-202602260420/plugins/org.eclipse.equinox.registry_3.12.600.v20250906-0651.jar (201 KB at 932 KB/s)
[INFO] Downloading from p2: https://mirrors.xmission.com/eclipse/eclipse/updates/4.39/R-4.39-202602260420/plugins/org.eclipse.core.databinding_1.13.700.v20251023-1511.jar
[INFO] Downloaded from p2: https://mirrors.xmission.com/eclipse/eclipse/updates/4.39/R-4.39-202602260420/plugins/org.eclipse.core.databinding_1.13.700.v20251023-1511.jar (289 KB at 4 MB/s)
[INFO] Downloading from p2: https://mirror.csclub.uwaterloo.ca/eclipse/eclipse/updates/4.39/R-4.39-202602260420/plugins/org.eclipse.core.databinding.observable_1.13.500.v20251103-0735.jar
[INFO] Downloaded from p2: https://mirror.csclub.uwaterloo.ca/eclipse/eclipse/updates/4.39/R-4.39-202602260420/plugins/org.eclipse.core.databinding.observable_1.13.500.v20251103-0735.jar (316 KB at 4 MB/s)
[INFO] Downloading from p2: https://mirrors.xmission.com/eclipse/eclipse/updates/4.39/R-4.39-202602260420/plugins/org.eclipse.core.databinding.property_1.10.500.v20250916-0931.jar
[INFO] Downloaded from p2: https://mirrors.xmission.com/eclipse/eclipse/updates/4.39/R-4.39-202602260420/plugins/org.eclipse.core.databinding.property_1.10.500.v20250916-0931.jar (167 KB at 4 MB/s)
[INFO] Downloading from p2: https://mirrors.xmission.com/eclipse/eclipse/updates/4.39/R-4.39-202602260420/plugins/org.eclipse.core.filebuffers_3.8.500.v20251103-0746.jar
[INFO] Downloaded from p2: https://mirrors.xmission.com/eclipse/eclipse/updates/4.39/R-4.39-202602260420/plugins/org.eclipse.core.filebuffers_3.8.500.v20251103-0746.jar (119 KB at 3 MB/s)
[INFO] Downloading from p2: https://mirrors.xmission.com/eclipse/eclipse/updates/4.39/R-4.39-202602260420/plugins/org.eclipse.text_3.14.600.v20260112-1806.jar
[INFO] Downloaded from p2: https://mirrors.xmission.com/eclipse/eclipse/updates/4.39/R-4.39-202602260420/plugins/org.eclipse.text_3.14.600.v20260112-1806.jar (353 KB at 6 MB/s)
[INFO] Downloading from p2: https://mirrors.xmission.com/eclipse/eclipse/updates/4.39/R-4.39-202602260420/plugins/org.eclipse.core.filesystem_1.11.400.v20251107-0507.jar
[INFO] Downloaded from p2: https://mirrors.xmission.com/eclipse/eclipse/updates/4.39/R-4.39-202602260420/plugins/org.eclipse.core.filesystem_1.11.400.v20251107-0507.jar (77 KB at 2 MB/s)
[INFO] Downloading from p2: https://mirrors.xmission.com/eclipse/eclipse/updates/4.39/R-4.39-202602260420/plugins/org.eclipse.core.jobs_3.15.700.v20250725-1147.jar
[INFO] Downloaded from p2: https://mirrors.xmission.com/eclipse/eclipse/updates/4.39/R-4.39-202602260420/plugins/org.eclipse.core.jobs_3.15.700.v20250725-1147.jar (118 KB at 3 MB/s)
[INFO] Downloading from p2: https://mirrors.xmission.com/eclipse/eclipse/updates/4.39/R-4.39-202602260420/plugins/org.eclipse.equinox.app_1.7.600.v20251211-1038.jar
[INFO] Downloaded from p2: https://mirrors.xmission.com/eclipse/eclipse/updates/4.39/R-4.39-202602260420/plugins/org.eclipse.equinox.app_1.7.600.v20251211-1038.jar (91 KB at 2 MB/s)
[INFO] Downloading from p2: https://mirror.csclub.uwaterloo.ca/eclipse/eclipse/updates/4.39/R-4.39-202602260420/plugins/org.eclipse.e4.core.commands_1.1.700.v20250916-0927.jar
[INFO] Downloaded from p2: https://mirror.csclub.uwaterloo.ca/eclipse/eclipse/updates/4.39/R-4.39-202602260420/plugins/org.eclipse.e4.core.commands_1.1.700.v20250916-0927.jar (30 KB at 963 KB/s)
[INFO] Downloading from p2: https://mirrors.xmission.com/eclipse/eclipse/updates/4.39/R-4.39-202602260420/plugins/org.eclipse.e4.core.di_1.9.700.v20250609-0907.jar
[INFO] Downloaded from p2: https://mirrors.xmission.com/eclipse/eclipse/updates/4.39/R-4.39-202602260420/plugins/org.eclipse.e4.core.di_1.9.700.v20250609-0907.jar (64 KB at 2 MB/s)
[INFO] Downloading from p2: https://mirror.csclub.uwaterloo.ca/eclipse/eclipse/updates/4.39/R-4.39-202602260420/plugins/org.eclipse.e4.core.contexts_1.13.200.v20250609-0437.jar
[INFO] Downloaded from p2: https://mirror.csclub.uwaterloo.ca/eclipse/eclipse/updates/4.39/R-4.39-202602260420/plugins/org.eclipse.e4.core.contexts_1.13.200.v20250609-0437.jar (58 KB at 726 KB/s)
[INFO] Downloading from p2: https://mirrors.xmission.com/eclipse/eclipse/updates/4.39/R-4.39-202602260420/plugins/org.eclipse.e4.core.services_2.5.300.v20251112-1253.jar
[INFO] Downloaded from p2: https://mirrors.xmission.com/eclipse/eclipse/updates/4.39/R-4.39-202602260420/plugins/org.eclipse.e4.core.services_2.5.300.v20251112-1253.jar (74 KB at 2 MB/s)
Downloading from central: https://repo.maven.apache.org/maven2/org/osgi/org.osgi.service.event/maven-metadata.xml
Progress (1): 420 B                   Downloaded from central: https://repo.maven.apache.org/maven2/org/osgi/org.osgi.service.event/maven-metadata.xml (420 B at 13 kB/s)
Downloading from central: https://repo.maven.apache.org/maven2/org/osgi/org.osgi.service.event/1.4.1/org.osgi.service.event-1.4.1.jar.sha512
Downloading from central: https://repo.maven.apache.org/maven2/org/osgi/org.osgi.service.event/1.4.1/org.osgi.service.event-1.4.1.jar.sha256
Downloading from central: https://repo.maven.apache.org/maven2/org/osgi/org.osgi.service.event/1.4.1/org.osgi.service.event-1.4.1.jar
Progress (1): 3.2/48 kBProgress (1): 20/48 kB Progress (1): 36/48 kBProgress (1): 48 kB                      Downloaded from central: https://repo.maven.apache.org/maven2/org/osgi/org.osgi.service.event/1.4.1/org.osgi.service.event-1.4.1.jar (48 kB at 1.8 MB/s)
[INFO] Downloading from p2: https://mirrors.xmission.com/eclipse/eclipse/updates/4.39/R-4.39-202602260420/plugins/org.eclipse.e4.core.di.annotations_1.8.400.v20240413-1529.jar
[INFO] Downloaded from p2: https://mirrors.xmission.com/eclipse/eclipse/updates/4.39/R-4.39-202602260420/plugins/org.eclipse.e4.core.di.annotations_1.8.400.v20240413-1529.jar (13 KB at 531 KB/s)
[INFO] Downloading from p2: https://mirrors.xmission.com/eclipse/eclipse/updates/4.39/R-4.39-202602260420/plugins/org.eclipse.e4.core.di.extensions_0.18.300.v20240413-1529.jar
[INFO] Downloaded from p2: https://mirrors.xmission.com/eclipse/eclipse/updates/4.39/R-4.39-202602260420/plugins/org.eclipse.e4.core.di.extensions_0.18.300.v20240413-1529.jar (12 KB at 517 KB/s)
[INFO] Downloading from p2: https://ftp2.osuosl.org/pub/eclipse/eclipse/updates/4.39/R-4.39-202602260420/plugins/org.eclipse.e4.core.di.extensions.supplier_0.17.1000.v20260130-1147.jar
[INFO] Downloaded from p2: https://ftp2.osuosl.org/pub/eclipse/eclipse/updates/4.39/R-4.39-202602260420/plugins/org.eclipse.e4.core.di.extensions.supplier_0.17.1000.v20260130-1147.jar (42 KB at 223 KB/s)
Downloading from central: https://repo.maven.apache.org/maven2/org/osgi/org.osgi.service.prefs/maven-metadata.xml
Progress (1): 389 B                   Downloaded from central: https://repo.maven.apache.org/maven2/org/osgi/org.osgi.service.prefs/maven-metadata.xml (389 B at 13 kB/s)
Downloading from central: https://repo.maven.apache.org/maven2/org/osgi/org.osgi.service.prefs/1.1.2/org.osgi.service.prefs-1.1.2.jar.sha512
Downloading from central: https://repo.maven.apache.org/maven2/org/osgi/org.osgi.service.prefs/1.1.2/org.osgi.service.prefs-1.1.2.jar.sha256
[INFO] Downloading from p2: https://mirror.csclub.uwaterloo.ca/eclipse/eclipse/updates/4.39/R-4.39-202602260420/plugins/org.eclipse.e4.emf.xpath_0.6.100.v20251103-0738.jar
[INFO] Downloaded from p2: https://mirror.csclub.uwaterloo.ca/eclipse/eclipse/updates/4.39/R-4.39-202602260420/plugins/org.eclipse.e4.emf.xpath_0.6.100.v20251103-0738.jar (25 KB at 392 KB/s)
[INFO] Downloading from p2: https://ftp2.osuosl.org/pub/eclipse/eclipse/updates/4.39/R-4.39-202602260420/plugins/org.eclipse.emf.ecore_2.42.0.v20251210-1145.jar
[INFO] Downloaded from p2: https://ftp2.osuosl.org/pub/eclipse/eclipse/updates/4.39/R-4.39-202602260420/plugins/org.eclipse.emf.ecore_2.42.0.v20251210-1145.jar (1 MB at 1 MB/s)
[INFO] Downloading from p2: https://mirrors.xmission.com/eclipse/eclipse/updates/4.39/R-4.39-202602260420/plugins/org.eclipse.emf.ecore.xmi_2.40.0.v20251210-1145.jar
[INFO] Downloaded from p2: https://mirrors.xmission.com/eclipse/eclipse/updates/4.39/R-4.39-202602260420/plugins/org.eclipse.emf.ecore.xmi_2.40.0.v20251210-1145.jar (249 KB at 5 MB/s)
[INFO] Downloading from p2: https://mirrors.xmission.com/eclipse/eclipse/updates/4.39/R-4.39-202602260420/plugins/org.eclipse.e4.ui.bindings_0.15.0.v20251216-1230.jar
[INFO] Downloaded from p2: https://mirrors.xmission.com/eclipse/eclipse/updates/4.39/R-4.39-202602260420/plugins/org.eclipse.e4.ui.bindings_0.15.0.v20251216-1230.jar (51 KB at 1 MB/s)
[INFO] Downloading from p2: https://mirrors.xmission.com/eclipse/eclipse/updates/4.39/R-4.39-202602260420/plugins/org.eclipse.swt_3.133.0.v20260225-1014.jar
[INFO] Downloaded from p2: https://mirrors.xmission.com/eclipse/eclipse/updates/4.39/R-4.39-202602260420/plugins/org.eclipse.swt_3.133.0.v20260225-1014.jar (19 KB at 760 KB/s)
[INFO] Downloading from p2: https://ftp2.osuosl.org/pub/eclipse/eclipse/updates/4.39/R-4.39-202602260420/plugins/org.eclipse.e4.ui.services_1.6.600.v20251023-1358.jar
[INFO] Downloaded from p2: https://ftp2.osuosl.org/pub/eclipse/eclipse/updates/4.39/R-4.39-202602260420/plugins/org.eclipse.e4.ui.services_1.6.600.v20251023-1358.jar (27 KB at 303 KB/s)
[INFO] Downloading from p2: https://mirror.csclub.uwaterloo.ca/eclipse/eclipse/updates/4.39/R-4.39-202602260420/plugins/org.eclipse.e4.ui.model.workbench_2.4.700.v20251029-0840.jar
[INFO] Downloaded from p2: https://mirror.csclub.uwaterloo.ca/eclipse/eclipse/updates/4.39/R-4.39-202602260420/plugins/org.eclipse.e4.ui.model.workbench_2.4.700.v20251029-0840.jar (400 KB at 4 MB/s)
[INFO] Downloading from p2: https://mirrors.xmission.com/eclipse/eclipse/updates/4.39/R-4.39-202602260420/plugins/org.eclipse.jface_3.39.0.v20260122-1511.jar
[INFO] Downloaded from p2: https://mirrors.xmission.com/eclipse/eclipse/updates/4.39/R-4.39-202602260420/plugins/org.eclipse.jface_3.39.0.v20260122-1511.jar (1 MB at 8 MB/s)
[INFO] Downloading from p2: https://mirror.csclub.uwaterloo.ca/eclipse/eclipse/updates/4.39/R-4.39-202602260420/plugins/org.eclipse.e4.ui.css.core_0.14.600.v20251112-0859.jar
[INFO] Downloaded from p2: https://mirror.csclub.uwaterloo.ca/eclipse/eclipse/updates/4.39/R-4.39-202602260420/plugins/org.eclipse.e4.ui.css.core_0.14.600.v20251112-0859.jar (221 KB at 3 MB/s)
[INFO] Downloading from p2: https://mirror.csclub.uwaterloo.ca/eclipse/eclipse/updates/4.39/R-4.39-202602260420/plugins/org.eclipse.e4.ui.css.swt_0.16.0.v20251216-1230.jar
[INFO] Downloaded from p2: https://mirror.csclub.uwaterloo.ca/eclipse/eclipse/updates/4.39/R-4.39-202602260420/plugins/org.eclipse.e4.ui.css.swt_0.16.0.v20251216-1230.jar (207 KB at 5 MB/s)
[INFO] Downloading from p2: https://mirrors.xmission.com/eclipse/eclipse/updates/4.39/R-4.39-202602260420/plugins/org.eclipse.e4.ui.css.swt.theme_0.15.0.v20251216-1230.jar
[INFO] Downloaded from p2: https://mirrors.xmission.com/eclipse/eclipse/updates/4.39/R-4.39-202602260420/plugins/org.eclipse.e4.ui.css.swt.theme_0.15.0.v20251216-1230.jar (31 KB at 1 MB/s)
[INFO] Downloading from p2: https://ftp2.osuosl.org/pub/eclipse/eclipse/updates/4.39/R-4.39-202602260420/plugins/org.eclipse.e4.ui.di_1.5.700.v20250917-0901.jar
[INFO] Downloaded from p2: https://ftp2.osuosl.org/pub/eclipse/eclipse/updates/4.39/R-4.39-202602260420/plugins/org.eclipse.e4.ui.di_1.5.700.v20250917-0901.jar (19 KB at 275 KB/s)
[INFO] Downloading from p2: https://ftp2.osuosl.org/pub/eclipse/eclipse/updates/4.39/R-4.39-202602260420/plugins/org.eclipse.e4.ui.dialogs_1.7.0.v20251222-0947.jar
[INFO] Downloaded from p2: https://ftp2.osuosl.org/pub/eclipse/eclipse/updates/4.39/R-4.39-202602260420/plugins/org.eclipse.e4.ui.dialogs_1.7.0.v20251222-0947.jar (69 KB at 535 KB/s)
[INFO] Downloading from p2: https://mirror.csclub.uwaterloo.ca/eclipse/eclipse/updates/4.39/R-4.39-202602260420/plugins/org.eclipse.e4.ui.ide_3.18.0.v20251217-1052.jar
[INFO] Downloaded from p2: https://mirror.csclub.uwaterloo.ca/eclipse/eclipse/updates/4.39/R-4.39-202602260420/plugins/org.eclipse.e4.ui.ide_3.18.0.v20251217-1052.jar (14 KB at 303 KB/s)
[INFO] Downloading from p2: https://mirrors.xmission.com/eclipse/eclipse/updates/4.39/R-4.39-202602260420/plugins/org.eclipse.equinox.event_1.7.300.v20250518-0609.jar
[INFO] Downloaded from p2: https://mirrors.xmission.com/eclipse/eclipse/updates/4.39/R-4.39-202602260420/plugins/org.eclipse.equinox.event_1.7.300.v20250518-0609.jar (37 KB at 1 MB/s)
[INFO] Downloading from p2: https://mirrors.xmission.com/eclipse/eclipse/updates/4.39/R-4.39-202602260420/plugins/org.eclipse.e4.ui.widgets_1.5.0.v20251217-1052.jar
[INFO] Downloaded from p2: https://mirrors.xmission.com/eclipse/eclipse/updates/4.39/R-4.39-202602260420/plugins/org.eclipse.e4.ui.widgets_1.5.0.v20251217-1052.jar (16 KB at 344 KB/s)
[INFO] Downloading from p2: https://mirror.csclub.uwaterloo.ca/eclipse/eclipse/updates/4.39/R-4.39-202602260420/plugins/org.eclipse.e4.ui.workbench_1.18.200.v20260124-1751.jar
[INFO] Downloaded from p2: https://mirror.csclub.uwaterloo.ca/eclipse/eclipse/updates/4.39/R-4.39-202602260420/plugins/org.eclipse.e4.ui.workbench_1.18.200.v20260124-1751.jar (274 KB at 2 MB/s)
[INFO] Downloading from p2: https://mirrors.xmission.com/eclipse/eclipse/updates/4.39/R-4.39-202602260420/plugins/org.eclipse.emf.ecore.change_2.17.0.v20250910-1205.jar
[INFO] Downloaded from p2: https://mirrors.xmission.com/eclipse/eclipse/updates/4.39/R-4.39-202602260420/plugins/org.eclipse.emf.ecore.change_2.17.0.v20250910-1205.jar (95 KB at 3 MB/s)
[INFO] Downloading from p2: https://mirrors.xmission.com/eclipse/eclipse/updates/4.39/R-4.39-202602260420/plugins/org.eclipse.e4.ui.workbench.addons.swt_1.6.0.v20251216-1230.jar
[INFO] Downloaded from p2: https://mirrors.xmission.com/eclipse/eclipse/updates/4.39/R-4.39-202602260420/plugins/org.eclipse.e4.ui.workbench.addons.swt_1.6.0.v20251216-1230.jar (129 KB at 3 MB/s)
[INFO] Downloading from p2: https://mirrors.xmission.com/eclipse/eclipse/updates/4.39/R-4.39-202602260420/plugins/org.eclipse.e4.ui.workbench.renderers.swt_0.17.0.v20260131-0926.jar
[INFO] Downloaded from p2: https://mirrors.xmission.com/eclipse/eclipse/updates/4.39/R-4.39-202602260420/plugins/org.eclipse.e4.ui.workbench.renderers.swt_0.17.0.v20260131-0926.jar (270 KB at 6 MB/s)
[INFO] Downloading from p2: https://mirror.csclub.uwaterloo.ca/eclipse/eclipse/updates/4.39/R-4.39-202602260420/plugins/org.eclipse.e4.ui.workbench.swt_0.18.0.v20260119-0835.jar
[INFO] Downloaded from p2: https://mirror.csclub.uwaterloo.ca/eclipse/eclipse/updates/4.39/R-4.39-202602260420/plugins/org.eclipse.e4.ui.workbench.swt_0.18.0.v20260119-0835.jar (160 KB at 2 MB/s)
[INFO] Downloading from p2: https://mirrors.xmission.com/eclipse/eclipse/updates/4.39/R-4.39-202602260420/plugins/org.eclipse.jface.databinding_1.16.0.v20251216-1230.jar
[INFO] Downloaded from p2: https://mirrors.xmission.com/eclipse/eclipse/updates/4.39/R-4.39-202602260420/plugins/org.eclipse.jface.databinding_1.16.0.v20251216-1230.jar (294 KB at 7 MB/s)
[INFO] Downloading from p2: https://mirrors.xmission.com/eclipse/eclipse/updates/4.39/R-4.39-202602260420/plugins/org.eclipse.e4.ui.workbench3_0.18.0.v20251216-1230.jar
[INFO] Downloaded from p2: https://mirrors.xmission.com/eclipse/eclipse/updates/4.39/R-4.39-202602260420/plugins/org.eclipse.e4.ui.workbench3_0.18.0.v20251216-1230.jar (24 KB at 948 KB/s)
[INFO] Downloading from p2: https://mirrors.xmission.com/eclipse/eclipse/updates/4.39/R-4.39-202602260420/plugins/org.eclipse.urischeme_1.3.600.v20251023-1158.jar
[INFO] Downloaded from p2: https://mirrors.xmission.com/eclipse/eclipse/updates/4.39/R-4.39-202602260420/plugins/org.eclipse.urischeme_1.3.600.v20251023-1158.jar (56 KB at 1 MB/s)
[INFO] Downloading from p2: https://mirrors.xmission.com/eclipse/eclipse/updates/4.39/R-4.39-202602260420/plugins/org.eclipse.emf.common_2.45.0.v20251210-1145.jar
[INFO] Downloaded from p2: https://mirrors.xmission.com/eclipse/eclipse/updates/4.39/R-4.39-202602260420/plugins/org.eclipse.emf.common_2.45.0.v20251210-1145.jar (394 KB at 7 MB/s)
[INFO] Downloading from p2: https://mirrors.xmission.com/eclipse/eclipse/updates/4.39/R-4.39-202602260420/plugins/org.eclipse.equinox.bidi_1.5.400.v20250715-0436.jar
[INFO] Downloaded from p2: https://mirrors.xmission.com/eclipse/eclipse/updates/4.39/R-4.39-202602260420/plugins/org.eclipse.equinox.bidi_1.5.400.v20250715-0436.jar (54 KB at 1 MB/s)
[INFO] Downloading from p2: https://ftp2.osuosl.org/pub/eclipse/eclipse/updates/4.39/R-4.39-202602260420/plugins/org.eclipse.equinox.p2.artifact.repository_1.5.800.v20250620-1926.jar
[INFO] Downloaded from p2: https://ftp2.osuosl.org/pub/eclipse/eclipse/updates/4.39/R-4.39-202602260420/plugins/org.eclipse.equinox.p2.artifact.repository_1.5.800.v20250620-1926.jar (182 KB at 731 KB/s)
[INFO] Downloading from p2: https://mirror.csclub.uwaterloo.ca/eclipse/eclipse/updates/4.39/R-4.39-202602260420/plugins/org.eclipse.equinox.p2.metadata_2.9.600.v20251108-0408.jar
[INFO] Downloaded from p2: https://mirror.csclub.uwaterloo.ca/eclipse/eclipse/updates/4.39/R-4.39-202602260420/plugins/org.eclipse.equinox.p2.metadata_2.9.600.v20251108-0408.jar (371 KB at 4 MB/s)
Downloading from central: https://repo.maven.apache.org/maven2/org/tukaani/xz/maven-metadata.xml
Progress (1): 667 B                   Downloaded from central: https://repo.maven.apache.org/maven2/org/tukaani/xz/maven-metadata.xml (667 B at 22 kB/s)
Downloading from central: https://repo.maven.apache.org/maven2/org/tukaani/xz/1.11/xz-1.11.jar.sha512
Progress (1): 129 B                   Downloaded from central: https://repo.maven.apache.org/maven2/org/tukaani/xz/1.11/xz-1.11.jar.sha512 (129 B at 4.6 kB/s)
[INFO] Downloading from p2: https://mirrors.xmission.com/eclipse/eclipse/updates/4.39/R-4.39-202602260420/plugins/org.tukaani.xz_1.11.0.jar
[INFO] Downloaded from p2: https://mirrors.xmission.com/eclipse/eclipse/updates/4.39/R-4.39-202602260420/plugins/org.tukaani.xz_1.11.0.jar (164 KB at 4 MB/s)
[INFO] Downloading from p2: https://mirror.csclub.uwaterloo.ca/eclipse/eclipse/updates/4.39/R-4.39-202602260420/plugins/org.eclipse.equinox.p2.core_2.13.300.v20260108-1444.jar
[INFO] Downloaded from p2: https://mirror.csclub.uwaterloo.ca/eclipse/eclipse/updates/4.39/R-4.39-202602260420/plugins/org.eclipse.equinox.p2.core_2.13.300.v20260108-1444.jar (84 KB at 1 MB/s)
[INFO] Downloading from p2: https://mirrors.xmission.com/eclipse/eclipse/updates/4.39/R-4.39-202602260420/plugins/org.eclipse.equinox.p2.jarprocessor_1.3.600.v20250517-0338.jar
[INFO] Downloaded from p2: https://mirrors.xmission.com/eclipse/eclipse/updates/4.39/R-4.39-202602260420/plugins/org.eclipse.equinox.p2.jarprocessor_1.3.600.v20250517-0338.jar (67 KB at 2 MB/s)
[INFO] Downloading from p2: https://mirrors.xmission.com/eclipse/eclipse/updates/4.39/R-4.39-202602260420/plugins/org.eclipse.equinox.p2.repository_2.9.600.v20251118-0500.jar
[INFO] Downloaded from p2: https://mirrors.xmission.com/eclipse/eclipse/updates/4.39/R-4.39-202602260420/plugins/org.eclipse.equinox.p2.repository_2.9.600.v20251118-0500.jar (192 KB at 4 MB/s)
[INFO] Downloading from p2: https://mirrors.xmission.com/eclipse/eclipse/updates/4.39/R-4.39-202602260420/plugins/org.eclipse.equinox.p2.engine_2.11.0.v20251111-1028.jar
[INFO] Downloaded from p2: https://mirrors.xmission.com/eclipse/eclipse/updates/4.39/R-4.39-202602260420/plugins/org.eclipse.equinox.p2.engine_2.11.0.v20251111-1028.jar (245 KB at 5 MB/s)
[INFO] Downloading from p2: https://mirrors.xmission.com/eclipse/eclipse/updates/4.39/R-4.39-202602260420/plugins/org.eclipse.equinox.p2.metadata.repository_1.5.700.v20250720-0955.jar
[INFO] Downloaded from p2: https://mirrors.xmission.com/eclipse/eclipse/updates/4.39/R-4.39-202602260420/plugins/org.eclipse.equinox.p2.metadata.repository_1.5.700.v20250720-0955.jar (141 KB at 4 MB/s)
[INFO] Downloading from p2: https://mirrors.xmission.com/eclipse/eclipse/updates/4.39/R-4.39-202602260420/plugins/org.eclipse.equinox.security_1.4.700.v20250622-1644.jar
[INFO] Downloaded from p2: https://mirrors.xmission.com/eclipse/eclipse/updates/4.39/R-4.39-202602260420/plugins/org.eclipse.equinox.security_1.4.700.v20250622-1644.jar (117 KB at 3 MB/s)
[INFO] Downloading from p2: https://mirrors.xmission.com/eclipse/eclipse/updates/4.39/R-4.39-202602260420/plugins/org.eclipse.help_3.11.0.v20251227-1159.jar
[INFO] Downloaded from p2: https://mirrors.xmission.com/eclipse/eclipse/updates/4.39/R-4.39-202602260420/plugins/org.eclipse.help_3.11.0.v20251227-1159.jar (277 KB at 6 MB/s)
[INFO] Downloading from p2: https://mirror.csclub.uwaterloo.ca/eclipse/eclipse/updates/4.39/R-4.39-202602260420/plugins/org.eclipse.jdt.core_3.45.0.v20260219-1233.jar
[INFO] Downloaded from p2: https://mirror.csclub.uwaterloo.ca/eclipse/eclipse/updates/4.39/R-4.39-202602260420/plugins/org.eclipse.jdt.core_3.45.0.v20260219-1233.jar (4 MB at 10 MB/s)
[INFO] Downloading from p2: https://mirror.cs.odu.edu/eclipse/eclipse/updates/4.39/R-4.39-202602260420/plugins/org.eclipse.jdt.core.compiler.batch_3.45.0.v20260224-0835.jar
[INFO] Downloaded from p2: https://mirror.cs.odu.edu/eclipse/eclipse/updates/4.39/R-4.39-202602260420/plugins/org.eclipse.jdt.core.compiler.batch_3.45.0.v20260224-0835.jar (3 MB at 5 MB/s)
[INFO] Downloading from p2: https://mirror.csclub.uwaterloo.ca/eclipse/eclipse/updates/4.39/R-4.39-202602260420/plugins/org.eclipse.jface.notifications_0.8.0.v20251217-0909.jar
[INFO] Downloaded from p2: https://mirror.csclub.uwaterloo.ca/eclipse/eclipse/updates/4.39/R-4.39-202602260420/plugins/org.eclipse.jface.notifications_0.8.0.v20251217-0909.jar (36 KB at 500 KB/s)
[INFO] Downloading from p2: https://mirrors.xmission.com/eclipse/eclipse/updates/4.39/R-4.39-202602260420/plugins/org.eclipse.ltk.core.refactoring_3.15.100.v20251023-1358.jar
[INFO] Downloaded from p2: https://mirrors.xmission.com/eclipse/eclipse/updates/4.39/R-4.39-202602260420/plugins/org.eclipse.ltk.core.refactoring_3.15.100.v20251023-1358.jar (360 KB at 7 MB/s)
[INFO] Downloading from p2: https://mirrors.xmission.com/eclipse/eclipse/updates/4.39/R-4.39-202602260420/plugins/org.eclipse.ltk.ui.refactoring_3.14.0.v20251216-1634.jar
[INFO] Downloaded from p2: https://mirrors.xmission.com/eclipse/eclipse/updates/4.39/R-4.39-202602260420/plugins/org.eclipse.ltk.ui.refactoring_3.14.0.v20251216-1634.jar (631 KB at 10 MB/s)
[INFO] Downloading from p2: https://mirrors.xmission.com/eclipse/eclipse/updates/4.39/R-4.39-202602260420/plugins/org.eclipse.ui.navigator_3.14.0.v20260103-1533.jar
[INFO] Downloaded from p2: https://mirrors.xmission.com/eclipse/eclipse/updates/4.39/R-4.39-202602260420/plugins/org.eclipse.ui.navigator_3.14.0.v20260103-1533.jar (449 KB at 8 MB/s)
[INFO] Downloading from p2: https://mirrors.xmission.com/eclipse/eclipse/updates/4.39/R-4.39-202602260420/plugins/org.eclipse.team.core_3.10.1000.v20260112-1030.jar
[INFO] Downloaded from p2: https://mirrors.xmission.com/eclipse/eclipse/updates/4.39/R-4.39-202602260420/plugins/org.eclipse.team.core_3.10.1000.v20260112-1030.jar (408 KB at 8 MB/s)
[INFO] Downloading from p2: https://mirrors.xmission.com/eclipse/eclipse/updates/4.39/R-4.39-202602260420/plugins/org.eclipse.team.ui_3.12.0.v20260104-0919.jar
[INFO] Downloaded from p2: https://mirrors.xmission.com/eclipse/eclipse/updates/4.39/R-4.39-202602260420/plugins/org.eclipse.team.ui_3.12.0.v20260104-0919.jar (1 MB at 11 MB/s)
[INFO] Downloading from p2: https://mirror.cs.odu.edu/eclipse/eclipse/updates/4.39/R-4.39-202602260420/plugins/org.eclipse.search_3.18.0.v20260103-1533.jar
[INFO] Downloaded from p2: https://mirror.cs.odu.edu/eclipse/eclipse/updates/4.39/R-4.39-202602260420/plugins/org.eclipse.search_3.18.0.v20260103-1533.jar (548 KB at 6 MB/s)
[INFO] Downloading from p2: https://mirrors.xmission.com/eclipse/eclipse/updates/4.39/R-4.39-202602260420/plugins/org.eclipse.search.core_3.16.600.v20250920-0652.jar
[INFO] Downloaded from p2: https://mirrors.xmission.com/eclipse/eclipse/updates/4.39/R-4.39-202602260420/plugins/org.eclipse.search.core_3.16.600.v20250920-0652.jar (60 KB at 2 MB/s)
[INFO] Downloading from p2: https://ftp2.osuosl.org/pub/eclipse/eclipse/updates/4.39/R-4.39-202602260420/plugins/org.eclipse.swt.gtk.linux.x86_64_3.133.0.v20260225-1014.jar
[INFO] Downloaded from p2: https://ftp2.osuosl.org/pub/eclipse/eclipse/updates/4.39/R-4.39-202602260420/plugins/org.eclipse.swt.gtk.linux.x86_64_3.133.0.v20260225-1014.jar (2 MB at 1 MB/s)
[INFO] Downloading from p2: https://mirrors.xmission.com/eclipse/eclipse/updates/4.39/R-4.39-202602260420/plugins/org.eclipse.ui.workbench_3.138.0.v20260204-1601.jar
[INFO] Downloaded from p2: https://mirrors.xmission.com/eclipse/eclipse/updates/4.39/R-4.39-202602260420/plugins/org.eclipse.ui.workbench_3.138.0.v20260204-1601.jar (3 MB at 12 MB/s)
Downloading from central: https://repo.maven.apache.org/maven2/org/osgi/org.osgi.util.function/maven-metadata.xml
Progress (1): 455 B                   Downloaded from central: https://repo.maven.apache.org/maven2/org/osgi/org.osgi.util.function/maven-metadata.xml (455 B at 14 kB/s)
Downloading from central: https://repo.maven.apache.org/maven2/org/osgi/org.osgi.util.function/1.2.0/org.osgi.util.function-1.2.0.jar.sha512
Downloading from central: https://repo.maven.apache.org/maven2/org/osgi/org.osgi.util.function/1.2.0/org.osgi.util.function-1.2.0.jar.sha256
[INFO] Downloading from p2: https://mirrors.xmission.com/eclipse/eclipse/updates/4.39/R-4.39-202602260420/plugins/org.eclipse.swt.win32.win32.x86_64_3.133.0.v20260225-1014.jar
[INFO] Downloaded from p2: https://mirrors.xmission.com/eclipse/eclipse/updates/4.39/R-4.39-202602260420/plugins/org.eclipse.swt.win32.win32.x86_64_3.133.0.v20260225-1014.jar (2 MB at 12 MB/s)
[INFO] Downloading from p2: https://mirrors.xmission.com/eclipse/eclipse/updates/4.39/R-4.39-202602260420/plugins/org.eclipse.swt.cocoa.macosx.x86_64_3.133.0.v20260225-1014.jar
[INFO] Downloaded from p2: https://mirrors.xmission.com/eclipse/eclipse/updates/4.39/R-4.39-202602260420/plugins/org.eclipse.swt.cocoa.macosx.x86_64_3.133.0.v20260225-1014.jar (2 MB at 14 MB/s)
Downloading from central: https://repo.maven.apache.org/maven2/com/github/weisj/jsvg/2.0.0/jsvg-2.0.0.pom
Progress (1): 1.2 kB                    Downloaded from central: https://repo.maven.apache.org/maven2/com/github/weisj/jsvg/2.0.0/jsvg-2.0.0.pom (1.2 kB at 42 kB/s)
Downloading from central: https://repo.maven.apache.org/maven2/com/ibm/icu/icu4j/78.2/icu4j-78.2.pom
Progress (1): 1.1 kBProgress (1): 1.5 kB                    Downloaded from central: https://repo.maven.apache.org/maven2/com/ibm/icu/icu4j/78.2/icu4j-78.2.pom (1.5 kB at 47 kB/s)
Downloading from central: https://repo.maven.apache.org/maven2/jakarta/annotation/jakarta.annotation-api/2.1.1/jakarta.annotation-api-2.1.1.pom
Progress (1): 828 BProgress (1): 2.8 kBProgress (1): 5.9 kBProgress (1): 9.9 kBProgress (1): 13 kB Progress (1): 16 kB                   Downloaded from central: https://repo.maven.apache.org/maven2/jakarta/annotation/jakarta.annotation-api/2.1.1/jakarta.annotation-api-2.1.1.pom (16 kB at 608 kB/s)
Downloading from central: https://repo.maven.apache.org/maven2/org/eclipse/ee4j/project/1.0.7/project-1.0.7.pom
Progress (1): 837 BProgress (1): 2.5 kBProgress (1): 5.0 kBProgress (1): 8.0 kBProgress (1): 13 kB Progress (1): 14 kB                   Downloaded from central: https://repo.maven.apache.org/maven2/org/eclipse/ee4j/project/1.0.7/project-1.0.7.pom (14 kB at 525 kB/s)
Downloading from central: https://repo.maven.apache.org/maven2/jakarta/inject/jakarta.inject-api/2.0.1/jakarta.inject-api-2.0.1.pom
Progress (1): 1.2 kBProgress (1): 3.4 kBProgress (1): 5.4 kBProgress (1): 5.9 kB                    Downloaded from central: https://repo.maven.apache.org/maven2/jakarta/inject/jakarta.inject-api/2.0.1/jakarta.inject-api-2.0.1.pom (5.9 kB at 237 kB/s)
Downloading from central: https://repo.maven.apache.org/maven2/commons-logging/commons-logging/1.3.5/commons-logging-1.3.5.pom
Progress (1): 740 BProgress (1): 2.1 kBProgress (1): 3.9 kBProgress (1): 5.4 kBProgress (1): 8.5 kBProgress (1): 11 kB Progress (1): 14 kBProgress (1): 20 kBProgress (1): 23 kBProgress (1): 28 kBProgress (1): 31 kBProgress (1): 32 kB                   Downloaded from central: https://repo.maven.apache.org/maven2/commons-logging/commons-logging/1.3.5/commons-logging-1.3.5.pom (32 kB at 1.1 MB/s)
Downloading from central: https://repo.maven.apache.org/maven2/org/apache/commons/commons-parent/81/commons-parent-81.pom
Progress (1): 701 BProgress (1): 1.9 kBProgress (1): 3.2 kBProgress (1): 4.7 kBProgress (1): 6.8 kBProgress (1): 9.2 kBProgress (1): 11 kB Progress (1): 13 kBProgress (1): 16 kBProgress (1): 18 kBProgress (1): 21 kBProgress (1): 23 kBProgress (1): 25 kBProgress (1): 29 kBProgress (1): 32 kBProgress (1): 32 kBProgress (1): 37 kBProgress (1): 41 kBProgress (1): 45 kBProgress (1): 47 kBProgress (1): 50 kBProgress (1): 52 kBProgress (1): 56 kBProgress (1): 58 kBProgress (1): 61 kBProgress (1): 64 kBProgress (1): 69 kBProgress (1): 71 kBProgress (1): 74 kBProgress (1): 76 kBProgress (1): 78 kB                   Downloaded from central: https://repo.maven.apache.org/maven2/org/apache/commons/commons-parent/81/commons-parent-81.pom (78 kB at 2.3 MB/s)
Downloading from central: https://repo.maven.apache.org/maven2/org/osgi/org.osgi.service.event/1.4.1/org.osgi.service.event-1.4.1.pom
Progress (1): 1.1 kBProgress (1): 2.3 kB                    Downloaded from central: https://repo.maven.apache.org/maven2/org/osgi/org.osgi.service.event/1.4.1/org.osgi.service.event-1.4.1.pom (2.3 kB at 84 kB/s)
Downloading from central: https://repo.maven.apache.org/maven2/org/osgi/org.osgi.namespace.implementation/1.0.0/org.osgi.namespace.implementation-1.0.0.pom
Progress (1): 1.3 kB                    Downloaded from central: https://repo.maven.apache.org/maven2/org/osgi/org.osgi.namespace.implementation/1.0.0/org.osgi.namespace.implementation-1.0.0.pom (1.3 kB at 41 kB/s)
Downloading from central: https://repo.maven.apache.org/maven2/org/osgi/org.osgi.namespace.implementation/1.0.0/org.osgi.namespace.implementation-1.0.0.jar
Downloading from central: https://repo.maven.apache.org/maven2/org/osgi/osgi.annotation/8.1.0/osgi.annotation-8.1.0.jar
Progress (1): 7.7/12 kBProgress (1): 12 kB                       Downloaded from central: https://repo.maven.apache.org/maven2/org/osgi/org.osgi.namespace.implementation/1.0.0/org.osgi.namespace.implementation-1.0.0.jar (12 kB at 372 kB/s)
Progress (1): 3.8/36 kBProgress (1): 8.0/36 kBProgress (1): 12/36 kB Progress (1): 16/36 kBProgress (1): 21/36 kBProgress (1): 25/36 kBProgress (1): 29/36 kBProgress (1): 32/36 kBProgress (1): 36 kB                      Downloaded from central: https://repo.maven.apache.org/maven2/org/osgi/osgi.annotation/8.1.0/osgi.annotation-8.1.0.jar (36 kB at 852 kB/s)
[INFO]
[INFO] --- tycho-packaging:5.0.2:build-qualifier (default-build-qualifier) @ org.moreunit.core ---
[INFO] The project's OSGi version is 4.0.2.202605200034
[INFO]
[INFO] --- tycho-packaging:5.0.2:validate-id (default-validate-id) @ org.moreunit.core ---
[INFO]
[INFO] --- tycho-packaging:5.0.2:validate-version (default-validate-version) @ org.moreunit.core ---
[INFO]
[INFO] --- target-platform-configuration:5.0.2:target-platform (default-target-platform) @ org.moreunit.core ---
[INFO]
[INFO] --- tycho-compiler:5.0.2:validate-classpath (default-validate-classpath) @ org.moreunit.core ---
[INFO] Resolving class path of org.moreunit.core
[INFO] Downloading from p2: https://mirrors.xmission.com/eclipse/eclipse/updates/4.39/R-4.39-202602260420/plugins/com.github.weisj.jsvg.source_2.0.0.jar
[INFO] Downloaded from p2: https://mirrors.xmission.com/eclipse/eclipse/updates/4.39/R-4.39-202602260420/plugins/com.github.weisj.jsvg.source_2.0.0.jar (558 KB at 2 MB/s)
[INFO] Downloading from p2: https://mirror.cs.odu.edu/eclipse/eclipse/updates/4.39/R-4.39-202602260420/plugins/com.ibm.icu.source_78.2.0.jar
[INFO] Downloaded from p2: https://mirror.cs.odu.edu/eclipse/eclipse/updates/4.39/R-4.39-202602260420/plugins/com.ibm.icu.source_78.2.0.jar (2 MB at 5 MB/s)
[INFO] Downloading from p2: https://ftp2.osuosl.org/pub/eclipse/eclipse/updates/4.39/R-4.39-202602260420/plugins/com.sun.jna.platform.source_5.18.1.jar
[INFO] Downloaded from p2: https://ftp2.osuosl.org/pub/eclipse/eclipse/updates/4.39/R-4.39-202602260420/plugins/com.sun.jna.platform.source_5.18.1.jar (1 MB at 1 MB/s)
[INFO] Downloading from p2: https://mirrors.xmission.com/eclipse/eclipse/updates/4.39/R-4.39-202602260420/plugins/jakarta.annotation-api.source_2.1.1.jar
[INFO] Downloaded from p2: https://mirrors.xmission.com/eclipse/eclipse/updates/4.39/R-4.39-202602260420/plugins/jakarta.annotation-api.source_2.1.1.jar (37 KB at 1 MB/s)
[INFO] Downloading from p2: https://mirrors.xmission.com/eclipse/eclipse/updates/4.39/R-4.39-202602260420/plugins/jakarta.inject.jakarta.inject-api.source_2.0.1.jar
[INFO] Downloaded from p2: https://mirrors.xmission.com/eclipse/eclipse/updates/4.39/R-4.39-202602260420/plugins/jakarta.inject.jakarta.inject-api.source_2.0.1.jar (18 KB at 708 KB/s)
[INFO] Downloading from p2: https://mirror.csclub.uwaterloo.ca/eclipse/eclipse/updates/4.39/R-4.39-202602260420/plugins/org.apache.batik.constants.source_1.19.0.v20250506-1400.jar
[INFO] Downloaded from p2: https://mirror.csclub.uwaterloo.ca/eclipse/eclipse/updates/4.39/R-4.39-202602260420/plugins/org.apache.batik.constants.source_1.19.0.v20250506-1400.jar (13 KB at 63 KB/s)
[INFO] Downloading from p2: https://ftp2.osuosl.org/pub/eclipse/eclipse/updates/4.39/R-4.39-202602260420/plugins/org.apache.batik.css.source_1.19.0.v20250506-1400.jar
[INFO] Downloaded from p2: https://ftp2.osuosl.org/pub/eclipse/eclipse/updates/4.39/R-4.39-202602260420/plugins/org.apache.batik.css.source_1.19.0.v20250506-1400.jar (310 KB at 2 MB/s)
[INFO] Downloading from p2: https://mirror.csclub.uwaterloo.ca/eclipse/eclipse/updates/4.39/R-4.39-202602260420/plugins/org.apache.batik.i18n.source_1.19.0.v20250506-1400.jar
[INFO] Downloaded from p2: https://mirror.csclub.uwaterloo.ca/eclipse/eclipse/updates/4.39/R-4.39-202602260420/plugins/org.apache.batik.i18n.source_1.19.0.v20250506-1400.jar (18 KB at 220 KB/s)
[INFO] Downloading from p2: https://mirror.csclub.uwaterloo.ca/eclipse/eclipse/updates/4.39/R-4.39-202602260420/plugins/org.apache.batik.util.source_1.19.0.v20250506-1400.jar
[INFO] Downloaded from p2: https://mirror.csclub.uwaterloo.ca/eclipse/eclipse/updates/4.39/R-4.39-202602260420/plugins/org.apache.batik.util.source_1.19.0.v20250506-1400.jar (123 KB at 654 KB/s)
[INFO] Downloading from p2: https://mirror.csclub.uwaterloo.ca/eclipse/eclipse/updates/4.39/R-4.39-202602260420/plugins/org.apache.commons.commons-io.source_2.21.0.jar
[INFO] Downloaded from p2: https://mirror.csclub.uwaterloo.ca/eclipse/eclipse/updates/4.39/R-4.39-202602260420/plugins/org.apache.commons.commons-io.source_2.21.0.jar (586 KB at 2 MB/s)
[INFO] Downloading from p2: https://mirror.cs.odu.edu/eclipse/eclipse/updates/4.39/R-4.39-202602260420/plugins/org.apache.commons.commons-logging.source_1.3.5.jar
[INFO] Downloaded from p2: https://mirror.cs.odu.edu/eclipse/eclipse/updates/4.39/R-4.39-202602260420/plugins/org.apache.commons.commons-logging.source_1.3.5.jar (81 KB at 844 KB/s)
[INFO] Downloading from p2: https://mirror.csclub.uwaterloo.ca/eclipse/eclipse/updates/4.39/R-4.39-202602260420/plugins/org.apache.felix.scr.source_2.2.14.jar
[INFO] Downloaded from p2: https://mirror.csclub.uwaterloo.ca/eclipse/eclipse/updates/4.39/R-4.39-202602260420/plugins/org.apache.felix.scr.source_2.2.14.jar (265 KB at 2 MB/s)
[INFO] Downloading from p2: https://ftp2.osuosl.org/pub/eclipse/eclipse/updates/4.39/R-4.39-202602260420/plugins/org.apache.xmlgraphics.source_2.11.0.v20250506-1400.jar
[INFO] Downloaded from p2: https://ftp2.osuosl.org/pub/eclipse/eclipse/updates/4.39/R-4.39-202602260420/plugins/org.apache.xmlgraphics.source_2.11.0.v20250506-1400.jar (729 KB at 2 MB/s)
[INFO] Downloading from p2: https://mirrors.xmission.com/eclipse/eclipse/updates/4.39/R-4.39-202602260420/plugins/org.eclipse.compare.source_3.12.0.v20260209-1220.jar
[INFO] Downloaded from p2: https://mirrors.xmission.com/eclipse/eclipse/updates/4.39/R-4.39-202602260420/plugins/org.eclipse.compare.source_3.12.0.v20260209-1220.jar (432 KB at 8 MB/s)
[INFO] Downloading from p2: https://ca.mirrors.cicku.me/eclipse//eclipse/updates/4.39/R-4.39-202602260420/plugins/org.eclipse.compare.core.source_3.8.800.v20250718-1505.jar
[INFO] Downloaded from p2: https://ca.mirrors.cicku.me/eclipse//eclipse/updates/4.39/R-4.39-202602260420/plugins/org.eclipse.compare.core.source_3.8.800.v20250718-1505.jar (65 KB at 350 KB/s)
[INFO] Downloading from p2: https://mirrors.xmission.com/eclipse/eclipse/updates/4.39/R-4.39-202602260420/plugins/org.eclipse.core.commands.source_3.12.500.v20251103-0733.jar
[INFO] Downloaded from p2: https://mirrors.xmission.com/eclipse/eclipse/updates/4.39/R-4.39-202602260420/plugins/org.eclipse.core.commands.source_3.12.500.v20251103-0733.jar (154 KB at 4 MB/s)
[INFO] Downloading from p2: https://mirror.cs.odu.edu/eclipse/eclipse/updates/4.39/R-4.39-202602260420/plugins/org.eclipse.core.contenttype.source_3.9.800.v20251105-1620.jar
[INFO] Downloaded from p2: https://mirror.cs.odu.edu/eclipse/eclipse/updates/4.39/R-4.39-202602260420/plugins/org.eclipse.core.contenttype.source_3.9.800.v20251105-1620.jar (86 KB at 885 KB/s)
[INFO] Downloading from p2: https://ftp2.osuosl.org/pub/eclipse/eclipse/updates/4.39/R-4.39-202602260420/plugins/org.eclipse.core.databinding.source_1.13.700.v20251023-1511.jar
[INFO] Downloaded from p2: https://ftp2.osuosl.org/pub/eclipse/eclipse/updates/4.39/R-4.39-202602260420/plugins/org.eclipse.core.databinding.source_1.13.700.v20251023-1511.jar (179 KB at 2 MB/s)
[INFO] Downloading from p2: https://mirrors.xmission.com/eclipse/eclipse/updates/4.39/R-4.39-202602260420/plugins/org.eclipse.core.databinding.observable.source_1.13.500.v20251103-0735.jar
[INFO] Downloaded from p2: https://mirrors.xmission.com/eclipse/eclipse/updates/4.39/R-4.39-202602260420/plugins/org.eclipse.core.databinding.observable.source_1.13.500.v20251103-0735.jar (211 KB at 5 MB/s)
[INFO] Downloading from p2: https://ftp2.osuosl.org/pub/eclipse/eclipse/updates/4.39/R-4.39-202602260420/plugins/org.eclipse.core.databinding.property.source_1.10.500.v20250916-0931.jar
[INFO] Downloaded from p2: https://ftp2.osuosl.org/pub/eclipse/eclipse/updates/4.39/R-4.39-202602260420/plugins/org.eclipse.core.databinding.property.source_1.10.500.v20250916-0931.jar (97 KB at 1 MB/s)
[INFO] Downloading from p2: https://mirror.csclub.uwaterloo.ca/eclipse/eclipse/updates/4.39/R-4.39-202602260420/plugins/org.eclipse.core.expressions.source_3.9.500.v20250608-0434.jar
[INFO] Downloaded from p2: https://mirror.csclub.uwaterloo.ca/eclipse/eclipse/updates/4.39/R-4.39-202602260420/plugins/org.eclipse.core.expressions.source_3.9.500.v20250608-0434.jar (89 KB at 1 MB/s)
[INFO] Downloading from p2: https://mirrors.xmission.com/eclipse/eclipse/updates/4.39/R-4.39-202602260420/plugins/org.eclipse.core.filebuffers.source_3.8.500.v20251103-0746.jar
[INFO] Downloaded from p2: https://mirrors.xmission.com/eclipse/eclipse/updates/4.39/R-4.39-202602260420/plugins/org.eclipse.core.filebuffers.source_3.8.500.v20251103-0746.jar (90 KB at 2 MB/s)
[INFO] Downloading from p2: https://mirrors.xmission.com/eclipse/eclipse/updates/4.39/R-4.39-202602260420/plugins/org.eclipse.core.filesystem.source_1.11.400.v20251107-0507.jar
[INFO] Downloaded from p2: https://mirrors.xmission.com/eclipse/eclipse/updates/4.39/R-4.39-202602260420/plugins/org.eclipse.core.filesystem.source_1.11.400.v20251107-0507.jar (87 KB at 2 MB/s)
[INFO] Downloading from p2: https://mirror.csclub.uwaterloo.ca/eclipse/eclipse/updates/4.39/R-4.39-202602260420/plugins/org.eclipse.core.jobs.source_3.15.700.v20250725-1147.jar
[INFO] Downloaded from p2: https://mirror.csclub.uwaterloo.ca/eclipse/eclipse/updates/4.39/R-4.39-202602260420/plugins/org.eclipse.core.jobs.source_3.15.700.v20250725-1147.jar (114 KB at 1 MB/s)
[INFO] Downloading from p2: https://mirror.csclub.uwaterloo.ca/eclipse/eclipse/updates/4.39/R-4.39-202602260420/plugins/org.eclipse.core.resources.source_3.23.200.v20251217-0810.jar
[INFO] Downloaded from p2: https://mirror.csclub.uwaterloo.ca/eclipse/eclipse/updates/4.39/R-4.39-202602260420/plugins/org.eclipse.core.resources.source_3.23.200.v20251217-0810.jar (839 KB at 5 MB/s)
[INFO] Downloading from p2: https://ftp2.osuosl.org/pub/eclipse/eclipse/updates/4.39/R-4.39-202602260420/plugins/org.eclipse.core.runtime.source_3.34.200.v20251220-0953.jar
[INFO] Downloaded from p2: https://ftp2.osuosl.org/pub/eclipse/eclipse/updates/4.39/R-4.39-202602260420/plugins/org.eclipse.core.runtime.source_3.34.200.v20251220-0953.jar (88 KB at 825 KB/s)
[INFO] Downloading from p2: https://mirrors.xmission.com/eclipse/eclipse/updates/4.39/R-4.39-202602260420/plugins/org.eclipse.e4.core.commands.source_1.1.700.v20250916-0927.jar
[INFO] Downloaded from p2: https://mirrors.xmission.com/eclipse/eclipse/updates/4.39/R-4.39-202602260420/plugins/org.eclipse.e4.core.commands.source_1.1.700.v20250916-0927.jar (26 KB at 1 MB/s)
[INFO] Downloading from p2: https://ftp2.osuosl.org/pub/eclipse/eclipse/updates/4.39/R-4.39-202602260420/plugins/org.eclipse.e4.core.contexts.source_1.13.200.v20250609-0437.jar
[INFO] Downloaded from p2: https://ftp2.osuosl.org/pub/eclipse/eclipse/updates/4.39/R-4.39-202602260420/plugins/org.eclipse.e4.core.contexts.source_1.13.200.v20250609-0437.jar (48 KB at 479 KB/s)
[INFO] Downloading from p2: https://mirrors.xmission.com/eclipse/eclipse/updates/4.39/R-4.39-202602260420/plugins/org.eclipse.e4.core.di.source_1.9.700.v20250609-0907.jar
[INFO] Downloaded from p2: https://mirrors.xmission.com/eclipse/eclipse/updates/4.39/R-4.39-202602260420/plugins/org.eclipse.e4.core.di.source_1.9.700.v20250609-0907.jar (50 KB at 1 MB/s)
[INFO] Downloading from p2: https://mirror.csclub.uwaterloo.ca/eclipse/eclipse/updates/4.39/R-4.39-202602260420/plugins/org.eclipse.e4.core.di.annotations.source_1.8.400.v20240413-1529.jar
[INFO] Downloaded from p2: https://mirror.csclub.uwaterloo.ca/eclipse/eclipse/updates/4.39/R-4.39-202602260420/plugins/org.eclipse.e4.core.di.annotations.source_1.8.400.v20240413-1529.jar (16 KB at 270 KB/s)
[INFO] Downloading from p2: https://mirror.csclub.uwaterloo.ca/eclipse/eclipse/updates/4.39/R-4.39-202602260420/plugins/org.eclipse.e4.core.di.extensions.source_0.18.300.v20240413-1529.jar
[INFO] Downloaded from p2: https://mirror.csclub.uwaterloo.ca/eclipse/eclipse/updates/4.39/R-4.39-202602260420/plugins/org.eclipse.e4.core.di.extensions.source_0.18.300.v20240413-1529.jar (14 KB at 182 KB/s)
[INFO] Downloading from p2: https://mirrors.xmission.com/eclipse/eclipse/updates/4.39/R-4.39-202602260420/plugins/org.eclipse.e4.core.di.extensions.supplier.source_0.17.1000.v20260130-1147.jar
[INFO] Downloaded from p2: https://mirrors.xmission.com/eclipse/eclipse/updates/4.39/R-4.39-202602260420/plugins/org.eclipse.e4.core.di.extensions.supplier.source_0.17.1000.v20260130-1147.jar (23 KB at 916 KB/s)
[INFO] Downloading from p2: https://mirror.csclub.uwaterloo.ca/eclipse/eclipse/updates/4.39/R-4.39-202602260420/plugins/org.eclipse.e4.core.services.source_2.5.300.v20251112-1253.jar
[INFO] Downloaded from p2: https://mirror.csclub.uwaterloo.ca/eclipse/eclipse/updates/4.39/R-4.39-202602260420/plugins/org.eclipse.e4.core.services.source_2.5.300.v20251112-1253.jar (63 KB at 940 KB/s)
[INFO] Downloading from p2: https://mirrors.xmission.com/eclipse/eclipse/updates/4.39/R-4.39-202602260420/plugins/org.eclipse.e4.emf.xpath.source_0.6.100.v20251103-0738.jar
[INFO] Downloaded from p2: https://mirrors.xmission.com/eclipse/eclipse/updates/4.39/R-4.39-202602260420/plugins/org.eclipse.e4.emf.xpath.source_0.6.100.v20251103-0738.jar (23 KB at 894 KB/s)
[INFO] Downloading from p2: https://mirror.csclub.uwaterloo.ca/eclipse/eclipse/updates/4.39/R-4.39-202602260420/plugins/org.eclipse.e4.ui.bindings.source_0.15.0.v20251216-1230.jar
[INFO] Downloaded from p2: https://mirror.csclub.uwaterloo.ca/eclipse/eclipse/updates/4.39/R-4.39-202602260420/plugins/org.eclipse.e4.ui.bindings.source_0.15.0.v20251216-1230.jar (39 KB at 843 KB/s)
[INFO] Downloading from p2: https://mirrors.xmission.com/eclipse/eclipse/updates/4.39/R-4.39-202602260420/plugins/org.eclipse.e4.ui.css.core.source_0.14.600.v20251112-0859.jar
[INFO] Downloaded from p2: https://mirrors.xmission.com/eclipse/eclipse/updates/4.39/R-4.39-202602260420/plugins/org.eclipse.e4.ui.css.core.source_0.14.600.v20251112-0859.jar (207 KB at 5 MB/s)
[INFO] Downloading from p2: https://mirrors.xmission.com/eclipse/eclipse/updates/4.39/R-4.39-202602260420/plugins/org.eclipse.e4.ui.css.swt.source_0.16.0.v20251216-1230.jar
[INFO] Downloaded from p2: https://mirrors.xmission.com/eclipse/eclipse/updates/4.39/R-4.39-202602260420/plugins/org.eclipse.e4.ui.css.swt.source_0.16.0.v20251216-1230.jar (165 KB at 4 MB/s)
[INFO] Downloading from p2: https://mirror.csclub.uwaterloo.ca/eclipse/eclipse/updates/4.39/R-4.39-202602260420/plugins/org.eclipse.e4.ui.css.swt.theme.source_0.15.0.v20251216-1230.jar
[INFO] Downloaded from p2: https://mirror.csclub.uwaterloo.ca/eclipse/eclipse/updates/4.39/R-4.39-202602260420/plugins/org.eclipse.e4.ui.css.swt.theme.source_0.15.0.v20251216-1230.jar (26 KB at 285 KB/s)
[INFO] Downloading from p2: https://mirrors.xmission.com/eclipse/eclipse/updates/4.39/R-4.39-202602260420/plugins/org.eclipse.e4.ui.di.source_1.5.700.v20250917-0901.jar
[INFO] Downloaded from p2: https://mirrors.xmission.com/eclipse/eclipse/updates/4.39/R-4.39-202602260420/plugins/org.eclipse.e4.ui.di.source_1.5.700.v20250917-0901.jar (19 KB at 755 KB/s)
[INFO] Downloading from p2: https://mirrors.xmission.com/eclipse/eclipse/updates/4.39/R-4.39-202602260420/plugins/org.eclipse.e4.ui.dialogs.source_1.7.0.v20251222-0947.jar
[INFO] Downloaded from p2: https://mirrors.xmission.com/eclipse/eclipse/updates/4.39/R-4.39-202602260420/plugins/org.eclipse.e4.ui.dialogs.source_1.7.0.v20251222-0947.jar (44 KB at 1 MB/s)
[INFO] Downloading from p2: https://mirrors.xmission.com/eclipse/eclipse/updates/4.39/R-4.39-202602260420/plugins/org.eclipse.e4.ui.ide.source_3.18.0.v20251217-1052.jar
[INFO] Downloaded from p2: https://mirrors.xmission.com/eclipse/eclipse/updates/4.39/R-4.39-202602260420/plugins/org.eclipse.e4.ui.ide.source_3.18.0.v20251217-1052.jar (13 KB at 553 KB/s)
[INFO] Downloading from p2: https://mirrors.xmission.com/eclipse/eclipse/updates/4.39/R-4.39-202602260420/plugins/org.eclipse.e4.ui.model.workbench.source_2.4.700.v20251029-0840.jar
[INFO] Downloaded from p2: https://mirrors.xmission.com/eclipse/eclipse/updates/4.39/R-4.39-202602260420/plugins/org.eclipse.e4.ui.model.workbench.source_2.4.700.v20251029-0840.jar (380 KB at 7 MB/s)
[INFO] Downloading from p2: https://mirrors.xmission.com/eclipse/eclipse/updates/4.39/R-4.39-202602260420/plugins/org.eclipse.e4.ui.services.source_1.6.600.v20251023-1358.jar
[INFO] Downloaded from p2: https://mirrors.xmission.com/eclipse/eclipse/updates/4.39/R-4.39-202602260420/plugins/org.eclipse.e4.ui.services.source_1.6.600.v20251023-1358.jar (25 KB at 982 KB/s)
[INFO] Downloading from p2: https://mirror.csclub.uwaterloo.ca/eclipse/eclipse/updates/4.39/R-4.39-202602260420/plugins/org.eclipse.e4.ui.widgets.source_1.5.0.v20251217-1052.jar
[INFO] Downloaded from p2: https://mirror.csclub.uwaterloo.ca/eclipse/eclipse/updates/4.39/R-4.39-202602260420/plugins/org.eclipse.e4.ui.widgets.source_1.5.0.v20251217-1052.jar (13 KB at 146 KB/s)
[INFO] Downloading from p2: https://mirrors.xmission.com/eclipse/eclipse/updates/4.39/R-4.39-202602260420/plugins/org.eclipse.e4.ui.workbench.source_1.18.200.v20260124-1751.jar
[INFO] Downloaded from p2: https://mirrors.xmission.com/eclipse/eclipse/updates/4.39/R-4.39-202602260420/plugins/org.eclipse.e4.ui.workbench.source_1.18.200.v20260124-1751.jar (175 KB at 4 MB/s)
[INFO] Downloading from p2: https://ftp2.osuosl.org/pub/eclipse/eclipse/updates/4.39/R-4.39-202602260420/plugins/org.eclipse.e4.ui.workbench.addons.swt.source_1.6.0.v20251216-1230.jar
[INFO] Downloaded from p2: https://ftp2.osuosl.org/pub/eclipse/eclipse/updates/4.39/R-4.39-202602260420/plugins/org.eclipse.e4.ui.workbench.addons.swt.source_1.6.0.v20251216-1230.jar (84 KB at 439 KB/s)
[INFO] Downloading from p2: https://mirrors.xmission.com/eclipse/eclipse/updates/4.39/R-4.39-202602260420/plugins/org.eclipse.e4.ui.workbench.renderers.swt.source_0.17.0.v20260131-0926.jar
[INFO] Downloaded from p2: https://mirrors.xmission.com/eclipse/eclipse/updates/4.39/R-4.39-202602260420/plugins/org.eclipse.e4.ui.workbench.renderers.swt.source_0.17.0.v20260131-0926.jar (146 KB at 4 MB/s)
[INFO] Downloading from p2: https://mirrors.xmission.com/eclipse/eclipse/updates/4.39/R-4.39-202602260420/plugins/org.eclipse.e4.ui.workbench.swt.source_0.18.0.v20260119-0835.jar
[INFO] Downloaded from p2: https://mirrors.xmission.com/eclipse/eclipse/updates/4.39/R-4.39-202602260420/plugins/org.eclipse.e4.ui.workbench.swt.source_0.18.0.v20260119-0835.jar (102 KB at 3 MB/s)
[INFO] Downloading from p2: https://mirror.csclub.uwaterloo.ca/eclipse/eclipse/updates/4.39/R-4.39-202602260420/plugins/org.eclipse.e4.ui.workbench3.source_0.18.0.v20251216-1230.jar
[INFO] Downloaded from p2: https://mirror.csclub.uwaterloo.ca/eclipse/eclipse/updates/4.39/R-4.39-202602260420/plugins/org.eclipse.e4.ui.workbench3.source_0.18.0.v20251216-1230.jar (20 KB at 359 KB/s)
[INFO] Downloading from p2: https://mirrors.xmission.com/eclipse/eclipse/updates/4.39/R-4.39-202602260420/plugins/org.eclipse.emf.common.source_2.45.0.v20251210-1145.jar
[INFO] Downloaded from p2: https://mirrors.xmission.com/eclipse/eclipse/updates/4.39/R-4.39-202602260420/plugins/org.eclipse.emf.common.source_2.45.0.v20251210-1145.jar (223 KB at 5 MB/s)
[INFO] Downloading from p2: https://mirror.csclub.uwaterloo.ca/eclipse/eclipse/updates/4.39/R-4.39-202602260420/plugins/org.eclipse.emf.ecore.source_2.42.0.v20251210-1145.jar
[INFO] Downloaded from p2: https://mirror.csclub.uwaterloo.ca/eclipse/eclipse/updates/4.39/R-4.39-202602260420/plugins/org.eclipse.emf.ecore.source_2.42.0.v20251210-1145.jar (826 KB at 6 MB/s)
[INFO] Downloading from p2: https://mirror.csclub.uwaterloo.ca/eclipse/eclipse/updates/4.39/R-4.39-202602260420/plugins/org.eclipse.emf.ecore.change.source_2.17.0.v20250910-1205.jar
[INFO] Downloaded from p2: https://mirror.csclub.uwaterloo.ca/eclipse/eclipse/updates/4.39/R-4.39-202602260420/plugins/org.eclipse.emf.ecore.change.source_2.17.0.v20250910-1205.jar (93 KB at 1 MB/s)
[INFO] Downloading from p2: https://mirrors.xmission.com/eclipse/eclipse/updates/4.39/R-4.39-202602260420/plugins/org.eclipse.emf.ecore.xmi.source_2.40.0.v20251210-1145.jar
[INFO] Downloaded from p2: https://mirrors.xmission.com/eclipse/eclipse/updates/4.39/R-4.39-202602260420/plugins/org.eclipse.emf.ecore.xmi.source_2.40.0.v20251210-1145.jar (154 KB at 4 MB/s)
[INFO] Downloading from p2: https://mirrors.xmission.com/eclipse/eclipse/updates/4.39/R-4.39-202602260420/plugins/org.eclipse.equinox.app.source_1.7.600.v20251211-1038.jar
[INFO] Downloaded from p2: https://mirrors.xmission.com/eclipse/eclipse/updates/4.39/R-4.39-202602260420/plugins/org.eclipse.equinox.app.source_1.7.600.v20251211-1038.jar (79 KB at 2 MB/s)
[INFO] Downloading from p2: https://mirrors.xmission.com/eclipse/eclipse/updates/4.39/R-4.39-202602260420/plugins/org.eclipse.equinox.bidi.source_1.5.400.v20250715-0436.jar
[INFO] Downloaded from p2: https://mirrors.xmission.com/eclipse/eclipse/updates/4.39/R-4.39-202602260420/plugins/org.eclipse.equinox.bidi.source_1.5.400.v20250715-0436.jar (66 KB at 2 MB/s)
[INFO] Downloading from p2: https://mirror.csclub.uwaterloo.ca/eclipse/eclipse/updates/4.39/R-4.39-202602260420/plugins/org.eclipse.equinox.common.source_3.20.300.v20251111-0312.jar
[INFO] Downloaded from p2: https://mirror.csclub.uwaterloo.ca/eclipse/eclipse/updates/4.39/R-4.39-202602260420/plugins/org.eclipse.equinox.common.source_3.20.300.v20251111-0312.jar (156 KB at 2 MB/s)
[INFO] Downloading from p2: https://mirror.cs.odu.edu/eclipse/eclipse/updates/4.39/R-4.39-202602260420/plugins/org.eclipse.equinox.event.source_1.7.300.v20250518-0609.jar
[INFO] Downloaded from p2: https://mirror.cs.odu.edu/eclipse/eclipse/updates/4.39/R-4.39-202602260420/plugins/org.eclipse.equinox.event.source_1.7.300.v20250518-0609.jar (30 KB at 298 KB/s)
[INFO] Downloading from p2: https://mirrors.xmission.com/eclipse/eclipse/updates/4.39/R-4.39-202602260420/plugins/org.eclipse.equinox.p2.artifact.repository.source_1.5.800.v20250620-1926.jar
[INFO] Downloaded from p2: https://mirrors.xmission.com/eclipse/eclipse/updates/4.39/R-4.39-202602260420/plugins/org.eclipse.equinox.p2.artifact.repository.source_1.5.800.v20250620-1926.jar (120 KB at 3 MB/s)
[INFO] Downloading from p2: https://mirrors.xmission.com/eclipse/eclipse/updates/4.39/R-4.39-202602260420/plugins/org.eclipse.equinox.p2.core.source_2.13.300.v20260108-1444.jar
[INFO] Downloaded from p2: https://mirrors.xmission.com/eclipse/eclipse/updates/4.39/R-4.39-202602260420/plugins/org.eclipse.equinox.p2.core.source_2.13.300.v20260108-1444.jar (67 KB at 2 MB/s)
[INFO] Downloading from p2: https://mirror.csclub.uwaterloo.ca/eclipse/eclipse/updates/4.39/R-4.39-202602260420/plugins/org.eclipse.equinox.p2.engine.source_2.11.0.v20251111-1028.jar
[INFO] Downloaded from p2: https://mirror.csclub.uwaterloo.ca/eclipse/eclipse/updates/4.39/R-4.39-202602260420/plugins/org.eclipse.equinox.p2.engine.source_2.11.0.v20251111-1028.jar (156 KB at 1 MB/s)
[INFO] Downloading from p2: https://ftp2.osuosl.org/pub/eclipse/eclipse/updates/4.39/R-4.39-202602260420/plugins/org.eclipse.equinox.p2.jarprocessor.source_1.3.600.v20250517-0338.jar
[INFO] Downloaded from p2: https://ftp2.osuosl.org/pub/eclipse/eclipse/updates/4.39/R-4.39-202602260420/plugins/org.eclipse.equinox.p2.jarprocessor.source_1.3.600.v20250517-0338.jar (41 KB at 331 KB/s)
[INFO] Downloading from p2: https://mirrors.xmission.com/eclipse/eclipse/updates/4.39/R-4.39-202602260420/plugins/org.eclipse.equinox.p2.metadata.source_2.9.600.v20251108-0408.jar
[INFO] Downloaded from p2: https://mirrors.xmission.com/eclipse/eclipse/updates/4.39/R-4.39-202602260420/plugins/org.eclipse.equinox.p2.metadata.source_2.9.600.v20251108-0408.jar (251 KB at 5 MB/s)
[INFO] Downloading from p2: https://ftp2.osuosl.org/pub/eclipse/eclipse/updates/4.39/R-4.39-202602260420/plugins/org.eclipse.equinox.p2.metadata.repository.source_1.5.700.v20250720-0955.jar
[INFO] Downloaded from p2: https://ftp2.osuosl.org/pub/eclipse/eclipse/updates/4.39/R-4.39-202602260420/plugins/org.eclipse.equinox.p2.metadata.repository.source_1.5.700.v20250720-0955.jar (63 KB at 564 KB/s)
[INFO] Downloading from p2: https://download.eclipse.org/eclipse/updates/4.39/R-4.39-202602260420/plugins/org.eclipse.equinox.p2.repository.source_2.9.600.v20251118-0500.jar
[INFO] Downloaded from p2: https://download.eclipse.org/eclipse/updates/4.39/R-4.39-202602260420/plugins/org.eclipse.equinox.p2.repository.source_2.9.600.v20251118-0500.jar (144 KB at 95 KB/s)
[INFO] Downloading from p2: https://mirrors.xmission.com/eclipse/eclipse/updates/4.39/R-4.39-202602260420/plugins/org.eclipse.equinox.preferences.source_3.12.100.v20251111-0704.jar
[INFO] Downloaded from p2: https://mirrors.xmission.com/eclipse/eclipse/updates/4.39/R-4.39-202602260420/plugins/org.eclipse.equinox.preferences.source_3.12.100.v20251111-0704.jar (108 KB at 3 MB/s)
[INFO] Downloading from p2: https://mirror.cs.odu.edu/eclipse/eclipse/updates/4.39/R-4.39-202602260420/plugins/org.eclipse.equinox.registry.source_3.12.600.v20250906-0651.jar
[INFO] Downloaded from p2: https://mirror.cs.odu.edu/eclipse/eclipse/updates/4.39/R-4.39-202602260420/plugins/org.eclipse.equinox.registry.source_3.12.600.v20250906-0651.jar (180 KB at 1 MB/s)
[INFO] Downloading from p2: https://mirrors.xmission.com/eclipse/eclipse/updates/4.39/R-4.39-202602260420/plugins/org.eclipse.equinox.security.source_1.4.700.v20250622-1644.jar
[INFO] Downloaded from p2: https://mirrors.xmission.com/eclipse/eclipse/updates/4.39/R-4.39-202602260420/plugins/org.eclipse.equinox.security.source_1.4.700.v20250622-1644.jar (105 KB at 3 MB/s)
[INFO] Downloading from p2: https://mirrors.xmission.com/eclipse/eclipse/updates/4.39/R-4.39-202602260420/plugins/org.eclipse.help.source_3.11.0.v20251227-1159.jar
[INFO] Downloaded from p2: https://mirrors.xmission.com/eclipse/eclipse/updates/4.39/R-4.39-202602260420/plugins/org.eclipse.help.source_3.11.0.v20251227-1159.jar (181 KB at 4 MB/s)
[INFO] Downloading from p2: https://mirrors.xmission.com/eclipse/eclipse/updates/4.39/R-4.39-202602260420/plugins/org.eclipse.jdt.core.source_3.45.0.v20260219-1233.jar
[INFO] Downloaded from p2: https://mirrors.xmission.com/eclipse/eclipse/updates/4.39/R-4.39-202602260420/plugins/org.eclipse.jdt.core.source_3.45.0.v20260219-1233.jar (3 MB at 13 MB/s)
[INFO] Downloading from p2: https://mirror.csclub.uwaterloo.ca/eclipse/eclipse/updates/4.39/R-4.39-202602260420/plugins/org.eclipse.jdt.core.compiler.batch.source_3.45.0.v20260224-0835.jar
[INFO] Downloaded from p2: https://mirror.csclub.uwaterloo.ca/eclipse/eclipse/updates/4.39/R-4.39-202602260420/plugins/org.eclipse.jdt.core.compiler.batch.source_3.45.0.v20260224-0835.jar (2 MB at 7 MB/s)
[INFO] Downloading from p2: https://mirrors.xmission.com/eclipse/eclipse/updates/4.39/R-4.39-202602260420/plugins/org.eclipse.jface.source_3.39.0.v20260122-1511.jar
[INFO] Downloaded from p2: https://mirrors.xmission.com/eclipse/eclipse/updates/4.39/R-4.39-202602260420/plugins/org.eclipse.jface.source_3.39.0.v20260122-1511.jar (1 MB at 13 MB/s)
[INFO] Downloading from p2: https://mirrors.xmission.com/eclipse/eclipse/updates/4.39/R-4.39-202602260420/plugins/org.eclipse.jface.databinding.source_1.16.0.v20251216-1230.jar
[INFO] Downloaded from p2: https://mirrors.xmission.com/eclipse/eclipse/updates/4.39/R-4.39-202602260420/plugins/org.eclipse.jface.databinding.source_1.16.0.v20251216-1230.jar (222 KB at 5 MB/s)
[INFO] Downloading from p2: https://mirrors.xmission.com/eclipse/eclipse/updates/4.39/R-4.39-202602260420/plugins/org.eclipse.jface.notifications.source_0.8.0.v20251217-0909.jar
[INFO] Downloaded from p2: https://mirrors.xmission.com/eclipse/eclipse/updates/4.39/R-4.39-202602260420/plugins/org.eclipse.jface.notifications.source_0.8.0.v20251217-0909.jar (21 KB at 835 KB/s)
[INFO] Downloading from p2: https://mirror.csclub.uwaterloo.ca/eclipse/eclipse/updates/4.39/R-4.39-202602260420/plugins/org.eclipse.jface.text.source_3.30.0.v20260203-0841.jar
[INFO] Downloaded from p2: https://mirror.csclub.uwaterloo.ca/eclipse/eclipse/updates/4.39/R-4.39-202602260420/plugins/org.eclipse.jface.text.source_3.30.0.v20260203-0841.jar (801 KB at 5 MB/s)
[INFO] Downloading from p2: https://mirrors.xmission.com/eclipse/eclipse/updates/4.39/R-4.39-202602260420/plugins/org.eclipse.ltk.core.refactoring.source_3.15.100.v20251023-1358.jar
[INFO] Downloaded from p2: https://mirrors.xmission.com/eclipse/eclipse/updates/4.39/R-4.39-202602260420/plugins/org.eclipse.ltk.core.refactoring.source_3.15.100.v20251023-1358.jar (307 KB at 6 MB/s)
[INFO] Downloading from p2: https://mirror.csclub.uwaterloo.ca/eclipse/eclipse/updates/4.39/R-4.39-202602260420/plugins/org.eclipse.ltk.ui.refactoring.source_3.14.0.v20251216-1634.jar
[INFO] Downloaded from p2: https://mirror.csclub.uwaterloo.ca/eclipse/eclipse/updates/4.39/R-4.39-202602260420/plugins/org.eclipse.ltk.ui.refactoring.source_3.14.0.v20251216-1634.jar (256 KB at 2 MB/s)
[INFO] Downloading from p2: https://mirror.csclub.uwaterloo.ca/eclipse/eclipse/updates/4.39/R-4.39-202602260420/plugins/org.eclipse.orbit.xml-apis-ext.source_1.0.0.v20240917-0534.jar
[INFO] Downloaded from p2: https://mirror.csclub.uwaterloo.ca/eclipse/eclipse/updates/4.39/R-4.39-202602260420/plugins/org.eclipse.orbit.xml-apis-ext.source_1.0.0.v20240917-0534.jar (151 KB at 1 MB/s)
[INFO] Downloading from p2: https://mirror.cs.odu.edu/eclipse/eclipse/updates/4.39/R-4.39-202602260420/plugins/org.eclipse.osgi.source_3.24.100.v20251215-1416.jar
[INFO] Downloaded from p2: https://mirror.cs.odu.edu/eclipse/eclipse/updates/4.39/R-4.39-202602260420/plugins/org.eclipse.osgi.source_3.24.100.v20251215-1416.jar (1 MB at 4 MB/s)
[INFO] Downloading from p2: https://mirror.cs.odu.edu/eclipse/eclipse/updates/4.39/R-4.39-202602260420/plugins/org.eclipse.search.source_3.18.0.v20260103-1533.jar
[INFO] Downloaded from p2: https://mirror.cs.odu.edu/eclipse/eclipse/updates/4.39/R-4.39-202602260420/plugins/org.eclipse.search.source_3.18.0.v20260103-1533.jar (237 KB at 4 MB/s)
[INFO] Downloading from p2: https://mirror.cs.odu.edu/eclipse/eclipse/updates/4.39/R-4.39-202602260420/plugins/org.eclipse.search.core.source_3.16.600.v20250920-0652.jar
[INFO] Downloaded from p2: https://mirror.cs.odu.edu/eclipse/eclipse/updates/4.39/R-4.39-202602260420/plugins/org.eclipse.search.core.source_3.16.600.v20250920-0652.jar (45 KB at 1 MB/s)
[INFO] Downloading from p2: https://mirror.csclub.uwaterloo.ca/eclipse/eclipse/updates/4.39/R-4.39-202602260420/plugins/org.eclipse.swt.gtk.linux.x86_64.source_3.133.0.v20260225-1014.jar
[INFO] Downloaded from p2: https://mirror.csclub.uwaterloo.ca/eclipse/eclipse/updates/4.39/R-4.39-202602260420/plugins/org.eclipse.swt.gtk.linux.x86_64.source_3.133.0.v20260225-1014.jar (1 MB at 8 MB/s)
[INFO] Downloading from p2: https://mirror.csclub.uwaterloo.ca/eclipse/eclipse/updates/4.39/R-4.39-202602260420/plugins/org.eclipse.swt.svg.source_3.132.0.v20251202-1523.jar
[INFO] Downloaded from p2: https://mirror.csclub.uwaterloo.ca/eclipse/eclipse/updates/4.39/R-4.39-202602260420/plugins/org.eclipse.swt.svg.source_3.132.0.v20251202-1523.jar (13 KB at 216 KB/s)
[INFO] Downloading from p2: https://mirrors.xmission.com/eclipse/eclipse/updates/4.39/R-4.39-202602260420/plugins/org.eclipse.team.core.source_3.10.1000.v20260112-1030.jar
[INFO] Downloaded from p2: https://mirrors.xmission.com/eclipse/eclipse/updates/4.39/R-4.39-202602260420/plugins/org.eclipse.team.core.source_3.10.1000.v20260112-1030.jar (370 KB at 7 MB/s)
[INFO] Downloading from p2: https://mirrors.xmission.com/eclipse/eclipse/updates/4.39/R-4.39-202602260420/plugins/org.eclipse.team.ui.source_3.12.0.v20260104-0919.jar
[INFO] Downloaded from p2: https://mirrors.xmission.com/eclipse/eclipse/updates/4.39/R-4.39-202602260420/plugins/org.eclipse.team.ui.source_3.12.0.v20260104-0919.jar (766 KB at 10 MB/s)
[INFO] Downloading from p2: https://mirror.csclub.uwaterloo.ca/eclipse/eclipse/updates/4.39/R-4.39-202602260420/plugins/org.eclipse.text.source_3.14.600.v20260112-1806.jar
[INFO] Downloaded from p2: https://mirror.csclub.uwaterloo.ca/eclipse/eclipse/updates/4.39/R-4.39-202602260420/plugins/org.eclipse.text.source_3.14.600.v20260112-1806.jar (335 KB at 4 MB/s)
[INFO] Downloading from p2: https://mirrors.xmission.com/eclipse/eclipse/updates/4.39/R-4.39-202602260420/plugins/org.eclipse.ui.source_3.208.0.v20251219-1043.jar
[INFO] Downloaded from p2: https://mirrors.xmission.com/eclipse/eclipse/updates/4.39/R-4.39-202602260420/plugins/org.eclipse.ui.source_3.208.0.v20251219-1043.jar (150 KB at 4 MB/s)
[INFO] Downloading from p2: https://mirror.csclub.uwaterloo.ca/eclipse/eclipse/updates/4.39/R-4.39-202602260420/plugins/org.eclipse.ui.editors.source_3.21.0.v20260218-1452.jar
[INFO] Downloaded from p2: https://mirror.csclub.uwaterloo.ca/eclipse/eclipse/updates/4.39/R-4.39-202602260420/plugins/org.eclipse.ui.editors.source_3.21.0.v20260218-1452.jar (346 KB at 4 MB/s)
[INFO] Downloading from p2: https://mirrors.xmission.com/eclipse/eclipse/updates/4.39/R-4.39-202602260420/plugins/org.eclipse.ui.forms.source_3.14.0.v20260109-1454.jar
[INFO] Downloaded from p2: https://mirrors.xmission.com/eclipse/eclipse/updates/4.39/R-4.39-202602260420/plugins/org.eclipse.ui.forms.source_3.14.0.v20260109-1454.jar (220 KB at 5 MB/s)
[INFO] Downloading from p2: https://mirrors.xmission.com/eclipse/eclipse/updates/4.39/R-4.39-202602260420/plugins/org.eclipse.ui.ide.source_3.23.0.v20260103-1639.jar
[INFO] Downloaded from p2: https://mirrors.xmission.com/eclipse/eclipse/updates/4.39/R-4.39-202602260420/plugins/org.eclipse.ui.ide.source_3.23.0.v20260103-1639.jar (1 MB at 11 MB/s)
[INFO] Downloading from p2: https://mirror.csclub.uwaterloo.ca/eclipse/eclipse/updates/4.39/R-4.39-202602260420/plugins/org.eclipse.ui.navigator.source_3.14.0.v20260103-1533.jar
[INFO] Downloaded from p2: https://mirror.csclub.uwaterloo.ca/eclipse/eclipse/updates/4.39/R-4.39-202602260420/plugins/org.eclipse.ui.navigator.source_3.14.0.v20260103-1533.jar (314 KB at 3 MB/s)
[INFO] Downloading from p2: https://mirror.csclub.uwaterloo.ca/eclipse/eclipse/updates/4.39/R-4.39-202602260420/plugins/org.eclipse.ui.views.source_3.13.0.v20251217-0909.jar
[INFO] Downloaded from p2: https://mirror.csclub.uwaterloo.ca/eclipse/eclipse/updates/4.39/R-4.39-202602260420/plugins/org.eclipse.ui.views.source_3.13.0.v20251217-0909.jar (83 KB at 1 MB/s)
[INFO] Downloading from p2: https://mirrors.xmission.com/eclipse/eclipse/updates/4.39/R-4.39-202602260420/plugins/org.eclipse.ui.workbench.source_3.138.0.v20260204-1601.jar
[INFO] Downloaded from p2: https://mirrors.xmission.com/eclipse/eclipse/updates/4.39/R-4.39-202602260420/plugins/org.eclipse.ui.workbench.source_3.138.0.v20260204-1601.jar (2 MB at 13 MB/s)
[INFO] Downloading from p2: https://mirror.csclub.uwaterloo.ca/eclipse/eclipse/updates/4.39/R-4.39-202602260420/plugins/org.eclipse.ui.workbench.texteditor.source_3.20.0.v20260127-1637.jar
[INFO] Downloaded from p2: https://mirror.csclub.uwaterloo.ca/eclipse/eclipse/updates/4.39/R-4.39-202602260420/plugins/org.eclipse.ui.workbench.texteditor.source_3.20.0.v20260127-1637.jar (485 KB at 4 MB/s)
[INFO] Downloading from p2: https://mirrors.xmission.com/eclipse/eclipse/updates/4.39/R-4.39-202602260420/plugins/org.eclipse.urischeme.source_1.3.600.v20251023-1158.jar
[INFO] Downloaded from p2: https://mirrors.xmission.com/eclipse/eclipse/updates/4.39/R-4.39-202602260420/plugins/org.eclipse.urischeme.source_1.3.600.v20251023-1158.jar (47 KB at 1 MB/s)
[INFO] Downloading from p2: https://mirrors.xmission.com/eclipse/eclipse/updates/4.39/R-4.39-202602260420/plugins/org.osgi.service.component.source_1.5.1.202212101352.jar
[INFO] Downloaded from p2: https://mirrors.xmission.com/eclipse/eclipse/updates/4.39/R-4.39-202602260420/plugins/org.osgi.service.component.source_1.5.1.202212101352.jar (29 KB at 1 MB/s)
[INFO] Downloading from p2: https://mirror.cs.odu.edu/eclipse/eclipse/updates/4.39/R-4.39-202602260420/plugins/org.osgi.service.event.source_1.4.1.202109301733.jar
[INFO] Downloaded from p2: https://mirror.cs.odu.edu/eclipse/eclipse/updates/4.39/R-4.39-202602260420/plugins/org.osgi.service.event.source_1.4.1.202109301733.jar (22 KB at 346 KB/s)
[INFO] Downloading from p2: https://mirror.csclub.uwaterloo.ca/eclipse/eclipse/updates/4.39/R-4.39-202602260420/plugins/org.osgi.service.prefs.source_1.1.2.202109301733.jar
[INFO] Downloaded from p2: https://mirror.csclub.uwaterloo.ca/eclipse/eclipse/updates/4.39/R-4.39-202602260420/plugins/org.osgi.service.prefs.source_1.1.2.202109301733.jar (9 KB at 176 KB/s)
[INFO] Downloading from p2: https://mirrors.xmission.com/eclipse/eclipse/updates/4.39/R-4.39-202602260420/plugins/org.osgi.util.function.source_1.2.0.202109301733.jar
[INFO] Downloaded from p2: https://mirrors.xmission.com/eclipse/eclipse/updates/4.39/R-4.39-202602260420/plugins/org.osgi.util.function.source_1.2.0.202109301733.jar (8 KB at 333 KB/s)
[INFO] Downloading from p2: https://mirror.csclub.uwaterloo.ca/eclipse/eclipse/updates/4.39/R-4.39-202602260420/plugins/org.osgi.util.promise.source_1.3.0.202212101352.jar
[INFO] Downloaded from p2: https://mirror.csclub.uwaterloo.ca/eclipse/eclipse/updates/4.39/R-4.39-202602260420/plugins/org.osgi.util.promise.source_1.3.0.202212101352.jar (28 KB at 423 KB/s)
[INFO] Downloading from p2: https://mirror.csclub.uwaterloo.ca/eclipse/eclipse/updates/4.39/R-4.39-202602260420/plugins/org.tukaani.xz.source_1.11.0.jar
[INFO] Downloaded from p2: https://mirror.csclub.uwaterloo.ca/eclipse/eclipse/updates/4.39/R-4.39-202602260420/plugins/org.tukaani.xz.source_1.11.0.jar (154 KB at 2 MB/s)
[INFO] Downloading from p2: https://mirrors.xmission.com/eclipse/eclipse/updates/4.39/R-4.39-202602260420/plugins/org.eclipse.swt.win32.win32.x86_64.source_3.133.0.v20260225-1014.jar
[INFO] Downloaded from p2: https://mirrors.xmission.com/eclipse/eclipse/updates/4.39/R-4.39-202602260420/plugins/org.eclipse.swt.win32.win32.x86_64.source_3.133.0.v20260225-1014.jar (2 MB at 14 MB/s)
[INFO] Downloading from p2: https://mirrors.xmission.com/eclipse/eclipse/updates/4.39/R-4.39-202602260420/plugins/org.eclipse.swt.cocoa.macosx.x86_64.source_3.133.0.v20260225-1014.jar
[INFO] Downloaded from p2: https://mirrors.xmission.com/eclipse/eclipse/updates/4.39/R-4.39-202602260420/plugins/org.eclipse.swt.cocoa.macosx.x86_64.source_3.133.0.v20260225-1014.jar (2 MB at 13 MB/s)
[INFO] Downloading from p2: https://mirror.cs.odu.edu/eclipse/eclipse/updates/4.39/R-4.39-202602260420/plugins/org.eclipse.ui.cocoa_1.3.400.v20260123-2255.jar
[INFO] Downloaded from p2: https://mirror.cs.odu.edu/eclipse/eclipse/updates/4.39/R-4.39-202602260420/plugins/org.eclipse.ui.cocoa_1.3.400.v20260123-2255.jar (12 KB at 363 KB/s)
[INFO] Downloading from p2: https://mirrors.xmission.com/eclipse/eclipse/updates/4.39/R-4.39-202602260420/plugins/org.eclipse.e4.ui.workbench.renderers.swt.cocoa_0.14.600.v20260123-2255.jar
[INFO] Downloaded from p2: https://mirrors.xmission.com/eclipse/eclipse/updates/4.39/R-4.39-202602260420/plugins/org.eclipse.e4.ui.workbench.renderers.swt.cocoa_0.14.600.v20260123-2255.jar (32 KB at 1 MB/s)
[INFO] Downloading from p2: https://ftp2.osuosl.org/pub/eclipse/eclipse/updates/4.39/R-4.39-202602260420/plugins/org.eclipse.osgi.compatibility.state_1.3.0.v20251022-1724.jar
[INFO] Downloaded from p2: https://ftp2.osuosl.org/pub/eclipse/eclipse/updates/4.39/R-4.39-202602260420/plugins/org.eclipse.osgi.compatibility.state_1.3.0.v20251022-1724.jar (254 KB at 572 KB/s)
[INFO] Downloading from p2: https://mirror.csclub.uwaterloo.ca/eclipse/eclipse/updates/4.39/R-4.39-202602260420/plugins/org.eclipse.equinox.security.win32_1.3.0.v20240419-2334.jar
[INFO] Downloaded from p2: https://mirror.csclub.uwaterloo.ca/eclipse/eclipse/updates/4.39/R-4.39-202602260420/plugins/org.eclipse.equinox.security.win32_1.3.0.v20240419-2334.jar (15 KB at 218 KB/s)
[INFO] Downloading from p2: https://mirror.csclub.uwaterloo.ca/eclipse/eclipse/updates/4.39/R-4.39-202602260420/plugins/org.eclipse.ui.win32_3.5.400.v20250925-0610.jar
[INFO] Downloaded from p2: https://mirror.csclub.uwaterloo.ca/eclipse/eclipse/updates/4.39/R-4.39-202602260420/plugins/org.eclipse.ui.win32_3.5.400.v20250925-0610.jar (25 KB at 262 KB/s)
[INFO] Downloading from p2: https://mirrors.xmission.com/eclipse/eclipse/updates/4.39/R-4.39-202602260420/plugins/org.eclipse.core.filesystem.linux.x86_64_1.2.400.v20220812-1420.jar
[INFO] Downloaded from p2: https://mirrors.xmission.com/eclipse/eclipse/updates/4.39/R-4.39-202602260420/plugins/org.eclipse.core.filesystem.linux.x86_64_1.2.400.v20220812-1420.jar (13 KB at 525 KB/s)
[INFO] Downloading from p2: https://mirrors.xmission.com/eclipse/eclipse/updates/4.39/R-4.39-202602260420/plugins/org.eclipse.equinox.security.linux_1.1.400.v20250521-0415.jar
[INFO] Downloaded from p2: https://mirrors.xmission.com/eclipse/eclipse/updates/4.39/R-4.39-202602260420/plugins/org.eclipse.equinox.security.linux_1.1.400.v20250521-0415.jar (26 KB at 978 KB/s)
[INFO] Downloading from p2: https://mirrors.xmission.com/eclipse/eclipse/updates/4.39/R-4.39-202602260420/plugins/org.eclipse.core.filesystem.macosx_1.3.400.v20220812-1420.jar
[INFO] Downloaded from p2: https://mirrors.xmission.com/eclipse/eclipse/updates/4.39/R-4.39-202602260420/plugins/org.eclipse.core.filesystem.macosx_1.3.400.v20220812-1420.jar (27 KB at 1 MB/s)
[INFO] Downloading from p2: https://mirrors.xmission.com/eclipse/eclipse/updates/4.39/R-4.39-202602260420/plugins/org.eclipse.e4.ui.swt.win32_1.2.300.v20240416-0658.jar
[INFO] Downloaded from p2: https://mirrors.xmission.com/eclipse/eclipse/updates/4.39/R-4.39-202602260420/plugins/org.eclipse.e4.ui.swt.win32_1.2.300.v20240416-0658.jar (12 KB at 486 KB/s)
[INFO] Downloading from p2: https://mirrors.xmission.com/eclipse/eclipse/updates/4.39/R-4.39-202602260420/plugins/org.eclipse.equinox.security.macosx_1.102.500.v20250521-0414.jar
[INFO] Downloaded from p2: https://mirrors.xmission.com/eclipse/eclipse/updates/4.39/R-4.39-202602260420/plugins/org.eclipse.equinox.security.macosx_1.102.500.v20250521-0414.jar (30 KB at 1 MB/s)
[INFO] Downloading from p2: https://mirror.csclub.uwaterloo.ca/eclipse/eclipse/updates/4.39/R-4.39-202602260420/plugins/org.eclipse.e4.ui.swt.gtk_1.2.200.v20240416-0658.jar
[INFO] Downloaded from p2: https://mirror.csclub.uwaterloo.ca/eclipse/eclipse/updates/4.39/R-4.39-202602260420/plugins/org.eclipse.e4.ui.swt.gtk_1.2.200.v20240416-0658.jar (12 KB at 197 KB/s)
[INFO]
[INFO] --- antrun:3.2.0:run (avoid-equinox-exception) @ org.moreunit.core ---
[INFO] Executing tasks
[INFO] Executed tasks
[INFO]
[INFO] --- resources:3.3.1:resources (default-resources) @ org.moreunit.core ---
Downloading from central: https://repo.maven.apache.org/maven2/org/codehaus/plexus/plexus-interpolation/1.26/plexus-interpolation-1.26.pom
Progress (1): 1.4 kBProgress (1): 2.7 kB                    Downloaded from central: https://repo.maven.apache.org/maven2/org/codehaus/plexus/plexus-interpolation/1.26/plexus-interpolation-1.26.pom (2.7 kB at 86 kB/s)
Downloading from central: https://repo.maven.apache.org/maven2/org/codehaus/plexus/plexus/5.1/plexus-5.1.pom
Progress (1): 700 BProgress (1): 2.7 kBProgress (1): 6.5 kBProgress (1): 9.1 kBProgress (1): 12 kB Progress (1): 16 kBProgress (1): 21 kBProgress (1): 22 kBProgress (1): 23 kB                   Downloaded from central: https://repo.maven.apache.org/maven2/org/codehaus/plexus/plexus/5.1/plexus-5.1.pom (23 kB at 776 kB/s)
Downloading from central: https://repo.maven.apache.org/maven2/org/apache/maven/shared/maven-filtering/3.3.1/maven-filtering-3.3.1.pom
Progress (1): 793 BProgress (1): 2.3 kBProgress (1): 5.6 kBProgress (1): 6.0 kB                    Downloaded from central: https://repo.maven.apache.org/maven2/org/apache/maven/shared/maven-filtering/3.3.1/maven-filtering-3.3.1.pom (6.0 kB at 201 kB/s)
Downloading from central: https://repo.maven.apache.org/maven2/org/apache/maven/shared/maven-shared-components/39/maven-shared-components-39.pom
Progress (1): 812 BProgress (1): 2.2 kBProgress (1): 3.2 kB                    Downloaded from central: https://repo.maven.apache.org/maven2/org/apache/maven/shared/maven-shared-components/39/maven-shared-components-39.pom (3.2 kB at 87 kB/s)
Downloading from central: https://repo.maven.apache.org/maven2/org/codehaus/plexus/plexus-utils/3.5.0/plexus-utils-3.5.0.pom
Progress (1): 725 BProgress (1): 2.4 kBProgress (1): 4.5 kBProgress (1): 8.0 kB                    Downloaded from central: https://repo.maven.apache.org/maven2/org/codehaus/plexus/plexus-utils/3.5.0/plexus-utils-3.5.0.pom (8.0 kB at 258 kB/s)
Downloading from central: https://repo.maven.apache.org/maven2/commons-io/commons-io/2.11.0/commons-io-2.11.0.pom
Progress (1): 764 BProgress (1): 2.1 kBProgress (1): 5.2 kBProgress (1): 7.8 kBProgress (1): 10 kB Progress (1): 12 kBProgress (1): 15 kBProgress (1): 18 kBProgress (1): 20 kB                   Downloaded from central: https://repo.maven.apache.org/maven2/commons-io/commons-io/2.11.0/commons-io-2.11.0.pom (20 kB at 459 kB/s)
Downloading from central: https://repo.maven.apache.org/maven2/org/junit/junit-bom/5.7.2/junit-bom-5.7.2.pom
Progress (1): 912 BProgress (1): 4.1 kBProgress (1): 5.1 kB                    Downloaded from central: https://repo.maven.apache.org/maven2/org/junit/junit-bom/5.7.2/junit-bom-5.7.2.pom (5.1 kB at 170 kB/s)
Downloading from central: https://repo.maven.apache.org/maven2/org/apache/commons/commons-lang3/3.12.0/commons-lang3-3.12.0.pom
Progress (1): 740 BProgress (1): 2.1 kBProgress (1): 5.4 kBProgress (1): 8.8 kBProgress (1): 12 kB Progress (1): 15 kBProgress (1): 17 kBProgress (1): 19 kBProgress (1): 21 kBProgress (1): 24 kBProgress (1): 28 kBProgress (1): 30 kBProgress (1): 31 kB                   Downloaded from central: https://repo.maven.apache.org/maven2/org/apache/commons/commons-lang3/3.12.0/commons-lang3-3.12.0.pom (31 kB at 902 kB/s)
Downloading from central: https://repo.maven.apache.org/maven2/org/junit/junit-bom/5.7.1/junit-bom-5.7.1.pom
Progress (1): 912 BProgress (1): 4.1 kBProgress (1): 5.1 kB                    Downloaded from central: https://repo.maven.apache.org/maven2/org/junit/junit-bom/5.7.1/junit-bom-5.7.1.pom (5.1 kB at 150 kB/s)
Downloading from central: https://repo.maven.apache.org/maven2/org/codehaus/plexus/plexus-interpolation/1.26/plexus-interpolation-1.26.jar
Downloading from central: https://repo.maven.apache.org/maven2/org/apache/maven/shared/maven-filtering/3.3.1/maven-filtering-3.3.1.jar
Downloading from central: https://repo.maven.apache.org/maven2/commons-io/commons-io/2.11.0/commons-io-2.11.0.jar
Downloading from central: https://repo.maven.apache.org/maven2/org/apache/commons/commons-lang3/3.12.0/commons-lang3-3.12.0.jar
Progress (1): 7.7/55 kBProgress (1): 16/55 kB Progress (1): 16/55 kBProgress (1): 33/55 kBProgress (2): 33/55 kB | 3.8/327 kBProgress (2): 33/55 kB | 7.3/327 kBProgress (2): 33/55 kB | 12/327 kB Progress (2): 33/55 kB | 16/327 kBProgress (2): 33/55 kB | 20/327 kBProgress (3): 33/55 kB | 20/327 kB | 7.7/85 kBProgress (3): 33/55 kB | 24/327 kB | 7.7/85 kBProgress (3): 33/55 kB | 24/327 kB | 11/85 kB Progress (3): 33/55 kB | 28/327 kB | 11/85 kBProgress (4): 33/55 kB | 28/327 kB | 11/85 kB | 7.7/587 kBProgress (4): 33/55 kB | 28/327 kB | 11/85 kB | 15/587 kB Progress (4): 33/55 kB | 28/327 kB | 11/85 kB | 32/587 kBProgress (4): 33/55 kB | 28/327 kB | 11/85 kB | 48/587 kBProgress (4): 33/55 kB | 28/327 kB | 28/85 kB | 48/587 kBProgress (4): 33/55 kB | 28/327 kB | 28/85 kB | 65/587 kBProgress (4): 33/55 kB | 28/327 kB | 28/85 kB | 81/587 kBProgress (4): 33/55 kB | 28/327 kB | 44/85 kB | 81/587 kBProgress (4): 33/55 kB | 28/327 kB | 61/85 kB | 81/587 kBProgress (4): 33/55 kB | 28/327 kB | 61/85 kB | 97/587 kBProgress (4): 33/55 kB | 28/327 kB | 61/85 kB | 114/587 kBProgress (4): 33/55 kB | 28/327 kB | 77/85 kB | 114/587 kBProgress (4): 33/55 kB | 28/327 kB | 77/85 kB | 130/587 kBProgress (4): 33/55 kB | 28/327 kB | 77/85 kB | 147/587 kBProgress (4): 33/55 kB | 28/327 kB | 77/85 kB | 163/587 kBProgress (4): 33/55 kB | 28/327 kB | 77/85 kB | 179/587 kBProgress (4): 33/55 kB | 28/327 kB | 77/85 kB | 196/587 kBProgress (4): 49/55 kB | 28/327 kB | 77/85 kB | 196/587 kBProgress (4): 55 kB | 28/327 kB | 77/85 kB | 196/587 kB   Progress (4): 55 kB | 33/327 kB | 77/85 kB | 196/587 kB                                                       Downloaded from central: https://repo.maven.apache.org/maven2/org/apache/maven/shared/maven-filtering/3.3.1/maven-filtering-3.3.1.jar (55 kB at 1.1 MB/s)
Progress (3): 37/327 kB | 77/85 kB | 196/587 kBProgress (3): 41/327 kB | 77/85 kB | 196/587 kBProgress (3): 45/327 kB | 77/85 kB | 196/587 kBProgress (3): 45/327 kB | 77/85 kB | 212/587 kBProgress (3): 45/327 kB | 77/85 kB | 228/587 kBProgress (3): 50/327 kB | 77/85 kB | 228/587 kBProgress (3): 54/327 kB | 77/85 kB | 228/587 kBProgress (3): 58/327 kB | 77/85 kB | 228/587 kBProgress (3): 58/327 kB | 77/85 kB | 245/587 kBProgress (3): 62/327 kB | 77/85 kB | 245/587 kBProgress (3): 62/327 kB | 77/85 kB | 261/587 kBProgress (3): 62/327 kB | 77/85 kB | 278/587 kBProgress (3): 62/327 kB | 77/85 kB | 279/587 kBProgress (3): 66/327 kB | 77/85 kB | 279/587 kBProgress (3): 71/327 kB | 77/85 kB | 279/587 kBProgress (3): 71/327 kB | 77/85 kB | 295/587 kBProgress (3): 75/327 kB | 77/85 kB | 295/587 kBProgress (3): 79/327 kB | 77/85 kB | 295/587 kBProgress (3): 79/327 kB | 77/85 kB | 311/587 kBProgress (3): 83/327 kB | 77/85 kB | 311/587 kBProgress (3): 83/327 kB | 77/85 kB | 328/587 kBProgress (3): 88/327 kB | 77/85 kB | 328/587 kBProgress (3): 92/327 kB | 77/85 kB | 328/587 kBProgress (3): 92/327 kB | 77/85 kB | 344/587 kBProgress (3): 92/327 kB | 77/85 kB | 360/587 kBProgress (3): 92/327 kB | 85 kB | 360/587 kB                                               Downloaded from central: https://repo.maven.apache.org/maven2/org/codehaus/plexus/plexus-interpolation/1.26/plexus-interpolation-1.26.jar (85 kB at 1.6 MB/s)
Progress (2): 92/327 kB | 377/587 kBProgress (2): 92/327 kB | 393/587 kBProgress (2): 92/327 kB | 410/587 kBProgress (2): 92/327 kB | 426/587 kBProgress (2): 92/327 kB | 442/587 kBProgress (2): 96/327 kB | 442/587 kBProgress (2): 100/327 kB | 442/587 kBProgress (2): 100/327 kB | 459/587 kBProgress (2): 100/327 kB | 475/587 kBProgress (2): 105/327 kB | 475/587 kBProgress (2): 105/327 kB | 492/587 kBProgress (2): 105/327 kB | 508/587 kBProgress (2): 109/327 kB | 508/587 kBProgress (2): 109/327 kB | 524/587 kBProgress (2): 113/327 kB | 524/587 kBProgress (2): 117/327 kB | 524/587 kBProgress (2): 117/327 kB | 541/587 kBProgress (2): 121/327 kB | 541/587 kBProgress (2): 126/327 kB | 541/587 kBProgress (2): 126/327 kB | 557/587 kBProgress (2): 126/327 kB | 573/587 kBProgress (2): 126/327 kB | 587 kB    Progress (2): 130/327 kB | 587 kBProgress (2): 147/327 kB | 587 kB                                 Downloaded from central: https://repo.maven.apache.org/maven2/org/apache/commons/commons-lang3/3.12.0/commons-lang3-3.12.0.jar (587 kB at 11 MB/s)
Progress (1): 163/327 kBProgress (1): 179/327 kBProgress (1): 196/327 kBProgress (1): 212/327 kBProgress (1): 228/327 kBProgress (1): 245/327 kBProgress (1): 261/327 kBProgress (1): 278/327 kBProgress (1): 294/327 kBProgress (1): 310/327 kBProgress (1): 327/327 kBProgress (1): 327 kB                        Downloaded from central: https://repo.maven.apache.org/maven2/commons-io/commons-io/2.11.0/commons-io-2.11.0.jar (327 kB at 4.8 MB/s)
[INFO] skip non existing resourceDirectory /app/org.moreunit.core/src/main/resources
[INFO]
[INFO] --- tycho-compiler:5.0.2:compile (default-compile) @ org.moreunit.core ---
Downloading from central: https://repo.maven.apache.org/maven2/org/osgi/org.osgi.annotation.bundle/maven-metadata.xml
Progress (1): 455 B                   Downloaded from central: https://repo.maven.apache.org/maven2/org/osgi/org.osgi.annotation.bundle/maven-metadata.xml (455 B at 15 kB/s)
Downloading from central: https://repo.maven.apache.org/maven2/org/osgi/org.osgi.annotation.bundle/1.1.1/org.osgi.annotation.bundle-1.1.1.jar
Progress (1): 7.7/30 kBProgress (1): 11/30 kB Progress (1): 28/30 kBProgress (1): 30 kB                      Downloaded from central: https://repo.maven.apache.org/maven2/org/osgi/org.osgi.annotation.bundle/1.1.1/org.osgi.annotation.bundle-1.1.1.jar (30 kB at 1.1 MB/s)
Downloading from central: https://repo.maven.apache.org/maven2/org/osgi/org.osgi.annotation.versioning/maven-metadata.xml
Progress (1): 459 B                   Downloaded from central: https://repo.maven.apache.org/maven2/org/osgi/org.osgi.annotation.versioning/maven-metadata.xml (459 B at 16 kB/s)
Downloading from central: https://repo.maven.apache.org/maven2/org/osgi/org.osgi.annotation.versioning/1.1.2/org.osgi.annotation.versioning-1.1.2.jar.sha512
Downloading from central: https://repo.maven.apache.org/maven2/org/osgi/org.osgi.annotation.versioning/1.1.2/org.osgi.annotation.versioning-1.1.2.jar.sha256
Downloading from central: https://repo.maven.apache.org/maven2/org/osgi/org.osgi.annotation.versioning/1.1.2/org.osgi.annotation.versioning-1.1.2.jar
Progress (1): 7.3/15 kBProgress (1): 15 kB                       Downloaded from central: https://repo.maven.apache.org/maven2/org/osgi/org.osgi.annotation.versioning/1.1.2/org.osgi.annotation.versioning-1.1.2.jar (15 kB at 603 kB/s)
Downloading from central: https://repo.maven.apache.org/maven2/org/osgi/org.osgi.service.metatype.annotations/maven-metadata.xml
Progress (1): 435 B                   Downloaded from central: https://repo.maven.apache.org/maven2/org/osgi/org.osgi.service.metatype.annotations/maven-metadata.xml (435 B at 14 kB/s)
Downloading from central: https://repo.maven.apache.org/maven2/org/osgi/org.osgi.service.metatype.annotations/1.4.1/org.osgi.service.metatype.annotations-1.4.1.jar.sha512
Downloading from central: https://repo.maven.apache.org/maven2/org/osgi/org.osgi.service.metatype.annotations/1.4.1/org.osgi.service.metatype.annotations-1.4.1.jar.sha256
Downloading from central: https://repo.maven.apache.org/maven2/org/osgi/org.osgi.service.metatype.annotations/1.4.1/org.osgi.service.metatype.annotations-1.4.1.jar
Progress (1): 7.7/28 kBProgress (1): 15/28 kB Progress (1): 28 kB                      Downloaded from central: https://repo.maven.apache.org/maven2/org/osgi/org.osgi.service.metatype.annotations/1.4.1/org.osgi.service.metatype.annotations-1.4.1.jar (28 kB at 956 kB/s)
Downloading from central: https://repo.maven.apache.org/maven2/org/osgi/org.osgi.service.cm/maven-metadata.xml
Progress (1): 417 B                   Downloaded from central: https://repo.maven.apache.org/maven2/org/osgi/org.osgi.service.cm/maven-metadata.xml (417 B at 14 kB/s)
Downloading from central: https://repo.maven.apache.org/maven2/org/osgi/org.osgi.service.cm/1.6.1/org.osgi.service.cm-1.6.1.jar.sha512
Downloading from central: https://repo.maven.apache.org/maven2/org/osgi/org.osgi.service.cm/1.6.1/org.osgi.service.cm-1.6.1.jar.sha256
Downloading from central: https://repo.maven.apache.org/maven2/org/osgi/org.osgi.service.cm/1.6.1/org.osgi.service.cm-1.6.1.jar
Progress (1): 7.7/56 kBProgress (1): 12/56 kB Progress (1): 29/56 kBProgress (1): 45/56 kBProgress (1): 56 kB                      Downloaded from central: https://repo.maven.apache.org/maven2/org/osgi/org.osgi.service.cm/1.6.1/org.osgi.service.cm-1.6.1.jar (56 kB at 2.0 MB/s)
Downloading from central: https://repo.maven.apache.org/maven2/org/osgi/org.osgi.service.component.annotations/maven-metadata.xml
Progress (1): 537 B                   Downloaded from central: https://repo.maven.apache.org/maven2/org/osgi/org.osgi.service.component.annotations/maven-metadata.xml (537 B at 17 kB/s)
Downloading from central: https://repo.maven.apache.org/maven2/org/osgi/org.osgi.service.component.annotations/1.5.1/org.osgi.service.component.annotations-1.5.1.jar
Progress (1): 7.7/43 kBProgress (1): 7.7/43 kBProgress (1): 24/43 kB Progress (1): 40/43 kBProgress (1): 43 kB                      Downloaded from central: https://repo.maven.apache.org/maven2/org/osgi/org.osgi.service.component.annotations/1.5.1/org.osgi.service.component.annotations-1.5.1.jar (43 kB at 1.6 MB/s)
[INFO] Compiling 120 source files to /app/org.moreunit.core/target/classes using Eclipse Compiler for Java(TM) 3.44.0.v20251118-1623
[INFO]
[INFO] --- tycho-bnd:5.0.2:process (default-process) @ org.moreunit.core ---
[INFO]
[INFO] --- tycho-ds:5.0.2:declarative-services (default-declarative-services) @ org.moreunit.core ---
[INFO]
[INFO] --- resources:3.3.1:testResources (default-testResources) @ org.moreunit.core ---
[INFO] skip non existing resourceDirectory /app/org.moreunit.core/src/test/resources
[INFO]
[INFO] --- tycho-compiler:5.0.2:testCompile (default-testCompile) @ org.moreunit.core ---
[INFO]
[INFO] --- tycho-source:5.0.2:plugin-source (plugin-source) @ org.moreunit.core ---
[INFO] Building jar: /app/org.moreunit.core/target/org.moreunit.core-4.0.2-SNAPSHOT-sources.jar
[INFO]
[INFO] --- tycho-packaging:5.0.2:package-plugin (default-package-plugin) @ org.moreunit.core ---
[INFO] Building jar: /app/org.moreunit.core/target/org.moreunit.core-4.0.2-SNAPSHOT.jar
[INFO]
[INFO] --- tycho-p2-plugin:5.0.2:p2-metadata-default (default-p2-metadata-default) @ org.moreunit.core ---
[INFO]
[INFO] --- install:3.1.1:install (default-install) @ org.moreunit.core ---
Downloading from central: https://repo.maven.apache.org/maven2/org/eclipse/aether/aether-util/1.0.0.v20140518/aether-util-1.0.0.v20140518.pom
Progress (1): 937 BProgress (1): 2.2 kB                    Downloaded from central: https://repo.maven.apache.org/maven2/org/eclipse/aether/aether-util/1.0.0.v20140518/aether-util-1.0.0.v20140518.pom (2.2 kB at 69 kB/s)
Downloading from central: https://repo.maven.apache.org/maven2/org/eclipse/aether/aether/1.0.0.v20140518/aether-1.0.0.v20140518.pom
Progress (1): 798 BProgress (1): 3.2 kBProgress (1): 5.1 kBProgress (1): 9.1 kBProgress (1): 12 kB Progress (1): 17 kBProgress (1): 20 kBProgress (1): 23 kBProgress (1): 28 kBProgress (1): 30 kB                   Downloaded from central: https://repo.maven.apache.org/maven2/org/eclipse/aether/aether/1.0.0.v20140518/aether-1.0.0.v20140518.pom (30 kB at 973 kB/s)
Downloading from central: https://repo.maven.apache.org/maven2/org/eclipse/aether/aether-api/1.0.0.v20140518/aether-api-1.0.0.v20140518.pom
Progress (1): 938 BProgress (1): 1.9 kB                    Downloaded from central: https://repo.maven.apache.org/maven2/org/eclipse/aether/aether-api/1.0.0.v20140518/aether-api-1.0.0.v20140518.pom (1.9 kB at 65 kB/s)
Downloading from central: https://repo.maven.apache.org/maven2/org/eclipse/aether/aether-util/1.0.0.v20140518/aether-util-1.0.0.v20140518.jar
Downloading from central: https://repo.maven.apache.org/maven2/org/codehaus/plexus/plexus-utils/3.5.0/plexus-utils-3.5.0.jar
Downloading from central: https://repo.maven.apache.org/maven2/org/eclipse/aether/aether-api/1.0.0.v20140518/aether-api-1.0.0.v20140518.jar
Progress (1): 4.1/146 kBProgress (1): 20/146 kB Progress (1): 37/146 kBProgress (1): 53/146 kBProgress (1): 70/146 kBProgress (1): 86/146 kBProgress (1): 102/146 kBProgress (1): 119/146 kBProgress (1): 135/146 kBProgress (1): 146 kB                        Downloaded from central: https://repo.maven.apache.org/maven2/org/eclipse/aether/aether-util/1.0.0.v20140518/aether-util-1.0.0.v20140518.jar (146 kB at 5.0 MB/s)
Progress (1): 7.7/267 kBProgress (1): 16/267 kB Progress (1): 29/267 kBProgress (1): 45/267 kBProgress (1): 61/267 kBProgress (1): 78/267 kBProgress (1): 94/267 kBProgress (1): 111/267 kBProgress (1): 127/267 kBProgress (1): 143/267 kBProgress (1): 160/267 kBProgress (1): 176/267 kBProgress (1): 193/267 kBProgress (1): 209/267 kBProgress (1): 225/267 kBProgress (1): 242/267 kBProgress (1): 258/267 kBProgress (1): 267 kB                        Downloaded from central: https://repo.maven.apache.org/maven2/org/codehaus/plexus/plexus-utils/3.5.0/plexus-utils-3.5.0.jar (267 kB at 7.6 MB/s)
Progress (1): 7.7/136 kBProgress (1): 11/136 kB Progress (1): 28/136 kBProgress (1): 44/136 kBProgress (1): 61/136 kBProgress (1): 77/136 kBProgress (1): 93/136 kBProgress (1): 110/136 kBProgress (1): 126/136 kBProgress (1): 136 kB                        Downloaded from central: https://repo.maven.apache.org/maven2/org/eclipse/aether/aether-api/1.0.0.v20140518/aether-api-1.0.0.v20140518.jar (136 kB at 2.6 MB/s)
[INFO] Installing /app/org.moreunit.core/pom.xml to /home/jules/.m2/repository/org/moreunit/org.moreunit.core/4.0.2-SNAPSHOT/org.moreunit.core-4.0.2-SNAPSHOT.pom
[INFO] Installing /app/org.moreunit.core/target/org.moreunit.core-4.0.2-SNAPSHOT.jar to /home/jules/.m2/repository/org/moreunit/org.moreunit.core/4.0.2-SNAPSHOT/org.moreunit.core-4.0.2-SNAPSHOT.jar
[INFO] Installing /app/org.moreunit.core/target/org.moreunit.core-4.0.2-SNAPSHOT-sources.jar to /home/jules/.m2/repository/org/moreunit/org.moreunit.core/4.0.2-SNAPSHOT/org.moreunit.core-4.0.2-SNAPSHOT-sources.jar
[INFO] Installing /app/org.moreunit.core/target/p2content.xml to /home/jules/.m2/repository/org/moreunit/org.moreunit.core/4.0.2-SNAPSHOT/org.moreunit.core-4.0.2-SNAPSHOT-p2metadata.xml
[INFO] Installing /app/org.moreunit.core/target/p2artifacts.xml to /home/jules/.m2/repository/org/moreunit/org.moreunit.core/4.0.2-SNAPSHOT/org.moreunit.core-4.0.2-SNAPSHOT-p2artifacts.xml
[INFO]
[INFO] --- tycho-p2-plugin:5.0.2:update-local-index (default-update-local-index) @ org.moreunit.core ---
[INFO]
[INFO] -----------------< org.moreunit.plugins:org.moreunit >------------------
[INFO] Building org.moreunit 4.0.2-SNAPSHOT                              [3/15]
[INFO]   from /app/org.moreunit.plugin/pom.xml
[INFO] ---------------------------[ eclipse-plugin ]---------------------------
Downloading from central: https://repo.maven.apache.org/maven2/org/commonmark/commonmark/maven-metadata.xml
Progress (1): 878 B                   Downloaded from central: https://repo.maven.apache.org/maven2/org/commonmark/commonmark/maven-metadata.xml (878 B at 23 kB/s)
Downloading from central: https://repo.maven.apache.org/maven2/org/commonmark/commonmark/0.27.1/commonmark-0.27.1.jar.sha512
Progress (1): 128 B                   Downloaded from central: https://repo.maven.apache.org/maven2/org/commonmark/commonmark/0.27.1/commonmark-0.27.1.jar.sha512 (128 B at 3.4 kB/s)
Downloading from central: https://repo.maven.apache.org/maven2/org/commonmark/commonmark/0.27.1/commonmark-0.27.1.jar
Progress (1): 7.7/218 kBProgress (1): 15/218 kB Progress (1): 32/218 kBProgress (1): 48/218 kBProgress (1): 65/218 kBProgress (1): 81/218 kBProgress (1): 97/218 kBProgress (1): 114/218 kBProgress (1): 115/218 kBProgress (1): 131/218 kBProgress (1): 147/218 kBProgress (1): 164/218 kBProgress (1): 180/218 kBProgress (1): 197/218 kBProgress (1): 213/218 kBProgress (1): 218 kB                        Downloaded from central: https://repo.maven.apache.org/maven2/org/commonmark/commonmark/0.27.1/commonmark-0.27.1.jar (218 kB at 5.3 MB/s)
Downloading from central: https://repo.maven.apache.org/maven2/org/commonmark/commonmark-ext-gfm-tables/maven-metadata.xml
Progress (1): 893 B                   Downloaded from central: https://repo.maven.apache.org/maven2/org/commonmark/commonmark-ext-gfm-tables/maven-metadata.xml (893 B at 26 kB/s)
Downloading from central: https://repo.maven.apache.org/maven2/org/commonmark/commonmark-ext-gfm-tables/0.27.1/commonmark-ext-gfm-tables-0.27.1.jar.sha512
Progress (1): 128 B                   Downloaded from central: https://repo.maven.apache.org/maven2/org/commonmark/commonmark-ext-gfm-tables/0.27.1/commonmark-ext-gfm-tables-0.27.1.jar.sha512 (128 B at 3.1 kB/s)
Downloading from central: https://repo.maven.apache.org/maven2/org/commonmark/commonmark-ext-gfm-tables/0.27.1/commonmark-ext-gfm-tables-0.27.1.jar
Progress (1): 7.7/24 kBProgress (1): 15/24 kB Progress (1): 24 kB                      Downloaded from central: https://repo.maven.apache.org/maven2/org/commonmark/commonmark-ext-gfm-tables/0.27.1/commonmark-ext-gfm-tables-0.27.1.jar (24 kB at 715 kB/s)
[INFO] Downloading from p2: https://mirrors.xmission.com/eclipse/eclipse/updates/4.39/R-4.39-202602260420/plugins/org.eclipse.core.variables_3.6.700.v20250913-1442.jar
[INFO] Downloaded from p2: https://mirrors.xmission.com/eclipse/eclipse/updates/4.39/R-4.39-202602260420/plugins/org.eclipse.core.variables_3.6.700.v20250913-1442.jar (39 KB at 1 MB/s)
[INFO] Downloading from p2: https://mirror.csclub.uwaterloo.ca/eclipse/eclipse/updates/4.39/R-4.39-202602260420/plugins/org.eclipse.debug.core_3.23.200.v20251107-0507.jar
[INFO] Downloaded from p2: https://mirror.csclub.uwaterloo.ca/eclipse/eclipse/updates/4.39/R-4.39-202602260420/plugins/org.eclipse.debug.core_3.23.200.v20251107-0507.jar (409 KB at 4 MB/s)
[INFO] Downloading from p2: https://download.eclipse.org/eclipse/updates/4.39/R-4.39-202602260420/plugins/org.eclipse.debug.ui_3.20.0.v20260209-1220.jar
[INFO] Downloaded from p2: https://download.eclipse.org/eclipse/updates/4.39/R-4.39-202602260420/plugins/org.eclipse.debug.ui_3.20.0.v20260209-1220.jar (3 MB at 441 KB/s)
[INFO] Downloading from p2: https://mirror.csclub.uwaterloo.ca/eclipse/eclipse/updates/4.39/R-4.39-202602260420/plugins/org.eclipse.ui.console_3.16.0.v20260123-1616.jar
[INFO] Downloaded from p2: https://mirror.csclub.uwaterloo.ca/eclipse/eclipse/updates/4.39/R-4.39-202602260420/plugins/org.eclipse.ui.console_3.16.0.v20260123-1616.jar (277 KB at 1 MB/s)
[INFO] Downloading from p2: https://mirrors.xmission.com/eclipse/eclipse/updates/4.39/R-4.39-202602260420/plugins/org.eclipse.equinox.frameworkadmin_2.3.500.v20250716-0529.jar
[INFO] Downloaded from p2: https://mirrors.xmission.com/eclipse/eclipse/updates/4.39/R-4.39-202602260420/plugins/org.eclipse.equinox.frameworkadmin_2.3.500.v20250716-0529.jar (40 KB at 1 MB/s)
[INFO] Downloading from p2: https://mirrors.xmission.com/eclipse/eclipse/updates/4.39/R-4.39-202602260420/plugins/org.eclipse.equinox.frameworkadmin.equinox_1.3.400.v20250515-0513.jar
[INFO] Downloaded from p2: https://mirrors.xmission.com/eclipse/eclipse/updates/4.39/R-4.39-202602260420/plugins/org.eclipse.equinox.frameworkadmin.equinox_1.3.400.v20250515-0513.jar (74 KB at 2 MB/s)
[INFO] Downloading from p2: https://mirrors.xmission.com/eclipse/eclipse/updates/4.39/R-4.39-202602260420/plugins/org.eclipse.equinox.simpleconfigurator_1.5.700.v20251111-1031.jar
[INFO] Downloaded from p2: https://mirrors.xmission.com/eclipse/eclipse/updates/4.39/R-4.39-202602260420/plugins/org.eclipse.equinox.simpleconfigurator_1.5.700.v20251111-1031.jar (55 KB at 1 MB/s)
[INFO] Downloading from p2: https://mirrors.xmission.com/eclipse/eclipse/updates/4.39/R-4.39-202602260420/plugins/org.eclipse.equinox.simpleconfigurator.manipulator_2.3.600.v20250729-0655.jar
[INFO] Downloaded from p2: https://mirrors.xmission.com/eclipse/eclipse/updates/4.39/R-4.39-202602260420/plugins/org.eclipse.equinox.simpleconfigurator.manipulator_2.3.600.v20250729-0655.jar (30 KB at 1 MB/s)
[INFO] Downloading from p2: https://eclipse.mirror.rafal.ca/eclipse/updates/4.39/R-4.39-202602260420/plugins/org.eclipse.jdt.core.manipulation_1.24.0.v20260212-2209.jar
[INFO] Downloaded from p2: https://eclipse.mirror.rafal.ca/eclipse/updates/4.39/R-4.39-202602260420/plugins/org.eclipse.jdt.core.manipulation_1.24.0.v20260212-2209.jar (4 MB at 8 MB/s)
[INFO] Downloading from p2: https://eclipse.mirror.rafal.ca/eclipse/updates/4.39/R-4.39-202602260420/plugins/org.eclipse.jdt.launching_3.24.100.v20260218-1303.jar
[INFO] Downloaded from p2: https://eclipse.mirror.rafal.ca/eclipse/updates/4.39/R-4.39-202602260420/plugins/org.eclipse.jdt.launching_3.24.100.v20260218-1303.jar (594 KB at 9 MB/s)
[INFO] Downloading from p2: https://mirrors.xmission.com/eclipse/eclipse/updates/4.39/R-4.39-202602260420/plugins/org.eclipse.jdt.debug_3.25.100.v20260212-0641.jar
[INFO] Downloaded from p2: https://mirrors.xmission.com/eclipse/eclipse/updates/4.39/R-4.39-202602260420/plugins/org.eclipse.jdt.debug_3.25.100.v20260212-0641.jar (940 KB at 12 MB/s)
[INFO] Downloading from p2: https://eclipse.mirror.rafal.ca/eclipse/updates/4.39/R-4.39-202602260420/plugins/org.eclipse.jdt.debug.ui_3.15.300.v20260212-1456.jar
[INFO] Downloaded from p2: https://eclipse.mirror.rafal.ca/eclipse/updates/4.39/R-4.39-202602260420/plugins/org.eclipse.jdt.debug.ui_3.15.300.v20260212-1456.jar (2 MB at 13 MB/s)
[INFO] Downloading from p2: https://mirrors.xmission.com/eclipse/eclipse/updates/4.39/R-4.39-202602260420/plugins/org.eclipse.jdt.ui_3.37.0.v20260213-1444.jar
[INFO] Downloaded from p2: https://mirrors.xmission.com/eclipse/eclipse/updates/4.39/R-4.39-202602260420/plugins/org.eclipse.jdt.ui_3.37.0.v20260213-1444.jar (10 MB at 15 MB/s)
[INFO] Downloading from p2: https://eclipse.mirror.rafal.ca/eclipse/updates/4.39/R-4.39-202602260420/plugins/org.eclipse.jdt.junit_3.17.400.v20260117-0111.jar
[INFO] Downloaded from p2: https://eclipse.mirror.rafal.ca/eclipse/updates/4.39/R-4.39-202602260420/plugins/org.eclipse.jdt.junit_3.17.400.v20260117-0111.jar (820 KB at 5 MB/s)
[INFO] Downloading from p2: https://mirrors.xmission.com/eclipse/eclipse/updates/4.39/R-4.39-202602260420/plugins/org.eclipse.jdt.junit.runtime_3.8.0.v20251113-1434.jar
[INFO] Downloaded from p2: https://mirrors.xmission.com/eclipse/eclipse/updates/4.39/R-4.39-202602260420/plugins/org.eclipse.jdt.junit.runtime_3.8.0.v20251113-1434.jar (60 KB at 878 KB/s)
[INFO] Downloading from p2: https://eclipse.mirror.rafal.ca/eclipse/updates/4.39/R-4.39-202602260420/plugins/org.eclipse.jdt.junit.core_3.14.100.v20251223-2158.jar
[INFO] Downloaded from p2: https://eclipse.mirror.rafal.ca/eclipse/updates/4.39/R-4.39-202602260420/plugins/org.eclipse.jdt.junit.core_3.14.100.v20251223-2158.jar (189 KB at 3 MB/s)
[INFO] Downloading from p2: https://mirrors.xmission.com/eclipse/eclipse/updates/4.39/R-4.39-202602260420/plugins/org.junit_4.13.2.v20240929-1000.jar
[INFO] Downloaded from p2: https://mirrors.xmission.com/eclipse/eclipse/updates/4.39/R-4.39-202602260420/plugins/org.junit_4.13.2.v20240929-1000.jar (416 KB at 6 MB/s)
[INFO] Downloading from p2: https://mirrors.xmission.com/eclipse/eclipse/updates/4.39/R-4.39-202602260420/plugins/org.eclipse.ui.navigator.resources_3.10.0.v20251217-1052.jar
[INFO] Downloaded from p2: https://mirrors.xmission.com/eclipse/eclipse/updates/4.39/R-4.39-202602260420/plugins/org.eclipse.ui.navigator.resources_3.10.0.v20251217-1052.jar (209 KB at 5 MB/s)
[INFO] Downloading from p2: https://mirrors.xmission.com/eclipse/eclipse/updates/4.39/R-4.39-202602260420/plugins/org.eclipse.ui.views.properties.tabbed_3.11.0.v20251217-0909.jar
[INFO] Downloaded from p2: https://mirrors.xmission.com/eclipse/eclipse/updates/4.39/R-4.39-202602260420/plugins/org.eclipse.ui.views.properties.tabbed_3.11.0.v20251217-0909.jar (112 KB at 3 MB/s)
Downloading from central: https://repo.maven.apache.org/maven2/org/hamcrest/hamcrest/maven-metadata.xml
Progress (1): 577 B                   Downloaded from central: https://repo.maven.apache.org/maven2/org/hamcrest/hamcrest/maven-metadata.xml (577 B at 16 kB/s)
Downloading from central: https://repo.maven.apache.org/maven2/org/hamcrest/hamcrest/3.0/hamcrest-3.0.jar.sha512
Progress (1): 128 B                   Downloaded from central: https://repo.maven.apache.org/maven2/org/hamcrest/hamcrest/3.0/hamcrest-3.0.jar.sha512 (128 B at 3.9 kB/s)
Downloading from central: https://repo.maven.apache.org/maven2/org/hamcrest/hamcrest/3.0/hamcrest-3.0.jar
Progress (1): 7.7/126 kBProgress (1): 15/126 kB Progress (1): 32/126 kBProgress (1): 48/126 kBProgress (1): 65/126 kBProgress (1): 81/126 kBProgress (1): 97/126 kBProgress (1): 114/126 kBProgress (1): 126 kB                        Downloaded from central: https://repo.maven.apache.org/maven2/org/hamcrest/hamcrest/3.0/hamcrest-3.0.jar (126 kB at 3.7 MB/s)
[INFO] Downloading from p2: https://mirrors.xmission.com/eclipse/eclipse/updates/4.39/R-4.39-202602260420/plugins/org.eclipse.jdt.launching.macosx_3.6.400.v20260211-1052.jar
[INFO] Downloaded from p2: https://mirrors.xmission.com/eclipse/eclipse/updates/4.39/R-4.39-202602260420/plugins/org.eclipse.jdt.launching.macosx_3.6.400.v20260211-1052.jar (21 KB at 871 KB/s)
Downloading from central: https://repo.maven.apache.org/maven2/org/commonmark/commonmark/0.27.1/commonmark-0.27.1.pom
Progress (1): 1.5 kBProgress (1): 2.4 kB                    Downloaded from central: https://repo.maven.apache.org/maven2/org/commonmark/commonmark/0.27.1/commonmark-0.27.1.pom (2.4 kB at 72 kB/s)
Downloading from central: https://repo.maven.apache.org/maven2/org/commonmark/commonmark-parent/0.27.1/commonmark-parent-0.27.1.pom
Progress (1): 1.3 kBProgress (1): 4.1 kBProgress (1): 9.0 kBProgress (1): 13 kB                    Downloaded from central: https://repo.maven.apache.org/maven2/org/commonmark/commonmark-parent/0.27.1/commonmark-parent-0.27.1.pom (13 kB at 344 kB/s)
Downloading from central: https://repo.maven.apache.org/maven2/org/commonmark/commonmark-ext-gfm-tables/0.27.1/commonmark-ext-gfm-tables-0.27.1.pom
Progress (1): 1.0 kB                    Downloaded from central: https://repo.maven.apache.org/maven2/org/commonmark/commonmark-ext-gfm-tables/0.27.1/commonmark-ext-gfm-tables-0.27.1.pom (1.0 kB at 29 kB/s)
Downloading from central: https://repo.maven.apache.org/maven2/org/hamcrest/hamcrest/3.0/hamcrest-3.0.pom
Progress (1): 983 BProgress (1): 1.6 kB                    Downloaded from central: https://repo.maven.apache.org/maven2/org/hamcrest/hamcrest/3.0/hamcrest-3.0.pom (1.6 kB at 48 kB/s)
[INFO]
[INFO] --- tycho-packaging:5.0.2:build-qualifier (default-build-qualifier) @ org.moreunit ---
[INFO] The project's OSGi version is 4.0.2.202605200034
[INFO]
[INFO] --- tycho-packaging:5.0.2:validate-id (default-validate-id) @ org.moreunit ---
[INFO]
[INFO] --- tycho-packaging:5.0.2:validate-version (default-validate-version) @ org.moreunit ---
[INFO]
[INFO] --- target-platform-configuration:5.0.2:target-platform (default-target-platform) @ org.moreunit ---
[INFO]
[INFO] --- tycho-compiler:5.0.2:validate-classpath (default-validate-classpath) @ org.moreunit ---
[INFO] Resolving class path of org.moreunit
[INFO] Downloading from p2: https://mirror.csclub.uwaterloo.ca/eclipse/eclipse/updates/4.39/R-4.39-202602260420/plugins/org.commonmark.source_0.27.1.jar
[INFO] Downloaded from p2: https://mirror.csclub.uwaterloo.ca/eclipse/eclipse/updates/4.39/R-4.39-202602260420/plugins/org.commonmark.source_0.27.1.jar (138 KB at 1 MB/s)
[INFO] Downloading from p2: https://mirror.csclub.uwaterloo.ca/eclipse/eclipse/updates/4.39/R-4.39-202602260420/plugins/org.commonmark.ext-gfm-tables.source_0.27.1.jar
[INFO] Downloaded from p2: https://mirror.csclub.uwaterloo.ca/eclipse/eclipse/updates/4.39/R-4.39-202602260420/plugins/org.commonmark.ext-gfm-tables.source_0.27.1.jar (12 KB at 285 KB/s)
[INFO] Downloading from p2: https://mirror.csclub.uwaterloo.ca/eclipse/eclipse/updates/4.39/R-4.39-202602260420/plugins/org.eclipse.core.variables.source_3.6.700.v20250913-1442.jar
[INFO] Downloaded from p2: https://mirror.csclub.uwaterloo.ca/eclipse/eclipse/updates/4.39/R-4.39-202602260420/plugins/org.eclipse.core.variables.source_3.6.700.v20250913-1442.jar (41 KB at 373 KB/s)
[INFO] Downloading from p2: https://mirror.csclub.uwaterloo.ca/eclipse/eclipse/updates/4.39/R-4.39-202602260420/plugins/org.eclipse.debug.core.source_3.23.200.v20251107-0507.jar
[INFO] Downloaded from p2: https://mirror.csclub.uwaterloo.ca/eclipse/eclipse/updates/4.39/R-4.39-202602260420/plugins/org.eclipse.debug.core.source_3.23.200.v20251107-0507.jar (411 KB at 4 MB/s)
[INFO] Downloading from p2: https://mirrors.xmission.com/eclipse/eclipse/updates/4.39/R-4.39-202602260420/plugins/org.eclipse.debug.ui.source_3.20.0.v20260209-1220.jar
[INFO] Downloaded from p2: https://mirrors.xmission.com/eclipse/eclipse/updates/4.39/R-4.39-202602260420/plugins/org.eclipse.debug.ui.source_3.20.0.v20260209-1220.jar (1 MB at 12 MB/s)
[INFO] Downloading from p2: https://eclipse.mirror.rafal.ca/eclipse/updates/4.39/R-4.39-202602260420/plugins/org.eclipse.equinox.frameworkadmin.source_2.3.500.v20250716-0529.jar
[INFO] Downloaded from p2: https://eclipse.mirror.rafal.ca/eclipse/updates/4.39/R-4.39-202602260420/plugins/org.eclipse.equinox.frameworkadmin.source_2.3.500.v20250716-0529.jar (37 KB at 302 KB/s)
[INFO] Downloading from p2: https://mirror.csclub.uwaterloo.ca/eclipse/eclipse/updates/4.39/R-4.39-202602260420/plugins/org.eclipse.equinox.frameworkadmin.equinox.source_1.3.400.v20250515-0513.jar
[INFO] Downloaded from p2: https://mirror.csclub.uwaterloo.ca/eclipse/eclipse/updates/4.39/R-4.39-202602260420/plugins/org.eclipse.equinox.frameworkadmin.equinox.source_1.3.400.v20250515-0513.jar (50 KB at 834 KB/s)
[INFO] Downloading from p2: https://mirror.csclub.uwaterloo.ca/eclipse/eclipse/updates/4.39/R-4.39-202602260420/plugins/org.eclipse.equinox.simpleconfigurator.source_1.5.700.v20251111-1031.jar
[INFO] Downloaded from p2: https://mirror.csclub.uwaterloo.ca/eclipse/eclipse/updates/4.39/R-4.39-202602260420/plugins/org.eclipse.equinox.simpleconfigurator.source_1.5.700.v20251111-1031.jar (42 KB at 563 KB/s)
[INFO] Downloading from p2: https://mirrors.xmission.com/eclipse/eclipse/updates/4.39/R-4.39-202602260420/plugins/org.eclipse.equinox.simpleconfigurator.manipulator.source_2.3.600.v20250729-0655.jar
[INFO] Downloaded from p2: https://mirrors.xmission.com/eclipse/eclipse/updates/4.39/R-4.39-202602260420/plugins/org.eclipse.equinox.simpleconfigurator.manipulator.source_2.3.600.v20250729-0655.jar (22 KB at 910 KB/s)
[INFO] Downloading from p2: https://mirror.csclub.uwaterloo.ca/eclipse/eclipse/updates/4.39/R-4.39-202602260420/plugins/org.eclipse.jdt.core.manipulation.source_1.24.0.v20260212-2209.jar
[INFO] Downloaded from p2: https://mirror.csclub.uwaterloo.ca/eclipse/eclipse/updates/4.39/R-4.39-202602260420/plugins/org.eclipse.jdt.core.manipulation.source_1.24.0.v20260212-2209.jar (2 MB at 8 MB/s)
[INFO] Downloading from p2: https://eclipse.mirror.rafal.ca/eclipse/updates/4.39/R-4.39-202602260420/plugins/org.eclipse.jdt.debug.source_3.25.100.v20260212-0641.jar
[INFO] Downloaded from p2: https://eclipse.mirror.rafal.ca/eclipse/updates/4.39/R-4.39-202602260420/plugins/org.eclipse.jdt.debug.source_3.25.100.v20260212-0641.jar (782 KB at 3 MB/s)
[INFO] Downloading from p2: https://mirrors.xmission.com/eclipse/eclipse/updates/4.39/R-4.39-202602260420/plugins/org.eclipse.jdt.debug.ui.source_3.15.300.v20260212-1456.jar
[INFO] Downloaded from p2: https://mirrors.xmission.com/eclipse/eclipse/updates/4.39/R-4.39-202602260420/plugins/org.eclipse.jdt.debug.ui.source_3.15.300.v20260212-1456.jar (890 KB at 10 MB/s)
[INFO] Downloading from p2: https://mirrors.xmission.com/eclipse/eclipse/updates/4.39/R-4.39-202602260420/plugins/org.eclipse.jdt.junit.source_3.17.400.v20260117-0111.jar
[INFO] Downloaded from p2: https://mirrors.xmission.com/eclipse/eclipse/updates/4.39/R-4.39-202602260420/plugins/org.eclipse.jdt.junit.source_3.17.400.v20260117-0111.jar (205 KB at 5 MB/s)
[INFO] Downloading from p2: https://ftp2.osuosl.org/pub/eclipse/eclipse/updates/4.39/R-4.39-202602260420/plugins/org.eclipse.jdt.junit.core.source_3.14.100.v20251223-2158.jar
[INFO] Downloaded from p2: https://ftp2.osuosl.org/pub/eclipse/eclipse/updates/4.39/R-4.39-202602260420/plugins/org.eclipse.jdt.junit.core.source_3.14.100.v20251223-2158.jar (122 KB at 346 KB/s)
[INFO] Downloading from p2: https://ftp2.osuosl.org/pub/eclipse/eclipse/updates/4.39/R-4.39-202602260420/plugins/org.eclipse.jdt.junit.runtime.source_3.8.0.v20251113-1434.jar
[INFO] Downloaded from p2: https://ftp2.osuosl.org/pub/eclipse/eclipse/updates/4.39/R-4.39-202602260420/plugins/org.eclipse.jdt.junit.runtime.source_3.8.0.v20251113-1434.jar (49 KB at 731 KB/s)
[INFO] Downloading from p2: https://mirrors.xmission.com/eclipse/eclipse/updates/4.39/R-4.39-202602260420/plugins/org.eclipse.jdt.launching.source_3.24.100.v20260218-1303.jar
[INFO] Downloaded from p2: https://mirrors.xmission.com/eclipse/eclipse/updates/4.39/R-4.39-202602260420/plugins/org.eclipse.jdt.launching.source_3.24.100.v20260218-1303.jar (358 KB at 6 MB/s)
[INFO] Downloading from p2: https://eclipse.mirror.rafal.ca/eclipse/updates/4.39/R-4.39-202602260420/plugins/org.eclipse.jdt.ui.source_3.37.0.v20260213-1444.jar
[INFO] Downloaded from p2: https://eclipse.mirror.rafal.ca/eclipse/updates/4.39/R-4.39-202602260420/plugins/org.eclipse.jdt.ui.source_3.37.0.v20260213-1444.jar (4 MB at 10 MB/s)
[INFO] Downloading from p2: https://mirrors.xmission.com/eclipse/eclipse/updates/4.39/R-4.39-202602260420/plugins/org.eclipse.ui.console.source_3.16.0.v20260123-1616.jar
[INFO] Downloaded from p2: https://mirrors.xmission.com/eclipse/eclipse/updates/4.39/R-4.39-202602260420/plugins/org.eclipse.ui.console.source_3.16.0.v20260123-1616.jar (169 KB at 4 MB/s)
[INFO] Downloading from p2: https://mirrors.xmission.com/eclipse/eclipse/updates/4.39/R-4.39-202602260420/plugins/org.eclipse.ui.navigator.resources.source_3.10.0.v20251217-1052.jar
[INFO] Downloaded from p2: https://mirrors.xmission.com/eclipse/eclipse/updates/4.39/R-4.39-202602260420/plugins/org.eclipse.ui.navigator.resources.source_3.10.0.v20251217-1052.jar (107 KB at 3 MB/s)
[INFO] Downloading from p2: https://mirror.csclub.uwaterloo.ca/eclipse/eclipse/updates/4.39/R-4.39-202602260420/plugins/org.eclipse.ui.views.properties.tabbed.source_3.11.0.v20251217-0909.jar
[INFO] Downloaded from p2: https://mirror.csclub.uwaterloo.ca/eclipse/eclipse/updates/4.39/R-4.39-202602260420/plugins/org.eclipse.ui.views.properties.tabbed.source_3.11.0.v20251217-0909.jar (85 KB at 1010 KB/s)
[INFO] Downloading from p2: https://mirrors.xmission.com/eclipse/eclipse/updates/4.39/R-4.39-202602260420/plugins/org.hamcrest.source_3.0.0.jar
[INFO] Downloaded from p2: https://mirrors.xmission.com/eclipse/eclipse/updates/4.39/R-4.39-202602260420/plugins/org.hamcrest.source_3.0.0.jar (85 KB at 2 MB/s)
[INFO] Downloading from p2: https://mirror.csclub.uwaterloo.ca/eclipse/eclipse/updates/4.39/R-4.39-202602260420/plugins/org.junit.source_4.13.2.v20240929-1000.jar
[INFO] Downloaded from p2: https://mirror.csclub.uwaterloo.ca/eclipse/eclipse/updates/4.39/R-4.39-202602260420/plugins/org.junit.source_4.13.2.v20240929-1000.jar (257 KB at 3 MB/s)
[INFO] Downloading from p2: https://mirror.csclub.uwaterloo.ca/eclipse/eclipse/updates/4.39/R-4.39-202602260420/plugins/org.eclipse.jdt.launching.macosx.source_3.6.400.v20260211-1052.jar
[INFO] Downloaded from p2: https://mirror.csclub.uwaterloo.ca/eclipse/eclipse/updates/4.39/R-4.39-202602260420/plugins/org.eclipse.jdt.launching.macosx.source_3.6.400.v20260211-1052.jar (19 KB at 164 KB/s)
[INFO]
[INFO] --- antrun:3.2.0:run (avoid-equinox-exception) @ org.moreunit ---
[INFO] Executing tasks
[INFO] Executed tasks
[INFO]
[INFO] --- resources:3.3.1:resources (default-resources) @ org.moreunit ---
[INFO] skip non existing resourceDirectory /app/org.moreunit.plugin/src/main/resources
[INFO]
[INFO] --- tycho-compiler:5.0.2:compile (default-compile) @ org.moreunit ---
[INFO] Compiling 129 source files to /app/org.moreunit.plugin/target/classes using Eclipse Compiler for Java(TM) 3.44.0.v20251118-1623
[INFO]
[INFO] --- tycho-bnd:5.0.2:process (default-process) @ org.moreunit ---
[INFO]
[INFO] --- tycho-ds:5.0.2:declarative-services (default-declarative-services) @ org.moreunit ---
[INFO]
[INFO] --- resources:3.3.1:testResources (default-testResources) @ org.moreunit ---
[INFO] skip non existing resourceDirectory /app/org.moreunit.plugin/src/test/resources
[INFO]
[INFO] --- tycho-compiler:5.0.2:testCompile (default-testCompile) @ org.moreunit ---
[INFO]
[INFO] --- tycho-source:5.0.2:plugin-source (plugin-source) @ org.moreunit ---
[INFO] Building jar: /app/org.moreunit.plugin/target/org.moreunit-4.0.2-SNAPSHOT-sources.jar
[INFO]
[INFO] --- tycho-packaging:5.0.2:package-plugin (default-package-plugin) @ org.moreunit ---
[INFO] Building jar: /app/org.moreunit.plugin/target/org.moreunit-4.0.2-SNAPSHOT.jar
[INFO]
[INFO] --- tycho-p2-plugin:5.0.2:p2-metadata-default (default-p2-metadata-default) @ org.moreunit ---
[INFO]
[INFO] --- install:3.1.1:install (default-install) @ org.moreunit ---
[INFO] Installing /app/org.moreunit.plugin/pom.xml to /home/jules/.m2/repository/org/moreunit/plugins/org.moreunit/4.0.2-SNAPSHOT/org.moreunit-4.0.2-SNAPSHOT.pom
[INFO] Installing /app/org.moreunit.plugin/target/org.moreunit-4.0.2-SNAPSHOT.jar to /home/jules/.m2/repository/org/moreunit/plugins/org.moreunit/4.0.2-SNAPSHOT/org.moreunit-4.0.2-SNAPSHOT.jar
[INFO] Installing /app/org.moreunit.plugin/target/org.moreunit-4.0.2-SNAPSHOT-sources.jar to /home/jules/.m2/repository/org/moreunit/plugins/org.moreunit/4.0.2-SNAPSHOT/org.moreunit-4.0.2-SNAPSHOT-sources.jar
[INFO] Installing /app/org.moreunit.plugin/target/p2content.xml to /home/jules/.m2/repository/org/moreunit/plugins/org.moreunit/4.0.2-SNAPSHOT/org.moreunit-4.0.2-SNAPSHOT-p2metadata.xml
[INFO] Installing /app/org.moreunit.plugin/target/p2artifacts.xml to /home/jules/.m2/repository/org/moreunit/plugins/org.moreunit/4.0.2-SNAPSHOT/org.moreunit-4.0.2-SNAPSHOT-p2artifacts.xml
[INFO]
[INFO] --- tycho-p2-plugin:5.0.2:update-local-index (default-update-local-index) @ org.moreunit ---
[INFO]
[INFO] --------< org.moreunit.plugins:org.moreunit.test.dependencies >---------
[INFO] Building org.moreunit.test.dependencies 4.0.2-SNAPSHOT            [4/15]
[INFO]   from /app/org.moreunit.test.dependencies/pom.xml
[INFO] ------------------------[ eclipse-test-plugin ]-------------------------
[WARNING] [88f9f5c8-ccfe-41e3-bc4d-9ea030180557][extension>org.eclipse.tycho:tycho-maven-plugin:5.0.2] The digest algorithms (md5) used to verify osgi.bundle,com.beust.jcommander,1.83.0 have severely compromised security. Please report this concern to the artifact provider.
[INFO] Downloading from p2: https://testng.org/testng-p2-update-site/updatesites/7.11.0.r202503091654/plugins/com.beust.jcommander_1.83.0.jar
[INFO] Downloaded from p2: https://testng.org/testng-p2-update-site/updatesites/7.11.0.r202503091654/plugins/com.beust.jcommander_1.83.0.jar (87 KB at 608 KB/s)
Downloading from central: https://repo.maven.apache.org/maven2/com/google/guava/guava/maven-metadata.xml
Progress (1): 4.8 kBProgress (1): 5.8 kB                    Downloaded from central: https://repo.maven.apache.org/maven2/com/google/guava/guava/maven-metadata.xml (5.8 kB at 131 kB/s)
Downloading from central: https://repo.maven.apache.org/maven2/com/google/guava/guava/33.5.0-jre/guava-33.5.0-jre.jar.sha512
Progress (1): 128 B                   Downloaded from central: https://repo.maven.apache.org/maven2/com/google/guava/guava/33.5.0-jre/guava-33.5.0-jre.jar.sha512 (128 B at 3.8 kB/s)
Downloading from central: https://repo.maven.apache.org/maven2/com/google/guava/guava/33.5.0-jre/guava-33.5.0-jre.jar
Progress (1): 0/3.0 MBProgress (1): 0/3.0 MBProgress (1): 0/3.0 MBProgress (1): 0/3.0 MBProgress (1): 0.1/3.0 MBProgress (1): 0.1/3.0 MBProgress (1): 0.1/3.0 MBProgress (1): 0.1/3.0 MBProgress (1): 0.1/3.0 MBProgress (1): 0.1/3.0 MBProgress (1): 0.2/3.0 MBProgress (1): 0.2/3.0 MBProgress (1): 0.2/3.0 MBProgress (1): 0.2/3.0 MBProgress (1): 0.2/3.0 MBProgress (1): 0.2/3.0 MBProgress (1): 0.3/3.0 MBProgress (1): 0.3/3.0 MBProgress (1): 0.3/3.0 MBProgress (1): 0.3/3.0 MBProgress (1): 0.3/3.0 MBProgress (1): 0.3/3.0 MBProgress (1): 0.3/3.0 MBProgress (1): 0.4/3.0 MBProgress (1): 0.4/3.0 MBProgress (1): 0.4/3.0 MBProgress (1): 0.4/3.0 MBProgress (1): 0.4/3.0 MBProgress (1): 0.4/3.0 MBProgress (1): 0.5/3.0 MBProgress (1): 0.5/3.0 MBProgress (1): 0.5/3.0 MBProgress (1): 0.5/3.0 MBProgress (1): 0.5/3.0 MBProgress (1): 0.5/3.0 MBProgress (1): 0.6/3.0 MBProgress (1): 0.6/3.0 MBProgress (1): 0.6/3.0 MBProgress (1): 0.6/3.0 MBProgress (1): 0.6/3.0 MBProgress (1): 0.6/3.0 MBProgress (1): 0.6/3.0 MBProgress (1): 0.7/3.0 MBProgress (1): 0.7/3.0 MBProgress (1): 0.7/3.0 MBProgress (1): 0.7/3.0 MBProgress (1): 0.7/3.0 MBProgress (1): 0.7/3.0 MBProgress (1): 0.8/3.0 MBProgress (1): 0.8/3.0 MBProgress (1): 0.8/3.0 MBProgress (1): 0.8/3.0 MBProgress (1): 0.8/3.0 MBProgress (1): 0.8/3.0 MBProgress (1): 0.9/3.0 MBProgress (1): 0.9/3.0 MBProgress (1): 0.9/3.0 MBProgress (1): 0.9/3.0 MBProgress (1): 0.9/3.0 MBProgress (1): 0.9/3.0 MBProgress (1): 1.0/3.0 MBProgress (1): 1.0/3.0 MBProgress (1): 1.0/3.0 MBProgress (1): 1.0/3.0 MBProgress (1): 1.0/3.0 MBProgress (1): 1.0/3.0 MBProgress (1): 1.1/3.0 MBProgress (1): 1.1/3.0 MBProgress (1): 1.1/3.0 MBProgress (1): 1.1/3.0 MBProgress (1): 1.1/3.0 MBProgress (1): 1.1/3.0 MBProgress (1): 1.2/3.0 MBProgress (1): 1.2/3.0 MBProgress (1): 1.2/3.0 MBProgress (1): 1.2/3.0 MBProgress (1): 1.2/3.0 MBProgress (1): 1.2/3.0 MBProgress (1): 1.3/3.0 MBProgress (1): 1.3/3.0 MBProgress (1): 1.3/3.0 MBProgress (1): 1.3/3.0 MBProgress (1): 1.3/3.0 MBProgress (1): 1.3/3.0 MBProgress (1): 1.3/3.0 MBProgress (1): 1.3/3.0 MBProgress (1): 1.4/3.0 MBProgress (1): 1.4/3.0 MBProgress (1): 1.4/3.0 MBProgress (1): 1.4/3.0 MBProgress (1): 1.4/3.0 MBProgress (1): 1.4/3.0 MBProgress (1): 1.5/3.0 MBProgress (1): 1.5/3.0 MBProgress (1): 1.5/3.0 MBProgress (1): 1.5/3.0 MBProgress (1): 1.5/3.0 MBProgress (1): 1.5/3.0 MBProgress (1): 1.6/3.0 MBProgress (1): 1.6/3.0 MBProgress (1): 1.6/3.0 MBProgress (1): 1.6/3.0 MBProgress (1): 1.6/3.0 MBProgress (1): 1.6/3.0 MBProgress (1): 1.6/3.0 MBProgress (1): 1.7/3.0 MBProgress (1): 1.7/3.0 MBProgress (1): 1.7/3.0 MBProgress (1): 1.7/3.0 MBProgress (1): 1.7/3.0 MBProgress (1): 1.7/3.0 MBProgress (1): 1.8/3.0 MBProgress (1): 1.8/3.0 MBProgress (1): 1.8/3.0 MBProgress (1): 1.8/3.0 MBProgress (1): 1.8/3.0 MBProgress (1): 1.8/3.0 MBProgress (1): 1.9/3.0 MBProgress (1): 1.9/3.0 MBProgress (1): 1.9/3.0 MBProgress (1): 1.9/3.0 MBProgress (1): 1.9/3.0 MBProgress (1): 1.9/3.0 MBProgress (1): 2.0/3.0 MBProgress (1): 2.0/3.0 MBProgress (1): 2.0/3.0 MBProgress (1): 2.0/3.0 MBProgress (1): 2.0/3.0 MBProgress (1): 2.0/3.0 MBProgress (1): 2.1/3.0 MBProgress (1): 2.1/3.0 MBProgress (1): 2.1/3.0 MBProgress (1): 2.1/3.0 MBProgress (1): 2.1/3.0 MBProgress (1): 2.1/3.0 MBProgress (1): 2.2/3.0 MBProgress (1): 2.2/3.0 MBProgress (1): 2.2/3.0 MBProgress (1): 2.2/3.0 MBProgress (1): 2.2/3.0 MBProgress (1): 2.2/3.0 MBProgress (1): 2.3/3.0 MBProgress (1): 2.3/3.0 MBProgress (1): 2.3/3.0 MBProgress (1): 2.3/3.0 MBProgress (1): 2.3/3.0 MBProgress (1): 2.3/3.0 MBProgress (1): 2.3/3.0 MBProgress (1): 2.4/3.0 MBProgress (1): 2.4/3.0 MBProgress (1): 2.4/3.0 MBProgress (1): 2.4/3.0 MBProgress (1): 2.4/3.0 MBProgress (1): 2.4/3.0 MBProgress (1): 2.5/3.0 MBProgress (1): 2.5/3.0 MBProgress (1): 2.5/3.0 MBProgress (1): 2.5/3.0 MBProgress (1): 2.5/3.0 MBProgress (1): 2.5/3.0 MBProgress (1): 2.6/3.0 MBProgress (1): 2.6/3.0 MBProgress (1): 2.6/3.0 MBProgress (1): 2.6/3.0 MBProgress (1): 2.6/3.0 MBProgress (1): 2.6/3.0 MBProgress (1): 2.6/3.0 MBProgress (1): 2.7/3.0 MBProgress (1): 2.7/3.0 MBProgress (1): 2.7/3.0 MBProgress (1): 2.7/3.0 MBProgress (1): 2.7/3.0 MBProgress (1): 2.7/3.0 MBProgress (1): 2.8/3.0 MBProgress (1): 2.8/3.0 MBProgress (1): 2.8/3.0 MBProgress (1): 2.8/3.0 MBProgress (1): 2.8/3.0 MBProgress (1): 2.8/3.0 MBProgress (1): 2.9/3.0 MBProgress (1): 2.9/3.0 MBProgress (1): 2.9/3.0 MBProgress (1): 2.9/3.0 MBProgress (1): 2.9/3.0 MBProgress (1): 2.9/3.0 MBProgress (1): 2.9/3.0 MBProgress (1): 3.0/3.0 MBProgress (1): 3.0/3.0 MBProgress (1): 3.0/3.0 MBProgress (1): 3.0/3.0 MBProgress (1): 3.0 MB                        Downloaded from central: https://repo.maven.apache.org/maven2/com/google/guava/guava/33.5.0-jre/guava-33.5.0-jre.jar (3.0 MB at 31 MB/s)
Downloading from central: https://repo.maven.apache.org/maven2/com/google/guava/failureaccess/maven-metadata.xml
Progress (1): 427 B                   Downloaded from central: https://repo.maven.apache.org/maven2/com/google/guava/failureaccess/maven-metadata.xml (427 B at 13 kB/s)
Downloading from central: https://repo.maven.apache.org/maven2/com/google/guava/failureaccess/1.0.3/failureaccess-1.0.3.jar.sha512
Downloading from central: https://repo.maven.apache.org/maven2/com/google/guava/failureaccess/1.0.3/failureaccess-1.0.3.jar.sha256
Downloading from central: https://repo.maven.apache.org/maven2/com/google/guava/failureaccess/1.0.3/failureaccess-1.0.3.jar
Progress (1): 7.7/11 kBProgress (1): 11 kB                       Downloaded from central: https://repo.maven.apache.org/maven2/com/google/guava/failureaccess/1.0.3/failureaccess-1.0.3.jar (11 kB at 336 kB/s)
Downloading from central: https://repo.maven.apache.org/maven2/org/junit/jupiter/junit-jupiter-api/maven-metadata.xml
Progress (1): 3.9 kB                    Downloaded from central: https://repo.maven.apache.org/maven2/org/junit/jupiter/junit-jupiter-api/maven-metadata.xml (3.9 kB at 92 kB/s)
Downloading from central: https://repo.maven.apache.org/maven2/org/junit/jupiter/junit-jupiter-api/5.14.3/junit-jupiter-api-5.14.3.jar.sha512
Progress (1): 128 B                   Downloaded from central: https://repo.maven.apache.org/maven2/org/junit/jupiter/junit-jupiter-api/5.14.3/junit-jupiter-api-5.14.3.jar.sha512 (128 B at 2.8 kB/s)
Downloading from central: https://repo.maven.apache.org/maven2/org/junit/jupiter/junit-jupiter-api/5.14.3/junit-jupiter-api-5.14.3.jar
Progress (1): 7.7/242 kBProgress (1): 16/242 kB Progress (1): 32/242 kBProgress (1): 48/242 kBProgress (1): 65/242 kBProgress (1): 81/242 kBProgress (1): 97/242 kBProgress (1): 114/242 kBProgress (1): 130/242 kBProgress (1): 147/242 kBProgress (1): 163/242 kBProgress (1): 179/242 kBProgress (1): 196/242 kBProgress (1): 212/242 kBProgress (1): 228/242 kBProgress (1): 242 kB                        Downloaded from central: https://repo.maven.apache.org/maven2/org/junit/jupiter/junit-jupiter-api/5.14.3/junit-jupiter-api-5.14.3.jar (242 kB at 6.7 MB/s)
Downloading from central: https://repo.maven.apache.org/maven2/org/junit/platform/junit-platform-commons/maven-metadata.xml
Progress (1): 3.9 kB                    Downloaded from central: https://repo.maven.apache.org/maven2/org/junit/platform/junit-platform-commons/maven-metadata.xml (3.9 kB at 110 kB/s)
Downloading from central: https://repo.maven.apache.org/maven2/org/junit/platform/junit-platform-commons/1.14.3/junit-platform-commons-1.14.3.jar.sha512
Progress (1): 128 B                   Downloaded from central: https://repo.maven.apache.org/maven2/org/junit/platform/junit-platform-commons/1.14.3/junit-platform-commons-1.14.3.jar.sha512 (128 B at 3.6 kB/s)
Downloading from central: https://repo.maven.apache.org/maven2/org/junit/platform/junit-platform-commons/1.14.3/junit-platform-commons-1.14.3.jar
Progress (1): 7.7/164 kBProgress (1): 16/164 kB Progress (1): 32/164 kBProgress (1): 48/164 kBProgress (1): 65/164 kBProgress (1): 81/164 kBProgress (1): 97/164 kBProgress (1): 114/164 kBProgress (1): 115/164 kBProgress (1): 131/164 kBProgress (1): 147/164 kBProgress (1): 164/164 kBProgress (1): 164 kB                        Downloaded from central: https://repo.maven.apache.org/maven2/org/junit/platform/junit-platform-commons/1.14.3/junit-platform-commons-1.14.3.jar (164 kB at 4.7 MB/s)
Downloading from central: https://repo.maven.apache.org/maven2/org/opentest4j/opentest4j/maven-metadata.xml
Progress (1): 699 B                   Downloaded from central: https://repo.maven.apache.org/maven2/org/opentest4j/opentest4j/maven-metadata.xml (699 B at 20 kB/s)
Downloading from central: https://repo.maven.apache.org/maven2/org/opentest4j/opentest4j/1.3.0/opentest4j-1.3.0.jar.sha512
Progress (1): 128 B                   Downloaded from central: https://repo.maven.apache.org/maven2/org/opentest4j/opentest4j/1.3.0/opentest4j-1.3.0.jar.sha512 (128 B at 3.5 kB/s)
Downloading from central: https://repo.maven.apache.org/maven2/org/opentest4j/opentest4j/1.3.0/opentest4j-1.3.0.jar
Progress (1): 7.7/14 kBProgress (1): 8.2/14 kBProgress (1): 14 kB                       Downloaded from central: https://repo.maven.apache.org/maven2/org/opentest4j/opentest4j/1.3.0/opentest4j-1.3.0.jar (14 kB at 409 kB/s)
Downloading from central: https://repo.maven.apache.org/maven2/org/junit/jupiter/junit-jupiter-engine/maven-metadata.xml
Progress (1): 3.9 kB                    Downloaded from central: https://repo.maven.apache.org/maven2/org/junit/jupiter/junit-jupiter-engine/maven-metadata.xml (3.9 kB at 113 kB/s)
Downloading from central: https://repo.maven.apache.org/maven2/org/junit/jupiter/junit-jupiter-engine/5.14.3/junit-jupiter-engine-5.14.3.jar.sha512
Progress (1): 128 B                   Downloaded from central: https://repo.maven.apache.org/maven2/org/junit/jupiter/junit-jupiter-engine/5.14.3/junit-jupiter-engine-5.14.3.jar.sha512 (128 B at 3.6 kB/s)
Downloading from central: https://repo.maven.apache.org/maven2/org/junit/jupiter/junit-jupiter-engine/5.14.3/junit-jupiter-engine-5.14.3.jar
Progress (1): 7.7/343 kBProgress (1): 16/343 kB Progress (1): 32/343 kBProgress (1): 48/343 kBProgress (1): 65/343 kBProgress (1): 81/343 kBProgress (1): 97/343 kBProgress (1): 114/343 kBProgress (1): 130/343 kBProgress (1): 147/343 kBProgress (1): 147/343 kBProgress (1): 164/343 kBProgress (1): 180/343 kBProgress (1): 197/343 kBProgress (1): 213/343 kBProgress (1): 229/343 kBProgress (1): 246/343 kBProgress (1): 262/343 kBProgress (1): 279/343 kBProgress (1): 295/343 kBProgress (1): 311/343 kBProgress (1): 328/343 kBProgress (1): 343 kB                        Downloaded from central: https://repo.maven.apache.org/maven2/org/junit/jupiter/junit-jupiter-engine/5.14.3/junit-jupiter-engine-5.14.3.jar (343 kB at 9.3 MB/s)
Downloading from central: https://repo.maven.apache.org/maven2/org/junit/platform/junit-platform-engine/maven-metadata.xml
Progress (1): 3.9 kB                    Downloaded from central: https://repo.maven.apache.org/maven2/org/junit/platform/junit-platform-engine/maven-metadata.xml (3.9 kB at 107 kB/s)
Downloading from central: https://repo.maven.apache.org/maven2/org/junit/platform/junit-platform-engine/1.14.3/junit-platform-engine-1.14.3.jar.sha512
Progress (1): 128 B                   Downloaded from central: https://repo.maven.apache.org/maven2/org/junit/platform/junit-platform-engine/1.14.3/junit-platform-engine-1.14.3.jar.sha512 (128 B at 4.0 kB/s)
Downloading from central: https://repo.maven.apache.org/maven2/org/junit/platform/junit-platform-engine/1.14.3/junit-platform-engine-1.14.3.jar
Progress (1): 7.7/272 kBProgress (1): 16/272 kB Progress (1): 29/272 kBProgress (1): 45/272 kBProgress (1): 61/272 kBProgress (1): 78/272 kBProgress (1): 94/272 kBProgress (1): 111/272 kBProgress (1): 127/272 kBProgress (1): 143/272 kBProgress (1): 160/272 kBProgress (1): 176/272 kBProgress (1): 193/272 kBProgress (1): 209/272 kBProgress (1): 225/272 kBProgress (1): 242/272 kBProgress (1): 258/272 kBProgress (1): 272 kB                        Downloaded from central: https://repo.maven.apache.org/maven2/org/junit/platform/junit-platform-engine/1.14.3/junit-platform-engine-1.14.3.jar (272 kB at 6.6 MB/s)
Downloading from central: https://repo.maven.apache.org/maven2/org/junit/platform/junit-platform-launcher/maven-metadata.xml
Progress (1): 3.9 kB                    Downloaded from central: https://repo.maven.apache.org/maven2/org/junit/platform/junit-platform-launcher/maven-metadata.xml (3.9 kB at 119 kB/s)
Downloading from central: https://repo.maven.apache.org/maven2/org/junit/platform/junit-platform-launcher/1.14.3/junit-platform-launcher-1.14.3.jar.sha512
Progress (1): 128 B                   Downloaded from central: https://repo.maven.apache.org/maven2/org/junit/platform/junit-platform-launcher/1.14.3/junit-platform-launcher-1.14.3.jar.sha512 (128 B at 3.6 kB/s)
Downloading from central: https://repo.maven.apache.org/maven2/org/junit/platform/junit-platform-launcher/1.14.3/junit-platform-launcher-1.14.3.jar
Progress (1): 7.7/223 kBProgress (1): 15/223 kB Progress (1): 32/223 kBProgress (1): 48/223 kBProgress (1): 49/223 kBProgress (1): 66/223 kBProgress (1): 82/223 kBProgress (1): 98/223 kBProgress (1): 115/223 kBProgress (1): 131/223 kBProgress (1): 147/223 kBProgress (1): 164/223 kBProgress (1): 180/223 kBProgress (1): 197/223 kBProgress (1): 213/223 kBProgress (1): 223 kB                        Downloaded from central: https://repo.maven.apache.org/maven2/org/junit/platform/junit-platform-launcher/1.14.3/junit-platform-launcher-1.14.3.jar (223 kB at 6.2 MB/s)
Downloading from central: https://repo.maven.apache.org/maven2/org/junit/jupiter/junit-jupiter-migrationsupport/maven-metadata.xml
Progress (1): 3.8 kB                    Downloaded from central: https://repo.maven.apache.org/maven2/org/junit/jupiter/junit-jupiter-migrationsupport/maven-metadata.xml (3.8 kB at 109 kB/s)
Downloading from central: https://repo.maven.apache.org/maven2/org/junit/jupiter/junit-jupiter-migrationsupport/5.14.3/junit-jupiter-migrationsupport-5.14.3.jar.sha512
Progress (1): 128 B                   Downloaded from central: https://repo.maven.apache.org/maven2/org/junit/jupiter/junit-jupiter-migrationsupport/5.14.3/junit-jupiter-migrationsupport-5.14.3.jar.sha512 (128 B at 3.7 kB/s)
Downloading from central: https://repo.maven.apache.org/maven2/org/junit/jupiter/junit-jupiter-migrationsupport/5.14.3/junit-jupiter-migrationsupport-5.14.3.jar
Progress (1): 7.7/28 kBProgress (1): 15/28 kB Progress (1): 28 kB                      Downloaded from central: https://repo.maven.apache.org/maven2/org/junit/jupiter/junit-jupiter-migrationsupport/5.14.3/junit-jupiter-migrationsupport-5.14.3.jar (28 kB at 782 kB/s)
Downloading from central: https://repo.maven.apache.org/maven2/org/junit/jupiter/junit-jupiter-params/maven-metadata.xml
Progress (1): 3.8 kB                    Downloaded from central: https://repo.maven.apache.org/maven2/org/junit/jupiter/junit-jupiter-params/maven-metadata.xml (3.8 kB at 107 kB/s)
Downloading from central: https://repo.maven.apache.org/maven2/org/junit/jupiter/junit-jupiter-params/5.14.3/junit-jupiter-params-5.14.3.jar.sha512
Progress (1): 128 B                   Downloaded from central: https://repo.maven.apache.org/maven2/org/junit/jupiter/junit-jupiter-params/5.14.3/junit-jupiter-params-5.14.3.jar.sha512 (128 B at 3.6 kB/s)
Downloading from central: https://repo.maven.apache.org/maven2/org/junit/jupiter/junit-jupiter-params/5.14.3/junit-jupiter-params-5.14.3.jar
Progress (1): 7.7/663 kBProgress (1): 15/663 kB Progress (1): 32/663 kBProgress (1): 48/663 kBProgress (1): 49/663 kBProgress (1): 66/663 kBProgress (1): 82/663 kBProgress (1): 98/663 kBProgress (1): 115/663 kBProgress (1): 131/663 kBProgress (1): 147/663 kBProgress (1): 164/663 kBProgress (1): 180/663 kBProgress (1): 197/663 kBProgress (1): 213/663 kBProgress (1): 229/663 kBProgress (1): 246/663 kBProgress (1): 262/663 kBProgress (1): 266/663 kBProgress (1): 282/663 kBProgress (1): 295/663 kBProgress (1): 311/663 kBProgress (1): 328/663 kBProgress (1): 331/663 kBProgress (1): 348/663 kBProgress (1): 360/663 kBProgress (1): 377/663 kBProgress (1): 393/663 kBProgress (1): 410/663 kBProgress (1): 426/663 kBProgress (1): 442/663 kBProgress (1): 459/663 kBProgress (1): 475/663 kBProgress (1): 492/663 kBProgress (1): 508/663 kBProgress (1): 524/663 kBProgress (1): 541/663 kBProgress (1): 557/663 kBProgress (1): 573/663 kBProgress (1): 590/663 kBProgress (1): 606/663 kBProgress (1): 623/663 kBProgress (1): 639/663 kBProgress (1): 655/663 kBProgress (1): 663 kB                        Downloaded from central: https://repo.maven.apache.org/maven2/org/junit/jupiter/junit-jupiter-params/5.14.3/junit-jupiter-params-5.14.3.jar (663 kB at 12 MB/s)
Downloading from central: https://repo.maven.apache.org/maven2/org/junit/platform/junit-platform-runner/maven-metadata.xml
Progress (1): 3.5 kB                    Downloaded from central: https://repo.maven.apache.org/maven2/org/junit/platform/junit-platform-runner/maven-metadata.xml (3.5 kB at 101 kB/s)
Downloading from central: https://repo.maven.apache.org/maven2/org/junit/platform/junit-platform-runner/1.14.3/junit-platform-runner-1.14.3.jar.sha512
Progress (1): 128 B                   Downloaded from central: https://repo.maven.apache.org/maven2/org/junit/platform/junit-platform-runner/1.14.3/junit-platform-runner-1.14.3.jar.sha512 (128 B at 3.7 kB/s)
Downloading from central: https://repo.maven.apache.org/maven2/org/junit/platform/junit-platform-runner/1.14.3/junit-platform-runner-1.14.3.jar
Progress (1): 7.7/17 kBProgress (1): 8.2/17 kBProgress (1): 17 kB                       Downloaded from central: https://repo.maven.apache.org/maven2/org/junit/platform/junit-platform-runner/1.14.3/junit-platform-runner-1.14.3.jar (17 kB at 494 kB/s)
Downloading from central: https://repo.maven.apache.org/maven2/org/junit/platform/junit-platform-suite-api/maven-metadata.xml
Progress (1): 3.8 kB                    Downloaded from central: https://repo.maven.apache.org/maven2/org/junit/platform/junit-platform-suite-api/maven-metadata.xml (3.8 kB at 104 kB/s)
Downloading from central: https://repo.maven.apache.org/maven2/org/junit/platform/junit-platform-suite-api/1.14.3/junit-platform-suite-api-1.14.3.jar.sha512
Progress (1): 128 B                   Downloaded from central: https://repo.maven.apache.org/maven2/org/junit/platform/junit-platform-suite-api/1.14.3/junit-platform-suite-api-1.14.3.jar.sha512 (128 B at 3.9 kB/s)
Downloading from central: https://repo.maven.apache.org/maven2/org/junit/platform/junit-platform-suite-api/1.14.3/junit-platform-suite-api-1.14.3.jar
Progress (1): 7.7/26 kBProgress (1): 16/26 kB Progress (1): 26 kB                      Downloaded from central: https://repo.maven.apache.org/maven2/org/junit/platform/junit-platform-suite-api/1.14.3/junit-platform-suite-api-1.14.3.jar (26 kB at 768 kB/s)
Downloading from central: https://repo.maven.apache.org/maven2/org/junit/platform/junit-platform-suite-commons/maven-metadata.xml
Progress (1): 2.0 kB                    Downloaded from central: https://repo.maven.apache.org/maven2/org/junit/platform/junit-platform-suite-commons/maven-metadata.xml (2.0 kB at 24 kB/s)
Downloading from central: https://repo.maven.apache.org/maven2/org/junit/platform/junit-platform-suite-commons/1.14.3/junit-platform-suite-commons-1.14.3.jar.sha512
Progress (1): 128 B                   Downloaded from central: https://repo.maven.apache.org/maven2/org/junit/platform/junit-platform-suite-commons/1.14.3/junit-platform-suite-commons-1.14.3.jar.sha512 (128 B at 4.0 kB/s)
Downloading from central: https://repo.maven.apache.org/maven2/org/junit/platform/junit-platform-suite-commons/1.14.3/junit-platform-suite-commons-1.14.3.jar
Progress (1): 7.7/19 kBProgress (1): 15/19 kB Progress (1): 19 kB                      Downloaded from central: https://repo.maven.apache.org/maven2/org/junit/platform/junit-platform-suite-commons/1.14.3/junit-platform-suite-commons-1.14.3.jar (19 kB at 517 kB/s)
Downloading from central: https://repo.maven.apache.org/maven2/org/junit/platform/junit-platform-suite-engine/maven-metadata.xml
Progress (1): 2.3 kB                    Downloaded from central: https://repo.maven.apache.org/maven2/org/junit/platform/junit-platform-suite-engine/maven-metadata.xml (2.3 kB at 71 kB/s)
Downloading from central: https://repo.maven.apache.org/maven2/org/junit/platform/junit-platform-suite-engine/1.14.3/junit-platform-suite-engine-1.14.3.jar.sha512
Progress (1): 128 B                   Downloaded from central: https://repo.maven.apache.org/maven2/org/junit/platform/junit-platform-suite-engine/1.14.3/junit-platform-suite-engine-1.14.3.jar.sha512 (128 B at 3.5 kB/s)
Downloading from central: https://repo.maven.apache.org/maven2/org/junit/platform/junit-platform-suite-engine/1.14.3/junit-platform-suite-engine-1.14.3.jar
Progress (1): 7.7/33 kBProgress (1): 16/33 kB Progress (1): 32/33 kBProgress (1): 33 kB                      Downloaded from central: https://repo.maven.apache.org/maven2/org/junit/platform/junit-platform-suite-engine/1.14.3/junit-platform-suite-engine-1.14.3.jar (33 kB at 1.0 MB/s)
Downloading from central: https://repo.maven.apache.org/maven2/org/junit/vintage/junit-vintage-engine/maven-metadata.xml
Progress (1): 4.0 kB                    Downloaded from central: https://repo.maven.apache.org/maven2/org/junit/vintage/junit-vintage-engine/maven-metadata.xml (4.0 kB at 127 kB/s)
Downloading from central: https://repo.maven.apache.org/maven2/org/junit/vintage/junit-vintage-engine/5.14.3/junit-vintage-engine-5.14.3.jar.sha512
Progress (1): 128 B                   Downloaded from central: https://repo.maven.apache.org/maven2/org/junit/vintage/junit-vintage-engine/5.14.3/junit-vintage-engine-5.14.3.jar.sha512 (128 B at 3.8 kB/s)
Downloading from central: https://repo.maven.apache.org/maven2/org/junit/vintage/junit-vintage-engine/5.14.3/junit-vintage-engine-5.14.3.jar
Progress (1): 7.7/76 kBProgress (1): 11/76 kB Progress (1): 28/76 kBProgress (1): 44/76 kBProgress (1): 61/76 kBProgress (1): 76 kB                      Downloaded from central: https://repo.maven.apache.org/maven2/org/junit/vintage/junit-vintage-engine/5.14.3/junit-vintage-engine-5.14.3.jar (76 kB at 2.2 MB/s)
Downloading from central: https://repo.maven.apache.org/maven2/net/bytebuddy/byte-buddy/maven-metadata.xml
Progress (1): 4.7 kBProgress (1): 10 kB                    Downloaded from central: https://repo.maven.apache.org/maven2/net/bytebuddy/byte-buddy/maven-metadata.xml (10 kB at 304 kB/s)
Downloading from central: https://repo.maven.apache.org/maven2/net/bytebuddy/byte-buddy/1.18.5/byte-buddy-1.18.5.jar.sha512
Progress (1): 128 B                   Downloaded from central: https://repo.maven.apache.org/maven2/net/bytebuddy/byte-buddy/1.18.5/byte-buddy-1.18.5.jar.sha512 (128 B at 3.6 kB/s)
Downloading from central: https://repo.maven.apache.org/maven2/net/bytebuddy/byte-buddy/1.18.5/byte-buddy-1.18.5.jar
Progress (1): 0/9.2 MBProgress (1): 0/9.2 MBProgress (1): 0/9.2 MBProgress (1): 0/9.2 MBProgress (1): 0.1/9.2 MBProgress (1): 0.1/9.2 MBProgress (1): 0.1/9.2 MBProgress (1): 0.1/9.2 MBProgress (1): 0.1/9.2 MBProgress (1): 0.1/9.2 MBProgress (1): 0.1/9.2 MBProgress (1): 0.2/9.2 MBProgress (1): 0.2/9.2 MBProgress (1): 0.2/9.2 MBProgress (1): 0.2/9.2 MBProgress (1): 0.2/9.2 MBProgress (1): 0.2/9.2 MBProgress (1): 0.3/9.2 MBProgress (1): 0.3/9.2 MBProgress (1): 0.3/9.2 MBProgress (1): 0.3/9.2 MBProgress (1): 0.3/9.2 MBProgress (1): 0.3/9.2 MBProgress (1): 0.4/9.2 MBProgress (1): 0.4/9.2 MBProgress (1): 0.4/9.2 MBProgress (1): 0.4/9.2 MBProgress (1): 0.4/9.2 MBProgress (1): 0.4/9.2 MBProgress (1): 0.5/9.2 MBProgress (1): 0.5/9.2 MBProgress (1): 0.5/9.2 MBProgress (1): 0.5/9.2 MBProgress (1): 0.5/9.2 MBProgress (1): 0.5/9.2 MBProgress (1): 0.6/9.2 MBProgress (1): 0.6/9.2 MBProgress (1): 0.6/9.2 MBProgress (1): 0.6/9.2 MBProgress (1): 0.6/9.2 MBProgress (1): 0.6/9.2 MBProgress (1): 0.7/9.2 MBProgress (1): 0.7/9.2 MBProgress (1): 0.7/9.2 MBProgress (1): 0.7/9.2 MBProgress (1): 0.7/9.2 MBProgress (1): 0.7/9.2 MBProgress (1): 0.8/9.2 MBProgress (1): 0.8/9.2 MBProgress (1): 0.8/9.2 MBProgress (1): 0.8/9.2 MBProgress (1): 0.8/9.2 MBProgress (1): 0.8/9.2 MBProgress (1): 0.9/9.2 MBProgress (1): 0.9/9.2 MBProgress (1): 0.9/9.2 MBProgress (1): 0.9/9.2 MBProgress (1): 0.9/9.2 MBProgress (1): 0.9/9.2 MBProgress (1): 1.0/9.2 MBProgress (1): 1.0/9.2 MBProgress (1): 1.0/9.2 MBProgress (1): 1.0/9.2 MBProgress (1): 1.0/9.2 MBProgress (1): 1.0/9.2 MBProgress (1): 1.0/9.2 MBProgress (1): 1.1/9.2 MBProgress (1): 1.1/9.2 MBProgress (1): 1.1/9.2 MBProgress (1): 1.1/9.2 MBProgress (1): 1.1/9.2 MBProgress (1): 1.1/9.2 MBProgress (1): 1.2/9.2 MBProgress (1): 1.2/9.2 MBProgress (1): 1.2/9.2 MBProgress (1): 1.2/9.2 MBProgress (1): 1.2/9.2 MBProgress (1): 1.2/9.2 MBProgress (1): 1.2/9.2 MBProgress (1): 1.3/9.2 MBProgress (1): 1.3/9.2 MBProgress (1): 1.3/9.2 MBProgress (1): 1.3/9.2 MBProgress (1): 1.3/9.2 MBProgress (1): 1.3/9.2 MBProgress (1): 1.4/9.2 MBProgress (1): 1.4/9.2 MBProgress (1): 1.4/9.2 MBProgress (1): 1.4/9.2 MBProgress (1): 1.4/9.2 MBProgress (1): 1.4/9.2 MBProgress (1): 1.5/9.2 MBProgress (1): 1.5/9.2 MBProgress (1): 1.5/9.2 MBProgress (1): 1.5/9.2 MBProgress (1): 1.5/9.2 MBProgress (1): 1.5/9.2 MBProgress (1): 1.6/9.2 MBProgress (1): 1.6/9.2 MBProgress (1): 1.6/9.2 MBProgress (1): 1.6/9.2 MBProgress (1): 1.6/9.2 MBProgress (1): 1.6/9.2 MBProgress (1): 1.7/9.2 MBProgress (1): 1.7/9.2 MBProgress (1): 1.7/9.2 MBProgress (1): 1.7/9.2 MBProgress (1): 1.7/9.2 MBProgress (1): 1.7/9.2 MBProgress (1): 1.8/9.2 MBProgress (1): 1.8/9.2 MBProgress (1): 1.8/9.2 MBProgress (1): 1.8/9.2 MBProgress (1): 1.8/9.2 MBProgress (1): 1.8/9.2 MBProgress (1): 1.9/9.2 MBProgress (1): 1.9/9.2 MBProgress (1): 1.9/9.2 MBProgress (1): 1.9/9.2 MBProgress (1): 1.9/9.2 MBProgress (1): 1.9/9.2 MBProgress (1): 2.0/9.2 MBProgress (1): 2.0/9.2 MBProgress (1): 2.0/9.2 MBProgress (1): 2.0/9.2 MBProgress (1): 2.0/9.2 MBProgress (1): 2.0/9.2 MBProgress (1): 2.1/9.2 MBProgress (1): 2.1/9.2 MBProgress (1): 2.1/9.2 MBProgress (1): 2.1/9.2 MBProgress (1): 2.1/9.2 MBProgress (1): 2.1/9.2 MBProgress (1): 2.2/9.2 MBProgress (1): 2.2/9.2 MBProgress (1): 2.2/9.2 MBProgress (1): 2.2/9.2 MBProgress (1): 2.2/9.2 MBProgress (1): 2.2/9.2 MBProgress (1): 2.2/9.2 MBProgress (1): 2.3/9.2 MBProgress (1): 2.3/9.2 MBProgress (1): 2.3/9.2 MBProgress (1): 2.3/9.2 MBProgress (1): 2.3/9.2 MBProgress (1): 2.3/9.2 MBProgress (1): 2.4/9.2 MBProgress (1): 2.4/9.2 MBProgress (1): 2.4/9.2 MBProgress (1): 2.4/9.2 MBProgress (1): 2.4/9.2 MBProgress (1): 2.4/9.2 MBProgress (1): 2.5/9.2 MBProgress (1): 2.5/9.2 MBProgress (1): 2.5/9.2 MBProgress (1): 2.5/9.2 MBProgress (1): 2.5/9.2 MBProgress (1): 2.5/9.2 MBProgress (1): 2.6/9.2 MBProgress (1): 2.6/9.2 MBProgress (1): 2.6/9.2 MBProgress (1): 2.6/9.2 MBProgress (1): 2.6/9.2 MBProgress (1): 2.6/9.2 MBProgress (1): 2.7/9.2 MBProgress (1): 2.7/9.2 MBProgress (1): 2.7/9.2 MBProgress (1): 2.7/9.2 MBProgress (1): 2.7/9.2 MBProgress (1): 2.7/9.2 MBProgress (1): 2.8/9.2 MBProgress (1): 2.8/9.2 MBProgress (1): 2.8/9.2 MBProgress (1): 2.8/9.2 MBProgress (1): 2.8/9.2 MBProgress (1): 2.8/9.2 MBProgress (1): 2.9/9.2 MBProgress (1): 2.9/9.2 MBProgress (1): 2.9/9.2 MBProgress (1): 2.9/9.2 MBProgress (1): 2.9/9.2 MBProgress (1): 2.9/9.2 MBProgress (1): 3.0/9.2 MBProgress (1): 3.0/9.2 MBProgress (1): 3.0/9.2 MBProgress (1): 3.0/9.2 MBProgress (1): 3.0/9.2 MBProgress (1): 3.0/9.2 MBProgress (1): 3.1/9.2 MBProgress (1): 3.1/9.2 MBProgress (1): 3.1/9.2 MBProgress (1): 3.1/9.2 MBProgress (1): 3.1/9.2 MBProgress (1): 3.1/9.2 MBProgress (1): 3.1/9.2 MBProgress (1): 3.2/9.2 MBProgress (1): 3.2/9.2 MBProgress (1): 3.2/9.2 MBProgress (1): 3.2/9.2 MBProgress (1): 3.2/9.2 MBProgress (1): 3.2/9.2 MBProgress (1): 3.3/9.2 MBProgress (1): 3.3/9.2 MBProgress (1): 3.3/9.2 MBProgress (1): 3.3/9.2 MBProgress (1): 3.3/9.2 MBProgress (1): 3.3/9.2 MBProgress (1): 3.4/9.2 MBProgress (1): 3.4/9.2 MBProgress (1): 3.4/9.2 MBProgress (1): 3.4/9.2 MBProgress (1): 3.4/9.2 MBProgress (1): 3.4/9.2 MBProgress (1): 3.5/9.2 MBProgress (1): 3.5/9.2 MBProgress (1): 3.5/9.2 MBProgress (1): 3.5/9.2 MBProgress (1): 3.5/9.2 MBProgress (1): 3.5/9.2 MBProgress (1): 3.6/9.2 MBProgress (1): 3.6/9.2 MBProgress (1): 3.6/9.2 MBProgress (1): 3.6/9.2 MBProgress (1): 3.6/9.2 MBProgress (1): 3.6/9.2 MBProgress (1): 3.7/9.2 MBProgress (1): 3.7/9.2 MBProgress (1): 3.7/9.2 MBProgress (1): 3.7/9.2 MBProgress (1): 3.7/9.2 MBProgress (1): 3.7/9.2 MBProgress (1): 3.8/9.2 MBProgress (1): 3.8/9.2 MBProgress (1): 3.8/9.2 MBProgress (1): 3.8/9.2 MBProgress (1): 3.8/9.2 MBProgress (1): 3.8/9.2 MBProgress (1): 3.9/9.2 MBProgress (1): 3.9/9.2 MBProgress (1): 3.9/9.2 MBProgress (1): 3.9/9.2 MBProgress (1): 3.9/9.2 MBProgress (1): 3.9/9.2 MBProgress (1): 4.0/9.2 MBProgress (1): 4.0/9.2 MBProgress (1): 4.0/9.2 MBProgress (1): 4.0/9.2 MBProgress (1): 4.0/9.2 MBProgress (1): 4.0/9.2 MBProgress (1): 4.0/9.2 MBProgress (1): 4.1/9.2 MBProgress (1): 4.1/9.2 MBProgress (1): 4.1/9.2 MBProgress (1): 4.1/9.2 MBProgress (1): 4.1/9.2 MBProgress (1): 4.1/9.2 MBProgress (1): 4.2/9.2 MBProgress (1): 4.2/9.2 MBProgress (1): 4.2/9.2 MBProgress (1): 4.2/9.2 MBProgress (1): 4.2/9.2 MBProgress (1): 4.2/9.2 MBProgress (1): 4.3/9.2 MBProgress (1): 4.3/9.2 MBProgress (1): 4.3/9.2 MBProgress (1): 4.3/9.2 MBProgress (1): 4.3/9.2 MBProgress (1): 4.3/9.2 MBProgress (1): 4.4/9.2 MBProgress (1): 4.4/9.2 MBProgress (1): 4.4/9.2 MBProgress (1): 4.4/9.2 MBProgress (1): 4.4/9.2 MBProgress (1): 4.4/9.2 MBProgress (1): 4.5/9.2 MBProgress (1): 4.5/9.2 MBProgress (1): 4.5/9.2 MBProgress (1): 4.5/9.2 MBProgress (1): 4.5/9.2 MBProgress (1): 4.5/9.2 MBProgress (1): 4.6/9.2 MBProgress (1): 4.6/9.2 MBProgress (1): 4.6/9.2 MBProgress (1): 4.6/9.2 MBProgress (1): 4.6/9.2 MBProgress (1): 4.6/9.2 MBProgress (1): 4.7/9.2 MBProgress (1): 4.7/9.2 MBProgress (1): 4.7/9.2 MBProgress (1): 4.7/9.2 MBProgress (1): 4.7/9.2 MBProgress (1): 4.7/9.2 MBProgress (1): 4.8/9.2 MBProgress (1): 4.8/9.2 MBProgress (1): 4.8/9.2 MBProgress (1): 4.8/9.2 MBProgress (1): 4.8/9.2 MBProgress (1): 4.8/9.2 MBProgress (1): 4.9/9.2 MBProgress (1): 4.9/9.2 MBProgress (1): 4.9/9.2 MBProgress (1): 4.9/9.2 MBProgress (1): 4.9/9.2 MBProgress (1): 4.9/9.2 MBProgress (1): 5.0/9.2 MBProgress (1): 5.0/9.2 MBProgress (1): 5.0/9.2 MBProgress (1): 5.0/9.2 MBProgress (1): 5.0/9.2 MBProgress (1): 5.0/9.2 MBProgress (1): 5.0/9.2 MBProgress (1): 5.1/9.2 MBProgress (1): 5.1/9.2 MBProgress (1): 5.1/9.2 MBProgress (1): 5.1/9.2 MBProgress (1): 5.1/9.2 MBProgress (1): 5.1/9.2 MBProgress (1): 5.2/9.2 MBProgress (1): 5.2/9.2 MBProgress (1): 5.2/9.2 MBProgress (1): 5.2/9.2 MBProgress (1): 5.2/9.2 MBProgress (1): 5.2/9.2 MBProgress (1): 5.3/9.2 MBProgress (1): 5.3/9.2 MBProgress (1): 5.3/9.2 MBProgress (1): 5.3/9.2 MBProgress (1): 5.3/9.2 MBProgress (1): 5.3/9.2 MBProgress (1): 5.4/9.2 MBProgress (1): 5.4/9.2 MBProgress (1): 5.4/9.2 MBProgress (1): 5.4/9.2 MBProgress (1): 5.4/9.2 MBProgress (1): 5.4/9.2 MBProgress (1): 5.5/9.2 MBProgress (1): 5.5/9.2 MBProgress (1): 5.5/9.2 MBProgress (1): 5.5/9.2 MBProgress (1): 5.5/9.2 MBProgress (1): 5.5/9.2 MBProgress (1): 5.6/9.2 MBProgress (1): 5.6/9.2 MBProgress (1): 5.6/9.2 MBProgress (1): 5.6/9.2 MBProgress (1): 5.6/9.2 MBProgress (1): 5.6/9.2 MBProgress (1): 5.7/9.2 MBProgress (1): 5.7/9.2 MBProgress (1): 5.7/9.2 MBProgress (1): 5.7/9.2 MBProgress (1): 5.7/9.2 MBProgress (1): 5.7/9.2 MBProgress (1): 5.8/9.2 MBProgress (1): 5.8/9.2 MBProgress (1): 5.8/9.2 MBProgress (1): 5.8/9.2 MBProgress (1): 5.8/9.2 MBProgress (1): 5.8/9.2 MBProgress (1): 5.9/9.2 MBProgress (1): 5.9/9.2 MBProgress (1): 5.9/9.2 MBProgress (1): 5.9/9.2 MBProgress (1): 5.9/9.2 MBProgress (1): 5.9/9.2 MBProgress (1): 5.9/9.2 MBProgress (1): 6.0/9.2 MBProgress (1): 6.0/9.2 MBProgress (1): 6.0/9.2 MBProgress (1): 6.0/9.2 MBProgress (1): 6.0/9.2 MBProgress (1): 6.0/9.2 MBProgress (1): 6.1/9.2 MBProgress (1): 6.1/9.2 MBProgress (1): 6.1/9.2 MBProgress (1): 6.1/9.2 MBProgress (1): 6.1/9.2 MBProgress (1): 6.1/9.2 MBProgress (1): 6.2/9.2 MBProgress (1): 6.2/9.2 MBProgress (1): 6.2/9.2 MBProgress (1): 6.2/9.2 MBProgress (1): 6.2/9.2 MBProgress (1): 6.2/9.2 MBProgress (1): 6.3/9.2 MBProgress (1): 6.3/9.2 MBProgress (1): 6.3/9.2 MBProgress (1): 6.3/9.2 MBProgress (1): 6.3/9.2 MBProgress (1): 6.3/9.2 MBProgress (1): 6.4/9.2 MBProgress (1): 6.4/9.2 MBProgress (1): 6.4/9.2 MBProgress (1): 6.4/9.2 MBProgress (1): 6.4/9.2 MBProgress (1): 6.4/9.2 MBProgress (1): 6.5/9.2 MBProgress (1): 6.5/9.2 MBProgress (1): 6.5/9.2 MBProgress (1): 6.5/9.2 MBProgress (1): 6.5/9.2 MBProgress (1): 6.5/9.2 MBProgress (1): 6.6/9.2 MBProgress (1): 6.6/9.2 MBProgress (1): 6.6/9.2 MBProgress (1): 6.6/9.2 MBProgress (1): 6.6/9.2 MBProgress (1): 6.6/9.2 MBProgress (1): 6.7/9.2 MBProgress (1): 6.7/9.2 MBProgress (1): 6.7/9.2 MBProgress (1): 6.7/9.2 MBProgress (1): 6.7/9.2 MBProgress (1): 6.7/9.2 MBProgress (1): 6.8/9.2 MBProgress (1): 6.8/9.2 MBProgress (1): 6.8/9.2 MBProgress (1): 6.8/9.2 MBProgress (1): 6.8/9.2 MBProgress (1): 6.8/9.2 MBProgress (1): 6.9/9.2 MBProgress (1): 6.9/9.2 MBProgress (1): 6.9/9.2 MBProgress (1): 6.9/9.2 MBProgress (1): 6.9/9.2 MBProgress (1): 6.9/9.2 MBProgress (1): 6.9/9.2 MBProgress (1): 7.0/9.2 MBProgress (1): 7.0/9.2 MBProgress (1): 7.0/9.2 MBProgress (1): 7.0/9.2 MBProgress (1): 7.0/9.2 MBProgress (1): 7.0/9.2 MBProgress (1): 7.1/9.2 MBProgress (1): 7.1/9.2 MBProgress (1): 7.1/9.2 MBProgress (1): 7.1/9.2 MBProgress (1): 7.1/9.2 MBProgress (1): 7.1/9.2 MBProgress (1): 7.2/9.2 MBProgress (1): 7.2/9.2 MBProgress (1): 7.2/9.2 MBProgress (1): 7.2/9.2 MBProgress (1): 7.2/9.2 MBProgress (1): 7.2/9.2 MBProgress (1): 7.3/9.2 MBProgress (1): 7.3/9.2 MBProgress (1): 7.3/9.2 MBProgress (1): 7.3/9.2 MBProgress (1): 7.3/9.2 MBProgress (1): 7.3/9.2 MBProgress (1): 7.4/9.2 MBProgress (1): 7.4/9.2 MBProgress (1): 7.4/9.2 MBProgress (1): 7.4/9.2 MBProgress (1): 7.4/9.2 MBProgress (1): 7.4/9.2 MBProgress (1): 7.5/9.2 MBProgress (1): 7.5/9.2 MBProgress (1): 7.5/9.2 MBProgress (1): 7.5/9.2 MBProgress (1): 7.5/9.2 MBProgress (1): 7.5/9.2 MBProgress (1): 7.6/9.2 MBProgress (1): 7.6/9.2 MBProgress (1): 7.6/9.2 MBProgress (1): 7.6/9.2 MBProgress (1): 7.6/9.2 MBProgress (1): 7.6/9.2 MBProgress (1): 7.7/9.2 MBProgress (1): 7.7/9.2 MBProgress (1): 7.7/9.2 MBProgress (1): 7.7/9.2 MBProgress (1): 7.7/9.2 MBProgress (1): 7.7/9.2 MBProgress (1): 7.8/9.2 MBProgress (1): 7.8/9.2 MBProgress (1): 7.8/9.2 MBProgress (1): 7.8/9.2 MBProgress (1): 7.8/9.2 MBProgress (1): 7.8/9.2 MBProgress (1): 7.9/9.2 MBProgress (1): 7.9/9.2 MBProgress (1): 7.9/9.2 MBProgress (1): 7.9/9.2 MBProgress (1): 7.9/9.2 MBProgress (1): 7.9/9.2 MBProgress (1): 7.9/9.2 MBProgress (1): 8.0/9.2 MBProgress (1): 8.0/9.2 MBProgress (1): 8.0/9.2 MBProgress (1): 8.0/9.2 MBProgress (1): 8.0/9.2 MBProgress (1): 8.0/9.2 MBProgress (1): 8.1/9.2 MBProgress (1): 8.1/9.2 MBProgress (1): 8.1/9.2 MBProgress (1): 8.1/9.2 MBProgress (1): 8.1/9.2 MBProgress (1): 8.1/9.2 MBProgress (1): 8.2/9.2 MBProgress (1): 8.2/9.2 MBProgress (1): 8.2/9.2 MBProgress (1): 8.2/9.2 MBProgress (1): 8.2/9.2 MBProgress (1): 8.2/9.2 MBProgress (1): 8.3/9.2 MBProgress (1): 8.3/9.2 MBProgress (1): 8.3/9.2 MBProgress (1): 8.3/9.2 MBProgress (1): 8.3/9.2 MBProgress (1): 8.3/9.2 MBProgress (1): 8.4/9.2 MBProgress (1): 8.4/9.2 MBProgress (1): 8.4/9.2 MBProgress (1): 8.4/9.2 MBProgress (1): 8.4/9.2 MBProgress (1): 8.4/9.2 MBProgress (1): 8.5/9.2 MBProgress (1): 8.5/9.2 MBProgress (1): 8.5/9.2 MBProgress (1): 8.5/9.2 MBProgress (1): 8.5/9.2 MBProgress (1): 8.5/9.2 MBProgress (1): 8.6/9.2 MBProgress (1): 8.6/9.2 MBProgress (1): 8.6/9.2 MBProgress (1): 8.6/9.2 MBProgress (1): 8.6/9.2 MBProgress (1): 8.6/9.2 MBProgress (1): 8.7/9.2 MBProgress (1): 8.7/9.2 MBProgress (1): 8.7/9.2 MBProgress (1): 8.7/9.2 MBProgress (1): 8.7/9.2 MBProgress (1): 8.7/9.2 MBProgress (1): 8.8/9.2 MBProgress (1): 8.8/9.2 MBProgress (1): 8.8/9.2 MBProgress (1): 8.8/9.2 MBProgress (1): 8.8/9.2 MBProgress (1): 8.8/9.2 MBProgress (1): 8.8/9.2 MBProgress (1): 8.9/9.2 MBProgress (1): 8.9/9.2 MBProgress (1): 8.9/9.2 MBProgress (1): 8.9/9.2 MBProgress (1): 8.9/9.2 MBProgress (1): 8.9/9.2 MBProgress (1): 9.0/9.2 MBProgress (1): 9.0/9.2 MBProgress (1): 9.0/9.2 MBProgress (1): 9.0/9.2 MBProgress (1): 9.0/9.2 MBProgress (1): 9.0/9.2 MBProgress (1): 9.1/9.2 MBProgress (1): 9.1/9.2 MBProgress (1): 9.1/9.2 MBProgress (1): 9.1/9.2 MBProgress (1): 9.1/9.2 MBProgress (1): 9.1/9.2 MBProgress (1): 9.2/9.2 MBProgress (1): 9.2/9.2 MBProgress (1): 9.2/9.2 MBProgress (1): 9.2/9.2 MBProgress (1): 9.2 MB                        Downloaded from central: https://repo.maven.apache.org/maven2/net/bytebuddy/byte-buddy/1.18.5/byte-buddy-1.18.5.jar (9.2 MB at 61 MB/s)
Downloading from central: https://repo.maven.apache.org/maven2/net/bytebuddy/byte-buddy-agent/maven-metadata.xml
Progress (1): 4.6 kBProgress (1): 10 kB                    Downloaded from central: https://repo.maven.apache.org/maven2/net/bytebuddy/byte-buddy-agent/maven-metadata.xml (10 kB at 311 kB/s)
Downloading from central: https://repo.maven.apache.org/maven2/net/bytebuddy/byte-buddy-agent/1.18.5/byte-buddy-agent-1.18.5.jar.sha512
Progress (1): 128 B                   Downloaded from central: https://repo.maven.apache.org/maven2/net/bytebuddy/byte-buddy-agent/1.18.5/byte-buddy-agent-1.18.5.jar.sha512 (128 B at 3.8 kB/s)
Downloading from central: https://repo.maven.apache.org/maven2/net/bytebuddy/byte-buddy-agent/1.18.5/byte-buddy-agent-1.18.5.jar
Progress (1): 7.7/367 kBProgress (1): 11/367 kB Progress (1): 28/367 kBProgress (1): 44/367 kBProgress (1): 61/367 kBProgress (1): 77/367 kBProgress (1): 93/367 kBProgress (1): 110/367 kBProgress (1): 126/367 kBProgress (1): 142/367 kBProgress (1): 159/367 kBProgress (1): 175/367 kBProgress (1): 192/367 kBProgress (1): 208/367 kBProgress (1): 224/367 kBProgress (1): 229/367 kBProgress (1): 246/367 kBProgress (1): 262/367 kBProgress (1): 279/367 kBProgress (1): 295/367 kBProgress (1): 311/367 kBProgress (1): 328/367 kBProgress (1): 344/367 kBProgress (1): 360/367 kBProgress (1): 367 kB                        Downloaded from central: https://repo.maven.apache.org/maven2/net/bytebuddy/byte-buddy-agent/1.18.5/byte-buddy-agent-1.18.5.jar (367 kB at 10 MB/s)
Downloading from central: https://repo.maven.apache.org/maven2/org/apache/aries/spifly/org.apache.aries.spifly.dynamic.bundle/maven-metadata.xml
Progress (1): 1.0 kB                    Downloaded from central: https://repo.maven.apache.org/maven2/org/apache/aries/spifly/org.apache.aries.spifly.dynamic.bundle/maven-metadata.xml (1.0 kB at 28 kB/s)
Downloading from central: https://repo.maven.apache.org/maven2/org/apache/aries/spifly/org.apache.aries.spifly.dynamic.bundle/1.3.7/org.apache.aries.spifly.dynamic.bundle-1.3.7.jar.sha512
Downloading from central: https://repo.maven.apache.org/maven2/org/apache/aries/spifly/org.apache.aries.spifly.dynamic.bundle/1.3.7/org.apache.aries.spifly.dynamic.bundle-1.3.7.jar.sha256
Downloading from central: https://repo.maven.apache.org/maven2/org/apache/aries/spifly/org.apache.aries.spifly.dynamic.bundle/1.3.7/org.apache.aries.spifly.dynamic.bundle-1.3.7.jar
Progress (1): 7.7/154 kBProgress (1): 12/154 kB Progress (1): 29/154 kBProgress (1): 45/154 kBProgress (1): 61/154 kBProgress (1): 78/154 kBProgress (1): 94/154 kBProgress (1): 111/154 kBProgress (1): 127/154 kBProgress (1): 143/154 kBProgress (1): 154 kB                        Downloaded from central: https://repo.maven.apache.org/maven2/org/apache/aries/spifly/org.apache.aries.spifly.dynamic.bundle/1.3.7/org.apache.aries.spifly.dynamic.bundle-1.3.7.jar (154 kB at 3.9 MB/s)
Downloading from central: https://repo.maven.apache.org/maven2/org/ow2/asm/asm/maven-metadata.xml
Progress (1): 1.7 kB                    Downloaded from central: https://repo.maven.apache.org/maven2/org/ow2/asm/asm/maven-metadata.xml (1.7 kB at 46 kB/s)
Downloading from central: https://repo.maven.apache.org/maven2/org/ow2/asm/asm/9.9.1/asm-9.9.1.jar.sha512
Progress (1): 128 B                   Downloaded from central: https://repo.maven.apache.org/maven2/org/ow2/asm/asm/9.9.1/asm-9.9.1.jar.sha512 (128 B at 3.3 kB/s)
Downloading from central: https://repo.maven.apache.org/maven2/org/ow2/asm/asm/9.9.1/asm-9.9.1.jar
Progress (1): 7.7/126 kBProgress (1): 15/126 kB Progress (1): 32/126 kBProgress (1): 48/126 kBProgress (1): 65/126 kBProgress (1): 81/126 kBProgress (1): 97/126 kBProgress (1): 114/126 kBProgress (1): 126 kB                        Downloaded from central: https://repo.maven.apache.org/maven2/org/ow2/asm/asm/9.9.1/asm-9.9.1.jar (126 kB at 3.3 MB/s)
Downloading from central: https://repo.maven.apache.org/maven2/org/ow2/asm/asm-commons/maven-metadata.xml
Progress (1): 1.7 kB                    Downloaded from central: https://repo.maven.apache.org/maven2/org/ow2/asm/asm-commons/maven-metadata.xml (1.7 kB at 51 kB/s)
Downloading from central: https://repo.maven.apache.org/maven2/org/ow2/asm/asm-commons/9.9.1/asm-commons-9.9.1.jar.sha512
Progress (1): 128 B                   Downloaded from central: https://repo.maven.apache.org/maven2/org/ow2/asm/asm-commons/9.9.1/asm-commons-9.9.1.jar.sha512 (128 B at 3.9 kB/s)
Downloading from central: https://repo.maven.apache.org/maven2/org/ow2/asm/asm-commons/9.9.1/asm-commons-9.9.1.jar
Progress (1): 7.7/75 kBProgress (1): 16/75 kB Progress (1): 28/75 kBProgress (1): 44/75 kBProgress (1): 61/75 kBProgress (1): 75 kB                      Downloaded from central: https://repo.maven.apache.org/maven2/org/ow2/asm/asm-commons/9.9.1/asm-commons-9.9.1.jar (75 kB at 2.4 MB/s)
Downloading from central: https://repo.maven.apache.org/maven2/org/ow2/asm/asm-util/maven-metadata.xml
Progress (1): 1.7 kB                    Downloaded from central: https://repo.maven.apache.org/maven2/org/ow2/asm/asm-util/maven-metadata.xml (1.7 kB at 48 kB/s)
Downloading from central: https://repo.maven.apache.org/maven2/org/ow2/asm/asm-util/9.9.1/asm-util-9.9.1.jar.sha512
Progress (1): 128 B                   Downloaded from central: https://repo.maven.apache.org/maven2/org/ow2/asm/asm-util/9.9.1/asm-util-9.9.1.jar.sha512 (128 B at 3.7 kB/s)
Downloading from central: https://repo.maven.apache.org/maven2/org/ow2/asm/asm-util/9.9.1/asm-util-9.9.1.jar
Progress (1): 7.7/95 kBProgress (1): 16/95 kB Progress (1): 25/95 kBProgress (1): 41/95 kBProgress (1): 57/95 kBProgress (1): 74/95 kBProgress (1): 90/95 kBProgress (1): 95 kB                      Downloaded from central: https://repo.maven.apache.org/maven2/org/ow2/asm/asm-util/9.9.1/asm-util-9.9.1.jar (95 kB at 2.7 MB/s)
Downloading from central: https://repo.maven.apache.org/maven2/org/apiguardian/apiguardian-api/maven-metadata.xml
Progress (1): 430 B                   Downloaded from central: https://repo.maven.apache.org/maven2/org/apiguardian/apiguardian-api/maven-metadata.xml (430 B at 12 kB/s)
Downloading from central: https://repo.maven.apache.org/maven2/org/apiguardian/apiguardian-api/1.1.2/apiguardian-api-1.1.2.jar.sha512
Progress (1): 128 B                   Downloaded from central: https://repo.maven.apache.org/maven2/org/apiguardian/apiguardian-api/1.1.2/apiguardian-api-1.1.2.jar.sha512 (128 B at 3.7 kB/s)
Downloading from central: https://repo.maven.apache.org/maven2/org/apiguardian/apiguardian-api/1.1.2/apiguardian-api-1.1.2.jar
Progress (1): 6.8 kB                    Downloaded from central: https://repo.maven.apache.org/maven2/org/apiguardian/apiguardian-api/1.1.2/apiguardian-api-1.1.2.jar (6.8 kB at 213 kB/s)
[INFO] Downloading from p2: https://download.eclipse.org/tools/orbit/downloads/drops/R20230531010532/repository/plugins/org.assertj_3.20.2.v20210706-1104.jar
[INFO] Downloaded from p2: https://download.eclipse.org/tools/orbit/downloads/drops/R20230531010532/repository/plugins/org.assertj_3.20.2.v20210706-1104.jar (4 MB at 477 KB/s)
[INFO] Downloading from p2: https://mirror.csclub.uwaterloo.ca/eclipse/eclipse/updates/4.39/R-4.39-202602260420/plugins/org.eclipse.core.net_1.5.800.v20250613-1119.jar
[INFO] Downloaded from p2: https://mirror.csclub.uwaterloo.ca/eclipse/eclipse/updates/4.39/R-4.39-202602260420/plugins/org.eclipse.core.net_1.5.800.v20250613-1119.jar (76 KB at 1 MB/s)
[INFO] Downloading from p2: https://ftp2.osuosl.org/pub/eclipse/eclipse/updates/4.39/R-4.39-202602260420/plugins/org.eclipse.equinox.launcher_1.7.100.v20251111-0406.jar
[INFO] Downloaded from p2: https://ftp2.osuosl.org/pub/eclipse/eclipse/updates/4.39/R-4.39-202602260420/plugins/org.eclipse.equinox.launcher_1.7.100.v20251111-0406.jar (51 KB at 174 KB/s)
[INFO] Downloading from p2: https://mirror.csclub.uwaterloo.ca/eclipse/eclipse/updates/4.39/R-4.39-202602260420/plugins/org.eclipse.ui.ide.application_1.6.0.v20251217-1052.jar
[INFO] Downloaded from p2: https://mirror.csclub.uwaterloo.ca/eclipse/eclipse/updates/4.39/R-4.39-202602260420/plugins/org.eclipse.ui.ide.application_1.6.0.v20251217-1052.jar (154 KB at 2 MB/s)
Downloading from central: https://repo.maven.apache.org/maven2/org/mockito/mockito-core/maven-metadata.xml
Progress (1): 4.7 kBProgress (1): 11 kB Progress (1): 12 kB                   Downloaded from central: https://repo.maven.apache.org/maven2/org/mockito/mockito-core/maven-metadata.xml (12 kB at 335 kB/s)
Downloading from central: https://repo.maven.apache.org/maven2/org/mockito/mockito-core/5.3.1/mockito-core-5.3.1.jar.sha512
Progress (1): 128 B                   Downloaded from central: https://repo.maven.apache.org/maven2/org/mockito/mockito-core/5.3.1/mockito-core-5.3.1.jar.sha512 (128 B at 3.1 kB/s)
Downloading from central: https://repo.maven.apache.org/maven2/org/mockito/mockito-core/5.3.1/mockito-core-5.3.1.jar
Progress (1): 7.7/689 kBProgress (1): 11/689 kB Progress (1): 28/689 kBProgress (1): 44/689 kBProgress (1): 61/689 kBProgress (1): 77/689 kBProgress (1): 93/689 kBProgress (1): 110/689 kBProgress (1): 126/689 kBProgress (1): 142/689 kBProgress (1): 159/689 kBProgress (1): 175/689 kBProgress (1): 192/689 kBProgress (1): 208/689 kBProgress (1): 224/689 kBProgress (1): 241/689 kBProgress (1): 243/689 kBProgress (1): 260/689 kBProgress (1): 276/689 kBProgress (1): 292/689 kBProgress (1): 309/689 kBProgress (1): 311/689 kBProgress (1): 328/689 kBProgress (1): 344/689 kBProgress (1): 360/689 kBProgress (1): 377/689 kBProgress (1): 393/689 kBProgress (1): 410/689 kBProgress (1): 426/689 kBProgress (1): 442/689 kBProgress (1): 459/689 kBProgress (1): 475/689 kBProgress (1): 492/689 kBProgress (1): 508/689 kBProgress (1): 524/689 kBProgress (1): 541/689 kBProgress (1): 557/689 kBProgress (1): 573/689 kBProgress (1): 590/689 kBProgress (1): 606/689 kBProgress (1): 623/689 kBProgress (1): 639/689 kBProgress (1): 655/689 kBProgress (1): 672/689 kBProgress (1): 688/689 kBProgress (1): 689 kB                        Downloaded from central: https://repo.maven.apache.org/maven2/org/mockito/mockito-core/5.3.1/mockito-core-5.3.1.jar (689 kB at 17 MB/s)
Downloading from central: https://repo.maven.apache.org/maven2/org/objenesis/objenesis/maven-metadata.xml
Progress (1): 878 B                   Downloaded from central: https://repo.maven.apache.org/maven2/org/objenesis/objenesis/maven-metadata.xml (878 B at 24 kB/s)
Downloading from central: https://repo.maven.apache.org/maven2/org/objenesis/objenesis/3.5/objenesis-3.5.jar.sha512
Progress (1): 128 B                   Downloaded from central: https://repo.maven.apache.org/maven2/org/objenesis/objenesis/3.5/objenesis-3.5.jar.sha512 (128 B at 3.3 kB/s)
Downloading from central: https://repo.maven.apache.org/maven2/org/objenesis/objenesis/3.5/objenesis-3.5.jar
Progress (1): 7.3/49 kBProgress (1): 24/49 kB Progress (1): 40/49 kBProgress (1): 49 kB                      Downloaded from central: https://repo.maven.apache.org/maven2/org/objenesis/objenesis/3.5/objenesis-3.5.jar (49 kB at 1.5 MB/s)
[INFO] Downloading from p2: https://testng.org/testng-eclipse-update-site/updatesites/7.11.0.202503091801/plugins/org.testng.eclipse_7.11.0.202503091801.jar
[INFO] Downloaded from p2: https://testng.org/testng-eclipse-update-site/updatesites/7.11.0.202503091801/plugins/org.testng.eclipse_7.11.0.202503091801.jar (955 KB at 4 MB/s)
Downloading from central: https://repo.maven.apache.org/maven2/org/ow2/asm/asm-tree/maven-metadata.xml
Progress (1): 1.7 kB                    Downloaded from central: https://repo.maven.apache.org/maven2/org/ow2/asm/asm-tree/maven-metadata.xml (1.7 kB at 51 kB/s)
Downloading from central: https://repo.maven.apache.org/maven2/org/ow2/asm/asm-tree/9.9.1/asm-tree-9.9.1.jar.sha512
Progress (1): 128 B                   Downloaded from central: https://repo.maven.apache.org/maven2/org/ow2/asm/asm-tree/9.9.1/asm-tree-9.9.1.jar.sha512 (128 B at 3.9 kB/s)
Downloading from central: https://repo.maven.apache.org/maven2/org/ow2/asm/asm-tree/9.9.1/asm-tree-9.9.1.jar
Progress (1): 7.7/52 kBProgress (1): 15/52 kB Progress (1): 32/52 kBProgress (1): 48/52 kBProgress (1): 52 kB                      Downloaded from central: https://repo.maven.apache.org/maven2/org/ow2/asm/asm-tree/9.9.1/asm-tree-9.9.1.jar (52 kB at 1.4 MB/s)
Downloading from central: https://repo.maven.apache.org/maven2/org/ow2/asm/asm-analysis/maven-metadata.xml
Progress (1): 1.7 kB                    Downloaded from central: https://repo.maven.apache.org/maven2/org/ow2/asm/asm-analysis/maven-metadata.xml (1.7 kB at 52 kB/s)
Downloading from central: https://repo.maven.apache.org/maven2/org/ow2/asm/asm-analysis/9.9.1/asm-analysis-9.9.1.jar.sha512
Progress (1): 128 B                   Downloaded from central: https://repo.maven.apache.org/maven2/org/ow2/asm/asm-analysis/9.9.1/asm-analysis-9.9.1.jar.sha512 (128 B at 4.0 kB/s)
Downloading from central: https://repo.maven.apache.org/maven2/org/ow2/asm/asm-analysis/9.9.1/asm-analysis-9.9.1.jar
Progress (1): 7.7/35 kBProgress (1): 15/35 kB Progress (1): 32/35 kBProgress (1): 35 kB                      Downloaded from central: https://repo.maven.apache.org/maven2/org/ow2/asm/asm-analysis/9.9.1/asm-analysis-9.9.1.jar (35 kB at 1.1 MB/s)
[WARNING] [88f9f5c8-ccfe-41e3-bc4d-9ea030180557][extension>org.eclipse.tycho:tycho-maven-plugin:5.0.2] The digest algorithms (md5) used to verify osgi.bundle,org.testng,7.11.0.r202503091654 have severely compromised security. Please report this concern to the artifact provider.
[INFO] Downloading from p2: https://testng.org/testng-p2-update-site/updatesites/7.11.0.r202503091654/plugins/org.testng_7.11.0.r202503091654.jar
[INFO] Downloaded from p2: https://testng.org/testng-p2-update-site/updatesites/7.11.0.r202503091654/plugins/org.testng_7.11.0.r202503091654.jar (978 KB at 8 MB/s)
Downloading from central: https://repo.maven.apache.org/maven2/org/slf4j/slf4j-api/maven-metadata.xml
Progress (1): 3.8 kB                    Downloaded from central: https://repo.maven.apache.org/maven2/org/slf4j/slf4j-api/maven-metadata.xml (3.8 kB at 112 kB/s)
Downloading from central: https://repo.maven.apache.org/maven2/org/slf4j/slf4j-api/2.0.17/slf4j-api-2.0.17.jar.sha512
Downloading from central: https://repo.maven.apache.org/maven2/org/slf4j/slf4j-api/2.0.17/slf4j-api-2.0.17.jar.sha256
Downloading from central: https://repo.maven.apache.org/maven2/org/slf4j/slf4j-simple/maven-metadata.xml
Progress (1): 4.1 kB                    Downloaded from central: https://repo.maven.apache.org/maven2/org/slf4j/slf4j-simple/maven-metadata.xml (4.1 kB at 129 kB/s)
Downloading from central: https://repo.maven.apache.org/maven2/org/slf4j/slf4j-simple/2.0.17/slf4j-simple-2.0.17.jar.sha512
Downloading from central: https://repo.maven.apache.org/maven2/org/slf4j/slf4j-simple/2.0.17/slf4j-simple-2.0.17.jar.sha256
Downloading from central: https://repo.maven.apache.org/maven2/org/slf4j/slf4j-simple/2.0.17/slf4j-simple-2.0.17.jar
Progress (1): 7.7/16 kBProgress (1): 15/16 kB Progress (1): 16 kB                      Downloaded from central: https://repo.maven.apache.org/maven2/org/slf4j/slf4j-simple/2.0.17/slf4j-simple-2.0.17.jar (16 kB at 524 kB/s)
Downloading from central: https://repo.maven.apache.org/maven2/com/google/guava/guava/33.5.0-jre/guava-33.5.0-jre.pom
Progress (1): 919 BProgress (1): 2.9 kBProgress (1): 5.0 kBProgress (1): 7.1 kBProgress (1): 9.4 kBProgress (1): 9.6 kB                    Downloaded from central: https://repo.maven.apache.org/maven2/com/google/guava/guava/33.5.0-jre/guava-33.5.0-jre.pom (9.6 kB at 321 kB/s)
Downloading from central: https://repo.maven.apache.org/maven2/com/google/guava/guava-parent/33.5.0-jre/guava-parent-33.5.0-jre.pom
Progress (1): 885 BProgress (1): 2.4 kBProgress (1): 4.0 kBProgress (1): 5.9 kBProgress (1): 7.6 kBProgress (1): 10 kB Progress (1): 13 kBProgress (1): 15 kBProgress (1): 19 kBProgress (1): 21 kBProgress (1): 24 kB                   Downloaded from central: https://repo.maven.apache.org/maven2/com/google/guava/guava-parent/33.5.0-jre/guava-parent-33.5.0-jre.pom (24 kB at 684 kB/s)
Downloading from central: https://repo.maven.apache.org/maven2/com/google/guava/failureaccess/1.0.3/failureaccess-1.0.3.pom
Progress (1): 947 BProgress (1): 2.9 kBProgress (1): 5.2 kBProgress (1): 5.6 kB                    Downloaded from central: https://repo.maven.apache.org/maven2/com/google/guava/failureaccess/1.0.3/failureaccess-1.0.3.pom (5.6 kB at 174 kB/s)
Downloading from central: https://repo.maven.apache.org/maven2/com/google/guava/guava-parent/33.4.0-android/guava-parent-33.4.0-android.pom
Progress (1): 810 BProgress (1): 2.4 kBProgress (1): 4.2 kBProgress (1): 5.9 kBProgress (1): 8.2 kBProgress (1): 11 kB Progress (1): 14 kBProgress (1): 16 kBProgress (1): 18 kBProgress (1): 20 kBProgress (1): 22 kB                   Downloaded from central: https://repo.maven.apache.org/maven2/com/google/guava/guava-parent/33.4.0-android/guava-parent-33.4.0-android.pom (22 kB at 598 kB/s)
Downloading from central: https://repo.maven.apache.org/maven2/com/google/guava/listenablefuture/9999.0-empty-to-avoid-conflict-with-guava/listenablefuture-9999.0-empty-to-avoid-conflict-with-guava.pom
Progress (1): 1.0 kBProgress (1): 2.3 kB                    Downloaded from central: https://repo.maven.apache.org/maven2/com/google/guava/listenablefuture/9999.0-empty-to-avoid-conflict-with-guava/listenablefuture-9999.0-empty-to-avoid-conflict-with-guava.pom (2.3 kB at 69 kB/s)
Downloading from central: https://repo.maven.apache.org/maven2/com/google/guava/guava-parent/26.0-android/guava-parent-26.0-android.pom
Progress (1): 986 BProgress (1): 2.8 kBProgress (1): 5.4 kBProgress (1): 7.4 kBProgress (1): 10 kB                    Downloaded from central: https://repo.maven.apache.org/maven2/com/google/guava/guava-parent/26.0-android/guava-parent-26.0-android.pom (10 kB at 261 kB/s)
Downloading from central: https://repo.maven.apache.org/maven2/org/jspecify/jspecify/1.0.0/jspecify-1.0.0.pom
Progress (1): 994 BProgress (1): 1.5 kB                    Downloaded from central: https://repo.maven.apache.org/maven2/org/jspecify/jspecify/1.0.0/jspecify-1.0.0.pom (1.5 kB at 44 kB/s)
Downloading from central: https://repo.maven.apache.org/maven2/com/google/errorprone/error_prone_annotations/2.41.0/error_prone_annotations-2.41.0.pom
Progress (1): 759 BProgress (1): 2.7 kBProgress (1): 4.3 kB                    Downloaded from central: https://repo.maven.apache.org/maven2/com/google/errorprone/error_prone_annotations/2.41.0/error_prone_annotations-2.41.0.pom (4.3 kB at 125 kB/s)
Downloading from central: https://repo.maven.apache.org/maven2/com/google/errorprone/error_prone_parent/2.41.0/error_prone_parent-2.41.0.pom
Progress (1): 729 BProgress (1): 2.2 kBProgress (1): 4.1 kBProgress (1): 6.4 kBProgress (1): 11 kB Progress (1): 14 kBProgress (1): 16 kB                   Downloaded from central: https://repo.maven.apache.org/maven2/com/google/errorprone/error_prone_parent/2.41.0/error_prone_parent-2.41.0.pom (16 kB at 468 kB/s)
Downloading from central: https://repo.maven.apache.org/maven2/com/google/j2objc/j2objc-annotations/3.1/j2objc-annotations-3.1.pom
Progress (1): 827 BProgress (1): 2.5 kBProgress (1): 5.4 kB                    Downloaded from central: https://repo.maven.apache.org/maven2/com/google/j2objc/j2objc-annotations/3.1/j2objc-annotations-3.1.pom (5.4 kB at 143 kB/s)
Downloading from central: https://repo.maven.apache.org/maven2/org/junit/jupiter/junit-jupiter-api/5.14.3/junit-jupiter-api-5.14.3.pom
Progress (1): 951 BProgress (1): 3.2 kB                    Downloaded from central: https://repo.maven.apache.org/maven2/org/junit/jupiter/junit-jupiter-api/5.14.3/junit-jupiter-api-5.14.3.pom (3.2 kB at 103 kB/s)
Downloading from central: https://repo.maven.apache.org/maven2/org/junit/junit-bom/5.14.3/junit-bom-5.14.3.pom
Progress (1): 908 BProgress (1): 4.1 kBProgress (1): 5.7 kB                    Downloaded from central: https://repo.maven.apache.org/maven2/org/junit/junit-bom/5.14.3/junit-bom-5.14.3.pom (5.7 kB at 162 kB/s)
Downloading from central: https://repo.maven.apache.org/maven2/org/opentest4j/opentest4j/1.3.0/opentest4j-1.3.0.pom
Progress (1): 996 BProgress (1): 2.0 kB                    Downloaded from central: https://repo.maven.apache.org/maven2/org/opentest4j/opentest4j/1.3.0/opentest4j-1.3.0.pom (2.0 kB at 64 kB/s)
Downloading from central: https://repo.maven.apache.org/maven2/org/junit/platform/junit-platform-commons/1.14.3/junit-platform-commons-1.14.3.pom
Progress (1): 968 BProgress (1): 2.9 kB                    Downloaded from central: https://repo.maven.apache.org/maven2/org/junit/platform/junit-platform-commons/1.14.3/junit-platform-commons-1.14.3.pom (2.9 kB at 89 kB/s)
Downloading from central: https://repo.maven.apache.org/maven2/org/apiguardian/apiguardian-api/1.1.2/apiguardian-api-1.1.2.pom
Progress (1): 1.0 kBProgress (1): 1.5 kB                    Downloaded from central: https://repo.maven.apache.org/maven2/org/apiguardian/apiguardian-api/1.1.2/apiguardian-api-1.1.2.pom (1.5 kB at 39 kB/s)
Downloading from central: https://repo.maven.apache.org/maven2/org/junit/jupiter/junit-jupiter-engine/5.14.3/junit-jupiter-engine-5.14.3.pom
Progress (1): 959 BProgress (1): 3.2 kB                    Downloaded from central: https://repo.maven.apache.org/maven2/org/junit/jupiter/junit-jupiter-engine/5.14.3/junit-jupiter-engine-5.14.3.pom (3.2 kB at 104 kB/s)
Downloading from central: https://repo.maven.apache.org/maven2/org/junit/platform/junit-platform-engine/1.14.3/junit-platform-engine-1.14.3.pom
Progress (1): 953 BProgress (1): 3.2 kB                    Downloaded from central: https://repo.maven.apache.org/maven2/org/junit/platform/junit-platform-engine/1.14.3/junit-platform-engine-1.14.3.pom (3.2 kB at 98 kB/s)
Downloading from central: https://repo.maven.apache.org/maven2/org/junit/platform/junit-platform-launcher/1.14.3/junit-platform-launcher-1.14.3.pom
Progress (1): 969 BProgress (1): 3.0 kB                    Downloaded from central: https://repo.maven.apache.org/maven2/org/junit/platform/junit-platform-launcher/1.14.3/junit-platform-launcher-1.14.3.pom (3.0 kB at 95 kB/s)
Downloading from central: https://repo.maven.apache.org/maven2/org/junit/jupiter/junit-jupiter-migrationsupport/5.14.3/junit-jupiter-migrationsupport-5.14.3.pom
Progress (1): 976 BProgress (1): 3.2 kB                    Downloaded from central: https://repo.maven.apache.org/maven2/org/junit/jupiter/junit-jupiter-migrationsupport/5.14.3/junit-jupiter-migrationsupport-5.14.3.pom (3.2 kB at 98 kB/s)
Downloading from central: https://repo.maven.apache.org/maven2/junit/junit/4.13.2/junit-4.13.2.pom
Progress (1): 1.0 kBProgress (1): 3.3 kBProgress (1): 5.1 kBProgress (1): 7.2 kBProgress (1): 9.8 kBProgress (1): 13 kB Progress (1): 16 kBProgress (1): 21 kBProgress (1): 26 kBProgress (1): 27 kB                   Downloaded from central: https://repo.maven.apache.org/maven2/junit/junit/4.13.2/junit-4.13.2.pom (27 kB at 693 kB/s)
Downloading from central: https://repo.maven.apache.org/maven2/org/hamcrest/hamcrest-core/1.3/hamcrest-core-1.3.pom
Progress (1): 766 B                   Downloaded from central: https://repo.maven.apache.org/maven2/org/hamcrest/hamcrest-core/1.3/hamcrest-core-1.3.pom (766 B at 23 kB/s)
Downloading from central: https://repo.maven.apache.org/maven2/org/hamcrest/hamcrest-parent/1.3/hamcrest-parent-1.3.pom
Progress (1): 1.1 kBProgress (1): 2.0 kB                    Downloaded from central: https://repo.maven.apache.org/maven2/org/hamcrest/hamcrest-parent/1.3/hamcrest-parent-1.3.pom (2.0 kB at 55 kB/s)
Downloading from central: https://repo.maven.apache.org/maven2/org/junit/jupiter/junit-jupiter-params/5.14.3/junit-jupiter-params-5.14.3.pom
Progress (1): 965 BProgress (1): 3.0 kB                    Downloaded from central: https://repo.maven.apache.org/maven2/org/junit/jupiter/junit-jupiter-params/5.14.3/junit-jupiter-params-5.14.3.pom (3.0 kB at 98 kB/s)
Downloading from central: https://repo.maven.apache.org/maven2/org/junit/platform/junit-platform-runner/1.14.3/junit-platform-runner-1.14.3.pom
Progress (1): 955 BProgress (1): 3.6 kBProgress (1): 3.6 kB                    Downloaded from central: https://repo.maven.apache.org/maven2/org/junit/platform/junit-platform-runner/1.14.3/junit-platform-runner-1.14.3.pom (3.6 kB at 109 kB/s)
Downloading from central: https://repo.maven.apache.org/maven2/org/junit/platform/junit-platform-suite-api/1.14.3/junit-platform-suite-api-1.14.3.pom
Progress (1): 958 BProgress (1): 3.1 kB                    Downloaded from central: https://repo.maven.apache.org/maven2/org/junit/platform/junit-platform-suite-api/1.14.3/junit-platform-suite-api-1.14.3.pom (3.1 kB at 95 kB/s)
Downloading from central: https://repo.maven.apache.org/maven2/org/junit/platform/junit-platform-suite-commons/1.14.3/junit-platform-suite-commons-1.14.3.pom
Progress (1): 965 BProgress (1): 3.5 kB                    Downloaded from central: https://repo.maven.apache.org/maven2/org/junit/platform/junit-platform-suite-commons/1.14.3/junit-platform-suite-commons-1.14.3.pom (3.5 kB at 108 kB/s)
Downloading from central: https://repo.maven.apache.org/maven2/org/junit/platform/junit-platform-suite-engine/1.14.3/junit-platform-suite-engine-1.14.3.pom
Progress (1): 967 BProgress (1): 3.5 kB                    Downloaded from central: https://repo.maven.apache.org/maven2/org/junit/platform/junit-platform-suite-engine/1.14.3/junit-platform-suite-engine-1.14.3.pom (3.5 kB at 102 kB/s)
Downloading from central: https://repo.maven.apache.org/maven2/org/junit/vintage/junit-vintage-engine/5.14.3/junit-vintage-engine-5.14.3.pom
Progress (1): 960 BProgress (1): 3.2 kB                    Downloaded from central: https://repo.maven.apache.org/maven2/org/junit/vintage/junit-vintage-engine/5.14.3/junit-vintage-engine-5.14.3.pom (3.2 kB at 74 kB/s)
Downloading from central: https://repo.maven.apache.org/maven2/net/bytebuddy/byte-buddy/1.18.5/byte-buddy-1.18.5.pom
Progress (1): 941 BProgress (1): 3.6 kBProgress (1): 6.7 kBProgress (1): 15 kB Progress (1): 19 kBProgress (1): 19 kB                   Downloaded from central: https://repo.maven.apache.org/maven2/net/bytebuddy/byte-buddy/1.18.5/byte-buddy-1.18.5.pom (19 kB at 589 kB/s)
Downloading from central: https://repo.maven.apache.org/maven2/net/bytebuddy/byte-buddy-parent/1.18.5/byte-buddy-parent-1.18.5.pom
Progress (1): 840 BProgress (1): 2.1 kBProgress (1): 3.7 kBProgress (1): 6.2 kBProgress (1): 8.1 kBProgress (1): 10.0 kBProgress (1): 13 kB  Progress (1): 16 kBProgress (1): 21 kBProgress (1): 25 kBProgress (1): 31 kBProgress (1): 47 kBProgress (1): 54 kBProgress (1): 59 kBProgress (1): 63 kBProgress (1): 63 kBProgress (1): 67 kB                   Downloaded from central: https://repo.maven.apache.org/maven2/net/bytebuddy/byte-buddy-parent/1.18.5/byte-buddy-parent-1.18.5.pom (67 kB at 1.7 MB/s)
Downloading from central: https://repo.maven.apache.org/maven2/net/bytebuddy/byte-buddy-agent/1.18.5/byte-buddy-agent-1.18.5.pom
Progress (1): 1.1 kBProgress (1): 3.6 kBProgress (1): 6.3 kBProgress (1): 9.9 kBProgress (1): 14 kB                    Downloaded from central: https://repo.maven.apache.org/maven2/net/bytebuddy/byte-buddy-agent/1.18.5/byte-buddy-agent-1.18.5.pom (14 kB at 449 kB/s)
Downloading from central: https://repo.maven.apache.org/maven2/org/apache/aries/spifly/org.apache.aries.spifly.dynamic.bundle/1.3.7/org.apache.aries.spifly.dynamic.bundle-1.3.7.pom
Progress (1): 814 BProgress (1): 2.3 kBProgress (1): 4.8 kB                    Downloaded from central: https://repo.maven.apache.org/maven2/org/apache/aries/spifly/org.apache.aries.spifly.dynamic.bundle/1.3.7/org.apache.aries.spifly.dynamic.bundle-1.3.7.pom (4.8 kB at 155 kB/s)
Downloading from central: https://repo.maven.apache.org/maven2/org/ow2/asm/asm/9.6/asm-9.6.pom
Progress (1): 1.3 kBProgress (1): 2.4 kB                    Downloaded from central: https://repo.maven.apache.org/maven2/org/ow2/asm/asm/9.6/asm-9.6.pom (2.4 kB at 74 kB/s)
Downloading from central: https://repo.maven.apache.org/maven2/org/ow2/asm/asm-commons/9.6/asm-commons-9.6.pom
Progress (1): 1.1 kBProgress (1): 2.8 kB                    Downloaded from central: https://repo.maven.apache.org/maven2/org/ow2/asm/asm-commons/9.6/asm-commons-9.6.pom (2.8 kB at 90 kB/s)
Downloading from central: https://repo.maven.apache.org/maven2/org/ow2/asm/asm-tree/9.6/asm-tree-9.6.pom
Progress (1): 1.1 kBProgress (1): 2.6 kB                    Downloaded from central: https://repo.maven.apache.org/maven2/org/ow2/asm/asm-tree/9.6/asm-tree-9.6.pom (2.6 kB at 68 kB/s)
Downloading from central: https://repo.maven.apache.org/maven2/org/ow2/asm/asm-util/9.6/asm-util-9.6.pom
Progress (1): 1.1 kBProgress (1): 2.9 kB                    Downloaded from central: https://repo.maven.apache.org/maven2/org/ow2/asm/asm-util/9.6/asm-util-9.6.pom (2.9 kB at 86 kB/s)
Downloading from central: https://repo.maven.apache.org/maven2/org/ow2/asm/asm-analysis/9.6/asm-analysis-9.6.pom
Progress (1): 1.1 kBProgress (1): 2.6 kB                    Downloaded from central: https://repo.maven.apache.org/maven2/org/ow2/asm/asm-analysis/9.6/asm-analysis-9.6.pom (2.6 kB at 75 kB/s)
Downloading from central: https://repo.maven.apache.org/maven2/org/ow2/asm/asm/9.9.1/asm-9.9.1.pom
Progress (1): 1.3 kBProgress (1): 2.4 kB                    Downloaded from central: https://repo.maven.apache.org/maven2/org/ow2/asm/asm/9.9.1/asm-9.9.1.pom (2.4 kB at 79 kB/s)
Downloading from central: https://repo.maven.apache.org/maven2/org/ow2/asm/asm-commons/9.9.1/asm-commons-9.9.1.pom
Progress (1): 1.1 kBProgress (1): 2.8 kB                    Downloaded from central: https://repo.maven.apache.org/maven2/org/ow2/asm/asm-commons/9.9.1/asm-commons-9.9.1.pom (2.8 kB at 85 kB/s)
Downloading from central: https://repo.maven.apache.org/maven2/org/ow2/asm/asm-tree/9.9.1/asm-tree-9.9.1.pom
Progress (1): 1.1 kBProgress (1): 2.6 kB                    Downloaded from central: https://repo.maven.apache.org/maven2/org/ow2/asm/asm-tree/9.9.1/asm-tree-9.9.1.pom (2.6 kB at 87 kB/s)
Downloading from central: https://repo.maven.apache.org/maven2/org/ow2/asm/asm-util/9.9.1/asm-util-9.9.1.pom
Progress (1): 1.1 kBProgress (1): 2.9 kB                    Downloaded from central: https://repo.maven.apache.org/maven2/org/ow2/asm/asm-util/9.9.1/asm-util-9.9.1.pom (2.9 kB at 89 kB/s)
Downloading from central: https://repo.maven.apache.org/maven2/org/ow2/asm/asm-analysis/9.9.1/asm-analysis-9.9.1.pom
Progress (1): 1.1 kBProgress (1): 2.6 kB                    Downloaded from central: https://repo.maven.apache.org/maven2/org/ow2/asm/asm-analysis/9.9.1/asm-analysis-9.9.1.pom (2.6 kB at 85 kB/s)
Downloading from central: https://repo.maven.apache.org/maven2/org/mockito/mockito-core/5.3.1/mockito-core-5.3.1.pom
Progress (1): 1.5 kBProgress (1): 2.5 kB                    Downloaded from central: https://repo.maven.apache.org/maven2/org/mockito/mockito-core/5.3.1/mockito-core-5.3.1.pom (2.5 kB at 71 kB/s)
Downloading from central: https://repo.maven.apache.org/maven2/net/bytebuddy/byte-buddy/1.14.4/byte-buddy-1.14.4.pom
Progress (1): 972 BProgress (1): 3.7 kBProgress (1): 7.0 kBProgress (1): 14 kB Progress (1): 16 kB                   Downloaded from central: https://repo.maven.apache.org/maven2/net/bytebuddy/byte-buddy/1.14.4/byte-buddy-1.14.4.pom (16 kB at 377 kB/s)
Downloading from central: https://repo.maven.apache.org/maven2/net/bytebuddy/byte-buddy-parent/1.14.4/byte-buddy-parent-1.14.4.pom
Progress (1): 833 BProgress (1): 2.1 kBProgress (1): 3.6 kBProgress (1): 6.2 kBProgress (1): 8.1 kBProgress (1): 11 kB Progress (1): 13 kBProgress (1): 17 kBProgress (1): 22 kBProgress (1): 25 kBProgress (1): 36 kBProgress (1): 45 kBProgress (1): 50 kBProgress (1): 55 kBProgress (1): 58 kB                   Downloaded from central: https://repo.maven.apache.org/maven2/net/bytebuddy/byte-buddy-parent/1.14.4/byte-buddy-parent-1.14.4.pom (58 kB at 1.7 MB/s)
Downloading from central: https://repo.maven.apache.org/maven2/net/bytebuddy/byte-buddy-agent/1.14.4/byte-buddy-agent-1.14.4.pom
Progress (1): 1.2 kBProgress (1): 3.6 kBProgress (1): 6.2 kBProgress (1): 10 kB                    Downloaded from central: https://repo.maven.apache.org/maven2/net/bytebuddy/byte-buddy-agent/1.14.4/byte-buddy-agent-1.14.4.pom (10 kB at 282 kB/s)
Downloading from central: https://repo.maven.apache.org/maven2/org/objenesis/objenesis/3.3/objenesis-3.3.pom
Progress (1): 795 BProgress (1): 2.5 kBProgress (1): 3.0 kB                    Downloaded from central: https://repo.maven.apache.org/maven2/org/objenesis/objenesis/3.3/objenesis-3.3.pom (3.0 kB at 100 kB/s)
Downloading from central: https://repo.maven.apache.org/maven2/org/objenesis/objenesis-parent/3.3/objenesis-parent-3.3.pom
Progress (1): 741 BProgress (1): 2.3 kBProgress (1): 4.5 kBProgress (1): 6.6 kBProgress (1): 10 kB Progress (1): 13 kBProgress (1): 18 kBProgress (1): 19 kB                   Downloaded from central: https://repo.maven.apache.org/maven2/org/objenesis/objenesis-parent/3.3/objenesis-parent-3.3.pom (19 kB at 518 kB/s)
Downloading from central: https://repo.maven.apache.org/maven2/org/objenesis/objenesis/3.5/objenesis-3.5.pom
Progress (1): 790 BProgress (1): 2.5 kBProgress (1): 3.4 kB                    Downloaded from central: https://repo.maven.apache.org/maven2/org/objenesis/objenesis/3.5/objenesis-3.5.pom (3.4 kB at 116 kB/s)
Downloading from central: https://repo.maven.apache.org/maven2/org/objenesis/objenesis-parent/3.5/objenesis-parent-3.5.pom
Progress (1): 747 BProgress (1): 2.4 kBProgress (1): 4.4 kBProgress (1): 8.4 kBProgress (1): 11 kB Progress (1): 15 kBProgress (1): 18 kB                   Downloaded from central: https://repo.maven.apache.org/maven2/org/objenesis/objenesis-parent/3.5/objenesis-parent-3.5.pom (18 kB at 520 kB/s)
Downloading from central: https://repo.maven.apache.org/maven2/org/junit/junit-bom/6.0.2/junit-bom-6.0.2.pom
Progress (1): 915 BProgress (1): 4.3 kBProgress (1): 5.1 kB                    Downloaded from central: https://repo.maven.apache.org/maven2/org/junit/junit-bom/6.0.2/junit-bom-6.0.2.pom (5.1 kB at 155 kB/s)
Downloading from central: https://repo.maven.apache.org/maven2/org/slf4j/slf4j-simple/2.0.17/slf4j-simple-2.0.17.pom
Progress (1): 1.3 kB                    Downloaded from central: https://repo.maven.apache.org/maven2/org/slf4j/slf4j-simple/2.0.17/slf4j-simple-2.0.17.pom (1.3 kB at 41 kB/s)
Downloading from central: https://repo.maven.apache.org/maven2/com/google/guava/listenablefuture/9999.0-empty-to-avoid-conflict-with-guava/listenablefuture-9999.0-empty-to-avoid-conflict-with-guava.jar
Downloading from central: https://repo.maven.apache.org/maven2/org/jspecify/jspecify/1.0.0/jspecify-1.0.0.jar
Downloading from central: https://repo.maven.apache.org/maven2/com/google/errorprone/error_prone_annotations/2.41.0/error_prone_annotations-2.41.0.jar
Downloading from central: https://repo.maven.apache.org/maven2/com/google/j2objc/j2objc-annotations/3.1/j2objc-annotations-3.1.jar
Downloading from central: https://repo.maven.apache.org/maven2/junit/junit/4.13.2/junit-4.13.2.jar
Progress (1): 2.2 kB                    Downloaded from central: https://repo.maven.apache.org/maven2/com/google/guava/listenablefuture/9999.0-empty-to-avoid-conflict-with-guava/listenablefuture-9999.0-empty-to-avoid-conflict-with-guava.jar (2.2 kB at 67 kB/s)
Progress (1): 3.8 kBProgress (2): 3.8 kB | 7.7/20 kBProgress (2): 3.8 kB | 7.7/20 kBProgress (2): 3.8 kB | 20 kB                                Downloaded from central: https://repo.maven.apache.org/maven2/com/google/errorprone/error_prone_annotations/2.41.0/error_prone_annotations-2.41.0.jar (20 kB at 618 kB/s)
Downloading from central: https://repo.maven.apache.org/maven2/org/hamcrest/hamcrest-core/1.3/hamcrest-core-1.3.jar
Downloaded from central: https://repo.maven.apache.org/maven2/org/jspecify/jspecify/1.0.0/jspecify-1.0.0.jar (3.8 kB at 116 kB/s)
Progress (1): 7.7/17 kBProgress (1): 11/17 kB Progress (1): 17 kB                      Downloaded from central: https://repo.maven.apache.org/maven2/com/google/j2objc/j2objc-annotations/3.1/j2objc-annotations-3.1.jar (17 kB at 329 kB/s)
Progress (1): 7.7/45 kBProgress (1): 16/45 kB Progress (1): 32/45 kBProgress (1): 45 kB                      Downloaded from central: https://repo.maven.apache.org/maven2/org/hamcrest/hamcrest-core/1.3/hamcrest-core-1.3.jar (45 kB at 750 kB/s)
Progress (1): 0.9/385 kBProgress (1): 2.3/385 kBProgress (1): 3.6/385 kBProgress (1): 5.0/385 kBProgress (1): 6.4/385 kBProgress (1): 7.7/385 kBProgress (1): 9.1/385 kBProgress (1): 10/385 kB Progress (1): 12/385 kBProgress (1): 13/385 kBProgress (1): 15/385 kBProgress (1): 15/385 kBProgress (1): 17/385 kBProgress (1): 18/385 kBProgress (1): 20/385 kBProgress (1): 21/385 kBProgress (1): 22/385 kBProgress (1): 24/385 kBProgress (1): 25/385 kBProgress (1): 26/385 kBProgress (1): 28/385 kBProgress (1): 29/385 kBProgress (1): 31/385 kBProgress (1): 32/385 kBProgress (1): 33/385 kBProgress (1): 35/385 kBProgress (1): 36/385 kBProgress (1): 37/385 kBProgress (1): 39/385 kBProgress (1): 40/385 kBProgress (1): 41/385 kBProgress (1): 43/385 kBProgress (1): 44/385 kBProgress (1): 46/385 kBProgress (1): 47/385 kBProgress (1): 48/385 kBProgress (1): 50/385 kBProgress (1): 51/385 kBProgress (1): 52/385 kBProgress (1): 54/385 kBProgress (1): 55/385 kBProgress (1): 59/385 kBProgress (1): 64/385 kBProgress (1): 68/385 kBProgress (1): 72/385 kBProgress (1): 76/385 kBProgress (1): 81/385 kBProgress (1): 85/385 kBProgress (1): 89/385 kBProgress (1): 93/385 kBProgress (1): 97/385 kBProgress (1): 102/385 kBProgress (1): 106/385 kBProgress (1): 110/385 kBProgress (1): 114/385 kBProgress (1): 119/385 kBProgress (1): 123/385 kBProgress (1): 127/385 kBProgress (1): 131/385 kBProgress (1): 136/385 kBProgress (1): 140/385 kBProgress (1): 144/385 kBProgress (1): 147/385 kBProgress (1): 151/385 kBProgress (1): 155/385 kBProgress (1): 159/385 kBProgress (1): 163/385 kBProgress (1): 168/385 kBProgress (1): 172/385 kBProgress (1): 176/385 kBProgress (1): 180/385 kBProgress (1): 185/385 kBProgress (1): 189/385 kBProgress (1): 193/385 kBProgress (1): 197/385 kBProgress (1): 202/385 kBProgress (1): 206/385 kBProgress (1): 210/385 kBProgress (1): 214/385 kBProgress (1): 218/385 kBProgress (1): 223/385 kBProgress (1): 239/385 kBProgress (1): 255/385 kBProgress (1): 272/385 kBProgress (1): 278/385 kBProgress (1): 294/385 kBProgress (1): 310/385 kBProgress (1): 327/385 kBProgress (1): 343/385 kBProgress (1): 355/385 kBProgress (1): 360/385 kBProgress (1): 376/385 kBProgress (1): 385 kB                        Downloaded from central: https://repo.maven.apache.org/maven2/junit/junit/4.13.2/junit-4.13.2.jar (385 kB at 2.4 MB/s)
[INFO]
[INFO] --- tycho-packaging:5.0.2:build-qualifier (default-build-qualifier) @ org.moreunit.test.dependencies ---
[INFO] The project's OSGi version is 4.0.2.202605200034
[INFO]
[INFO] --- tycho-packaging:5.0.2:validate-id (default-validate-id) @ org.moreunit.test.dependencies ---
[INFO]
[INFO] --- tycho-packaging:5.0.2:validate-version (default-validate-version) @ org.moreunit.test.dependencies ---
[INFO]
[INFO] --- target-platform-configuration:5.0.2:target-platform (default-target-platform) @ org.moreunit.test.dependencies ---
[INFO]
[INFO] --- tycho-compiler:5.0.2:validate-classpath (default-validate-classpath) @ org.moreunit.test.dependencies ---
[INFO] Resolving class path of org.moreunit.test.dependencies
[INFO] Downloading from p2: https://download.eclipse.org/technology/m2e/releases/latest/plugins/com.google.guava.source_33.5.0.jre.jar
[INFO] Downloaded from p2: https://download.eclipse.org/technology/m2e/releases/latest/plugins/com.google.guava.source_33.5.0.jre.jar (1 MB at 461 KB/s)
[INFO] Downloading from p2: https://download.eclipse.org/technology/m2e/releases/latest/plugins/com.google.guava.failureaccess.source_1.0.3.jar
[INFO] Downloaded from p2: https://download.eclipse.org/technology/m2e/releases/latest/plugins/com.google.guava.failureaccess.source_1.0.3.jar (10 KB at 185 KB/s)
[INFO] Downloading from p2: https://mirror.csclub.uwaterloo.ca/eclipse/eclipse/updates/4.39/R-4.39-202602260420/plugins/junit-jupiter-api.source_5.14.3.jar
[INFO] Downloaded from p2: https://mirror.csclub.uwaterloo.ca/eclipse/eclipse/updates/4.39/R-4.39-202602260420/plugins/junit-jupiter-api.source_5.14.3.jar (243 KB at 2 MB/s)
[INFO] Downloading from p2: https://mirrors.xmission.com/eclipse/eclipse/updates/4.39/R-4.39-202602260420/plugins/junit-jupiter-engine.source_5.14.3.jar
[INFO] Downloaded from p2: https://mirrors.xmission.com/eclipse/eclipse/updates/4.39/R-4.39-202602260420/plugins/junit-jupiter-engine.source_5.14.3.jar (166 KB at 4 MB/s)
[INFO] Downloading from p2: https://mirrors.xmission.com/eclipse/eclipse/updates/4.39/R-4.39-202602260420/plugins/junit-jupiter-migrationsupport.source_5.14.3.jar
[INFO] Downloaded from p2: https://mirrors.xmission.com/eclipse/eclipse/updates/4.39/R-4.39-202602260420/plugins/junit-jupiter-migrationsupport.source_5.14.3.jar (23 KB at 887 KB/s)
[INFO] Downloading from p2: https://mirror.csclub.uwaterloo.ca/eclipse/eclipse/updates/4.39/R-4.39-202602260420/plugins/junit-jupiter-params.source_5.14.3.jar
[INFO] Downloaded from p2: https://mirror.csclub.uwaterloo.ca/eclipse/eclipse/updates/4.39/R-4.39-202602260420/plugins/junit-jupiter-params.source_5.14.3.jar (132 KB at 1 MB/s)
[INFO] Downloading from p2: https://mirror.csclub.uwaterloo.ca/eclipse/eclipse/updates/4.39/R-4.39-202602260420/plugins/junit-platform-commons.source_1.14.3.jar
[INFO] Downloaded from p2: https://mirror.csclub.uwaterloo.ca/eclipse/eclipse/updates/4.39/R-4.39-202602260420/plugins/junit-platform-commons.source_1.14.3.jar (109 KB at 1 MB/s)
[INFO] Downloading from p2: https://mirrors.xmission.com/eclipse/eclipse/updates/4.39/R-4.39-202602260420/plugins/junit-platform-engine.source_1.14.3.jar
[INFO] Downloaded from p2: https://mirrors.xmission.com/eclipse/eclipse/updates/4.39/R-4.39-202602260420/plugins/junit-platform-engine.source_1.14.3.jar (168 KB at 4 MB/s)
[INFO] Downloading from p2: https://mirror.csclub.uwaterloo.ca/eclipse/eclipse/updates/4.39/R-4.39-202602260420/plugins/junit-platform-launcher.source_1.14.3.jar
[INFO] Downloaded from p2: https://mirror.csclub.uwaterloo.ca/eclipse/eclipse/updates/4.39/R-4.39-202602260420/plugins/junit-platform-launcher.source_1.14.3.jar (125 KB at 1 MB/s)
[INFO] Downloading from p2: https://mirror.csclub.uwaterloo.ca/eclipse/eclipse/updates/4.39/R-4.39-202602260420/plugins/junit-platform-runner.source_1.14.3.jar
[INFO] Downloaded from p2: https://mirror.csclub.uwaterloo.ca/eclipse/eclipse/updates/4.39/R-4.39-202602260420/plugins/junit-platform-runner.source_1.14.3.jar (12 KB at 211 KB/s)
[INFO] Downloading from p2: https://mirror.csclub.uwaterloo.ca/eclipse/eclipse/updates/4.39/R-4.39-202602260420/plugins/junit-platform-suite-api.source_1.14.3.jar
[INFO] Downloaded from p2: https://mirror.csclub.uwaterloo.ca/eclipse/eclipse/updates/4.39/R-4.39-202602260420/plugins/junit-platform-suite-api.source_1.14.3.jar (36 KB at 404 KB/s)
[INFO] Downloading from p2: https://mirror.csclub.uwaterloo.ca/eclipse/eclipse/updates/4.39/R-4.39-202602260420/plugins/junit-platform-suite-commons.source_1.14.3.jar
[INFO] Downloaded from p2: https://mirror.csclub.uwaterloo.ca/eclipse/eclipse/updates/4.39/R-4.39-202602260420/plugins/junit-platform-suite-commons.source_1.14.3.jar (13 KB at 212 KB/s)
[INFO] Downloading from p2: https://mirrors.xmission.com/eclipse/eclipse/updates/4.39/R-4.39-202602260420/plugins/junit-platform-suite-engine.source_1.14.3.jar
[INFO] Downloaded from p2: https://mirrors.xmission.com/eclipse/eclipse/updates/4.39/R-4.39-202602260420/plugins/junit-platform-suite-engine.source_1.14.3.jar (19 KB at 705 KB/s)
[INFO] Downloading from p2: https://mirror.csclub.uwaterloo.ca/eclipse/eclipse/updates/4.39/R-4.39-202602260420/plugins/junit-vintage-engine.source_5.14.3.jar
[INFO] Downloaded from p2: https://mirror.csclub.uwaterloo.ca/eclipse/eclipse/updates/4.39/R-4.39-202602260420/plugins/junit-vintage-engine.source_5.14.3.jar (41 KB at 493 KB/s)
[INFO] Downloading from p2: https://eclipse.mirror.rafal.ca/eclipse/updates/4.39/R-4.39-202602260420/plugins/net.bytebuddy.byte-buddy.source_1.18.5.jar
[INFO] Downloaded from p2: https://eclipse.mirror.rafal.ca/eclipse/updates/4.39/R-4.39-202602260420/plugins/net.bytebuddy.byte-buddy.source_1.18.5.jar (2 MB at 6 MB/s)
[INFO] Downloading from p2: https://mirrors.xmission.com/eclipse/eclipse/updates/4.39/R-4.39-202602260420/plugins/net.bytebuddy.byte-buddy-agent.source_1.18.5.jar
[INFO] Downloaded from p2: https://mirrors.xmission.com/eclipse/eclipse/updates/4.39/R-4.39-202602260420/plugins/net.bytebuddy.byte-buddy-agent.source_1.18.5.jar (245 KB at 5 MB/s)
[INFO] Downloading from p2: https://mirror.csclub.uwaterloo.ca/eclipse/eclipse/updates/4.39/R-4.39-202602260420/plugins/org.apache.aries.spifly.dynamic.bundle.source_1.3.7.jar
[INFO] Downloaded from p2: https://mirror.csclub.uwaterloo.ca/eclipse/eclipse/updates/4.39/R-4.39-202602260420/plugins/org.apache.aries.spifly.dynamic.bundle.source_1.3.7.jar (113 KB at 1 MB/s)
[INFO] Downloading from p2: https://eclipse.mirror.rafal.ca/eclipse/updates/4.39/R-4.39-202602260420/plugins/org.apiguardian.api.source_1.1.2.jar
[INFO] Downloaded from p2: https://eclipse.mirror.rafal.ca/eclipse/updates/4.39/R-4.39-202602260420/plugins/org.apiguardian.api.source_1.1.2.jar (6 KB at 183 KB/s)
[INFO] Downloading from p2: https://mirrors.xmission.com/eclipse/eclipse/updates/4.39/R-4.39-202602260420/plugins/org.eclipse.core.net.source_1.5.800.v20250613-1119.jar
[INFO] Downloaded from p2: https://mirrors.xmission.com/eclipse/eclipse/updates/4.39/R-4.39-202602260420/plugins/org.eclipse.core.net.source_1.5.800.v20250613-1119.jar (57 KB at 1 MB/s)
[INFO] Downloading from p2: https://mirrors.xmission.com/eclipse/eclipse/updates/4.39/R-4.39-202602260420/plugins/org.eclipse.equinox.launcher.source_1.7.100.v20251111-0406.jar
[INFO] Downloaded from p2: https://mirrors.xmission.com/eclipse/eclipse/updates/4.39/R-4.39-202602260420/plugins/org.eclipse.equinox.launcher.source_1.7.100.v20251111-0406.jar (39 KB at 1 MB/s)
[INFO] Downloading from p2: https://eclipse.mirror.rafal.ca/eclipse/updates/4.39/R-4.39-202602260420/plugins/org.eclipse.ui.ide.application.source_1.6.0.v20251217-1052.jar
[INFO] Downloaded from p2: https://eclipse.mirror.rafal.ca/eclipse/updates/4.39/R-4.39-202602260420/plugins/org.eclipse.ui.ide.application.source_1.6.0.v20251217-1052.jar (56 KB at 1 MB/s)
[INFO] Downloading from p2: https://mirror.cs.odu.edu/eclipse/eclipse/updates/4.39/R-4.39-202602260420/plugins/org.objectweb.asm.source_9.9.1.jar
[INFO] Downloaded from p2: https://mirror.cs.odu.edu/eclipse/eclipse/updates/4.39/R-4.39-202602260420/plugins/org.objectweb.asm.source_9.9.1.jar (181 KB at 770 KB/s)
[INFO] Downloading from p2: https://mirrors.xmission.com/eclipse/eclipse/updates/4.39/R-4.39-202602260420/plugins/org.objectweb.asm.commons.source_9.9.1.jar
[INFO] Downloaded from p2: https://mirrors.xmission.com/eclipse/eclipse/updates/4.39/R-4.39-202602260420/plugins/org.objectweb.asm.commons.source_9.9.1.jar (83 KB at 2 MB/s)
[INFO] Downloading from p2: https://mirror.cs.odu.edu/eclipse/eclipse/updates/4.39/R-4.39-202602260420/plugins/org.objectweb.asm.tree.source_9.9.1.jar
[INFO] Downloaded from p2: https://mirror.cs.odu.edu/eclipse/eclipse/updates/4.39/R-4.39-202602260420/plugins/org.objectweb.asm.tree.source_9.9.1.jar (75 KB at 1 MB/s)
[INFO] Downloading from p2: https://mirrors.xmission.com/eclipse/eclipse/updates/4.39/R-4.39-202602260420/plugins/org.objectweb.asm.tree.analysis.source_9.9.1.jar
[INFO] Downloaded from p2: https://mirrors.xmission.com/eclipse/eclipse/updates/4.39/R-4.39-202602260420/plugins/org.objectweb.asm.tree.analysis.source_9.9.1.jar (41 KB at 1 MB/s)
[INFO] Downloading from p2: https://mirror.csclub.uwaterloo.ca/eclipse/eclipse/updates/4.39/R-4.39-202602260420/plugins/org.objectweb.asm.util.source_9.9.1.jar
[INFO] Downloaded from p2: https://mirror.csclub.uwaterloo.ca/eclipse/eclipse/updates/4.39/R-4.39-202602260420/plugins/org.objectweb.asm.util.source_9.9.1.jar (85 KB at 809 KB/s)
[INFO] Downloading from p2: https://mirror.csclub.uwaterloo.ca/eclipse/eclipse/updates/4.39/R-4.39-202602260420/plugins/org.objenesis.source_3.5.0.jar
[INFO] Downloaded from p2: https://mirror.csclub.uwaterloo.ca/eclipse/eclipse/updates/4.39/R-4.39-202602260420/plugins/org.objenesis.source_3.5.0.jar (52 KB at 720 KB/s)
[INFO] Downloading from p2: https://mirror.csclub.uwaterloo.ca/eclipse/eclipse/updates/4.39/R-4.39-202602260420/plugins/org.opentest4j.source_1.3.0.jar
[INFO] Downloaded from p2: https://mirror.csclub.uwaterloo.ca/eclipse/eclipse/updates/4.39/R-4.39-202602260420/plugins/org.opentest4j.source_1.3.0.jar (10 KB at 165 KB/s)
[INFO] Downloading from p2: https://mirror.cs.odu.edu/eclipse/eclipse/updates/4.39/R-4.39-202602260420/plugins/slf4j.api.source_2.0.17.jar
[INFO] Downloaded from p2: https://mirror.cs.odu.edu/eclipse/eclipse/updates/4.39/R-4.39-202602260420/plugins/slf4j.api.source_2.0.17.jar (76 KB at 1 MB/s)
[INFO] Downloading from p2: https://download.eclipse.org/eclipse/updates/4.39/R-4.39-202602260420/plugins/slf4j.simple.source_2.0.17.jar
[INFO] Downloaded from p2: https://download.eclipse.org/eclipse/updates/4.39/R-4.39-202602260420/plugins/slf4j.simple.source_2.0.17.jar (13 KB at 160 KB/s)
[INFO] Downloading from p2: https://mirrors.xmission.com/eclipse/eclipse/updates/4.39/R-4.39-202602260420/plugins/org.eclipse.equinox.launcher.gtk.linux.x86_64_1.2.1500.v20250801-0854.jar
[INFO] Downloaded from p2: https://mirrors.xmission.com/eclipse/eclipse/updates/4.39/R-4.39-202602260420/plugins/org.eclipse.equinox.launcher.gtk.linux.x86_64_1.2.1500.v20250801-0854.jar (88 KB at 2 MB/s)
[INFO] Downloading from p2: https://mirrors.xmission.com/eclipse/eclipse/updates/4.39/R-4.39-202602260420/plugins/org.eclipse.equinox.launcher.win32.win32.x86_64_1.3.0.v20260203-2149.jar
[INFO] Downloaded from p2: https://mirrors.xmission.com/eclipse/eclipse/updates/4.39/R-4.39-202602260420/plugins/org.eclipse.equinox.launcher.win32.win32.x86_64_1.3.0.v20260203-2149.jar (147 KB at 4 MB/s)
[INFO] Downloading from p2: https://mirrors.xmission.com/eclipse/eclipse/updates/4.39/R-4.39-202602260420/plugins/org.eclipse.equinox.launcher.cocoa.macosx.x86_64_1.2.1400.v20250801-0854.jar
[INFO] Downloaded from p2: https://mirrors.xmission.com/eclipse/eclipse/updates/4.39/R-4.39-202602260420/plugins/org.eclipse.equinox.launcher.cocoa.macosx.x86_64_1.2.1400.v20250801-0854.jar (42 KB at 1 MB/s)
[INFO]
[INFO] --- antrun:3.2.0:run (avoid-equinox-exception) @ org.moreunit.test.dependencies ---
[INFO] Executing tasks
[INFO] Executed tasks
[INFO]
[INFO] --- resources:3.3.1:resources (default-resources) @ org.moreunit.test.dependencies ---
[INFO] skip non existing resourceDirectory /app/org.moreunit.test.dependencies/src/main/resources
[INFO]
[INFO] --- tycho-compiler:5.0.2:compile (default-compile) @ org.moreunit.test.dependencies ---
[INFO] Compiling 67 source files to /app/org.moreunit.test.dependencies/target/classes using Eclipse Compiler for Java(TM) 3.44.0.v20251118-1623
[INFO]
[INFO] --- tycho-ds:5.0.2:declarative-services (default-declarative-services) @ org.moreunit.test.dependencies ---
[INFO]
[INFO] --- resources:3.3.1:testResources (default-testResources) @ org.moreunit.test.dependencies ---
[INFO] skip non existing resourceDirectory /app/org.moreunit.test.dependencies/src/test/resources
[INFO]
[INFO] --- tycho-source:5.0.2:plugin-source (plugin-source) @ org.moreunit.test.dependencies ---
[INFO] Building jar: /app/org.moreunit.test.dependencies/target/org.moreunit.test.dependencies-4.0.2-SNAPSHOT-sources.jar
[INFO]
[INFO] --- tycho-packaging:5.0.2:package-plugin (default-package-plugin) @ org.moreunit.test.dependencies ---
[INFO] Building jar: /app/org.moreunit.test.dependencies/target/org.moreunit.test.dependencies-4.0.2-SNAPSHOT.jar
[INFO]
[INFO] --- tycho-p2-plugin:5.0.2:p2-metadata-default (default-p2-metadata-default) @ org.moreunit.test.dependencies ---
[INFO]
[INFO] --- tycho-surefire:5.0.2:test (default-test) @ org.moreunit.test.dependencies ---
[INFO] Skipping tests
[INFO]
[INFO] --- install:3.1.1:install (default-install) @ org.moreunit.test.dependencies ---
[INFO] Installing /app/org.moreunit.test.dependencies/pom.xml to /home/jules/.m2/repository/org/moreunit/plugins/org.moreunit.test.dependencies/4.0.2-SNAPSHOT/org.moreunit.test.dependencies-4.0.2-SNAPSHOT.pom
[INFO] Installing /app/org.moreunit.test.dependencies/target/org.moreunit.test.dependencies-4.0.2-SNAPSHOT.jar to /home/jules/.m2/repository/org/moreunit/plugins/org.moreunit.test.dependencies/4.0.2-SNAPSHOT/org.moreunit.test.dependencies-4.0.2-SNAPSHOT.jar
[INFO] Installing /app/org.moreunit.test.dependencies/target/org.moreunit.test.dependencies-4.0.2-SNAPSHOT-sources.jar to /home/jules/.m2/repository/org/moreunit/plugins/org.moreunit.test.dependencies/4.0.2-SNAPSHOT/org.moreunit.test.dependencies-4.0.2-SNAPSHOT-sources.jar
[INFO] Installing /app/org.moreunit.test.dependencies/target/p2content.xml to /home/jules/.m2/repository/org/moreunit/plugins/org.moreunit.test.dependencies/4.0.2-SNAPSHOT/org.moreunit.test.dependencies-4.0.2-SNAPSHOT-p2metadata.xml
[INFO] Installing /app/org.moreunit.test.dependencies/target/p2artifacts.xml to /home/jules/.m2/repository/org/moreunit/plugins/org.moreunit.test.dependencies/4.0.2-SNAPSHOT/org.moreunit.test.dependencies-4.0.2-SNAPSHOT-p2artifacts.xml
[INFO]
[INFO] --- tycho-p2-plugin:5.0.2:update-local-index (default-update-local-index) @ org.moreunit.test.dependencies ---
[INFO]
[INFO] ----------------< org.moreunit:org.moreunit.core.test >-----------------
[INFO] Building org.moreunit.core.test 4.0.2-SNAPSHOT                    [5/15]
[INFO]   from /app/org.moreunit.core.test/pom.xml
[INFO] ------------------------[ eclipse-test-plugin ]-------------------------
[INFO]
[INFO] --- tycho-packaging:5.0.2:build-qualifier (default-build-qualifier) @ org.moreunit.core.test ---
[INFO] The project's OSGi version is 4.0.2.202605200034
[INFO]
[INFO] --- tycho-packaging:5.0.2:validate-id (default-validate-id) @ org.moreunit.core.test ---
[INFO]
[INFO] --- tycho-packaging:5.0.2:validate-version (default-validate-version) @ org.moreunit.core.test ---
[INFO]
[INFO] --- target-platform-configuration:5.0.2:target-platform (default-target-platform) @ org.moreunit.core.test ---
[INFO]
[INFO] --- tycho-compiler:5.0.2:validate-classpath (default-validate-classpath) @ org.moreunit.core.test ---
[INFO] Resolving class path of org.moreunit.core.test
[INFO]
[INFO] --- antrun:3.2.0:run (avoid-equinox-exception) @ org.moreunit.core.test ---
[INFO] Executing tasks
[INFO] Executed tasks
[INFO]
[INFO] --- resources:3.3.1:resources (default-resources) @ org.moreunit.core.test ---
[INFO] skip non existing resourceDirectory /app/org.moreunit.core.test/src/main/resources
[INFO]
[INFO] --- tycho-compiler:5.0.2:compile (default-compile) @ org.moreunit.core.test ---
[INFO] Compiling 49 source files to /app/org.moreunit.core.test/target/classes using Eclipse Compiler for Java(TM) 3.44.0.v20251118-1623
[INFO]
[INFO] --- tycho-ds:5.0.2:declarative-services (default-declarative-services) @ org.moreunit.core.test ---
[INFO]
[INFO] --- resources:3.3.1:testResources (default-testResources) @ org.moreunit.core.test ---
[INFO] skip non existing resourceDirectory /app/org.moreunit.core.test/src/test/resources
[INFO]
[INFO] --- tycho-source:5.0.2:plugin-source (plugin-source) @ org.moreunit.core.test ---
[INFO] Building jar: /app/org.moreunit.core.test/target/org.moreunit.core.test-4.0.2-SNAPSHOT-sources.jar
[INFO]
[INFO] --- tycho-packaging:5.0.2:package-plugin (default-package-plugin) @ org.moreunit.core.test ---
[INFO] Building jar: /app/org.moreunit.core.test/target/org.moreunit.core.test-4.0.2-SNAPSHOT.jar
[INFO]
[INFO] --- tycho-p2-plugin:5.0.2:p2-metadata-default (default-p2-metadata-default) @ org.moreunit.core.test ---
[INFO]
[INFO] --- tycho-surefire:5.0.2:test (default-test) @ org.moreunit.core.test ---
[INFO] Skipping tests
[INFO]
[INFO] --- install:3.1.1:install (default-install) @ org.moreunit.core.test ---
[INFO] Installing /app/org.moreunit.core.test/pom.xml to /home/jules/.m2/repository/org/moreunit/org.moreunit.core.test/4.0.2-SNAPSHOT/org.moreunit.core.test-4.0.2-SNAPSHOT.pom
[INFO] Installing /app/org.moreunit.core.test/target/org.moreunit.core.test-4.0.2-SNAPSHOT.jar to /home/jules/.m2/repository/org/moreunit/org.moreunit.core.test/4.0.2-SNAPSHOT/org.moreunit.core.test-4.0.2-SNAPSHOT.jar
[INFO] Installing /app/org.moreunit.core.test/target/org.moreunit.core.test-4.0.2-SNAPSHOT-sources.jar to /home/jules/.m2/repository/org/moreunit/org.moreunit.core.test/4.0.2-SNAPSHOT/org.moreunit.core.test-4.0.2-SNAPSHOT-sources.jar
[INFO] Installing /app/org.moreunit.core.test/target/p2content.xml to /home/jules/.m2/repository/org/moreunit/org.moreunit.core.test/4.0.2-SNAPSHOT/org.moreunit.core.test-4.0.2-SNAPSHOT-p2metadata.xml
[INFO] Installing /app/org.moreunit.core.test/target/p2artifacts.xml to /home/jules/.m2/repository/org/moreunit/org.moreunit.core.test/4.0.2-SNAPSHOT/org.moreunit.core.test-4.0.2-SNAPSHOT-p2artifacts.xml
[INFO]
[INFO] --- tycho-p2-plugin:5.0.2:update-local-index (default-update-local-index) @ org.moreunit.core.test ---
[INFO]
[INFO] --------------< org.moreunit:org.moreunit.light.feature >---------------
[INFO] Building org.moreunit.light.feature 4.0.2-SNAPSHOT                [6/15]
[INFO]   from /app/org.moreunit.light.feature/pom.xml
[INFO] --------------------------[ eclipse-feature ]---------------------------
[INFO] Resolving dependencies of MavenProject: org.moreunit:org.moreunit.light.feature:4.0.2-SNAPSHOT @ /app/org.moreunit.light.feature/pom.xml
[INFO]
[INFO] --- tycho-packaging:5.0.2:build-qualifier-aggregator (default-build-qualifier-aggregator) @ org.moreunit.light.feature ---
[INFO] The project's OSGi version is 4.0.2.202605200034
[INFO]
[INFO] --- tycho-packaging:5.0.2:validate-id (default-validate-id) @ org.moreunit.light.feature ---
[INFO]
[INFO] --- tycho-packaging:5.0.2:validate-version (default-validate-version) @ org.moreunit.light.feature ---
[INFO]
[INFO] --- target-platform-configuration:5.0.2:target-platform (default-target-platform) @ org.moreunit.light.feature ---
[INFO]
[INFO] --- antrun:3.2.0:run (avoid-equinox-exception) @ org.moreunit.light.feature ---
[INFO] Executing tasks
[INFO] Executed tasks
[INFO]
[INFO] --- resources:3.3.1:resources (default-resources) @ org.moreunit.light.feature ---
[INFO] skip non existing resourceDirectory /app/org.moreunit.light.feature/src/main/resources
[INFO]
[INFO] --- tycho-source:5.0.2:plugin-source (plugin-source) @ org.moreunit.light.feature ---
[INFO]
[INFO] --- tycho-packaging:5.0.2:package-feature (default-package-feature) @ org.moreunit.light.feature ---
[INFO] Building jar: /app/org.moreunit.light.feature/target/org.moreunit.light.feature-4.0.2-SNAPSHOT.jar
[INFO]
[INFO] --- tycho-p2-plugin:5.0.2:p2-metadata-default (default-p2-metadata-default) @ org.moreunit.light.feature ---
[INFO]
[INFO] --- tycho-p2-plugin:5.0.2:feature-p2-metadata (default-feature-p2-metadata) @ org.moreunit.light.feature ---
[INFO]
[INFO] --- install:3.1.1:install (default-install) @ org.moreunit.light.feature ---
[INFO] Installing /app/org.moreunit.light.feature/pom.xml to /home/jules/.m2/repository/org/moreunit/org.moreunit.light.feature/4.0.2-SNAPSHOT/org.moreunit.light.feature-4.0.2-SNAPSHOT.pom
[INFO] Installing /app/org.moreunit.light.feature/target/org.moreunit.light.feature-4.0.2-SNAPSHOT.jar to /home/jules/.m2/repository/org/moreunit/org.moreunit.light.feature/4.0.2-SNAPSHOT/org.moreunit.light.feature-4.0.2-SNAPSHOT.jar
[INFO] Installing /app/org.moreunit.light.feature/target/p2content.xml to /home/jules/.m2/repository/org/moreunit/org.moreunit.light.feature/4.0.2-SNAPSHOT/org.moreunit.light.feature-4.0.2-SNAPSHOT-p2metadata.xml
[INFO] Installing /app/org.moreunit.light.feature/target/p2artifacts.xml to /home/jules/.m2/repository/org/moreunit/org.moreunit.light.feature/4.0.2-SNAPSHOT/org.moreunit.light.feature-4.0.2-SNAPSHOT-p2artifacts.xml
[INFO]
[INFO] --- tycho-p2-plugin:5.0.2:update-local-index (default-update-local-index) @ org.moreunit.light.feature ---
[INFO]
[INFO] ---------------< org.moreunit.plugins:org.moreunit.test >---------------
[INFO] Building org.moreunit.test 4.0.2-SNAPSHOT                         [7/15]
[INFO]   from /app/org.moreunit.test/pom.xml
[INFO] ------------------------[ eclipse-test-plugin ]-------------------------
[INFO]
[INFO] --- tycho-packaging:5.0.2:build-qualifier (default-build-qualifier) @ org.moreunit.test ---
[INFO] The project's OSGi version is 4.0.2.202605200034
[INFO]
[INFO] --- tycho-packaging:5.0.2:validate-id (default-validate-id) @ org.moreunit.test ---
[INFO]
[INFO] --- tycho-packaging:5.0.2:validate-version (default-validate-version) @ org.moreunit.test ---
[INFO]
[INFO] --- target-platform-configuration:5.0.2:target-platform (default-target-platform) @ org.moreunit.test ---
[INFO]
[INFO] --- tycho-compiler:5.0.2:validate-classpath (default-validate-classpath) @ org.moreunit.test ---
[INFO] Resolving class path of org.moreunit.test
[INFO]
[INFO] --- antrun:3.2.0:run (avoid-equinox-exception) @ org.moreunit.test ---
[INFO] Executing tasks
[INFO] Executed tasks
[INFO]
[INFO] --- resources:3.3.1:resources (default-resources) @ org.moreunit.test ---
[INFO] skip non existing resourceDirectory /app/org.moreunit.test/src/main/resources
[INFO]
[INFO] --- tycho-compiler:5.0.2:compile (default-compile) @ org.moreunit.test ---
[INFO] Compiling 36 source files to /app/org.moreunit.test/target/classes using Eclipse Compiler for Java(TM) 3.44.0.v20251118-1623
[INFO]
[INFO] --- tycho-ds:5.0.2:declarative-services (default-declarative-services) @ org.moreunit.test ---
[INFO]
[INFO] --- resources:3.3.1:testResources (default-testResources) @ org.moreunit.test ---
[INFO] skip non existing resourceDirectory /app/org.moreunit.test/src/test/resources
[INFO]
[INFO] --- tycho-source:5.0.2:plugin-source (plugin-source) @ org.moreunit.test ---
[INFO] Building jar: /app/org.moreunit.test/target/org.moreunit.test-4.0.2-SNAPSHOT-sources.jar
[INFO]
[INFO] --- tycho-packaging:5.0.2:package-plugin (default-package-plugin) @ org.moreunit.test ---
[INFO] Building jar: /app/org.moreunit.test/target/org.moreunit.test-4.0.2-SNAPSHOT.jar
[INFO]
[INFO] --- tycho-p2-plugin:5.0.2:p2-metadata-default (default-p2-metadata-default) @ org.moreunit.test ---
[INFO]
[INFO] --- tycho-surefire:5.0.2:test (default-test) @ org.moreunit.test ---
[INFO] Skipping tests
[INFO]
[INFO] --- install:3.1.1:install (default-install) @ org.moreunit.test ---
[INFO] Installing /app/org.moreunit.test/pom.xml to /home/jules/.m2/repository/org/moreunit/plugins/org.moreunit.test/4.0.2-SNAPSHOT/org.moreunit.test-4.0.2-SNAPSHOT.pom
[INFO] Installing /app/org.moreunit.test/target/org.moreunit.test-4.0.2-SNAPSHOT.jar to /home/jules/.m2/repository/org/moreunit/plugins/org.moreunit.test/4.0.2-SNAPSHOT/org.moreunit.test-4.0.2-SNAPSHOT.jar
[INFO] Installing /app/org.moreunit.test/target/org.moreunit.test-4.0.2-SNAPSHOT-sources.jar to /home/jules/.m2/repository/org/moreunit/plugins/org.moreunit.test/4.0.2-SNAPSHOT/org.moreunit.test-4.0.2-SNAPSHOT-sources.jar
[INFO] Installing /app/org.moreunit.test/target/p2content.xml to /home/jules/.m2/repository/org/moreunit/plugins/org.moreunit.test/4.0.2-SNAPSHOT/org.moreunit.test-4.0.2-SNAPSHOT-p2metadata.xml
[INFO] Installing /app/org.moreunit.test/target/p2artifacts.xml to /home/jules/.m2/repository/org/moreunit/plugins/org.moreunit.test/4.0.2-SNAPSHOT/org.moreunit.test-4.0.2-SNAPSHOT-p2artifacts.xml
[INFO]
[INFO] --- tycho-p2-plugin:5.0.2:update-local-index (default-update-local-index) @ org.moreunit.test ---
[INFO]
[INFO] -----------------< org.moreunit:org.moreunit.feature >------------------
[INFO] Building org.moreunit.feature 4.0.2-SNAPSHOT                      [8/15]
[INFO]   from /app/org.moreunit.feature/pom.xml
[INFO] --------------------------[ eclipse-feature ]---------------------------
[INFO] Resolving dependencies of MavenProject: org.moreunit:org.moreunit.feature:4.0.2-SNAPSHOT @ /app/org.moreunit.feature/pom.xml
[INFO]
[INFO] --- tycho-packaging:5.0.2:build-qualifier-aggregator (default-build-qualifier-aggregator) @ org.moreunit.feature ---
[INFO] The project's OSGi version is 4.0.2.202605200034
[INFO]
[INFO] --- tycho-packaging:5.0.2:validate-id (default-validate-id) @ org.moreunit.feature ---
[INFO]
[INFO] --- tycho-packaging:5.0.2:validate-version (default-validate-version) @ org.moreunit.feature ---
[INFO]
[INFO] --- target-platform-configuration:5.0.2:target-platform (default-target-platform) @ org.moreunit.feature ---
[INFO]
[INFO] --- antrun:3.2.0:run (avoid-equinox-exception) @ org.moreunit.feature ---
[INFO] Executing tasks
[INFO] Executed tasks
[INFO]
[INFO] --- resources:3.3.1:resources (default-resources) @ org.moreunit.feature ---
[INFO] skip non existing resourceDirectory /app/org.moreunit.feature/src/main/resources
[INFO]
[INFO] --- tycho-source:5.0.2:plugin-source (plugin-source) @ org.moreunit.feature ---
[INFO]
[INFO] --- tycho-packaging:5.0.2:package-feature (default-package-feature) @ org.moreunit.feature ---
[INFO] Building jar: /app/org.moreunit.feature/target/org.moreunit.feature-4.0.2-SNAPSHOT.jar
[INFO]
[INFO] --- tycho-p2-plugin:5.0.2:p2-metadata-default (default-p2-metadata-default) @ org.moreunit.feature ---
[INFO]
[INFO] --- tycho-p2-plugin:5.0.2:feature-p2-metadata (default-feature-p2-metadata) @ org.moreunit.feature ---
[INFO]
[INFO] --- install:3.1.1:install (default-install) @ org.moreunit.feature ---
[INFO] Installing /app/org.moreunit.feature/pom.xml to /home/jules/.m2/repository/org/moreunit/org.moreunit.feature/4.0.2-SNAPSHOT/org.moreunit.feature-4.0.2-SNAPSHOT.pom
[INFO] Installing /app/org.moreunit.feature/target/org.moreunit.feature-4.0.2-SNAPSHOT.jar to /home/jules/.m2/repository/org/moreunit/org.moreunit.feature/4.0.2-SNAPSHOT/org.moreunit.feature-4.0.2-SNAPSHOT.jar
[INFO] Installing /app/org.moreunit.feature/target/p2content.xml to /home/jules/.m2/repository/org/moreunit/org.moreunit.feature/4.0.2-SNAPSHOT/org.moreunit.feature-4.0.2-SNAPSHOT-p2metadata.xml
[INFO] Installing /app/org.moreunit.feature/target/p2artifacts.xml to /home/jules/.m2/repository/org/moreunit/org.moreunit.feature/4.0.2-SNAPSHOT/org.moreunit.feature-4.0.2-SNAPSHOT-p2artifacts.xml
[INFO]
[INFO] --- tycho-p2-plugin:5.0.2:update-local-index (default-update-local-index) @ org.moreunit.feature ---
[INFO]
[INFO] ---------------< org.moreunit.plugins:org.moreunit.mock >---------------
[INFO] Building org.moreunit.mock 4.0.2-SNAPSHOT                         [9/15]
[INFO]   from /app/org.moreunit.mock/pom.xml
[INFO] ---------------------------[ eclipse-plugin ]---------------------------
[INFO]
[INFO] --- tycho-packaging:5.0.2:build-qualifier (default-build-qualifier) @ org.moreunit.mock ---
[INFO] The project's OSGi version is 4.0.2.202605200034
[INFO]
[INFO] --- tycho-packaging:5.0.2:validate-id (default-validate-id) @ org.moreunit.mock ---
[INFO]
[INFO] --- tycho-packaging:5.0.2:validate-version (default-validate-version) @ org.moreunit.mock ---
[INFO]
[INFO] --- target-platform-configuration:5.0.2:target-platform (default-target-platform) @ org.moreunit.mock ---
[INFO]
[INFO] --- tycho-compiler:5.0.2:validate-classpath (default-validate-classpath) @ org.moreunit.mock ---
[INFO] Resolving class path of org.moreunit.mock
[INFO]
[INFO] --- antrun:3.2.0:run (avoid-equinox-exception) @ org.moreunit.mock ---
[INFO] Executing tasks
[INFO] Executed tasks
[INFO]
[INFO] --- resources:3.3.1:resources (default-resources) @ org.moreunit.mock ---
[INFO] skip non existing resourceDirectory /app/org.moreunit.mock/src/main/resources
[INFO]
[INFO] --- tycho-compiler:5.0.2:compile (default-compile) @ org.moreunit.mock ---
[INFO] Compiling 70 source files to /app/org.moreunit.mock/target/classes using Eclipse Compiler for Java(TM) 3.44.0.v20251118-1623
[INFO]
[INFO] --- tycho-bnd:5.0.2:process (default-process) @ org.moreunit.mock ---
[INFO]
[INFO] --- tycho-ds:5.0.2:declarative-services (default-declarative-services) @ org.moreunit.mock ---
[INFO]
[INFO] --- resources:3.3.1:testResources (default-testResources) @ org.moreunit.mock ---
[INFO] skip non existing resourceDirectory /app/org.moreunit.mock/src/test/resources
[INFO]
[INFO] --- tycho-compiler:5.0.2:testCompile (default-testCompile) @ org.moreunit.mock ---
[INFO]
[INFO] --- tycho-source:5.0.2:plugin-source (plugin-source) @ org.moreunit.mock ---
[INFO] Building jar: /app/org.moreunit.mock/target/org.moreunit.mock-4.0.2-SNAPSHOT-sources.jar
[INFO]
[INFO] --- tycho-packaging:5.0.2:package-plugin (default-package-plugin) @ org.moreunit.mock ---
[INFO] Building jar: /app/org.moreunit.mock/target/org.moreunit.mock-4.0.2-SNAPSHOT.jar
[INFO]
[INFO] --- tycho-p2-plugin:5.0.2:p2-metadata-default (default-p2-metadata-default) @ org.moreunit.mock ---
[INFO]
[INFO] --- install:3.1.1:install (default-install) @ org.moreunit.mock ---
[INFO] Installing /app/org.moreunit.mock/pom.xml to /home/jules/.m2/repository/org/moreunit/plugins/org.moreunit.mock/4.0.2-SNAPSHOT/org.moreunit.mock-4.0.2-SNAPSHOT.pom
[INFO] Installing /app/org.moreunit.mock/target/org.moreunit.mock-4.0.2-SNAPSHOT.jar to /home/jules/.m2/repository/org/moreunit/plugins/org.moreunit.mock/4.0.2-SNAPSHOT/org.moreunit.mock-4.0.2-SNAPSHOT.jar
[INFO] Installing /app/org.moreunit.mock/target/org.moreunit.mock-4.0.2-SNAPSHOT-sources.jar to /home/jules/.m2/repository/org/moreunit/plugins/org.moreunit.mock/4.0.2-SNAPSHOT/org.moreunit.mock-4.0.2-SNAPSHOT-sources.jar
[INFO] Installing /app/org.moreunit.mock/target/p2content.xml to /home/jules/.m2/repository/org/moreunit/plugins/org.moreunit.mock/4.0.2-SNAPSHOT/org.moreunit.mock-4.0.2-SNAPSHOT-p2metadata.xml
[INFO] Installing /app/org.moreunit.mock/target/p2artifacts.xml to /home/jules/.m2/repository/org/moreunit/plugins/org.moreunit.mock/4.0.2-SNAPSHOT/org.moreunit.mock-4.0.2-SNAPSHOT-p2artifacts.xml
[INFO]
[INFO] --- tycho-p2-plugin:5.0.2:update-local-index (default-update-local-index) @ org.moreunit.mock ---
[INFO]
[INFO] ------------< org.moreunit.plugins:org.moreunit.mock.test >-------------
[INFO] Building org.moreunit.mock.test 4.0.2-SNAPSHOT                   [10/15]
[INFO]   from /app/org.moreunit.mock.test/pom.xml
[INFO] ------------------------[ eclipse-test-plugin ]-------------------------
[INFO] Downloading from p2: https://download.eclipse.org/tools/orbit/downloads/drops/R20230531010532/repository/plugins/org.glassfish.hk2.osgi-resource-locator_2.5.0.v20161103-1916.jar
[INFO] Downloaded from p2: https://download.eclipse.org/tools/orbit/downloads/drops/R20230531010532/repository/plugins/org.glassfish.hk2.osgi-resource-locator_2.5.0.v20161103-1916.jar (33 KB at 83 KB/s)
[INFO]
[INFO] --- tycho-packaging:5.0.2:build-qualifier (default-build-qualifier) @ org.moreunit.mock.test ---
[INFO] The project's OSGi version is 4.0.2.202605200034
[INFO]
[INFO] --- tycho-packaging:5.0.2:validate-id (default-validate-id) @ org.moreunit.mock.test ---
[INFO]
[INFO] --- tycho-packaging:5.0.2:validate-version (default-validate-version) @ org.moreunit.mock.test ---
[INFO]
[INFO] --- target-platform-configuration:5.0.2:target-platform (default-target-platform) @ org.moreunit.mock.test ---
[INFO]
[INFO] --- tycho-compiler:5.0.2:validate-classpath (default-validate-classpath) @ org.moreunit.mock.test ---
[INFO] Resolving class path of org.moreunit.mock.test
[INFO]
[INFO] --- antrun:3.2.0:run (avoid-equinox-exception) @ org.moreunit.mock.test ---
[INFO] Executing tasks
[INFO] Executed tasks
[INFO]
[INFO] --- resources:3.3.1:resources (default-resources) @ org.moreunit.mock.test ---
[INFO] skip non existing resourceDirectory /app/org.moreunit.mock.test/src/main/resources
[INFO]
[INFO] --- tycho-compiler:5.0.2:compile (default-compile) @ org.moreunit.mock.test ---
[INFO] Compiling 23 source files to /app/org.moreunit.mock.test/target/classes using Eclipse Compiler for Java(TM) 3.44.0.v20251118-1623
[INFO]
[INFO] --- tycho-ds:5.0.2:declarative-services (default-declarative-services) @ org.moreunit.mock.test ---
[INFO]
[INFO] --- resources:3.3.1:testResources (default-testResources) @ org.moreunit.mock.test ---
[INFO] skip non existing resourceDirectory /app/org.moreunit.mock.test/src/test/resources
[INFO]
[INFO] --- tycho-source:5.0.2:plugin-source (plugin-source) @ org.moreunit.mock.test ---
[INFO] Building jar: /app/org.moreunit.mock.test/target/org.moreunit.mock.test-4.0.2-SNAPSHOT-sources.jar
[INFO]
[INFO] --- tycho-packaging:5.0.2:package-plugin (default-package-plugin) @ org.moreunit.mock.test ---
[INFO] Building jar: /app/org.moreunit.mock.test/target/org.moreunit.mock.test-4.0.2-SNAPSHOT.jar
[INFO]
[INFO] --- tycho-p2-plugin:5.0.2:p2-metadata-default (default-p2-metadata-default) @ org.moreunit.mock.test ---
[INFO]
[INFO] --- tycho-surefire:5.0.2:test (default-test) @ org.moreunit.mock.test ---
[INFO] Skipping tests
[INFO]
[INFO] --- install:3.1.1:install (default-install) @ org.moreunit.mock.test ---
[INFO] Installing /app/org.moreunit.mock.test/pom.xml to /home/jules/.m2/repository/org/moreunit/plugins/org.moreunit.mock.test/4.0.2-SNAPSHOT/org.moreunit.mock.test-4.0.2-SNAPSHOT.pom
[INFO] Installing /app/org.moreunit.mock.test/target/org.moreunit.mock.test-4.0.2-SNAPSHOT.jar to /home/jules/.m2/repository/org/moreunit/plugins/org.moreunit.mock.test/4.0.2-SNAPSHOT/org.moreunit.mock.test-4.0.2-SNAPSHOT.jar
[INFO] Installing /app/org.moreunit.mock.test/target/org.moreunit.mock.test-4.0.2-SNAPSHOT-sources.jar to /home/jules/.m2/repository/org/moreunit/plugins/org.moreunit.mock.test/4.0.2-SNAPSHOT/org.moreunit.mock.test-4.0.2-SNAPSHOT-sources.jar
[INFO] Installing /app/org.moreunit.mock.test/target/p2content.xml to /home/jules/.m2/repository/org/moreunit/plugins/org.moreunit.mock.test/4.0.2-SNAPSHOT/org.moreunit.mock.test-4.0.2-SNAPSHOT-p2metadata.xml
[INFO] Installing /app/org.moreunit.mock.test/target/p2artifacts.xml to /home/jules/.m2/repository/org/moreunit/plugins/org.moreunit.mock.test/4.0.2-SNAPSHOT/org.moreunit.mock.test-4.0.2-SNAPSHOT-p2artifacts.xml
[INFO]
[INFO] --- tycho-p2-plugin:5.0.2:update-local-index (default-update-local-index) @ org.moreunit.mock.test ---
[INFO]
[INFO] -------------< org.moreunit.plugins:org.moreunit.mock.it >--------------
[INFO] Building org.moreunit.mock.it 4.0.2-SNAPSHOT                     [11/15]
[INFO]   from /app/org.moreunit.mock.it/pom.xml
[INFO] ------------------------[ eclipse-test-plugin ]-------------------------
[INFO]
[INFO] --- tycho-packaging:5.0.2:build-qualifier (default-build-qualifier) @ org.moreunit.mock.it ---
[INFO] The project's OSGi version is 4.0.2.202605200034
[INFO]
[INFO] --- tycho-packaging:5.0.2:validate-id (default-validate-id) @ org.moreunit.mock.it ---
[INFO]
[INFO] --- tycho-packaging:5.0.2:validate-version (default-validate-version) @ org.moreunit.mock.it ---
[INFO]
[INFO] --- target-platform-configuration:5.0.2:target-platform (default-target-platform) @ org.moreunit.mock.it ---
[INFO]
[INFO] --- tycho-compiler:5.0.2:validate-classpath (default-validate-classpath) @ org.moreunit.mock.it ---
[INFO] Resolving class path of org.moreunit.mock.it
[INFO]
[INFO] --- antrun:3.2.0:run (avoid-equinox-exception) @ org.moreunit.mock.it ---
[INFO] Executing tasks
[INFO] Executed tasks
[INFO]
[INFO] --- resources:3.3.1:resources (default-resources) @ org.moreunit.mock.it ---
[INFO] skip non existing resourceDirectory /app/org.moreunit.mock.it/src/main/resources
[INFO]
[INFO] --- tycho-compiler:5.0.2:compile (default-compile) @ org.moreunit.mock.it ---
[INFO] Compiling 20 source files to /app/org.moreunit.mock.it/target/classes using Eclipse Compiler for Java(TM) 3.44.0.v20251118-1623
[INFO]
[INFO] --- tycho-ds:5.0.2:declarative-services (default-declarative-services) @ org.moreunit.mock.it ---
[INFO]
[INFO] --- resources:3.3.1:testResources (default-testResources) @ org.moreunit.mock.it ---
[INFO] skip non existing resourceDirectory /app/org.moreunit.mock.it/src/test/resources
[INFO]
[INFO] --- tycho-source:5.0.2:plugin-source (plugin-source) @ org.moreunit.mock.it ---
[INFO] Building jar: /app/org.moreunit.mock.it/target/org.moreunit.mock.it-4.0.2-SNAPSHOT-sources.jar
[INFO]
[INFO] --- tycho-packaging:5.0.2:package-plugin (default-package-plugin) @ org.moreunit.mock.it ---
[INFO] Building jar: /app/org.moreunit.mock.it/target/org.moreunit.mock.it-4.0.2-SNAPSHOT.jar
[INFO]
[INFO] --- tycho-p2-plugin:5.0.2:p2-metadata-default (default-p2-metadata-default) @ org.moreunit.mock.it ---
[INFO]
[INFO] --- tycho-surefire:5.0.2:test (default-test) @ org.moreunit.mock.it ---
[INFO] Skipping tests
[INFO]
[INFO] --- install:3.1.1:install (default-install) @ org.moreunit.mock.it ---
[INFO] Installing /app/org.moreunit.mock.it/pom.xml to /home/jules/.m2/repository/org/moreunit/plugins/org.moreunit.mock.it/4.0.2-SNAPSHOT/org.moreunit.mock.it-4.0.2-SNAPSHOT.pom
[INFO] Installing /app/org.moreunit.mock.it/target/org.moreunit.mock.it-4.0.2-SNAPSHOT.jar to /home/jules/.m2/repository/org/moreunit/plugins/org.moreunit.mock.it/4.0.2-SNAPSHOT/org.moreunit.mock.it-4.0.2-SNAPSHOT.jar
[INFO] Installing /app/org.moreunit.mock.it/target/org.moreunit.mock.it-4.0.2-SNAPSHOT-sources.jar to /home/jules/.m2/repository/org/moreunit/plugins/org.moreunit.mock.it/4.0.2-SNAPSHOT/org.moreunit.mock.it-4.0.2-SNAPSHOT-sources.jar
[INFO] Installing /app/org.moreunit.mock.it/target/p2content.xml to /home/jules/.m2/repository/org/moreunit/plugins/org.moreunit.mock.it/4.0.2-SNAPSHOT/org.moreunit.mock.it-4.0.2-SNAPSHOT-p2metadata.xml
[INFO] Installing /app/org.moreunit.mock.it/target/p2artifacts.xml to /home/jules/.m2/repository/org/moreunit/plugins/org.moreunit.mock.it/4.0.2-SNAPSHOT/org.moreunit.mock.it-4.0.2-SNAPSHOT-p2artifacts.xml
[INFO]
[INFO] --- tycho-p2-plugin:5.0.2:update-local-index (default-update-local-index) @ org.moreunit.mock.it ---
[INFO]
[INFO] ---------------< org.moreunit:org.moreunit.mock.feature >---------------
[INFO] Building org.moreunit.mock.feature 4.0.2-SNAPSHOT                [12/15]
[INFO]   from /app/org.moreunit.mock.feature/pom.xml
[INFO] --------------------------[ eclipse-feature ]---------------------------
[INFO] Resolving dependencies of MavenProject: org.moreunit:org.moreunit.mock.feature:4.0.2-SNAPSHOT @ /app/org.moreunit.mock.feature/pom.xml
[INFO]
[INFO] --- tycho-packaging:5.0.2:build-qualifier-aggregator (default-build-qualifier-aggregator) @ org.moreunit.mock.feature ---
[INFO] The project's OSGi version is 4.0.2.202605200034
[INFO]
[INFO] --- tycho-packaging:5.0.2:validate-id (default-validate-id) @ org.moreunit.mock.feature ---
[INFO]
[INFO] --- tycho-packaging:5.0.2:validate-version (default-validate-version) @ org.moreunit.mock.feature ---
[INFO]
[INFO] --- target-platform-configuration:5.0.2:target-platform (default-target-platform) @ org.moreunit.mock.feature ---
[INFO]
[INFO] --- antrun:3.2.0:run (avoid-equinox-exception) @ org.moreunit.mock.feature ---
[INFO] Executing tasks
[INFO] Executed tasks
[INFO]
[INFO] --- resources:3.3.1:resources (default-resources) @ org.moreunit.mock.feature ---
[INFO] skip non existing resourceDirectory /app/org.moreunit.mock.feature/src/main/resources
[INFO]
[INFO] --- tycho-source:5.0.2:plugin-source (plugin-source) @ org.moreunit.mock.feature ---
[INFO]
[INFO] --- tycho-packaging:5.0.2:package-feature (default-package-feature) @ org.moreunit.mock.feature ---
[INFO] Building jar: /app/org.moreunit.mock.feature/target/org.moreunit.mock.feature-4.0.2-SNAPSHOT.jar
[INFO]
[INFO] --- tycho-p2-plugin:5.0.2:p2-metadata-default (default-p2-metadata-default) @ org.moreunit.mock.feature ---
[INFO]
[INFO] --- tycho-p2-plugin:5.0.2:feature-p2-metadata (default-feature-p2-metadata) @ org.moreunit.mock.feature ---
[INFO]
[INFO] --- install:3.1.1:install (default-install) @ org.moreunit.mock.feature ---
[INFO] Installing /app/org.moreunit.mock.feature/pom.xml to /home/jules/.m2/repository/org/moreunit/org.moreunit.mock.feature/4.0.2-SNAPSHOT/org.moreunit.mock.feature-4.0.2-SNAPSHOT.pom
[INFO] Installing /app/org.moreunit.mock.feature/target/org.moreunit.mock.feature-4.0.2-SNAPSHOT.jar to /home/jules/.m2/repository/org/moreunit/org.moreunit.mock.feature/4.0.2-SNAPSHOT/org.moreunit.mock.feature-4.0.2-SNAPSHOT.jar
[INFO] Installing /app/org.moreunit.mock.feature/target/p2content.xml to /home/jules/.m2/repository/org/moreunit/org.moreunit.mock.feature/4.0.2-SNAPSHOT/org.moreunit.mock.feature-4.0.2-SNAPSHOT-p2metadata.xml
[INFO] Installing /app/org.moreunit.mock.feature/target/p2artifacts.xml to /home/jules/.m2/repository/org/moreunit/org.moreunit.mock.feature/4.0.2-SNAPSHOT/org.moreunit.mock.feature-4.0.2-SNAPSHOT-p2artifacts.xml
[INFO]
[INFO] --- tycho-p2-plugin:5.0.2:update-local-index (default-update-local-index) @ org.moreunit.mock.feature ---
[INFO]
[INFO] -----------< org.moreunit.plugins:org.moreunit.swtbot.test >------------
[INFO] Building org.moreunit.swtbot.test 4.0.2-SNAPSHOT                 [13/15]
[INFO]   from /app/org.moreunit.swtbot.test/pom.xml
[INFO] ------------------------[ eclipse-test-plugin ]-------------------------
[INFO] Downloading from p2: https://mirrors.xmission.com/eclipse/eclipse/updates/4.39/R-4.39-202602260420/plugins/org.eclipse.pde.junit.runtime_3.8.300.v20251120-2029.jar
[INFO] Downloaded from p2: https://mirrors.xmission.com/eclipse/eclipse/updates/4.39/R-4.39-202602260420/plugins/org.eclipse.pde.junit.runtime_3.8.300.v20251120-2029.jar (34 KB at 306 KB/s)
[INFO] Downloading from p2: https://eclipse.mirror.rafal.ca/eclipse/updates/4.39/R-4.39-202602260420/plugins/org.eclipse.platform_4.39.0.v20260226-0420.jar
[INFO] Downloaded from p2: https://eclipse.mirror.rafal.ca/eclipse/updates/4.39/R-4.39-202602260420/plugins/org.eclipse.platform_4.39.0.v20260226-0420.jar (601 KB at 1 MB/s)
[INFO] Downloading from p2: https://mirrors.xmission.com/eclipse/eclipse/updates/4.39/R-4.39-202602260420/plugins/org.eclipse.ui.intro_3.8.0.v20251219-1227.jar
[INFO] Downloaded from p2: https://mirrors.xmission.com/eclipse/eclipse/updates/4.39/R-4.39-202602260420/plugins/org.eclipse.ui.intro_3.8.0.v20251219-1227.jar (396 KB at 2 MB/s)
[INFO] Downloading from p2: https://download.eclipse.org/technology/swtbot/releases/latest/plugins/org.eclipse.swtbot.eclipse.core_4.3.0.202506021445.jar
[INFO] Downloaded from p2: https://download.eclipse.org/technology/swtbot/releases/latest/plugins/org.eclipse.swtbot.eclipse.core_4.3.0.202506021445.jar (40 KB at 159 KB/s)
[INFO] Downloading from p2: https://download.eclipse.org/technology/swtbot/releases/latest/plugins/org.eclipse.swtbot.eclipse.finder_4.3.0.202506021445.jar
[INFO] Downloaded from p2: https://download.eclipse.org/technology/swtbot/releases/latest/plugins/org.eclipse.swtbot.eclipse.finder_4.3.0.202506021445.jar (143 KB at 267 KB/s)
[INFO] Downloading from p2: https://download.eclipse.org/technology/swtbot/releases/latest/plugins/org.eclipse.swtbot.swt.finder_4.3.0.202506021445.jar
[INFO] Downloaded from p2: https://download.eclipse.org/technology/swtbot/releases/latest/plugins/org.eclipse.swtbot.swt.finder_4.3.0.202506021445.jar (826 KB at 394 KB/s)
[INFO] Downloading from p2: https://download.eclipse.org/tools/orbit/simrel/orbit-aggregation/release/4.36.0/plugins/org.hamcrest.core_2.2.0.v20230809-1000.jar
[INFO] Downloaded from p2: https://download.eclipse.org/tools/orbit/simrel/orbit-aggregation/release/4.36.0/plugins/org.hamcrest.core_2.2.0.v20230809-1000.jar (9 KB at 114 KB/s)
[INFO] Downloading from p2: https://download.eclipse.org/tools/orbit/simrel/orbit-aggregation/release/4.36.0/plugins/org.hamcrest.library_2.2.0.v20230809-1000.jar
[INFO] Downloaded from p2: https://download.eclipse.org/tools/orbit/simrel/orbit-aggregation/release/4.36.0/plugins/org.hamcrest.library_2.2.0.v20230809-1000.jar (9 KB at 141 KB/s)
[INFO] Downloading from p2: https://download.eclipse.org/technology/swtbot/releases/latest/plugins/org.eclipse.swtbot.go_4.3.0.202506021445.jar
[INFO] Downloaded from p2: https://download.eclipse.org/technology/swtbot/releases/latest/plugins/org.eclipse.swtbot.go_4.3.0.202506021445.jar (17 KB at 222 KB/s)
[INFO] Downloading from p2: https://download.eclipse.org/technology/swtbot/releases/latest/plugins/org.eclipse.swtbot.junit4_x_4.3.0.202506021445.jar
[INFO] Downloaded from p2: https://download.eclipse.org/technology/swtbot/releases/latest/plugins/org.eclipse.swtbot.junit4_x_4.3.0.202506021445.jar (38 KB at 386 KB/s)
[INFO]
[INFO] --- tycho-packaging:5.0.2:build-qualifier (default-build-qualifier) @ org.moreunit.swtbot.test ---
[INFO] The project's OSGi version is 4.0.2.202605200034
[INFO]
[INFO] --- tycho-packaging:5.0.2:validate-id (default-validate-id) @ org.moreunit.swtbot.test ---
[INFO]
[INFO] --- tycho-packaging:5.0.2:validate-version (default-validate-version) @ org.moreunit.swtbot.test ---
[INFO]
[INFO] --- target-platform-configuration:5.0.2:target-platform (default-target-platform) @ org.moreunit.swtbot.test ---
[INFO]
[INFO] --- tycho-compiler:5.0.2:validate-classpath (default-validate-classpath) @ org.moreunit.swtbot.test ---
[INFO] Resolving class path of org.moreunit.swtbot.test
[INFO] Downloading from p2: https://mirrors.xmission.com/eclipse/eclipse/updates/4.39/R-4.39-202602260420/plugins/org.eclipse.pde.junit.runtime.source_3.8.300.v20251120-2029.jar
[INFO] Downloaded from p2: https://mirrors.xmission.com/eclipse/eclipse/updates/4.39/R-4.39-202602260420/plugins/org.eclipse.pde.junit.runtime.source_3.8.300.v20251120-2029.jar (26 KB at 975 KB/s)
[INFO] Downloading from p2: https://mirrors.xmission.com/eclipse/eclipse/updates/4.39/R-4.39-202602260420/plugins/org.eclipse.platform.source_4.39.0.v20260226-0420.jar
[INFO] Downloaded from p2: https://mirrors.xmission.com/eclipse/eclipse/updates/4.39/R-4.39-202602260420/plugins/org.eclipse.platform.source_4.39.0.v20260226-0420.jar (13 KB at 561 KB/s)
[INFO] Downloading from p2: https://download.eclipse.org/technology/swtbot/releases/latest/plugins/org.eclipse.swtbot.eclipse.core.source_4.3.0.202506021445.jar
[INFO] Downloaded from p2: https://download.eclipse.org/technology/swtbot/releases/latest/plugins/org.eclipse.swtbot.eclipse.core.source_4.3.0.202506021445.jar (24 KB at 230 KB/s)
[INFO] Downloading from p2: https://download.eclipse.org/technology/swtbot/releases/latest/plugins/org.eclipse.swtbot.eclipse.finder.source_4.3.0.202506021445.jar
[INFO] Downloaded from p2: https://download.eclipse.org/technology/swtbot/releases/latest/plugins/org.eclipse.swtbot.eclipse.finder.source_4.3.0.202506021445.jar (56 KB at 233 KB/s)
[INFO] Downloading from p2: https://download.eclipse.org/technology/swtbot/releases/latest/plugins/org.eclipse.swtbot.go.source_4.3.0.202506021445.jar
[INFO] Downloaded from p2: https://download.eclipse.org/technology/swtbot/releases/latest/plugins/org.eclipse.swtbot.go.source_4.3.0.202506021445.jar (15 KB at 231 KB/s)
[INFO] Downloading from p2: https://download.eclipse.org/technology/swtbot/releases/latest/plugins/org.eclipse.swtbot.junit4_x.source_4.3.0.202506021445.jar
[INFO] Downloaded from p2: https://download.eclipse.org/technology/swtbot/releases/latest/plugins/org.eclipse.swtbot.junit4_x.source_4.3.0.202506021445.jar (25 KB at 247 KB/s)
[INFO] Downloading from p2: https://download.eclipse.org/technology/swtbot/releases/latest/plugins/org.eclipse.swtbot.swt.finder.source_4.3.0.202506021445.jar
[INFO] Downloaded from p2: https://download.eclipse.org/technology/swtbot/releases/latest/plugins/org.eclipse.swtbot.swt.finder.source_4.3.0.202506021445.jar (276 KB at 447 KB/s)
[INFO] Downloading from p2: https://mirror.csclub.uwaterloo.ca/eclipse/eclipse/updates/4.39/R-4.39-202602260420/plugins/org.eclipse.ui.intro.source_3.8.0.v20251219-1227.jar
[INFO] Downloaded from p2: https://mirror.csclub.uwaterloo.ca/eclipse/eclipse/updates/4.39/R-4.39-202602260420/plugins/org.eclipse.ui.intro.source_3.8.0.v20251219-1227.jar (255 KB at 3 MB/s)
[INFO] Downloading from p2: https://download.eclipse.org/tools/orbit/simrel/orbit-aggregation/release/4.36.0/plugins/org.hamcrest.core.source_2.2.0.v20230809-1000.jar
[INFO] Downloaded from p2: https://download.eclipse.org/tools/orbit/simrel/orbit-aggregation/release/4.36.0/plugins/org.hamcrest.core.source_2.2.0.v20230809-1000.jar (9 KB at 89 KB/s)
[INFO] Downloading from p2: https://download.eclipse.org/tools/orbit/simrel/orbit-aggregation/release/4.36.0/plugins/org.hamcrest.library.source_2.2.0.v20230809-1000.jar
[INFO] Downloaded from p2: https://download.eclipse.org/tools/orbit/simrel/orbit-aggregation/release/4.36.0/plugins/org.hamcrest.library.source_2.2.0.v20230809-1000.jar (9 KB at 75 KB/s)
[INFO]
[INFO] --- antrun:3.2.0:run (avoid-equinox-exception) @ org.moreunit.swtbot.test ---
[INFO] Executing tasks
[INFO] Executed tasks
[INFO]
[INFO] --- resources:3.3.1:resources (default-resources) @ org.moreunit.swtbot.test ---
[INFO] skip non existing resourceDirectory /app/org.moreunit.swtbot.test/src/main/resources
[INFO]
[INFO] --- tycho-compiler:5.0.2:compile (default-compile) @ org.moreunit.swtbot.test ---
[INFO] Compiling 18 source files to /app/org.moreunit.swtbot.test/target/classes using Eclipse Compiler for Java(TM) 3.44.0.v20251118-1623
[INFO]
[INFO] --- tycho-ds:5.0.2:declarative-services (default-declarative-services) @ org.moreunit.swtbot.test ---
[INFO]
[INFO] --- resources:3.3.1:testResources (default-testResources) @ org.moreunit.swtbot.test ---
[INFO] skip non existing resourceDirectory /app/org.moreunit.swtbot.test/src/test/resources
[INFO]
[INFO] --- tycho-source:5.0.2:plugin-source (plugin-source) @ org.moreunit.swtbot.test ---
[INFO] Building jar: /app/org.moreunit.swtbot.test/target/org.moreunit.swtbot.test-4.0.2-SNAPSHOT-sources.jar
[INFO]
[INFO] --- tycho-packaging:5.0.2:package-plugin (default-package-plugin) @ org.moreunit.swtbot.test ---
[INFO] Building jar: /app/org.moreunit.swtbot.test/target/org.moreunit.swtbot.test-4.0.2-SNAPSHOT.jar
[INFO]
[INFO] --- tycho-p2-plugin:5.0.2:p2-metadata-default (default-p2-metadata-default) @ org.moreunit.swtbot.test ---
[INFO]
[INFO] --- tycho-surefire:5.0.2:test (default-test) @ org.moreunit.swtbot.test ---
[INFO] Skipping tests
[INFO]
[INFO] --- install:3.1.1:install (default-install) @ org.moreunit.swtbot.test ---
[INFO] Installing /app/org.moreunit.swtbot.test/pom.xml to /home/jules/.m2/repository/org/moreunit/plugins/org.moreunit.swtbot.test/4.0.2-SNAPSHOT/org.moreunit.swtbot.test-4.0.2-SNAPSHOT.pom
[INFO] Installing /app/org.moreunit.swtbot.test/target/org.moreunit.swtbot.test-4.0.2-SNAPSHOT.jar to /home/jules/.m2/repository/org/moreunit/plugins/org.moreunit.swtbot.test/4.0.2-SNAPSHOT/org.moreunit.swtbot.test-4.0.2-SNAPSHOT.jar
[INFO] Installing /app/org.moreunit.swtbot.test/target/org.moreunit.swtbot.test-4.0.2-SNAPSHOT-sources.jar to /home/jules/.m2/repository/org/moreunit/plugins/org.moreunit.swtbot.test/4.0.2-SNAPSHOT/org.moreunit.swtbot.test-4.0.2-SNAPSHOT-sources.jar
[INFO] Installing /app/org.moreunit.swtbot.test/target/p2content.xml to /home/jules/.m2/repository/org/moreunit/plugins/org.moreunit.swtbot.test/4.0.2-SNAPSHOT/org.moreunit.swtbot.test-4.0.2-SNAPSHOT-p2metadata.xml
[INFO] Installing /app/org.moreunit.swtbot.test/target/p2artifacts.xml to /home/jules/.m2/repository/org/moreunit/plugins/org.moreunit.swtbot.test/4.0.2-SNAPSHOT/org.moreunit.swtbot.test-4.0.2-SNAPSHOT-p2artifacts.xml
[INFO]
[INFO] --- tycho-p2-plugin:5.0.2:update-local-index (default-update-local-index) @ org.moreunit.swtbot.test ---
[INFO]
[INFO] ----------------< org.moreunit:org.moreunit.updatesite >----------------
[INFO] Building org.moreunit.updatesite 4.0.2-SNAPSHOT                  [14/15]
[INFO]   from /app/org.moreunit.updatesite/pom.xml
[INFO] -------------------------[ eclipse-repository ]-------------------------
[INFO] Resolving dependencies of MavenProject: org.moreunit:org.moreunit.updatesite:4.0.2-SNAPSHOT @ /app/org.moreunit.updatesite/pom.xml
[INFO]
[INFO] --- tycho-packaging:5.0.2:build-qualifier-aggregator (default-build-qualifier-aggregator) @ org.moreunit.updatesite ---
[INFO] The project's OSGi version is 4.0.2.202605200034
[INFO]
[INFO] --- clean:3.2.0:clean (default-clean-1) @ org.moreunit.updatesite ---
[INFO]
[INFO] --- target-platform-configuration:5.0.2:target-platform (default-target-platform) @ org.moreunit.updatesite ---
[INFO]
[INFO] --- antrun:3.2.0:run (avoid-equinox-exception) @ org.moreunit.updatesite ---
[INFO] Executing tasks
[INFO] Executed tasks
[INFO]
[INFO] --- resources:3.3.1:resources (default-resources) @ org.moreunit.updatesite ---
[INFO] skip non existing resourceDirectory /app/org.moreunit.updatesite/src/main/resources
[INFO]
[INFO] --- tycho-p2-publisher:5.0.2:publish-osgi-ee (default-publish-osgi-ee) @ org.moreunit.updatesite ---
[INFO] Published profile IUs: [a.jre.javase 21.0.0]
[INFO]
[INFO] --- tycho-p2-publisher:5.0.2:publish-products (default-publish-products) @ org.moreunit.updatesite ---
[INFO]
[INFO] --- tycho-p2-publisher:5.0.2:publish-categories (default-publish-categories) @ org.moreunit.updatesite ---
[INFO]
[INFO] --- tycho-p2-publisher:5.0.2:attach-artifacts (default-attach-artifacts) @ org.moreunit.updatesite ---
[INFO]
[INFO] --- tycho-p2-repository:5.0.2:assemble-repository (default-assemble-repository) @ org.moreunit.updatesite ---
[INFO]
[INFO] --- tycho-source:5.0.2:plugin-source (plugin-source) @ org.moreunit.updatesite ---
[INFO]
[INFO] --- tycho-p2-repository:5.0.2:archive-repository (default-archive-repository) @ org.moreunit.updatesite ---
[INFO] Building zip: /app/org.moreunit.updatesite/target/org.moreunit.updatesite-4.0.2-SNAPSHOT.zip
[INFO]
[INFO] --- install:3.1.1:install (default-install) @ org.moreunit.updatesite ---
[INFO] Installing /app/org.moreunit.updatesite/pom.xml to /home/jules/.m2/repository/org/moreunit/org.moreunit.updatesite/4.0.2-SNAPSHOT/org.moreunit.updatesite-4.0.2-SNAPSHOT.pom
[INFO] Installing /app/org.moreunit.updatesite/target/org.moreunit.updatesite-4.0.2-SNAPSHOT.zip to /home/jules/.m2/repository/org/moreunit/org.moreunit.updatesite/4.0.2-SNAPSHOT/org.moreunit.updatesite-4.0.2-SNAPSHOT.zip
[INFO] Installing /app/org.moreunit.updatesite/target/p2content.xml to /home/jules/.m2/repository/org/moreunit/org.moreunit.updatesite/4.0.2-SNAPSHOT/org.moreunit.updatesite-4.0.2-SNAPSHOT-p2metadata.xml
[INFO] Installing /app/org.moreunit.updatesite/target/p2artifacts.xml to /home/jules/.m2/repository/org/moreunit/org.moreunit.updatesite/4.0.2-SNAPSHOT/org.moreunit.updatesite-4.0.2-SNAPSHOT-p2artifacts.xml
[INFO]
[INFO] --- tycho-p2-plugin:5.0.2:update-local-index (default-update-local-index) @ org.moreunit.updatesite ---
[INFO]
[INFO] ------------------< org.moreunit:org.moreunit.report >------------------
[INFO] Building org.moreunit.report 4.0.2-SNAPSHOT                      [15/15]
[INFO]   from /app/org.moreunit.report/pom.xml
[INFO] --------------------------------[ pom ]---------------------------------
[INFO]
[INFO] --- antrun:3.2.0:run (avoid-equinox-exception) @ org.moreunit.report ---
[INFO] Executing tasks
[INFO] Executed tasks
[INFO]
[INFO] --- tycho-source:5.0.2:plugin-source (plugin-source) @ org.moreunit.report ---
[INFO]
[INFO] --- install:3.1.2:install (default-install) @ org.moreunit.report ---
[INFO] Installing /app/org.moreunit.report/pom.xml to /home/jules/.m2/repository/org/moreunit/org.moreunit.report/4.0.2-SNAPSHOT/org.moreunit.report-4.0.2-SNAPSHOT.pom
[INFO] ------------------------------------------------------------------------
[INFO] Reactor Summary for moreunit 4.0.2-SNAPSHOT:
[INFO]
[INFO] moreunit ........................................... SUCCESS [  0.808 s]
[INFO] org.moreunit.core .................................. SUCCESS [03:23 min]
[INFO] org.moreunit ....................................... SUCCESS [ 17.897 s]
[INFO] org.moreunit.test.dependencies ..................... SUCCESS [ 28.387 s]
[INFO] org.moreunit.core.test ............................. SUCCESS [  1.723 s]
[INFO] org.moreunit.light.feature ......................... SUCCESS [  0.232 s]
[INFO] org.moreunit.test .................................. SUCCESS [  1.496 s]
[INFO] org.moreunit.feature ............................... SUCCESS [  0.243 s]
[INFO] org.moreunit.mock .................................. SUCCESS [  1.155 s]
[INFO] org.moreunit.mock.test ............................. SUCCESS [  1.799 s]
[INFO] org.moreunit.mock.it ............................... SUCCESS [  0.887 s]
[INFO] org.moreunit.mock.feature .......................... SUCCESS [  0.236 s]
[INFO] org.moreunit.swtbot.test ........................... SUCCESS [  7.176 s]
[INFO] org.moreunit.updatesite ............................ SUCCESS [  2.167 s]
[INFO] org.moreunit.report ................................ SUCCESS [  0.067 s]
[INFO] ------------------------------------------------------------------------
[INFO] BUILD SUCCESS
[INFO] ------------------------------------------------------------------------
[INFO] Total time:  04:36 min
[INFO] Finished at: 2026-05-20T00:39:12Z
[INFO] ------------------------------------------------------------------------
[INFO] Scanning for projects...
[INFO] Tycho Version:  5.0.2 (9f65dc09a72ee08f29cc8a4d5381a45b33dc7144)
[INFO] Tycho Mode:     project
[INFO] Tycho Builder:  maven
[INFO] Build Threads:  1
[INFO] ------------------------------------------------------------------------
[INFO] Reactor Build Order:
[INFO]
[INFO] moreunit                                                           [pom]
[INFO] org.moreunit.test                                  [eclipse-test-plugin]
[INFO]
[INFO] -----------------------< org.moreunit:moreunit >------------------------
[INFO] Building moreunit 4.0.2-SNAPSHOT                                   [1/2]
[INFO]   from pom.xml
[INFO] --------------------------------[ pom ]---------------------------------
[INFO]
[INFO] --- clean:3.2.0:clean (default-clean) @ moreunit ---
[INFO] Deleting /app/org.moreunit.build/target
[INFO]
[INFO] --- antrun:3.2.0:run (avoid-equinox-exception) @ moreunit ---
[INFO] Executing tasks
[INFO] Executed tasks
[INFO]
[INFO] ---------------< org.moreunit.plugins:org.moreunit.test >---------------
[INFO] Building org.moreunit.test 4.0.2-SNAPSHOT                          [2/2]
[INFO]   from /app/org.moreunit.test/pom.xml
[INFO] ------------------------[ eclipse-test-plugin ]-------------------------
[INFO] Resolving target definition file:/app/org.moreunit.test/../org.moreunit.build/eclipse-latest.target for environments=[linux/gtk/x86_64, win32/win32/x86_64, macosx/cocoa/x86_64], include source mode=honor, referenced repository mode =include, execution environment=StandardEEResolutionHints [executionEnvironment=OSGi profile 'JavaSE-21' { source level: 21, target level: 21}] with Tycho Provisioning Agent (extension>org.eclipse.tycho:tycho-maven-plugin:5.0.2)
[INFO] ### Using TychoRepositoryTransport for remote P2 access ###
[INFO]     Cache location:         /home/jules/.m2/repository/.cache/tycho
[INFO]     Transport mode:         online
[INFO]     Http Transport type:    Java11Client
[INFO]     Update mode:            cache first
[INFO]     Minimum cache duration: 60 minutes
[INFO]       (you can configure this with -Dtycho.p2.transport.min-cache-minutes=<desired minimum cache duration>)
[INFO] Downloading from p2: https://download.eclipse.org/eclipse/updates/latest/p2.index
[INFO] Downloaded from p2: https://download.eclipse.org/eclipse/updates/latest/p2.index (158 bytes at 0 bytes/s)
[INFO] Downloading from p2: https://download.eclipse.org/eclipse/updates/4.39/p2.index
[INFO] Downloaded from p2: https://download.eclipse.org/eclipse/updates/4.39/p2.index (158 bytes at 154 KB/s)
[INFO] Downloading from p2: https://download.eclipse.org/eclipse/updates/4.39/R-4.39-202602260420/p2.index
[INFO] Downloaded from p2: https://download.eclipse.org/eclipse/updates/4.39/R-4.39-202602260420/p2.index (172 bytes at 167 KB/s)
[INFO] Downloading from p2: https://testng.org/testng-eclipse-update-site/p2.index
[INFO] Downloading from p2: https://testng.org/testng-eclipse-update-site/6.9.13/p2.index
[INFO] Downloading from p2: https://testng.org/testng-eclipse-update-site/updatesites/6.9.13.201609291640/p2.index
[INFO] Downloading from p2: https://testng.org/testng-eclipse-update-site/6.9.12/p2.index
[INFO] Downloading from p2: https://testng.org/testng-eclipse-update-site/updatesites/6.9.12.201607091356/p2.index
[INFO] Downloading from p2: https://testng.org/testng-eclipse-update-site/6.9.11/p2.index
[INFO] Downloading from p2: https://testng.org/testng-eclipse-update-site/updatesites/6.9.11.201604020423/p2.index
[INFO] Downloading from p2: https://testng.org/testng-eclipse-update-site/6.9.10/p2.index
[INFO] Downloading from p2: https://testng.org/testng-eclipse-update-site/updatesites/6.9.10.201512240000/p2.index
[INFO] Downloading from p2: https://testng.org/testng-eclipse-update-site/6.9.5/p2.index
[INFO] Downloading from p2: https://testng.org/testng-eclipse-update-site/updatesites/6.9.5.201505251947/p2.index
[INFO] Downloading from p2: https://testng.org/testng-eclipse-update-site/6.10.0/p2.index
[INFO] Downloading from p2: https://testng.org/testng-eclipse-update-site/updatesites/6.10.0.201612030230/p2.index
[INFO] Downloading from p2: https://testng.org/testng-eclipse-update-site/6.11.0/p2.index
[INFO] Downloading from p2: https://testng.org/testng-eclipse-update-site/updatesites/6.11.0.201703011520/p2.index
[INFO] Downloading from p2: https://testng.org/testng-eclipse-update-site/6.12.0/p2.index
[INFO] Downloading from p2: https://testng.org/testng-eclipse-update-site/updatesites/6.12.0.201709030110/p2.index
[INFO] Downloaded from p2: https://testng.org/testng-eclipse-update-site/updatesites/6.12.0.201709030110/p2.index (172 bytes at 167 KB/s)
[INFO] Downloading from p2: https://testng.org/testng-eclipse-update-site/updatesites/6.12.0.201709050550/p2.index
[INFO] Downloaded from p2: https://testng.org/testng-eclipse-update-site/updatesites/6.12.0.201709050550/p2.index (172 bytes at 167 KB/s)
[INFO] Downloading from p2: https://testng.org/testng-eclipse-update-site/6.13.0/p2.index
[INFO] Downloading from p2: https://testng.org/testng-eclipse-update-site/updatesites/6.13.0.201712040650/p2.index
[INFO] Downloaded from p2: https://testng.org/testng-eclipse-update-site/updatesites/6.13.0.201712040650/p2.index (172 bytes at 167 KB/s)
[INFO] Downloading from p2: https://testng.org/testng-eclipse-update-site/6.14.0/p2.index
[INFO] Downloading from p2: https://testng.org/testng-eclipse-update-site/updatesites/6.14.0.201802161500/p2.index
[INFO] Downloaded from p2: https://testng.org/testng-eclipse-update-site/updatesites/6.14.0.201802161500/p2.index (172 bytes at 167 KB/s)
[INFO] Downloading from p2: https://testng.org/testng-eclipse-update-site/6.14.3/p2.index
[INFO] Downloading from p2: https://testng.org/testng-eclipse-update-site/updatesites/6.14.3.201902250526/p2.index
[INFO] Downloaded from p2: https://testng.org/testng-eclipse-update-site/updatesites/6.14.3.201902250526/p2.index (172 bytes at 167 KB/s)
[INFO] Downloading from p2: https://testng.org/testng-eclipse-update-site/7.0.0/p2.index
[INFO] Downloaded from p2: https://testng.org/testng-eclipse-update-site/7.0.0/p2.index (128 bytes at 41 KB/s)
[INFO] Downloading from p2: https://testng.org/testng-eclipse-update-site/updatesites/7.0.0.201908201535/p2.index
[INFO] Downloaded from p2: https://testng.org/testng-eclipse-update-site/updatesites/7.0.0.201908201535/p2.index (172 bytes at 167 KB/s)
[INFO] Downloading from p2: https://testng.org/testng-eclipse-update-site/updatesites/7.0.0.201908240652/p2.index
[INFO] Downloaded from p2: https://testng.org/testng-eclipse-update-site/updatesites/7.0.0.201908240652/p2.index (172 bytes at 55 KB/s)
[INFO] Downloading from p2: https://testng.org/testng-eclipse-update-site/7.1.0/p2.index
[INFO] Downloaded from p2: https://testng.org/testng-eclipse-update-site/7.1.0/p2.index (128 bytes at 62 KB/s)
[INFO] Downloading from p2: https://testng.org/testng-eclipse-update-site/updatesites/7.1.0.202003090500/p2.index
[INFO] Downloaded from p2: https://testng.org/testng-eclipse-update-site/updatesites/7.1.0.202003090500/p2.index (172 bytes at 167 KB/s)
[INFO] Downloading from p2: https://testng.org/testng-eclipse-update-site/7.1.1/p2.index
[INFO] Downloaded from p2: https://testng.org/testng-eclipse-update-site/7.1.1/p2.index (128 bytes at 125 KB/s)
[INFO] Downloading from p2: https://testng.org/testng-eclipse-update-site/updatesites/7.1.1.202003100345/p2.index
[INFO] Downloaded from p2: https://testng.org/testng-eclipse-update-site/updatesites/7.1.1.202003100345/p2.index (172 bytes at 167 KB/s)
[INFO] Downloading from p2: https://testng.org/testng-eclipse-update-site/7.2.0/p2.index
[INFO] Downloaded from p2: https://testng.org/testng-eclipse-update-site/7.2.0/p2.index (128 bytes at 125 KB/s)
[INFO] Downloading from p2: https://testng.org/testng-eclipse-update-site/updatesites/7.2.0.202004281604/p2.index
[INFO] Downloaded from p2: https://testng.org/testng-eclipse-update-site/updatesites/7.2.0.202004281604/p2.index (172 bytes at 167 KB/s)
[INFO] Downloading from p2: https://testng.org/testng-eclipse-update-site/updatesites/7.2.0.202005051752/p2.index
[INFO] Downloaded from p2: https://testng.org/testng-eclipse-update-site/updatesites/7.2.0.202005051752/p2.index (172 bytes at 167 KB/s)
[INFO] Downloading from p2: https://testng.org/testng-eclipse-update-site/7.3.0/p2.index
[INFO] Downloaded from p2: https://testng.org/testng-eclipse-update-site/7.3.0/p2.index (128 bytes at 125 KB/s)
[INFO] Downloading from p2: https://testng.org/testng-eclipse-update-site/updatesites/7.3.0.202008060412/p2.index
[INFO] Downloaded from p2: https://testng.org/testng-eclipse-update-site/updatesites/7.3.0.202008060412/p2.index (172 bytes at 167 KB/s)
[INFO] Downloading from p2: https://testng.org/testng-eclipse-update-site/7.4.0/p2.index
[INFO] Downloaded from p2: https://testng.org/testng-eclipse-update-site/7.4.0/p2.index (128 bytes at 125 KB/s)
[INFO] Downloading from p2: https://testng.org/testng-eclipse-update-site/updatesites/7.4.0.202105021622/p2.index
[INFO] Downloaded from p2: https://testng.org/testng-eclipse-update-site/updatesites/7.4.0.202105021622/p2.index (172 bytes at 167 KB/s)
[INFO] Downloading from p2: https://testng.org/testng-eclipse-update-site/updatesites/7.4.0.202106051955/p2.index
[INFO] Downloaded from p2: https://testng.org/testng-eclipse-update-site/updatesites/7.4.0.202106051955/p2.index (172 bytes at 167 KB/s)
[INFO] Downloading from p2: https://testng.org/testng-eclipse-update-site/7.8.0/p2.index
[INFO] Downloading from p2: https://testng.org/testng-eclipse-update-site/updatesites/7.8.0.202308061717/p2.index
[INFO] Downloaded from p2: https://testng.org/testng-eclipse-update-site/updatesites/7.8.0.202308061717/p2.index (172 bytes at 167 KB/s)
[INFO] Downloading from p2: https://testng.org/testng-eclipse-update-site/updatesites/7.8.0.202306071550/p2.index
[INFO] Downloaded from p2: https://testng.org/testng-eclipse-update-site/updatesites/7.8.0.202306071550/p2.index (172 bytes at 83 KB/s)
[INFO] Downloading from p2: https://testng.org/testng-eclipse-update-site/7.9.0/p2.index
[INFO] Downloading from p2: https://testng.org/testng-eclipse-update-site/updatesites/7.9.0.202312310355/p2.index
[INFO] Downloaded from p2: https://testng.org/testng-eclipse-update-site/updatesites/7.9.0.202312310355/p2.index (172 bytes at 167 KB/s)
[INFO] Downloading from p2: https://testng.org/testng-eclipse-update-site/7.10.0/p2.index
[INFO] Downloading from p2: https://testng.org/testng-eclipse-update-site/updatesites/7.10.0.202404131040/p2.index
[INFO] Downloaded from p2: https://testng.org/testng-eclipse-update-site/updatesites/7.10.0.202404131040/p2.index (172 bytes at 167 KB/s)
[INFO] Downloading from p2: https://testng.org/testng-eclipse-update-site/7.10.2/p2.index
[INFO] Downloading from p2: https://testng.org/testng-eclipse-update-site/updatesites/7.10.2.202503082113/p2.index
[INFO] Downloaded from p2: https://testng.org/testng-eclipse-update-site/updatesites/7.10.2.202503082113/p2.index (172 bytes at 167 KB/s)
[INFO] Downloading from p2: https://testng.org/testng-eclipse-update-site/7.11.0/p2.index
[INFO] Downloading from p2: https://testng.org/testng-eclipse-update-site/updatesites/7.11.0.202503091801/p2.index
[INFO] Downloaded from p2: https://testng.org/testng-eclipse-update-site/updatesites/7.11.0.202503091801/p2.index (172 bytes at 167 KB/s)
[INFO] Downloading from p2: https://testng.org/testng-p2-update-site/p2.index
[INFO] Downloading from p2: https://testng.org/testng-p2-update-site/6.11.0/p2.index
[INFO] Downloading from p2: https://testng.org/testng-p2-update-site/updatesites/6.11.0.r201704240320/p2.index
[INFO] Downloading from p2: https://testng.org/testng-p2-update-site/6.12.0/p2.index
[INFO] Downloading from p2: https://testng.org/testng-p2-update-site/updatesites/6.12.0.r201709030044/p2.index
[INFO] Downloading from p2: https://testng.org/testng-p2-update-site/6.13.1/p2.index
[INFO] Downloading from p2: https://testng.org/testng-p2-update-site/updatesites/6.13.1.r201712040202/p2.index
[INFO] Downloading from p2: https://testng.org/testng-p2-update-site/updatesites/6.13.1.r201712040515/p2.index
[INFO] Downloading from p2: https://testng.org/testng-p2-update-site/6.14.2/p2.index
[INFO] Downloading from p2: https://testng.org/testng-p2-update-site/updatesites/6.14.2.r201802161450/p2.index
[INFO] Downloading from p2: https://testng.org/testng-p2-update-site/6.14.3/p2.index
[INFO] Downloading from p2: https://testng.org/testng-p2-update-site/updatesites/6.14.3.r201802240500/p2.index
[INFO] Downloading from p2: https://testng.org/testng-p2-update-site/7.0.0/p2.index
[INFO] Downloading from p2: https://testng.org/testng-p2-update-site/updatesites/7.0.0.r201908191551/p2.index
[INFO] Downloading from p2: https://testng.org/testng-p2-update-site/7.1.0/p2.index
[INFO] Downloading from p2: https://testng.org/testng-p2-update-site/updatesites/7.1.0.r202001120626/p2.index
[INFO] Downloading from p2: https://testng.org/testng-p2-update-site/7.2.0/p2.index
[INFO] Downloading from p2: https://testng.org/testng-p2-update-site/updatesites/7.2.0.r202003151902/p2.index
[INFO] Downloading from p2: https://testng.org/testng-p2-update-site/7.3.0/p2.index
[INFO] Downloading from p2: https://testng.org/testng-p2-update-site/updatesites/7.3.0.r202008060316/p2.index
[INFO] Downloading from p2: https://testng.org/testng-p2-update-site/7.4.0/p2.index
[INFO] Downloading from p2: https://testng.org/testng-p2-update-site/updatesites/7.4.0.r202105021533/p2.index
[INFO] Downloading from p2: https://testng.org/testng-p2-update-site/7.5.0/p2.index
[INFO] Downloading from p2: https://testng.org/testng-p2-update-site/updatesites/7.5.0.r202201070709/p2.index
[INFO] Downloading from p2: https://testng.org/testng-p2-update-site/7.6.1/p2.index
[INFO] Downloading from p2: https://testng.org/testng-p2-update-site/updatesites/7.6.1.r202207070546/p2.index
[INFO] Downloading from p2: https://testng.org/testng-p2-update-site/7.7.0/p2.index
[INFO] Downloading from p2: https://testng.org/testng-p2-update-site/updatesites/7.7.0.r202306070455/p2.index
[INFO] Downloading from p2: https://testng.org/testng-p2-update-site/7.7.1/p2.index
[INFO] Downloading from p2: https://testng.org/testng-p2-update-site/updatesites/7.7.1.r202305281608/p2.index
[INFO] Downloading from p2: https://testng.org/testng-p2-update-site/7.8.0/p2.index
[INFO] Downloading from p2: https://testng.org/testng-p2-update-site/updatesites/7.8.0.r202306071539/p2.index
[INFO] Downloading from p2: https://testng.org/testng-p2-update-site/7.9.0/p2.index
[INFO] Downloading from p2: https://testng.org/testng-p2-update-site/updatesites/7.9.0.r202312310341/p2.index
[INFO] Downloading from p2: https://testng.org/testng-p2-update-site/7.10.1/p2.index
[INFO] Downloading from p2: https://testng.org/testng-p2-update-site/updatesites/7.10.1.r202404130807/p2.index
[INFO] Downloading from p2: https://testng.org/testng-p2-update-site/7.10.2/p2.index
[INFO] Downloading from p2: https://testng.org/testng-p2-update-site/updatesites/7.10.2.r202404291553/p2.index
[INFO] Downloading from p2: https://testng.org/testng-p2-update-site/7.11.0/p2.index
[INFO] Downloading from p2: https://testng.org/testng-p2-update-site/updatesites/7.11.0.r202503091654/p2.index
[INFO] Downloading from p2: http://download.eclipse.org/technology/m2e/releases/p2.index
[INFO] Downloading from p2: http://download.eclipse.org/technology/m2e/releases/site.xml
[WARNING] Skip referenced repository: http://download.eclipse.org/technology/m2e/releases/: org.eclipse.equinox.p2.core.ProvisionException: No repository found at http://download.eclipse.org/technology/m2e/releases.
[INFO] Downloading from p2: https://download.eclipse.org/technology/m2e/releases/latest/p2.index
[INFO] Downloaded from p2: https://download.eclipse.org/technology/m2e/releases/latest/p2.index (172 bytes at 167 KB/s)
[INFO] Downloading from p2: https://download.eclipse.org/wildwebdeveloper/releases/1.4.0/p2.index
[INFO] Downloaded from p2: https://download.eclipse.org/wildwebdeveloper/releases/1.4.0/p2.index (172 bytes at 167 KB/s)
[INFO] Downloading from p2: https://download.eclipse.org/webtools/downloads/drops/R3.40.0/R-3.40.0-20251124015847/repository/p2.index
[INFO] Downloaded from p2: https://download.eclipse.org/webtools/downloads/drops/R3.40.0/R-3.40.0-20251124015847/repository/p2.index (172 bytes at 167 KB/s)
[INFO] Downloading from p2: https://download.eclipse.org/egit/updates-7.6/p2.index
[INFO] Downloaded from p2: https://download.eclipse.org/egit/updates-7.6/p2.index (172 bytes at 83 KB/s)
[INFO] Downloading from p2: https://download.eclipse.org/tools/orbit/simrel/orbit-aggregation/release/4.36.0/p2.index
[INFO] Downloaded from p2: https://download.eclipse.org/tools/orbit/simrel/orbit-aggregation/release/4.36.0/p2.index (172 bytes at 167 KB/s)
[INFO] Downloading from p2: https://download.eclipse.org/modeling/emf/emf/builds/release/2.45.0/p2.index
[INFO] Downloaded from p2: https://download.eclipse.org/modeling/emf/emf/builds/release/2.45.0/p2.index (172 bytes at 167 KB/s)
[INFO] Downloading from p2: https://download.eclipse.org/tm4e/releases/0.17.2/p2.index
[INFO] Downloaded from p2: https://download.eclipse.org/tm4e/releases/0.17.2/p2.index (172 bytes at 167 KB/s)
[INFO] Downloading from p2: https://download.eclipse.org/lsp4e/releases/0.30.0/p2.index
[INFO] Downloaded from p2: https://download.eclipse.org/lsp4e/releases/0.30.0/p2.index (172 bytes at 167 KB/s)
[INFO] Downloading from p2: https://download.eclipse.org/eclipse/updates/4.38/R-4.38-202512010920/p2.index
[INFO] Downloaded from p2: https://download.eclipse.org/eclipse/updates/4.38/R-4.38-202512010920/p2.index (172 bytes at 167 KB/s)
[INFO] Downloading from p2: http://dl.bintray.com/testng-team/testng-p2-release/p2.index
[INFO] Downloaded from p2: http://dl.bintray.com/testng-team/testng-p2-release/p2.index (164 bytes at 160 KB/s)
[WARNING] Skip referenced repository: http://dl.bintray.com/testng-team/testng-p2-release/: org.eclipse.equinox.p2.core.ProvisionException: Unable to read repository at http://dl.bintray.com/testng-team/testng-p2-release.
[INFO] Downloading from p2: http://testng.org/testng-p2-update-site/p2.index
[INFO] Downloading from p2: http://testng.org/testng-p2-update-site/6.11.0/p2.index
[INFO] Downloading from p2: http://testng.org/testng-p2-update-site/updatesites/6.11.0.r201704240320/p2.index
[INFO] Downloading from p2: http://testng.org/testng-p2-update-site/6.12.0/p2.index
[INFO] Downloading from p2: http://testng.org/testng-p2-update-site/updatesites/6.12.0.r201709030044/p2.index
[INFO] Downloading from p2: http://testng.org/testng-p2-update-site/6.13.1/p2.index
[INFO] Downloading from p2: http://testng.org/testng-p2-update-site/updatesites/6.13.1.r201712040202/p2.index
[INFO] Downloading from p2: http://testng.org/testng-p2-update-site/updatesites/6.13.1.r201712040515/p2.index
[INFO] Downloading from p2: http://testng.org/testng-p2-update-site/6.14.2/p2.index
[INFO] Downloading from p2: http://testng.org/testng-p2-update-site/updatesites/6.14.2.r201802161450/p2.index
[INFO] Downloading from p2: http://testng.org/testng-p2-update-site/6.14.3/p2.index
[INFO] Downloading from p2: http://testng.org/testng-p2-update-site/updatesites/6.14.3.r201802240500/p2.index
[INFO] Downloading from p2: http://testng.org/testng-p2-update-site/7.0.0/p2.index
[INFO] Downloading from p2: http://testng.org/testng-p2-update-site/updatesites/7.0.0.r201908191551/p2.index
[INFO] Downloading from p2: http://testng.org/testng-p2-update-site/7.1.0/p2.index
[INFO] Downloading from p2: http://testng.org/testng-p2-update-site/updatesites/7.1.0.r202001120626/p2.index
[INFO] Downloading from p2: http://testng.org/testng-p2-update-site/7.2.0/p2.index
[INFO] Downloading from p2: http://testng.org/testng-p2-update-site/updatesites/7.2.0.r202003151902/p2.index
[INFO] Downloading from p2: http://testng.org/testng-p2-update-site/7.3.0/p2.index
[INFO] Downloading from p2: http://testng.org/testng-p2-update-site/updatesites/7.3.0.r202008060316/p2.index
[INFO] Downloading from p2: http://testng.org/testng-p2-update-site/7.4.0/p2.index
[INFO] Downloading from p2: http://testng.org/testng-p2-update-site/updatesites/7.4.0.r202105021533/p2.index
[INFO] Downloading from p2: http://testng.org/testng-p2-update-site/7.5.0/p2.index
[INFO] Downloading from p2: http://testng.org/testng-p2-update-site/updatesites/7.5.0.r202201070709/p2.index
[INFO] Downloading from p2: http://testng.org/testng-p2-update-site/7.6.1/p2.index
[INFO] Downloading from p2: http://testng.org/testng-p2-update-site/updatesites/7.6.1.r202207070546/p2.index
[INFO] Downloading from p2: http://testng.org/testng-p2-update-site/7.7.0/p2.index
[INFO] Downloading from p2: http://testng.org/testng-p2-update-site/updatesites/7.7.0.r202306070455/p2.index
[INFO] Downloading from p2: http://testng.org/testng-p2-update-site/7.7.1/p2.index
[INFO] Downloading from p2: http://testng.org/testng-p2-update-site/updatesites/7.7.1.r202305281608/p2.index
[INFO] Downloading from p2: http://testng.org/testng-p2-update-site/7.8.0/p2.index
[INFO] Downloading from p2: http://testng.org/testng-p2-update-site/updatesites/7.8.0.r202306071539/p2.index
[INFO] Downloading from p2: http://testng.org/testng-p2-update-site/7.9.0/p2.index
[ERROR] [489104a2-2b5d-4d96-97de-64150fad73fe][extension>org.eclipse.tycho:tycho-maven-plugin:5.0.2] Provisioning exception
org.eclipse.equinox.p2.core.ProvisionException: Unable to read repository at http://testng.org/testng-p2-update-site/7.9.0.
    at org.eclipse.equinox.internal.p2.metadata.repository.XZedSimpleMetadataRepositoryFactory.load (XZedSimpleMetadataRepositoryFactory.java:113)
    at org.eclipse.equinox.internal.p2.metadata.repository.MetadataRepositoryManager.factoryLoad (MetadataRepositoryManager.java:65)
    at org.eclipse.equinox.internal.p2.repository.helpers.AbstractRepositoryManager.loadRepository (AbstractRepositoryManager.java:853)
    at org.eclipse.equinox.internal.p2.repository.helpers.AbstractRepositoryManager.loadRepository (AbstractRepositoryManager.java:743)
    at org.eclipse.equinox.internal.p2.metadata.repository.MetadataRepositoryManager.loadRepository (MetadataRepositoryManager.java:107)
    at org.eclipse.tycho.p2maven.transport.RemoteMetadataRepositoryManager.loadRepository (RemoteMetadataRepositoryManager.java:68)
    at org.eclipse.tycho.p2maven.transport.RemoteMetadataRepositoryManager.loadRepository (RemoteMetadataRepositoryManager.java:59)
    at org.eclipse.equinox.internal.p2.metadata.repository.CompositeMetadataRepository.addChild (CompositeMetadataRepository.java:165)
    at org.eclipse.equinox.internal.p2.metadata.repository.CompositeMetadataRepository.<init> (CompositeMetadataRepository.java:93)
    at org.eclipse.equinox.internal.p2.metadata.repository.CompositeMetadataRepositoryFactory.load (CompositeMetadataRepositoryFactory.java:131)
    at org.eclipse.equinox.internal.p2.metadata.repository.MetadataRepositoryManager.factoryLoad (MetadataRepositoryManager.java:65)
    at org.eclipse.equinox.internal.p2.repository.helpers.AbstractRepositoryManager.loadRepository (AbstractRepositoryManager.java:853)
    at org.eclipse.equinox.internal.p2.repository.helpers.AbstractRepositoryManager.loadRepository (AbstractRepositoryManager.java:743)
    at org.eclipse.equinox.internal.p2.metadata.repository.MetadataRepositoryManager.loadRepository (MetadataRepositoryManager.java:107)
    at org.eclipse.tycho.p2maven.transport.RemoteMetadataRepositoryManager.loadRepository (RemoteMetadataRepositoryManager.java:68)
    at org.eclipse.tycho.p2maven.transport.RemoteMetadataRepositoryManager.loadRepository (RemoteMetadataRepositoryManager.java:59)
    at org.eclipse.tycho.p2.resolver.URITargetDefinitionContent.loadMetadataRepositories (URITargetDefinitionContent.java:122)
    at org.eclipse.tycho.p2.resolver.URITargetDefinitionContent.loadMetadataRepositories (URITargetDefinitionContent.java:132)
    at org.eclipse.tycho.p2.resolver.URITargetDefinitionContent.preload (URITargetDefinitionContent.java:83)
    at org.eclipse.tycho.p2.resolver.URITargetDefinitionContent.query (URITargetDefinitionContent.java:66)
    at org.eclipse.equinox.p2.query.CompoundQueryable.getIteratorFromQueryable (CompoundQueryable.java:182)
    at org.eclipse.equinox.p2.query.CompoundQueryable.everything (CompoundQueryable.java:116)
    at org.eclipse.equinox.internal.p2.metadata.expression.RepeatableIterator$IndexProviderIterator.<init> (RepeatableIterator.java:151)
    at org.eclipse.equinox.internal.p2.metadata.expression.RepeatableIterator.create (RepeatableIterator.java:67)
    at org.eclipse.equinox.internal.p2.metadata.expression.Everything.<init> (Everything.java:39)
    at org.eclipse.equinox.internal.p2.metadata.expression.ContextExpression.createContext (ContextExpression.java:48)
    at org.eclipse.equinox.p2.query.ExpressionQuery.perform (ExpressionQuery.java:51)
    at org.eclipse.equinox.internal.p2.metadata.index.IndexProvider.query (IndexProvider.java:27)
    at org.eclipse.equinox.internal.p2.metadata.index.IndexProvider.query (IndexProvider.java:37)
    at org.eclipse.tycho.p2resolver.InstallableUnitResolver.findUnit (InstallableUnitResolver.java:284)
    at org.eclipse.tycho.p2resolver.InstallableUnitResolver.findUnits (InstallableUnitResolver.java:264)
    at org.eclipse.tycho.p2resolver.InstallableUnitResolver.getRootIUs (InstallableUnitResolver.java:257)
    at org.eclipse.tycho.p2resolver.InstallableUnitResolver.addLocation (InstallableUnitResolver.java:89)
    at org.eclipse.tycho.p2resolver.TargetDefinitionResolver.resolveContentWithExceptions (TargetDefinitionResolver.java:171)
    at org.eclipse.tycho.p2resolver.TargetDefinitionResolver.resolveContent (TargetDefinitionResolver.java:117)
    at org.eclipse.tycho.p2resolver.TargetDefinitionResolverService.resolveFromArguments (TargetDefinitionResolverService.java:96)
    at java.util.concurrent.ConcurrentHashMap.computeIfAbsent (ConcurrentHashMap.java:1708)
    at org.eclipse.tycho.p2resolver.TargetDefinitionResolverService.getTargetDefinitionContent (TargetDefinitionResolverService.java:70)
    at org.eclipse.tycho.p2resolver.TargetPlatformFactoryImpl.resolveTargetDefinitions (TargetPlatformFactoryImpl.java:391)
    at org.eclipse.tycho.p2resolver.TargetPlatformFactoryImpl.createTargetPlatform (TargetPlatformFactoryImpl.java:223)
    at org.eclipse.tycho.p2resolver.TargetPlatformFactoryImpl.createTargetPlatform (TargetPlatformFactoryImpl.java:189)
    at org.eclipse.tycho.p2resolver.TargetPlatformFactoryImpl.createTargetPlatform (TargetPlatformFactoryImpl.java:125)
    at org.eclipse.tycho.p2resolver.DefaultTargetPlatformFactory.createTargetPlatform (DefaultTargetPlatformFactory.java:75)
    at org.eclipse.tycho.p2resolver.P2DependencyResolver.lambda$getPreliminaryTargetPlatform$3 (P2DependencyResolver.java:242)
    at org.eclipse.tycho.core.osgitools.DefaultReactorProject$LazyValue.get (DefaultReactorProject.java:307)
    at org.eclipse.tycho.core.osgitools.DefaultReactorProject.computeContextValue (DefaultReactorProject.java:200)
    at org.eclipse.tycho.p2resolver.P2DependencyResolver.getPreliminaryTargetPlatform (P2DependencyResolver.java:209)
    at org.eclipse.tycho.core.osgitools.AbstractTychoProject.lambda$getDependencyArtifacts$0 (AbstractTychoProject.java:88)
    at org.eclipse.tycho.core.osgitools.DefaultReactorProject$LazyValue.get (DefaultReactorProject.java:307)
    at org.eclipse.tycho.core.osgitools.DefaultReactorProject.computeContextValue (DefaultReactorProject.java:200)
    at org.eclipse.tycho.core.osgitools.AbstractTychoProject.getDependencyArtifacts (AbstractTychoProject.java:82)
    at org.eclipse.tycho.core.resolver.DefaultTychoResolver.resolveProject (DefaultTychoResolver.java:98)
    at org.eclipse.tycho.core.maven.TychoProjectExecutionListener.beforeProjectLifecycleExecution (TychoProjectExecutionListener.java:111)
    at org.apache.maven.lifecycle.internal.CompoundProjectExecutionListener.beforeProjectLifecycleExecution (CompoundProjectExecutionListener.java:42)
    at org.apache.maven.lifecycle.internal.LifecycleModuleBuilder.buildProject (LifecycleModuleBuilder.java:103)
    at org.apache.maven.lifecycle.internal.LifecycleModuleBuilder.buildProject (LifecycleModuleBuilder.java:73)
    at org.apache.maven.lifecycle.internal.builder.singlethreaded.SingleThreadedBuilder.build (SingleThreadedBuilder.java:53)
    at org.apache.maven.lifecycle.internal.LifecycleStarter.execute (LifecycleStarter.java:118)
    at org.apache.maven.DefaultMaven.doExecute (DefaultMaven.java:261)
    at org.apache.maven.DefaultMaven.doExecute (DefaultMaven.java:173)
    at org.apache.maven.DefaultMaven.execute (DefaultMaven.java:101)
    at org.apache.maven.cli.MavenCli.execute (MavenCli.java:919)
    at org.apache.maven.cli.MavenCli.doMain (MavenCli.java:285)
    at org.apache.maven.cli.MavenCli.main (MavenCli.java:207)
    at jdk.internal.reflect.DirectMethodHandleAccessor.invoke (DirectMethodHandleAccessor.java:103)
    at java.lang.reflect.Method.invoke (Method.java:580)
    at org.codehaus.plexus.classworlds.launcher.Launcher.launchEnhanced (Launcher.java:255)
    at org.codehaus.plexus.classworlds.launcher.Launcher.launch (Launcher.java:201)
    at org.codehaus.plexus.classworlds.launcher.Launcher.mainWithExitCode (Launcher.java:361)
    at org.codehaus.plexus.classworlds.launcher.Launcher.main (Launcher.java:314)
Caused by: java.net.http.HttpConnectTimeoutException: HTTP connect timed out
    at jdk.internal.net.http.HttpClientImpl.send (HttpClientImpl.java:949)
    at jdk.internal.net.http.HttpClientFacade.send (HttpClientFacade.java:133)
    at org.eclipse.tycho.p2maven.transport.Java11HttpTransportFactory$Java11HttpTransport.performGet (Java11HttpTransportFactory.java:131)
    at org.eclipse.tycho.p2maven.transport.Java11HttpTransportFactory$Java11HttpTransport.get (Java11HttpTransportFactory.java:113)
    at org.eclipse.tycho.p2maven.transport.SharedHttpCacheStorage$CacheLine.fetchFile (SharedHttpCacheStorage.java:243)
    at org.eclipse.tycho.p2maven.transport.SharedHttpCacheStorage$2.getCacheFile (SharedHttpCacheStorage.java:126)
    at org.eclipse.tycho.p2maven.transport.HttpTransportProtocolHandler.getFile (HttpTransportProtocolHandler.java:51)
    at org.eclipse.tycho.p2maven.transport.TychoRepositoryTransportCacheManager.createCacheFromFile (TychoRepositoryTransportCacheManager.java:65)
    at org.eclipse.equinox.internal.p2.metadata.repository.XZedSimpleMetadataRepositoryFactory.getLocalFile (XZedSimpleMetadataRepositoryFactory.java:63)
    at org.eclipse.equinox.internal.p2.metadata.repository.XZedSimpleMetadataRepositoryFactory.load (XZedSimpleMetadataRepositoryFactory.java:83)
    at org.eclipse.equinox.internal.p2.metadata.repository.MetadataRepositoryManager.factoryLoad (MetadataRepositoryManager.java:65)
    at org.eclipse.equinox.internal.p2.repository.helpers.AbstractRepositoryManager.loadRepository (AbstractRepositoryManager.java:853)
    at org.eclipse.equinox.internal.p2.repository.helpers.AbstractRepositoryManager.loadRepository (AbstractRepositoryManager.java:743)
    at org.eclipse.equinox.internal.p2.metadata.repository.MetadataRepositoryManager.loadRepository (MetadataRepositoryManager.java:107)
    at org.eclipse.tycho.p2maven.transport.RemoteMetadataRepositoryManager.loadRepository (RemoteMetadataRepositoryManager.java:68)
    at org.eclipse.tycho.p2maven.transport.RemoteMetadataRepositoryManager.loadRepository (RemoteMetadataRepositoryManager.java:59)
    at org.eclipse.equinox.internal.p2.metadata.repository.CompositeMetadataRepository.addChild (CompositeMetadataRepository.java:165)
    at org.eclipse.equinox.internal.p2.metadata.repository.CompositeMetadataRepository.<init> (CompositeMetadataRepository.java:93)
    at org.eclipse.equinox.internal.p2.metadata.repository.CompositeMetadataRepositoryFactory.load (CompositeMetadataRepositoryFactory.java:131)
    at org.eclipse.equinox.internal.p2.metadata.repository.MetadataRepositoryManager.factoryLoad (MetadataRepositoryManager.java:65)
    at org.eclipse.equinox.internal.p2.repository.helpers.AbstractRepositoryManager.loadRepository (AbstractRepositoryManager.java:853)
    at org.eclipse.equinox.internal.p2.repository.helpers.AbstractRepositoryManager.loadRepository (AbstractRepositoryManager.java:743)
    at org.eclipse.equinox.internal.p2.metadata.repository.MetadataRepositoryManager.loadRepository (MetadataRepositoryManager.java:107)
    at org.eclipse.tycho.p2maven.transport.RemoteMetadataRepositoryManager.loadRepository (RemoteMetadataRepositoryManager.java:68)
    at org.eclipse.tycho.p2maven.transport.RemoteMetadataRepositoryManager.loadRepository (RemoteMetadataRepositoryManager.java:59)
    at org.eclipse.tycho.p2.resolver.URITargetDefinitionContent.loadMetadataRepositories (URITargetDefinitionContent.java:122)
    at org.eclipse.tycho.p2.resolver.URITargetDefinitionContent.loadMetadataRepositories (URITargetDefinitionContent.java:132)
    at org.eclipse.tycho.p2.resolver.URITargetDefinitionContent.preload (URITargetDefinitionContent.java:83)
    at org.eclipse.tycho.p2.resolver.URITargetDefinitionContent.query (URITargetDefinitionContent.java:66)
    at org.eclipse.equinox.p2.query.CompoundQueryable.getIteratorFromQueryable (CompoundQueryable.java:182)
    at org.eclipse.equinox.p2.query.CompoundQueryable.everything (CompoundQueryable.java:116)
    at org.eclipse.equinox.internal.p2.metadata.expression.RepeatableIterator$IndexProviderIterator.<init> (RepeatableIterator.java:151)
    at org.eclipse.equinox.internal.p2.metadata.expression.RepeatableIterator.create (RepeatableIterator.java:67)
    at org.eclipse.equinox.internal.p2.metadata.expression.Everything.<init> (Everything.java:39)
    at org.eclipse.equinox.internal.p2.metadata.expression.ContextExpression.createContext (ContextExpression.java:48)
    at org.eclipse.equinox.p2.query.ExpressionQuery.perform (ExpressionQuery.java:51)
    at org.eclipse.equinox.internal.p2.metadata.index.IndexProvider.query (IndexProvider.java:27)
    at org.eclipse.equinox.internal.p2.metadata.index.IndexProvider.query (IndexProvider.java:37)
    at org.eclipse.tycho.p2resolver.InstallableUnitResolver.findUnit (InstallableUnitResolver.java:284)
    at org.eclipse.tycho.p2resolver.InstallableUnitResolver.findUnits (InstallableUnitResolver.java:264)
    at org.eclipse.tycho.p2resolver.InstallableUnitResolver.getRootIUs (InstallableUnitResolver.java:257)
    at org.eclipse.tycho.p2resolver.InstallableUnitResolver.addLocation (InstallableUnitResolver.java:89)
    at org.eclipse.tycho.p2resolver.TargetDefinitionResolver.resolveContentWithExceptions (TargetDefinitionResolver.java:171)
    at org.eclipse.tycho.p2resolver.TargetDefinitionResolver.resolveContent (TargetDefinitionResolver.java:117)
    at org.eclipse.tycho.p2resolver.TargetDefinitionResolverService.resolveFromArguments (TargetDefinitionResolverService.java:96)
    at java.util.concurrent.ConcurrentHashMap.computeIfAbsent (ConcurrentHashMap.java:1708)
    at org.eclipse.tycho.p2resolver.TargetDefinitionResolverService.getTargetDefinitionContent (TargetDefinitionResolverService.java:70)
    at org.eclipse.tycho.p2resolver.TargetPlatformFactoryImpl.resolveTargetDefinitions (TargetPlatformFactoryImpl.java:391)
    at org.eclipse.tycho.p2resolver.TargetPlatformFactoryImpl.createTargetPlatform (TargetPlatformFactoryImpl.java:223)
    at org.eclipse.tycho.p2resolver.TargetPlatformFactoryImpl.createTargetPlatform (TargetPlatformFactoryImpl.java:189)
    at org.eclipse.tycho.p2resolver.TargetPlatformFactoryImpl.createTargetPlatform (TargetPlatformFactoryImpl.java:125)
    at org.eclipse.tycho.p2resolver.DefaultTargetPlatformFactory.createTargetPlatform (DefaultTargetPlatformFactory.java:75)
    at org.eclipse.tycho.p2resolver.P2DependencyResolver.lambda$getPreliminaryTargetPlatform$3 (P2DependencyResolver.java:242)
    at org.eclipse.tycho.core.osgitools.DefaultReactorProject$LazyValue.get (DefaultReactorProject.java:307)
    at org.eclipse.tycho.core.osgitools.DefaultReactorProject.computeContextValue (DefaultReactorProject.java:200)
    at org.eclipse.tycho.p2resolver.P2DependencyResolver.getPreliminaryTargetPlatform (P2DependencyResolver.java:209)
    at org.eclipse.tycho.core.osgitools.AbstractTychoProject.lambda$getDependencyArtifacts$0 (AbstractTychoProject.java:88)
    at org.eclipse.tycho.core.osgitools.DefaultReactorProject$LazyValue.get (DefaultReactorProject.java:307)
    at org.eclipse.tycho.core.osgitools.DefaultReactorProject.computeContextValue (DefaultReactorProject.java:200)
    at org.eclipse.tycho.core.osgitools.AbstractTychoProject.getDependencyArtifacts (AbstractTychoProject.java:82)
    at org.eclipse.tycho.core.resolver.DefaultTychoResolver.resolveProject (DefaultTychoResolver.java:98)
    at org.eclipse.tycho.core.maven.TychoProjectExecutionListener.beforeProjectLifecycleExecution (TychoProjectExecutionListener.java:111)
    at org.apache.maven.lifecycle.internal.CompoundProjectExecutionListener.beforeProjectLifecycleExecution (CompoundProjectExecutionListener.java:42)
    at org.apache.maven.lifecycle.internal.LifecycleModuleBuilder.buildProject (LifecycleModuleBuilder.java:103)
    at org.apache.maven.lifecycle.internal.LifecycleModuleBuilder.buildProject (LifecycleModuleBuilder.java:73)
    at org.apache.maven.lifecycle.internal.builder.singlethreaded.SingleThreadedBuilder.build (SingleThreadedBuilder.java:53)
    at org.apache.maven.lifecycle.internal.LifecycleStarter.execute (LifecycleStarter.java:118)
    at org.apache.maven.DefaultMaven.doExecute (DefaultMaven.java:261)
    at org.apache.maven.DefaultMaven.doExecute (DefaultMaven.java:173)
    at org.apache.maven.DefaultMaven.execute (DefaultMaven.java:101)
    at org.apache.maven.cli.MavenCli.execute (MavenCli.java:919)
    at org.apache.maven.cli.MavenCli.doMain (MavenCli.java:285)
    at org.apache.maven.cli.MavenCli.main (MavenCli.java:207)
    at jdk.internal.reflect.DirectMethodHandleAccessor.invoke (DirectMethodHandleAccessor.java:103)
    at java.lang.reflect.Method.invoke (Method.java:580)
    at org.codehaus.plexus.classworlds.launcher.Launcher.launchEnhanced (Launcher.java:255)
    at org.codehaus.plexus.classworlds.launcher.Launcher.launch (Launcher.java:201)
    at org.codehaus.plexus.classworlds.launcher.Launcher.mainWithExitCode (Launcher.java:361)
    at org.codehaus.plexus.classworlds.launcher.Launcher.main (Launcher.java:314)
Caused by: java.net.http.HttpConnectTimeoutException: HTTP connect timed out
    at jdk.internal.net.http.ResponseTimerEvent.handle (ResponseTimerEvent.java:68)
    at jdk.internal.net.http.HttpClientImpl.purgeTimeoutsAndReturnNextDeadline (HttpClientImpl.java:1788)
    at jdk.internal.net.http.HttpClientImpl$SelectorManager.run (HttpClientImpl.java:1386)
Caused by: java.net.ConnectException: HTTP connect timed out
    at jdk.internal.net.http.ResponseTimerEvent.handle (ResponseTimerEvent.java:69)
    at jdk.internal.net.http.HttpClientImpl.purgeTimeoutsAndReturnNextDeadline (HttpClientImpl.java:1788)
    at jdk.internal.net.http.HttpClientImpl$SelectorManager.run (HttpClientImpl.java:1386)
[WARNING] Skip referenced repository: http://testng.org/testng-p2-update-site/: org.eclipse.equinox.p2.core.ProvisionException: Unable to read repository at http://testng.org/testng-p2-update-site.
[INFO] Downloading from p2: https://download.eclipse.org/technology/swtbot/releases/latest/p2.index
[INFO] Downloaded from p2: https://download.eclipse.org/technology/swtbot/releases/latest/p2.index (172 bytes at 167 KB/s)
[INFO] Downloading from p2: https://download.eclipse.org/tools/orbit/downloads/drops/R20230531010532/repository/p2.index
[INFO] Downloaded from p2: https://download.eclipse.org/tools/orbit/downloads/drops/R20230531010532/repository/p2.index (172 bytes at 167 KB/s)
[INFO] Downloading from p2: https://download.eclipse.org/oomph/simrel-orbit/release/latest/p2.index
[INFO] Downloaded from p2: https://download.eclipse.org/oomph/simrel-orbit/release/latest/p2.index (126 bytes at 123 KB/s)
[INFO] Downloading from p2: https://download.eclipse.org/oomph/simrel-orbit/release/4.28.0/p2.index
[INFO] Downloaded from p2: https://download.eclipse.org/oomph/simrel-orbit/release/4.28.0/p2.index (172 bytes at 167 KB/s)
[WARNING] Problems resolving provisioning plan.:
   Unable to satisfy dependency from org.eclipse.jetty.plus 10.0.6 to java.package; org.eclipse.jetty.servlet [10.0.6,11.0.0).
   Unable to satisfy dependency from org.eclipse.jetty.webapp 10.0.6 to java.package; org.eclipse.jetty.servlet [10.0.6,11.0.0).
   Unable to satisfy dependency from org.eclipse.wst.server.preview 1.2.0.v202105161646 to osgi.bundle; org.eclipse.jetty.servlet [10.0.1,11.0.0).
[INFO] Downloading from p2: https://download.eclipse.org/eclipse/updates/latest/p2.index
[INFO] Downloaded from p2: https://download.eclipse.org/eclipse/updates/latest/p2.index (158 bytes at 154 KB/s)
[INFO] Downloading from p2: https://download.eclipse.org/eclipse/updates/4.39/p2.index
[INFO] Downloaded from p2: https://download.eclipse.org/eclipse/updates/4.39/p2.index (158 bytes at 154 KB/s)
[INFO] Downloading from p2: https://download.eclipse.org/eclipse/updates/4.39/R-4.39-202602260420/p2.index
[INFO] Downloaded from p2: https://download.eclipse.org/eclipse/updates/4.39/R-4.39-202602260420/p2.index (172 bytes at 167 KB/s)
[INFO] Downloading from p2: https://download.eclipse.org/technology/m2e/releases/latest/p2.index
[INFO] Downloaded from p2: https://download.eclipse.org/technology/m2e/releases/latest/p2.index (172 bytes at 167 KB/s)
[INFO] Downloading from p2: https://testng.org/testng-p2-update-site/p2.index
[INFO] Downloading from p2: https://testng.org/testng-p2-update-site/6.11.0/p2.index
[INFO] Downloading from p2: https://testng.org/testng-p2-update-site/updatesites/6.11.0.r201704240320/p2.index
[INFO] Downloading from p2: https://testng.org/testng-p2-update-site/6.12.0/p2.index
[INFO] Downloading from p2: https://testng.org/testng-p2-update-site/updatesites/6.12.0.r201709030044/p2.index
[INFO] Downloading from p2: https://testng.org/testng-p2-update-site/6.13.1/p2.index
[INFO] Downloading from p2: https://testng.org/testng-p2-update-site/updatesites/6.13.1.r201712040202/p2.index
[INFO] Downloading from p2: https://testng.org/testng-p2-update-site/updatesites/6.13.1.r201712040515/p2.index
[INFO] Downloading from p2: https://testng.org/testng-p2-update-site/6.14.2/p2.index
[INFO] Downloading from p2: https://testng.org/testng-p2-update-site/updatesites/6.14.2.r201802161450/p2.index
[INFO] Downloading from p2: https://testng.org/testng-p2-update-site/6.14.3/p2.index
[INFO] Downloading from p2: https://testng.org/testng-p2-update-site/updatesites/6.14.3.r201802240500/p2.index
[INFO] Downloading from p2: https://testng.org/testng-p2-update-site/7.0.0/p2.index
[INFO] Downloading from p2: https://testng.org/testng-p2-update-site/updatesites/7.0.0.r201908191551/p2.index
[INFO] Downloading from p2: https://testng.org/testng-p2-update-site/7.1.0/p2.index
[INFO] Downloading from p2: https://testng.org/testng-p2-update-site/updatesites/7.1.0.r202001120626/p2.index
[INFO] Downloading from p2: https://testng.org/testng-p2-update-site/7.2.0/p2.index
[INFO] Downloading from p2: https://testng.org/testng-p2-update-site/updatesites/7.2.0.r202003151902/p2.index
[INFO] Downloading from p2: https://testng.org/testng-p2-update-site/7.3.0/p2.index
[INFO] Downloading from p2: https://testng.org/testng-p2-update-site/updatesites/7.3.0.r202008060316/p2.index
[INFO] Downloading from p2: https://testng.org/testng-p2-update-site/7.4.0/p2.index
[INFO] Downloading from p2: https://testng.org/testng-p2-update-site/updatesites/7.4.0.r202105021533/p2.index
[INFO] Downloading from p2: https://testng.org/testng-p2-update-site/7.5.0/p2.index
[INFO] Downloading from p2: https://testng.org/testng-p2-update-site/updatesites/7.5.0.r202201070709/p2.index
[INFO] Downloading from p2: https://testng.org/testng-p2-update-site/7.6.1/p2.index
[INFO] Downloading from p2: https://testng.org/testng-p2-update-site/updatesites/7.6.1.r202207070546/p2.index
[INFO] Downloading from p2: https://testng.org/testng-p2-update-site/7.7.0/p2.index
[INFO] Downloading from p2: https://testng.org/testng-p2-update-site/updatesites/7.7.0.r202306070455/p2.index
[INFO] Downloading from p2: https://testng.org/testng-p2-update-site/7.7.1/p2.index
[INFO] Downloading from p2: https://testng.org/testng-p2-update-site/updatesites/7.7.1.r202305281608/p2.index
[INFO] Downloading from p2: https://testng.org/testng-p2-update-site/7.8.0/p2.index
[INFO] Downloading from p2: https://testng.org/testng-p2-update-site/updatesites/7.8.0.r202306071539/p2.index
[INFO] Downloading from p2: https://testng.org/testng-p2-update-site/7.9.0/p2.index
[INFO] Downloading from p2: https://testng.org/testng-p2-update-site/updatesites/7.9.0.r202312310341/p2.index
[INFO] Downloading from p2: https://testng.org/testng-p2-update-site/7.10.1/p2.index
[INFO] Downloading from p2: https://testng.org/testng-p2-update-site/updatesites/7.10.1.r202404130807/p2.index
[INFO] Downloading from p2: https://testng.org/testng-p2-update-site/7.10.2/p2.index
[INFO] Downloading from p2: https://testng.org/testng-p2-update-site/updatesites/7.10.2.r202404291553/p2.index
[INFO] Downloading from p2: https://testng.org/testng-p2-update-site/7.11.0/p2.index
[INFO] Downloading from p2: https://testng.org/testng-p2-update-site/updatesites/7.11.0.r202503091654/p2.index
[INFO] Downloading from p2: https://download.eclipse.org/wildwebdeveloper/releases/1.4.0/p2.index
[INFO] Downloaded from p2: https://download.eclipse.org/wildwebdeveloper/releases/1.4.0/p2.index (172 bytes at 167 KB/s)
[INFO] Downloading from p2: https://download.eclipse.org/webtools/downloads/drops/R3.40.0/R-3.40.0-20251124015847/repository/p2.index
[INFO] Downloaded from p2: https://download.eclipse.org/webtools/downloads/drops/R3.40.0/R-3.40.0-20251124015847/repository/p2.index (172 bytes at 167 KB/s)
[INFO] Downloading from p2: https://download.eclipse.org/tools/orbit/simrel/orbit-aggregation/release/4.36.0/p2.index
[INFO] Downloaded from p2: https://download.eclipse.org/tools/orbit/simrel/orbit-aggregation/release/4.36.0/p2.index (172 bytes at 167 KB/s)
[INFO] Downloading from p2: https://download.eclipse.org/modeling/emf/emf/builds/release/2.45.0/p2.index
[INFO] Downloaded from p2: https://download.eclipse.org/modeling/emf/emf/builds/release/2.45.0/p2.index (172 bytes at 167 KB/s)
[INFO] Downloading from p2: https://download.eclipse.org/egit/updates-7.6/p2.index
[INFO] Downloaded from p2: https://download.eclipse.org/egit/updates-7.6/p2.index (172 bytes at 167 KB/s)
[INFO] Downloading from p2: https://download.eclipse.org/tm4e/releases/0.17.2/p2.index
[INFO] Downloaded from p2: https://download.eclipse.org/tm4e/releases/0.17.2/p2.index (172 bytes at 167 KB/s)
[INFO] Downloading from p2: https://download.eclipse.org/eclipse/updates/4.38/R-4.38-202512010920/p2.index
[INFO] Downloaded from p2: https://download.eclipse.org/eclipse/updates/4.38/R-4.38-202512010920/p2.index (172 bytes at 167 KB/s)
[INFO] Downloading from p2: https://download.eclipse.org/lsp4e/releases/0.30.0/p2.index
[INFO] Downloaded from p2: https://download.eclipse.org/lsp4e/releases/0.30.0/p2.index (172 bytes at 167 KB/s)
[INFO] Downloading from p2: http://testng.org/testng-p2-update-site/p2.index
[INFO] Downloading from p2: http://testng.org/testng-p2-update-site/6.11.0/p2.index
[INFO] Downloading from p2: http://testng.org/testng-p2-update-site/updatesites/6.11.0.r201704240320/p2.index
[INFO] Downloading from p2: http://testng.org/testng-p2-update-site/6.12.0/p2.index
[INFO] Downloading from p2: http://testng.org/testng-p2-update-site/updatesites/6.12.0.r201709030044/p2.index
[INFO] Downloading from p2: http://testng.org/testng-p2-update-site/6.13.1/p2.index
[INFO] Downloading from p2: http://testng.org/testng-p2-update-site/updatesites/6.13.1.r201712040202/p2.index
[INFO] Downloading from p2: http://testng.org/testng-p2-update-site/updatesites/6.13.1.r201712040515/p2.index
[INFO] Downloading from p2: http://testng.org/testng-p2-update-site/6.14.2/p2.index
[INFO] Downloading from p2: http://testng.org/testng-p2-update-site/updatesites/6.14.2.r201802161450/p2.index
[INFO] Downloading from p2: http://testng.org/testng-p2-update-site/6.14.3/p2.index
[INFO] Downloading from p2: http://testng.org/testng-p2-update-site/updatesites/6.14.3.r201802240500/p2.index
[INFO] Downloading from p2: http://testng.org/testng-p2-update-site/7.0.0/p2.index
[INFO] Downloading from p2: http://testng.org/testng-p2-update-site/updatesites/7.0.0.r201908191551/p2.index
[INFO] Downloading from p2: http://testng.org/testng-p2-update-site/7.1.0/p2.index
[INFO] Downloading from p2: http://testng.org/testng-p2-update-site/updatesites/7.1.0.r202001120626/p2.index
[INFO] Downloading from p2: http://testng.org/testng-p2-update-site/7.2.0/p2.index
[INFO] Downloading from p2: http://testng.org/testng-p2-update-site/updatesites/7.2.0.r202003151902/p2.index
[INFO] Downloading from p2: http://testng.org/testng-p2-update-site/7.3.0/p2.index
[INFO] Downloading from p2: http://testng.org/testng-p2-update-site/updatesites/7.3.0.r202008060316/p2.index
[INFO] Downloading from p2: http://testng.org/testng-p2-update-site/7.4.0/p2.index
[INFO] Downloading from p2: http://testng.org/testng-p2-update-site/updatesites/7.4.0.r202105021533/p2.index
[INFO] Downloading from p2: http://testng.org/testng-p2-update-site/7.5.0/p2.index
[INFO] Downloading from p2: http://testng.org/testng-p2-update-site/updatesites/7.5.0.r202201070709/p2.index
[INFO] Downloading from p2: http://testng.org/testng-p2-update-site/7.6.1/p2.index
[INFO] Downloading from p2: http://testng.org/testng-p2-update-site/updatesites/7.6.1.r202207070546/p2.index
[INFO] Downloading from p2: http://testng.org/testng-p2-update-site/7.7.0/p2.index
[INFO] Downloading from p2: http://testng.org/testng-p2-update-site/updatesites/7.7.0.r202306070455/p2.index
[INFO] Downloading from p2: http://testng.org/testng-p2-update-site/7.7.1/p2.index
[INFO] Downloading from p2: http://testng.org/testng-p2-update-site/updatesites/7.7.1.r202305281608/p2.index
[INFO] Downloading from p2: http://testng.org/testng-p2-update-site/7.8.0/p2.index
